
> fakenews-off-backend@1.0.0 test
> jest

node.exe : PASS src/utils/dynamodb.test.ts (5.193 s)
At line:1 char:1
+ & "C:\Program Files\nodejs/node.exe" "C:\Program Files\nodejs/node_mo ...
+ ~~~~~~~~~~~~~~~~~~~~~~~~~~~~~~~~~~~~~~~~~~~~~~~~~~~~~~~~~~~~~~~~~~~~~
    + CategoryInfo          : NotSpecified: (PASS src/utils/...st.ts (5.193 s):String) [], RemoteException
    + FullyQualifiedErrorId : NativeCommandError
 
  ΓùÅ Console

    console.log
      {"event":"content_truncated","field":"request.text","original_length":25000,"truncated_length":19999,"reduction_percent":20,"request_id":"test-uuid","timestamp":"2026-03-13T19:15:34.407Z"}

      at logTruncation (src/utils/storagePolicy.ts:122:11)

    console.log
      {"event":"analysis_record_stored","request_id":"test-uuid","has_s3_ref":false,"timestamp":"2026-03-13T19:15:34.446Z"}

      at storeAnalysisRecord (src/utils/dynamodb.ts:134:11)

    console.log
      {"event":"content_truncated","field":"response.sources","original_length":1097,"truncated_length":895,"reduction_percent":18,"request_id":"test-uuid","timestamp":"2026-03-13T19:15:34.450Z"}

      at logTruncation (src/utils/storagePolicy.ts:122:11)

    console.log
      {"event":"analysis_record_stored","request_id":"test-uuid","has_s3_ref":false,"timestamp":"2026-03-13T19:15:34.450Z"}

      at storeAnalysisRecord (src/utils/dynamodb.ts:134:11)

    console.log
      {"event":"content_truncated","field":"request.text","original_length":100000,"truncated_length":19999,"reduction_percent":80,"request_id":"test-uuid","timestamp":"2026-03-13T19:15:34.452Z"}

      at logTruncation (src/utils/storagePolicy.ts:122:11)

    console.log
      {"event":"content_truncated","field":"response.sources","original_length":4789,"truncated_length":2683,"reduction_percent":44,"request_id":"test-uuid","timestamp":"2026-03-13T19:15:34.452Z"}

      at logTruncation (src/utils/storagePolicy.ts:122:11)

    console.log
      {"event":"analysis_record_stored","request_id":"test-uuid","has_s3_ref":false,"timestamp":"2026-03-13T19:15:34.453Z"}

      at storeAnalysisRecord (src/utils/dynamodb.ts:134:11)

    console.log
      {"event":"large_input_stored_in_s3","request_id":"test-uuid","original_size":25000,"s3_key":"test-uuid/input.txt","timestamp":"2026-03-13T19:15:34.457Z"}

      at handleLargeTextStorage (src/utils/dynamodb.ts:336:15)

    console.log
      {"event":"analysis_record_stored","request_id":"test-uuid","has_s3_ref":true,"timestamp":"2026-03-13T19:15:34.458Z"}

      at storeAnalysisRecord (src/utils/dynamodb.ts:134:11)

    console.error
      {"event":"s3_storage_failed","request_id":"test-uuid","error":"S3 error","timestamp":"2026-03-13T19:15:34.459Z"}

    [0m [90m 345 |[39m     } [36mcatch[39m (error) {
     [90m 346 |[39m       [90m// S3 storage failed, fall back to truncation[39m
    [31m[1m>[22m[39m[90m 347 |[39m       console[33m.[39merror(
     [90m     |[39m               [31m[1m^[22m[39m
     [90m 348 |[39m         [33mJSON[39m[33m.[39mstringify({
     [90m 349 |[39m           event[33m:[39m [32m's3_storage_failed'[39m[33m,[39m
     [90m 350 |[39m           request_id[33m:[39m requestId[33m,[39m[0m

      at handleLargeTextStorage (src/utils/dynamodb.ts:347:15)
      at storeAnalysisRecord (src/utils/dynamodb.ts:96:53)
      at Object.<anonymous> (src/utils/dynamodb.test.ts:281:7)

    console.log
      {"event":"content_truncated","field":"request.text","original_length":25000,"truncated_length":19999,"reduction_percent":20,"request_id":"test-uuid","timestamp":"2026-03-13T19:15:34.460Z"}

      at logTruncation (src/utils/storagePolicy.ts:122:11)

    console.log
      {"event":"analysis_record_stored","request_id":"test-uuid","has_s3_ref":false,"timestamp":"2026-03-13T19:15:34.460Z"}

      at storeAnalysisRecord (src/utils/dynamodb.ts:134:11)

    console.log
      {"event":"content_truncated","field":"request.text","original_length":30000,"truncated_length":19999,"reduction_percent":33,"request_id":"test-uuid","timestamp":"2026-03-13T19:15:34.486Z"}

      at logTruncation (src/utils/storagePolicy.ts:122:11)

    console.log
      {"event":"analysis_record_stored","request_id":"test-uuid","has_s3_ref":false,"timestamp":"2026-03-13T19:15:34.508Z"}

      at storeAnalysisRecord (src/utils/dynamodb.ts:134:11)

    console.log
      {"event":"content_truncated","field":"request.text","original_length":25000,"truncated_length":19999,"reduction_percent":20,"request_id":"test-uuid","timestamp":"2026-03-13T19:15:34.509Z"}

      at logTruncation (src/utils/storagePolicy.ts:122:11)

    console.log
      {"event":"analysis_record_stored","request_id":"test-uuid","has_s3_ref":false,"timestamp":"2026-03-13T19:15:34.510Z"}

      at storeAnalysisRecord (src/utils/dynamodb.ts:134:11)

    console.log
      {"event":"content_truncated","field":"request.text","original_length":200000,"truncated_length":19999,"reduction_percent":90,"request_id":"test-uuid","timestamp":"2026-03-13T19:15:34.511Z"}

      at logTruncation (src/utils/storagePolicy.ts:122:11)

    console.log
      {"event":"content_truncated","field":"response.sources","original_length":9289,"truncated_length":2683,"reduction_percent":71,"request_id":"test-uuid","timestamp":"2026-03-13T19:15:34.512Z"}

      at logTruncation (src/utils/storagePolicy.ts:122:11)

    console.log
      {"event":"analysis_record_stored","request_id":"test-uuid","has_s3_ref":false,"timestamp":"2026-03-13T19:15:34.512Z"}

      at storeAnalysisRecord (src/utils/dynamodb.ts:134:11)

(node:19632) [DEP0040] DeprecationWarning: The `punycode` module is deprecated. Please use a userland alternative instead.
(Use `node --trace-deprecation ...` to show where the warning was created)
PASS src/services/cacheService.test.ts (5.732 s)
(node:36084) [DEP0040] DeprecationWarning: The `punycode` module is deprecated. Please use a userland alternative instead.
(Use `node --trace-deprecation ...` to show where the warning was created)
PASS src/orchestration/evidenceOrchestrator.preservation.test.ts (5.955 s)
  ΓùÅ Console

    console.log
      Preservation Test - Demo mode determinism:

      at Object.<anonymous> (src/orchestration/evidenceOrchestrator.preservation.test.ts:49:15)

    console.log
        Sources found (call 1): 3

      at Object.<anonymous> (src/orchestration/evidenceOrchestrator.preservation.test.ts:50:15)

    console.log
        Sources found (call 2): 3

      at Object.<anonymous> (src/orchestration/evidenceOrchestrator.preservation.test.ts:51:15)

    console.log
        Provider used: demo

      at Object.<anonymous> (src/orchestration/evidenceOrchestrator.preservation.test.ts:52:15)

    console.log
      Preservation Test - Mediastack normalization:

      at Object.<anonymous> (src/orchestration/evidenceOrchestrator.preservation.test.ts:121:15)

    console.log
        Input articles: 2

      at Object.<anonymous> (src/orchestration/evidenceOrchestrator.preservation.test.ts:122:15)

    console.log
        Normalized sources: 2

      at Object.<anonymous> (src/orchestration/evidenceOrchestrator.preservation.test.ts:123:15)

    console.log
        First source domain: example.com

      at Object.<anonymous> (src/orchestration/evidenceOrchestrator.preservation.test.ts:124:15)

    console.log
      Preservation Test - GDELT normalization:

      at Object.<anonymous> (src/orchestration/evidenceOrchestrator.preservation.test.ts:151:15)

    console.log
        Input articles: 1

      at Object.<anonymous> (src/orchestration/evidenceOrchestrator.preservation.test.ts:152:15)

    console.log
        Normalized sources: 1

      at Object.<anonymous> (src/orchestration/evidenceOrchestrator.preservation.test.ts:153:15)

    console.log
      Preservation Test - Bing normalization:

      at Object.<anonymous> (src/orchestration/evidenceOrchestrator.preservation.test.ts:178:15)

    console.log
        Input articles: 1

      at Object.<anonymous> (src/orchestration/evidenceOrchestrator.preservation.test.ts:179:15)

    console.log
        Normalized sources: 1

      at Object.<anonymous> (src/orchestration/evidenceOrchestrator.preservation.test.ts:180:15)

    console.log
      Preservation Test - Quality scoring:

      at Object.<anonymous> (src/orchestration/evidenceOrchestrator.preservation.test.ts:246:15)

    console.log
        Input sources: 2

      at Object.<anonymous> (src/orchestration/evidenceOrchestrator.preservation.test.ts:247:15)

    console.log
        Scored sources: 2

      at Object.<anonymous> (src/orchestration/evidenceOrchestrator.preservation.test.ts:248:15)

    console.log
        First source score: 0.55

      at Object.<anonymous> (src/orchestration/evidenceOrchestrator.preservation.test.ts:249:15)

    console.log
        Second source score: 0.25

      at Object.<anonymous> (src/orchestration/evidenceOrchestrator.preservation.test.ts:250:15)

    console.log
      Preservation Test - Credibility tiers:

      at Object.<anonymous> (src/orchestration/evidenceOrchestrator.preservation.test.ts:269:15)

    console.log
        reuters.com: tier 1

      at Object.<anonymous> (src/orchestration/evidenceOrchestrator.preservation.test.ts:273:17)

    console.log
        example.com: tier 3

      at Object.<anonymous> (src/orchestration/evidenceOrchestrator.preservation.test.ts:273:17)

    console.log
        bbc.com: tier 1

      at Object.<anonymous> (src/orchestration/evidenceOrchestrator.preservation.test.ts:273:17)

    console.log
      Preservation Test - Source classification:

      at Object.<anonymous> (src/orchestration/evidenceOrchestrator.preservation.test.ts:348:15)

    console.log
        reuters.com: major_international, high

      at Object.<anonymous> (src/orchestration/evidenceOrchestrator.preservation.test.ts:352:17)

    console.log
        whitehouse.gov: official_government, high

      at Object.<anonymous> (src/orchestration/evidenceOrchestrator.preservation.test.ts:352:17)

    console.log
      {"timestamp":"2026-03-13T19:15:35.197Z","level":"info","service":"fakenewsoff-backend","message":"Demo mode text 
grounding","event":"text_grounding_demo_mode","requestId":"preservation-test-unavailable","sources_count":3}

      at Logger.log (src/utils/logger.ts:69:13)

    console.log
      Preservation Test - No evidence available:

      at Object.<anonymous> (src/orchestration/evidenceOrchestrator.preservation.test.ts:429:15)

    console.log
        Sources found: 3

      at Object.<anonymous> (src/orchestration/evidenceOrchestrator.preservation.test.ts:430:15)

    console.log
        Provider used: demo

      at Object.<anonymous> (src/orchestration/evidenceOrchestrator.preservation.test.ts:431:15)

    console.log
      {"timestamp":"2026-03-13T19:15:35.228Z","level":"info","service":"fakenewsoff-backend","message":"Demo mode text 
grounding","event":"text_grounding_demo_mode","requestId":"preservation-test-performance","sources_count":3}

      at Logger.log (src/utils/logger.ts:69:13)

    console.log
      Preservation Test - Performance budget:

      at Object.<anonymous> (src/orchestration/evidenceOrchestrator.preservation.test.ts:448:15)

    console.log
        Duration: 0ms

      at Object.<anonymous> (src/orchestration/evidenceOrchestrator.preservation.test.ts:449:15)

    console.log
        Result latency: 0ms

      at Object.<anonymous> (src/orchestration/evidenceOrchestrator.preservation.test.ts:450:15)

(node:24800) [DEP0040] DeprecationWarning: The `punycode` module is deprecated. Please use a userland alternative instead.
(Use `node --trace-deprecation ...` to show where the warning was created)
PASS src/services/novaClient.test.ts (5.999 s)
  ΓùÅ Console

    console.log
      {"event":"bedrock_invocation","model":"amazon.nova-lite-v1:0","provider":"AWS Bedrock","request_id":"0425dc27-3e15-48aa-9ca3-d2f1ed129faf","timestamp":"2026-03-13T19:15:35.204Z"}

      at invokeNova (src/services/novaClient.ts:313:11)

    console.log
      {"event":"bedrock_invocation","model":"amazon.nova-lite-v1:0","provider":"AWS Bedrock","request_id":"1998eafa-419f-4fe5-8fa3-990fcaf28a90","timestamp":"2026-03-13T19:15:35.230Z"}

      at invokeNova (src/services/novaClient.ts:313:11)

    console.log
      {"event":"bedrock_invocation","model":"amazon.nova-lite-v1:0","provider":"AWS Bedrock","request_id":"c6369657-4a10-43e2-8652-67aed5092478","timestamp":"2026-03-13T19:15:35.233Z"}

      at invokeNova (src/services/novaClient.ts:313:11)

    console.error
      {"event":"bedrock_error","reason":"Nova request timed out after 5000ms","request_id":"c6369657-4a10-43e2-8652-67aed5092478","timestamp":"2026-03-13T19:15:40.233Z"}

    [0m [90m 360 |[39m
     [90m 361 |[39m     [90m// Log Bedrock error[39m
    [31m[1m>[22m[39m[90m 362 |[39m     console[33m.[39merror([33mJSON[39m[33m.[39mstringify({
     [90m     |[39m             [31m[1m^[22m[39m
     [90m 363 |[39m       event[33m:[39m [32m'bedrock_error'[39m[33m,[39m
     [90m 364 |[39m       reason[33m:[39m error [36minstanceof[39m [33mError[39m [33m?[39m error[33m.[39mmessage [33m:[39m [32m'Unknown error'[39m[33m,[39m
     [90m 365 |[39m       request_id[33m:[39m requestId[33m,[39m[0m

      at invokeNova (src/services/novaClient.ts:362:13)
      at extractClaims (src/services/novaClient.ts:394:26)
      at Object.<anonymous> (src/services/novaClient.test.ts:129:7)

    console.log
      {"event":"bedrock_invocation","model":"amazon.nova-lite-v1:0","provider":"AWS Bedrock","request_id":"01d6c350-eff5-4cd0-b70e-1e45da689c73","timestamp":"2026-03-13T19:15:35.271Z"}

      at invokeNova (src/services/novaClient.ts:313:11)

    console.log
      {"event":"bedrock_invocation","model":"amazon.nova-lite-v1:0","provider":"AWS Bedrock","request_id":"9a8e08cf-232c-4333-95cf-5f3efdbf59dd","timestamp":"2026-03-13T19:15:35.275Z"}

      at invokeNova (src/services/novaClient.ts:313:11)

    console.log
      {"timestamp":"2026-03-13T19:15:35.289Z","level":"INFO","service":"novaClient","event":"evidence_synthesis_success","claim_count":1,"source_count":1,"chunk_count":1,"evidence_strength":"strong"}

      at logStructured (src/services/novaClient.ts:957:11)

    console.log
      {"event":"bedrock_invocation","model":"amazon.nova-lite-v1:0","provider":"AWS Bedrock","request_id":"b9955e5d-22fb-43fe-a7c7-8432d174cb25","timestamp":"2026-03-13T19:15:35.291Z"}

      at invokeNova (src/services/novaClient.ts:313:11)

    console.log
      
{"timestamp":"2026-03-13T19:15:35.291Z","level":"INFO","service":"novaClient","event":"evidence_synthesis_success","claim_count":1,"source_count":0,"chunk_count":0,"evidence_strength":"insufficient"}

      at logStructured (src/services/novaClient.ts:957:11)

    console.log
      {"event":"bedrock_invocation","model":"amazon.nova-lite-v1:0","provider":"AWS Bedrock","request_id":"7e35a830-5e12-4dc9-8f87-a44ee951f3bd","timestamp":"2026-03-13T19:15:35.292Z"}

      at invokeNova (src/services/novaClient.ts:313:11)

    console.log
      {"event":"bedrock_invocation","model":"amazon.nova-lite-v1:0","provider":"AWS Bedrock","request_id":"8d31e1a4-fb98-454e-a3ca-54f6e66942ef","timestamp":"2026-03-13T19:15:35.294Z"}

      at invokeNova (src/services/novaClient.ts:313:11)

    console.log
      {"timestamp":"2026-03-13T19:15:35.294Z","level":"INFO","service":"novaClient","event":"label_determination_success","status_label":"Supported","confidence_score":85,"misinformation_type":null}

      at logStructured (src/services/novaClient.ts:957:11)

    console.log
      {"event":"bedrock_invocation","model":"amazon.nova-lite-v1:0","provider":"AWS Bedrock","request_id":"8b636294-6155-4a54-8538-201fdbe52008","timestamp":"2026-03-13T19:15:35.295Z"}

      at invokeNova (src/services/novaClient.ts:313:11)

    console.log
      {"timestamp":"2026-03-13T19:15:35.296Z","level":"INFO","service":"novaClient","event":"label_determination_success","status_label":"Supported","confidence_score":85,"misinformation_type":null}

      at logStructured (src/services/novaClient.ts:957:11)

    console.log
      {"event":"bedrock_invocation","model":"amazon.nova-lite-v1:0","provider":"AWS Bedrock","request_id":"ebe60af7-d711-42c9-9d31-307071c06e69","timestamp":"2026-03-13T19:15:35.297Z"}

      at invokeNova (src/services/novaClient.ts:313:11)

    console.log
      {"timestamp":"2026-03-13T19:15:35.298Z","level":"INFO","service":"novaClient","event":"label_determination_success","status_label":"Unverified","confidence_score":30,"misinformation_type":null}

      at logStructured (src/services/novaClient.ts:957:11)

    console.log
      {"event":"bedrock_invocation","model":"amazon.nova-lite-v1:0","provider":"AWS Bedrock","request_id":"b7abfb52-6af2-40a8-808a-b291e9000db4","timestamp":"2026-03-13T19:15:35.299Z"}

      at invokeNova (src/services/novaClient.ts:313:11)

    console.log
      {"timestamp":"2026-03-13T19:15:35.299Z","level":"INFO","service":"novaClient","event":"label_determination_success","status_label":"Biased 
framing","confidence_score":70,"misinformation_type":"Misleading Content"}

      at logStructured (src/services/novaClient.ts:957:11)

    console.log
      {"event":"bedrock_invocation","model":"amazon.nova-lite-v1:0","provider":"AWS Bedrock","request_id":"83ff9085-ffad-45c9-9bc8-2d1a752dea49","timestamp":"2026-03-13T19:15:35.300Z"}

      at invokeNova (src/services/novaClient.ts:313:11)

    console.log
      
{"timestamp":"2026-03-13T19:15:35.301Z","level":"INFO","service":"novaClient","event":"label_determination_success","status_label":"Disputed","confidence_score":80,"misinformation_type":"Fabricated 
Content"}

      at logStructured (src/services/novaClient.ts:957:11)

    console.log
      {"event":"bedrock_invocation","model":"amazon.nova-lite-v1:0","provider":"AWS Bedrock","request_id":"837afd86-1bc6-4fa5-b6c4-4d5f2a2a4d1f","timestamp":"2026-03-13T19:15:35.302Z"}

      at invokeNova (src/services/novaClient.ts:313:11)

    console.log
      {"timestamp":"2026-03-13T19:15:35.303Z","level":"INFO","service":"novaClient","event":"label_determination_success","status_label":"Unverified","confidence_score":30,"misinformation_type":null}

      at logStructured (src/services/novaClient.ts:957:11)

    console.log
      {"event":"bedrock_invocation","model":"amazon.nova-lite-v1:0","provider":"AWS Bedrock","request_id":"de0e3415-c346-4782-8233-931d2ebcb52f","timestamp":"2026-03-13T19:15:35.305Z"}

      at invokeNova (src/services/novaClient.ts:313:11)

    console.log
      {"event":"bedrock_invocation","model":"amazon.nova-lite-v1:0","provider":"AWS Bedrock","request_id":"787b8c11-a27e-47e0-bdab-4410abf02978","timestamp":"2026-03-13T19:15:35.307Z"}

      at invokeNova (src/services/novaClient.ts:313:11)

    console.log
      {"event":"bedrock_invocation","model":"amazon.nova-lite-v1:0","provider":"AWS Bedrock","request_id":"676367f7-f3c9-4c36-ba01-390a11992b0d","timestamp":"2026-03-13T19:15:35.308Z"}

      at invokeNova (src/services/novaClient.ts:313:11)

    console.log
      {"event":"bedrock_invocation","model":"amazon.nova-lite-v1:0","provider":"AWS Bedrock","request_id":"833c991f-b456-406f-9e46-83cc96f0d206","timestamp":"2026-03-13T19:15:35.310Z"}

      at invokeNova (src/services/novaClient.ts:313:11)

    console.log
      {"event":"bedrock_invocation","model":"amazon.nova-lite-v1:0","provider":"AWS Bedrock","request_id":"03e174dc-25b4-4823-b11a-7e205f1fed88","timestamp":"2026-03-13T19:15:35.312Z"}

      at invokeNova (src/services/novaClient.ts:313:11)

    console.log
      {"timestamp":"2026-03-13T19:15:35.313Z","level":"INFO","service":"novaClient","event":"evidence_synthesis_success","claim_count":1,"source_count":0,"chunk_count":0,"evidence_strength":"weak"}

      at logStructured (src/services/novaClient.ts:957:11)

    console.log
      {"event":"bedrock_invocation","model":"amazon.nova-lite-v1:0","provider":"AWS Bedrock","request_id":"328cd297-bdf6-40be-aca1-73e51b3b2bea","timestamp":"2026-03-13T19:15:35.314Z"}

      at invokeNova (src/services/novaClient.ts:313:11)

    console.log
      {"timestamp":"2026-03-13T19:15:35.315Z","level":"INFO","service":"novaClient","event":"label_determination_success","status_label":"Unverified","confidence_score":30,"misinformation_type":null}

      at logStructured (src/services/novaClient.ts:957:11)

(node:39172) [DEP0040] DeprecationWarning: The `punycode` module is deprecated. Please use a userland alternative instead.
(Use `node --trace-deprecation ...` to show where the warning was created)
PASS src/utils/llmJson.property.test.ts (6.063 s)
(node:1892) [DEP0040] DeprecationWarning: The `punycode` module is deprecated. Please use a userland alternative instead.
(Use `node --trace-deprecation ...` to show where the warning was created)
(node:35996) [DEP0040] DeprecationWarning: The `punycode` module is deprecated. Please use a userland alternative instead.
(Use `node --trace-deprecation ...` to show where the warning was created)
(node:5668) [DEP0040] DeprecationWarning: The `punycode` module is deprecated. Please use a userland alternative instead.
(Use `node --trace-deprecation ...` to show where the warning was created)
PASS src/services/groundingService.historical.test.ts
  ΓùÅ Console

    console.warn
      ΓÜá∩╕Å  MEDIASTACK_API_KEY not set - Mediastack provider will not be available

    [0m [90m 125 |[39m       availableProviders[33m.[39mpush([32m'Mediastack'[39m)[33m;[39m
     [90m 126 |[39m     } [36melse[39m {
    [31m[1m>[22m[39m[90m 127 |[39m       console[33m.[39mwarn([32m'ΓÜá∩╕Å  MEDIASTACK_API_KEY not set - Mediastack provider will not be available'[39m)[33m;[39m
     [90m     |[39m               [31m[1m^[22m[39m
     [90m 128 |[39m     }
     [90m 129 |[39m     
     [90m 130 |[39m     [36mif[39m (parsed[33m.[39m[33mBING_NEWS_KEY[39m) {[0m

      at validateEnv (src/utils/envValidation.ts:127:15)
      at getEnv (src/utils/envValidation.ts:149:10)
      at new GroundingCache (src/services/groundingCache.ts:21:23)
      at getGroundingCache (src/services/groundingCache.ts:105:21)
      at new GroundingService (src/services/groundingService.ts:38:36)
      at Object.<anonymous> (src/services/groundingService.historical.test.ts:90:23)

    console.warn
      ΓÜá∩╕Å  BING_NEWS_KEY not set - Bing News provider will not be available

    [0m [90m 131 |[39m       availableProviders[33m.[39mpush([32m'Bing News'[39m)[33m;[39m
     [90m 132 |[39m     } [36melse[39m {
    [31m[1m>[22m[39m[90m 133 |[39m       console[33m.[39mwarn([32m'ΓÜá∩╕Å  BING_NEWS_KEY not set - Bing News provider will not be available'[39m)[33m;[39m
     [90m     |[39m               [31m[1m^[22m[39m
     [90m 134 |[39m     }
     [90m 135 |[39m     
     [90m 136 |[39m     [90m// GDELT is always available (no API key required)[39m[0m

      at validateEnv (src/utils/envValidation.ts:133:15)
      at getEnv (src/utils/envValidation.ts:149:10)
      at new GroundingCache (src/services/groundingCache.ts:21:23)
      at getGroundingCache (src/services/groundingCache.ts:105:21)
      at new GroundingService (src/services/groundingService.ts:38:36)
      at Object.<anonymous> (src/services/groundingService.historical.test.ts:90:23)

    console.log
      Γ£ô Available news providers: GDELT

      at validateEnv (src/utils/envValidation.ts:139:13)

    console.warn
      ΓÜá∩╕Å  MEDIASTACK_API_KEY not set - Mediastack provider will not be available

    [0m [90m 125 |[39m       availableProviders[33m.[39mpush([32m'Mediastack'[39m)[33m;[39m
     [90m 126 |[39m     } [36melse[39m {
    [31m[1m>[22m[39m[90m 127 |[39m       console[33m.[39mwarn([32m'ΓÜá∩╕Å  MEDIASTACK_API_KEY not set - Mediastack provider will not be available'[39m)[33m;[39m
     [90m     |[39m               [31m[1m^[22m[39m
     [90m 128 |[39m     }
     [90m 129 |[39m     
     [90m 130 |[39m     [36mif[39m (parsed[33m.[39m[33mBING_NEWS_KEY[39m) {[0m

      at validateEnv (src/utils/envValidation.ts:127:15)
      at getEnv (src/utils/envValidation.ts:149:10)
      at new GroundingService (src/services/groundingService.ts:44:23)
      at Object.<anonymous> (src/services/groundingService.historical.test.ts:90:23)

    console.warn
      ΓÜá∩╕Å  BING_NEWS_KEY not set - Bing News provider will not be available

    [0m [90m 131 |[39m       availableProviders[33m.[39mpush([32m'Bing News'[39m)[33m;[39m
     [90m 132 |[39m     } [36melse[39m {
    [31m[1m>[22m[39m[90m 133 |[39m       console[33m.[39mwarn([32m'ΓÜá∩╕Å  BING_NEWS_KEY not set - Bing News provider will not be available'[39m)[33m;[39m
     [90m     |[39m               [31m[1m^[22m[39m
     [90m 134 |[39m     }
     [90m 135 |[39m     
     [90m 136 |[39m     [90m// GDELT is always available (no API key required)[39m[0m

      at validateEnv (src/utils/envValidation.ts:133:15)
      at getEnv (src/utils/envValidation.ts:149:10)
      at new GroundingService (src/services/groundingService.ts:44:23)
      at Object.<anonymous> (src/services/groundingService.historical.test.ts:90:23)

    console.log
      Γ£ô Available news providers: GDELT

      at validateEnv (src/utils/envValidation.ts:139:13)

    console.log
      {"timestamp":"2026-03-13T19:15:35.692Z","level":"info","service":"fakenewsoff-backend","message":"Initializing 
GroundingService","event":"grounding_service_init","enabled":true,"provider_order_configured":["bing","gdelt"]}

      at Logger.log (src/utils/logger.ts:69:13)

    console.log
      {"timestamp":"2026-03-13T19:15:35.694Z","level":"info","service":"fakenewsoff-backend","message":"Bing News client initialized","event":"provider_init_success","provider":"bing"}

      at Logger.log (src/utils/logger.ts:69:13)

    console.log
      {"timestamp":"2026-03-13T19:15:35.695Z","level":"info","service":"fakenewsoff-backend","message":"Bing Web Search client initialized","event":"provider_init_success","provider":"bing_web"}

      at Logger.log (src/utils/logger.ts:69:13)

    console.warn
      ΓÜá∩╕Å  MEDIASTACK_API_KEY not set - Mediastack provider will not be available

    [0m [90m 125 |[39m       availableProviders[33m.[39mpush([32m'Mediastack'[39m)[33m;[39m
     [90m 126 |[39m     } [36melse[39m {
    [31m[1m>[22m[39m[90m 127 |[39m       console[33m.[39mwarn([32m'ΓÜá∩╕Å  MEDIASTACK_API_KEY not set - Mediastack provider will not be available'[39m)[33m;[39m
     [90m     |[39m               [31m[1m^[22m[39m
     [90m 128 |[39m     }
     [90m 129 |[39m     
     [90m 130 |[39m     [36mif[39m (parsed[33m.[39m[33mBING_NEWS_KEY[39m) {[0m

      at validateEnv (src/utils/envValidation.ts:127:15)
      at getEnv (src/utils/envValidation.ts:149:10)
      at new MediastackClient (src/clients/mediastackClient.ts:66:23)
      at new GroundingService (src/services/groundingService.ts:97:31)
      at Object.<anonymous> (src/services/groundingService.historical.test.ts:90:23)

    console.warn
      ΓÜá∩╕Å  BING_NEWS_KEY not set - Bing News provider will not be available

    [0m [90m 131 |[39m       availableProviders[33m.[39mpush([32m'Bing News'[39m)[33m;[39m
     [90m 132 |[39m     } [36melse[39m {
    [31m[1m>[22m[39m[90m 133 |[39m       console[33m.[39mwarn([32m'ΓÜá∩╕Å  BING_NEWS_KEY not set - Bing News provider will not be available'[39m)[33m;[39m
     [90m     |[39m               [31m[1m^[22m[39m
     [90m 134 |[39m     }
     [90m 135 |[39m     
     [90m 136 |[39m     [90m// GDELT is always available (no API key required)[39m[0m

      at validateEnv (src/utils/envValidation.ts:133:15)
      at getEnv (src/utils/envValidation.ts:149:10)
      at new MediastackClient (src/clients/mediastackClient.ts:66:23)
      at new GroundingService (src/services/groundingService.ts:97:31)
      at Object.<anonymous> (src/services/groundingService.historical.test.ts:90:23)

    console.log
      Γ£ô Available news providers: GDELT

      at validateEnv (src/utils/envValidation.ts:139:13)

    console.log
      {"timestamp":"2026-03-13T19:15:35.699Z","level":"info","service":"fakenewsoff-backend","message":"Mediastack client not available (no API 
key)","event":"provider_init_skipped","provider":"mediastack","reason":"missing_api_key"}

      at Logger.log (src/utils/logger.ts:69:13)

    console.log
      {"timestamp":"2026-03-13T19:15:35.699Z","level":"info","service":"fakenewsoff-backend","message":"GDELT client initialized","event":"provider_init_success","provider":"gdelt"}

      at Logger.log (src/utils/logger.ts:69:13)

    console.log
      {"timestamp":"2026-03-13T19:15:35.699Z","level":"info","service":"fakenewsoff-backend","message":"GroundingService initialization 
complete","event":"grounding_service_ready","enabled":true,"provider_order_configured":["bing","gdelt"],"providers_available":["bing","bing_web","gdelt"],"max_results":10}

      at Logger.log (src/utils/logger.ts:69:13)

    console.log
      {"timestamp":"2026-03-13T19:15:35.702Z","level":"info","service":"fakenewsoff-backend","message":"Typo normalization 
applied","event":"typo_normalization_applied","requestId":"test-1","original_length":21,"normalized_length":21}

      at Logger.log (src/utils/logger.ts:69:13)

    console.log
      {"timestamp":"2026-03-13T19:15:35.703Z","level":"info","service":"fakenewsoff-backend","message":"Grounding request started","event":"grounding_start","requestId":"test-1","query_terms":"ronald 
reagan dead","provider_order":["bing","gdelt"],"demo_mode":false}

      at Logger.log (src/utils/logger.ts:69:13)

    console.log
      {"timestamp":"2026-03-13T19:15:35.703Z","level":"info","service":"fakenewsoff-backend","message":"Grounding cache miss","event":"grounding_cache_miss","requestId":"test-1","query":"ronald reagan 
dead"}

      at Logger.log (src/utils/logger.ts:69:13)

    console.log
      {"timestamp":"2026-03-13T19:15:35.704Z","level":"info","service":"fakenewsoff-backend","message":"Starting adaptive freshness cascade with historical 
detection","event":"adaptive_freshness_start","requestId":"test-1","is_historical":true,"confidence":0.4,"retrieval_mode":"news_historical","strategies":["30d","1y","web"],"timeout_budget_ms":5000}

      at Logger.log (src/utils/logger.ts:69:13)

    console.log
      {"timestamp":"2026-03-13T19:15:35.704Z","level":"info","service":"fakenewsoff-backend","message":"Trying freshness 
strategy","event":"adaptive_freshness_retry","requestId":"test-1","strategy":"30d","retry_count":0,"elapsed_ms":0}

      at Logger.log (src/utils/logger.ts:69:13)

    console.log
      {"timestamp":"2026-03-13T19:15:35.705Z","level":"info","service":"fakenewsoff-backend","message":"Trying providers with freshness 
strategy","event":"adaptive_freshness_attempt","requestId":"test-1","freshness_strategy":"30d","bing_freshness":"Month","gdelt_timespan":"30d"}

      at Logger.log (src/utils/logger.ts:69:13)

    console.log
      {"timestamp":"2026-03-13T19:15:35.705Z","level":"info","service":"fakenewsoff-backend","message":"Attempting Bing News provider with 
freshness","event":"provider_attempt_start","requestId":"test-1","provider":"bing","freshness":"Month"}

      at Logger.log (src/utils/logger.ts:69:13)

    console.log
      {"timestamp":"2026-03-13T19:15:35.706Z","level":"warn","service":"fakenewsoff-backend","message":"Bing News provider failed with 
freshness","event":"provider_failure","requestId":"test-1","provider":"bing","freshness":"Month","latency_ms":1,"error":"Unknown Bing error"}

      at Logger.log (src/utils/logger.ts:69:13)

    console.warn
      ΓÜá∩╕Å  MEDIASTACK_API_KEY not set - Mediastack provider will not be available

    [0m [90m 125 |[39m       availableProviders[33m.[39mpush([32m'Mediastack'[39m)[33m;[39m
     [90m 126 |[39m     } [36melse[39m {
    [31m[1m>[22m[39m[90m 127 |[39m       console[33m.[39mwarn([32m'ΓÜá∩╕Å  MEDIASTACK_API_KEY not set - Mediastack provider will not be available'[39m)[33m;[39m
     [90m     |[39m               [31m[1m^[22m[39m
     [90m 128 |[39m     }
     [90m 129 |[39m     
     [90m 130 |[39m     [36mif[39m (parsed[33m.[39m[33mBING_NEWS_KEY[39m) {[0m

      at validateEnv (src/utils/envValidation.ts:127:15)
      at getEnv (src/utils/envValidation.ts:149:10)
      at new GDELTThrottle (src/services/gdeltThrottle.ts:27:23)
      at getGDELTThrottle (src/services/gdeltThrottle.ts:86:24)
      at GroundingService.tryProvidersWithFreshness (src/services/groundingService.ts:1261:42)
      at GroundingService.tryProvidersWithAdaptiveFreshness (src/services/groundingService.ts:1560:18)
      at GroundingService.ground (src/services/groundingService.ts:245:20)
      at Object.<anonymous> (src/services/groundingService.historical.test.ts:98:22)

    console.warn
      ΓÜá∩╕Å  BING_NEWS_KEY not set - Bing News provider will not be available

    [0m [90m 131 |[39m       availableProviders[33m.[39mpush([32m'Bing News'[39m)[33m;[39m
     [90m 132 |[39m     } [36melse[39m {
    [31m[1m>[22m[39m[90m 133 |[39m       console[33m.[39mwarn([32m'ΓÜá∩╕Å  BING_NEWS_KEY not set - Bing News provider will not be available'[39m)[33m;[39m
     [90m     |[39m               [31m[1m^[22m[39m
     [90m 134 |[39m     }
     [90m 135 |[39m     
     [90m 136 |[39m     [90m// GDELT is always available (no API key required)[39m[0m

      at validateEnv (src/utils/envValidation.ts:133:15)
      at getEnv (src/utils/envValidation.ts:149:10)
      at new GDELTThrottle (src/services/gdeltThrottle.ts:27:23)
      at getGDELTThrottle (src/services/gdeltThrottle.ts:86:24)
      at GroundingService.tryProvidersWithFreshness (src/services/groundingService.ts:1261:42)
      at GroundingService.tryProvidersWithAdaptiveFreshness (src/services/groundingService.ts:1560:18)
      at GroundingService.ground (src/services/groundingService.ts:245:20)
      at Object.<anonymous> (src/services/groundingService.historical.test.ts:98:22)

    console.log
      Γ£ô Available news providers: GDELT

      at validateEnv (src/utils/envValidation.ts:139:13)

    console.log
      {"timestamp":"2026-03-13T19:15:35.709Z","level":"info","service":"fakenewsoff-backend","message":"Attempting GDELT provider with 
timespan","event":"provider_attempt","requestId":"test-1","provider":"gdelt","timespan":"30d"}

      at Logger.log (src/utils/logger.ts:69:13)

    console.log
      {"timestamp":"2026-03-13T19:15:35.710Z","level":"warn","service":"fakenewsoff-backend","message":"GDELT provider failed with 
timespan","event":"provider_failure","requestId":"test-1","provider":"gdelt","timespan":"30d","latency_ms":1,"error":"Unknown GDELT error"}

      at Logger.log (src/utils/logger.ts:69:13)

    console.log
      {"timestamp":"2026-03-13T19:15:35.710Z","level":"info","service":"fakenewsoff-backend","message":"Freshness strategy returned zero 
results","event":"adaptive_freshness_strategy_failed","requestId":"test-1","strategy":"30d","retry_count":0}

      at Logger.log (src/utils/logger.ts:69:13)

    console.log
      {"timestamp":"2026-03-13T19:15:35.711Z","level":"info","service":"fakenewsoff-backend","message":"Trying freshness 
strategy","event":"adaptive_freshness_retry","requestId":"test-1","strategy":"1y","retry_count":1,"elapsed_ms":6}

      at Logger.log (src/utils/logger.ts:69:13)

    console.log
      {"timestamp":"2026-03-13T19:15:35.711Z","level":"info","service":"fakenewsoff-backend","message":"Trying providers with freshness 
strategy","event":"adaptive_freshness_attempt","requestId":"test-1","freshness_strategy":"1y","bing_freshness":"Month","gdelt_timespan":"365d"}

      at Logger.log (src/utils/logger.ts:69:13)

    console.log
      {"timestamp":"2026-03-13T19:15:35.711Z","level":"info","service":"fakenewsoff-backend","message":"Attempting Bing News provider with 
freshness","event":"provider_attempt_start","requestId":"test-1","provider":"bing","freshness":"Month"}

      at Logger.log (src/utils/logger.ts:69:13)

    console.log
      {"timestamp":"2026-03-13T19:15:35.713Z","level":"warn","service":"fakenewsoff-backend","message":"Bing News provider failed with 
freshness","event":"provider_failure","requestId":"test-1","provider":"bing","freshness":"Month","latency_ms":2,"error":"Unknown Bing error"}

      at Logger.log (src/utils/logger.ts:69:13)

    console.log
      {"timestamp":"2026-03-13T19:15:35.713Z","level":"warn","service":"fakenewsoff-backend","message":"GDELT throttled","event":"gdelt_throttled","requestId":"test-1","wait_ms":4997}

      at Logger.log (src/utils/logger.ts:69:13)

    console.log
      {"timestamp":"2026-03-13T19:15:35.714Z","level":"info","service":"fakenewsoff-backend","message":"Freshness strategy returned zero 
results","event":"adaptive_freshness_strategy_failed","requestId":"test-1","strategy":"1y","retry_count":1}

      at Logger.log (src/utils/logger.ts:69:13)

    console.log
      {"timestamp":"2026-03-13T19:15:35.714Z","level":"info","service":"fakenewsoff-backend","message":"Trying freshness 
strategy","event":"adaptive_freshness_retry","requestId":"test-1","strategy":"web","retry_count":2,"elapsed_ms":10}

      at Logger.log (src/utils/logger.ts:69:13)

    console.log
      {"timestamp":"2026-03-13T19:15:35.715Z","level":"info","service":"fakenewsoff-backend","message":"Attempting web search 
fallback","event":"web_search_attempt","requestId":"test-1","retrieval_mode":"web_knowledge"}

      at Logger.log (src/utils/logger.ts:69:13)

    console.log
      {"timestamp":"2026-03-13T19:15:35.715Z","level":"warn","service":"fakenewsoff-backend","message":"Web search 
failed","event":"web_search_failure","requestId":"test-1","latency_ms":0,"error":"Unknown web search error"}

      at Logger.log (src/utils/logger.ts:69:13)

    console.log
      {"timestamp":"2026-03-13T19:15:35.715Z","level":"info","service":"fakenewsoff-backend","message":"Freshness strategy returned zero 
results","event":"adaptive_freshness_strategy_failed","requestId":"test-1","strategy":"web","retry_count":2}

      at Logger.log (src/utils/logger.ts:69:13)

    console.log
      {"timestamp":"2026-03-13T19:15:35.716Z","level":"warn","service":"fakenewsoff-backend","message":"All adaptive freshness strategies 
exhausted","event":"adaptive_freshness_exhausted","requestId":"test-1","strategies_tried":3,"total_elapsed_ms":12}

      at Logger.log (src/utils/logger.ts:69:13)

    console.log
      {"timestamp":"2026-03-13T19:15:35.716Z","level":"info","service":"fakenewsoff-backend","message":"Grounding request completed","event":"grounding_done","requestId":"test-1","provider_used":"none"
,"total_latency_ms":12,"sources_returned":0,"sources_raw":0,"attempted_providers":["bing","gdelt","web"],"had_errors":true}

      at Logger.log (src/utils/logger.ts:69:13)

    console.warn
      ΓÜá∩╕Å  MEDIASTACK_API_KEY not set - Mediastack provider will not be available

    [0m [90m 125 |[39m       availableProviders[33m.[39mpush([32m'Mediastack'[39m)[33m;[39m
     [90m 126 |[39m     } [36melse[39m {
    [31m[1m>[22m[39m[90m 127 |[39m       console[33m.[39mwarn([32m'ΓÜá∩╕Å  MEDIASTACK_API_KEY not set - Mediastack provider will not be available'[39m)[33m;[39m
     [90m     |[39m               [31m[1m^[22m[39m
     [90m 128 |[39m     }
     [90m 129 |[39m     
     [90m 130 |[39m     [36mif[39m (parsed[33m.[39m[33mBING_NEWS_KEY[39m) {[0m

      at validateEnv (src/utils/envValidation.ts:127:15)
      at getEnv (src/utils/envValidation.ts:149:10)
      at new GroundingService (src/services/groundingService.ts:44:23)
      at Object.<anonymous> (src/services/groundingService.historical.test.ts:106:23)

    console.warn
      ΓÜá∩╕Å  BING_NEWS_KEY not set - Bing News provider will not be available

    [0m [90m 131 |[39m       availableProviders[33m.[39mpush([32m'Bing News'[39m)[33m;[39m
     [90m 132 |[39m     } [36melse[39m {
    [31m[1m>[22m[39m[90m 133 |[39m       console[33m.[39mwarn([32m'ΓÜá∩╕Å  BING_NEWS_KEY not set - Bing News provider will not be available'[39m)[33m;[39m
     [90m     |[39m               [31m[1m^[22m[39m
     [90m 134 |[39m     }
     [90m 135 |[39m     
     [90m 136 |[39m     [90m// GDELT is always available (no API key required)[39m[0m

      at validateEnv (src/utils/envValidation.ts:133:15)
      at getEnv (src/utils/envValidation.ts:149:10)
      at new GroundingService (src/services/groundingService.ts:44:23)
      at Object.<anonymous> (src/services/groundingService.historical.test.ts:106:23)

    console.log
      Γ£ô Available news providers: GDELT

      at validateEnv (src/utils/envValidation.ts:139:13)

    console.log
      {"timestamp":"2026-03-13T19:15:35.719Z","level":"info","service":"fakenewsoff-backend","message":"Initializing 
GroundingService","event":"grounding_service_init","enabled":true,"provider_order_configured":["bing","gdelt"]}

      at Logger.log (src/utils/logger.ts:69:13)

    console.log
      {"timestamp":"2026-03-13T19:15:35.719Z","level":"info","service":"fakenewsoff-backend","message":"Bing News client initialized","event":"provider_init_success","provider":"bing"}

      at Logger.log (src/utils/logger.ts:69:13)

    console.log
      {"timestamp":"2026-03-13T19:15:35.720Z","level":"info","service":"fakenewsoff-backend","message":"Bing Web Search client not available (no API 
key)","event":"provider_init_skipped","provider":"bing_web","reason":"missing_api_key"}

      at Logger.log (src/utils/logger.ts:69:13)

    console.warn
      ΓÜá∩╕Å  MEDIASTACK_API_KEY not set - Mediastack provider will not be available

    [0m [90m 125 |[39m       availableProviders[33m.[39mpush([32m'Mediastack'[39m)[33m;[39m
     [90m 126 |[39m     } [36melse[39m {
    [31m[1m>[22m[39m[90m 127 |[39m       console[33m.[39mwarn([32m'ΓÜá∩╕Å  MEDIASTACK_API_KEY not set - Mediastack provider will not be available'[39m)[33m;[39m
     [90m     |[39m               [31m[1m^[22m[39m
     [90m 128 |[39m     }
     [90m 129 |[39m     
     [90m 130 |[39m     [36mif[39m (parsed[33m.[39m[33mBING_NEWS_KEY[39m) {[0m

      at validateEnv (src/utils/envValidation.ts:127:15)
      at getEnv (src/utils/envValidation.ts:149:10)
      at new MediastackClient (src/clients/mediastackClient.ts:66:23)
      at new GroundingService (src/services/groundingService.ts:97:31)
      at Object.<anonymous> (src/services/groundingService.historical.test.ts:106:23)

    console.warn
      ΓÜá∩╕Å  BING_NEWS_KEY not set - Bing News provider will not be available

    [0m [90m 131 |[39m       availableProviders[33m.[39mpush([32m'Bing News'[39m)[33m;[39m
     [90m 132 |[39m     } [36melse[39m {
    [31m[1m>[22m[39m[90m 133 |[39m       console[33m.[39mwarn([32m'ΓÜá∩╕Å  BING_NEWS_KEY not set - Bing News provider will not be available'[39m)[33m;[39m
     [90m     |[39m               [31m[1m^[22m[39m
     [90m 134 |[39m     }
     [90m 135 |[39m     
     [90m 136 |[39m     [90m// GDELT is always available (no API key required)[39m[0m

      at validateEnv (src/utils/envValidation.ts:133:15)
      at getEnv (src/utils/envValidation.ts:149:10)
      at new MediastackClient (src/clients/mediastackClient.ts:66:23)
      at new GroundingService (src/services/groundingService.ts:97:31)
      at Object.<anonymous> (src/services/groundingService.historical.test.ts:106:23)

    console.log
      Γ£ô Available news providers: GDELT

      at validateEnv (src/utils/envValidation.ts:139:13)

    console.log
      {"timestamp":"2026-03-13T19:15:35.721Z","level":"info","service":"fakenewsoff-backend","message":"Mediastack client not available (no API 
key)","event":"provider_init_skipped","provider":"mediastack","reason":"missing_api_key"}

      at Logger.log (src/utils/logger.ts:69:13)

    console.log
      {"timestamp":"2026-03-13T19:15:35.722Z","level":"info","service":"fakenewsoff-backend","message":"GDELT client initialized","event":"provider_init_success","provider":"gdelt"}

      at Logger.log (src/utils/logger.ts:69:13)

    console.log
      {"timestamp":"2026-03-13T19:15:35.722Z","level":"info","service":"fakenewsoff-backend","message":"GroundingService initialization 
complete","event":"grounding_service_ready","enabled":true,"provider_order_configured":["bing","gdelt"],"providers_available":["bing","gdelt"],"max_results":10}

      at Logger.log (src/utils/logger.ts:69:13)

    console.log
      {"timestamp":"2026-03-13T19:15:35.723Z","level":"info","service":"fakenewsoff-backend","message":"Grounding request 
started","event":"grounding_start","requestId":"test-2","query_terms":"breaking news","provider_order":["bing","gdelt"],"demo_mode":false}

      at Logger.log (src/utils/logger.ts:69:13)

    console.log
      {"timestamp":"2026-03-13T19:15:35.723Z","level":"info","service":"fakenewsoff-backend","message":"Grounding cache miss","event":"grounding_cache_miss","requestId":"test-2","query":"breaking 
news"}

      at Logger.log (src/utils/logger.ts:69:13)

    console.log
      {"timestamp":"2026-03-13T19:15:35.723Z","level":"info","service":"fakenewsoff-backend","message":"Starting adaptive freshness cascade with historical 
detection","event":"adaptive_freshness_start","requestId":"test-2","is_historical":false,"confidence":0,"retrieval_mode":"news_recent","strategies":["7d","30d","web"],"timeout_budget_ms":5000}

      at Logger.log (src/utils/logger.ts:69:13)

    console.log
      {"timestamp":"2026-03-13T19:15:35.723Z","level":"info","service":"fakenewsoff-backend","message":"Trying freshness 
strategy","event":"adaptive_freshness_retry","requestId":"test-2","strategy":"7d","retry_count":0,"elapsed_ms":0}

      at Logger.log (src/utils/logger.ts:69:13)

    console.log
      {"timestamp":"2026-03-13T19:15:35.724Z","level":"info","service":"fakenewsoff-backend","message":"Trying providers with freshness 
strategy","event":"adaptive_freshness_attempt","requestId":"test-2","freshness_strategy":"7d","bing_freshness":"Week","gdelt_timespan":"7d"}

      at Logger.log (src/utils/logger.ts:69:13)

    console.log
      {"timestamp":"2026-03-13T19:15:35.724Z","level":"info","service":"fakenewsoff-backend","message":"Attempting Bing News provider with 
freshness","event":"provider_attempt_start","requestId":"test-2","provider":"bing","freshness":"Week"}

      at Logger.log (src/utils/logger.ts:69:13)

    console.log
      {"timestamp":"2026-03-13T19:15:35.724Z","level":"warn","service":"fakenewsoff-backend","message":"Bing News provider failed with 
freshness","event":"provider_failure","requestId":"test-2","provider":"bing","freshness":"Week","latency_ms":0,"error":"Unknown Bing error"}

      at Logger.log (src/utils/logger.ts:69:13)

    console.log
      {"timestamp":"2026-03-13T19:15:35.725Z","level":"warn","service":"fakenewsoff-backend","message":"GDELT throttled","event":"gdelt_throttled","requestId":"test-2","wait_ms":4985}

      at Logger.log (src/utils/logger.ts:69:13)

    console.log
      {"timestamp":"2026-03-13T19:15:35.725Z","level":"info","service":"fakenewsoff-backend","message":"Freshness strategy returned zero 
results","event":"adaptive_freshness_strategy_failed","requestId":"test-2","strategy":"7d","retry_count":0}

      at Logger.log (src/utils/logger.ts:69:13)

    console.log
      {"timestamp":"2026-03-13T19:15:35.725Z","level":"info","service":"fakenewsoff-backend","message":"Trying freshness 
strategy","event":"adaptive_freshness_retry","requestId":"test-2","strategy":"30d","retry_count":1,"elapsed_ms":2}

      at Logger.log (src/utils/logger.ts:69:13)

    console.log
      {"timestamp":"2026-03-13T19:15:35.725Z","level":"info","service":"fakenewsoff-backend","message":"Trying providers with freshness 
strategy","event":"adaptive_freshness_attempt","requestId":"test-2","freshness_strategy":"30d","bing_freshness":"Month","gdelt_timespan":"30d"}

      at Logger.log (src/utils/logger.ts:69:13)

    console.log
      {"timestamp":"2026-03-13T19:15:35.726Z","level":"info","service":"fakenewsoff-backend","message":"Attempting Bing News provider with 
freshness","event":"provider_attempt_start","requestId":"test-2","provider":"bing","freshness":"Month"}

      at Logger.log (src/utils/logger.ts:69:13)

    console.log
      {"timestamp":"2026-03-13T19:15:35.726Z","level":"warn","service":"fakenewsoff-backend","message":"Bing News provider failed with 
freshness","event":"provider_failure","requestId":"test-2","provider":"bing","freshness":"Month","latency_ms":0,"error":"Unknown Bing error"}

      at Logger.log (src/utils/logger.ts:69:13)

    console.log
      {"timestamp":"2026-03-13T19:15:35.726Z","level":"warn","service":"fakenewsoff-backend","message":"GDELT throttled","event":"gdelt_throttled","requestId":"test-2","wait_ms":4984}

      at Logger.log (src/utils/logger.ts:69:13)

    console.log
      {"timestamp":"2026-03-13T19:15:35.727Z","level":"info","service":"fakenewsoff-backend","message":"Freshness strategy returned zero 
results","event":"adaptive_freshness_strategy_failed","requestId":"test-2","strategy":"30d","retry_count":1}

      at Logger.log (src/utils/logger.ts:69:13)

    console.log
      {"timestamp":"2026-03-13T19:15:35.727Z","level":"info","service":"fakenewsoff-backend","message":"Trying freshness 
strategy","event":"adaptive_freshness_retry","requestId":"test-2","strategy":"web","retry_count":2,"elapsed_ms":4}

      at Logger.log (src/utils/logger.ts:69:13)

    console.log
      {"timestamp":"2026-03-13T19:15:35.727Z","level":"warn","service":"fakenewsoff-backend","message":"Web search not available","event":"web_search_unavailable","requestId":"test-2"}

      at Logger.log (src/utils/logger.ts:69:13)

    console.log
      {"timestamp":"2026-03-13T19:15:35.727Z","level":"info","service":"fakenewsoff-backend","message":"Freshness strategy returned zero 
results","event":"adaptive_freshness_strategy_failed","requestId":"test-2","strategy":"web","retry_count":2}

      at Logger.log (src/utils/logger.ts:69:13)

    console.log
      {"timestamp":"2026-03-13T19:15:35.727Z","level":"warn","service":"fakenewsoff-backend","message":"All adaptive freshness strategies 
exhausted","event":"adaptive_freshness_exhausted","requestId":"test-2","strategies_tried":3,"total_elapsed_ms":4}

      at Logger.log (src/utils/logger.ts:69:13)

    console.log
      {"timestamp":"2026-03-13T19:15:35.728Z","level":"info","service":"fakenewsoff-backend","message":"Grounding request 
completed","event":"grounding_done","requestId":"test-2","provider_used":"none","total_latency_ms":4,"sources_returned":0,"sources_raw":0,"attempted_providers":["bing","gdelt","web"],"had_errors":true}

      at Logger.log (src/utils/logger.ts:69:13)

    console.warn
      ΓÜá∩╕Å  MEDIASTACK_API_KEY not set - Mediastack provider will not be available

    [0m [90m 125 |[39m       availableProviders[33m.[39mpush([32m'Mediastack'[39m)[33m;[39m
     [90m 126 |[39m     } [36melse[39m {
    [31m[1m>[22m[39m[90m 127 |[39m       console[33m.[39mwarn([32m'ΓÜá∩╕Å  MEDIASTACK_API_KEY not set - Mediastack provider will not be available'[39m)[33m;[39m
     [90m     |[39m               [31m[1m^[22m[39m
     [90m 128 |[39m     }
     [90m 129 |[39m     
     [90m 130 |[39m     [36mif[39m (parsed[33m.[39m[33mBING_NEWS_KEY[39m) {[0m

      at validateEnv (src/utils/envValidation.ts:127:15)
      at getEnv (src/utils/envValidation.ts:149:10)
      at new GroundingService (src/services/groundingService.ts:44:23)
      at Object.<anonymous> (src/services/groundingService.historical.test.ts:137:23)

    console.warn
      ΓÜá∩╕Å  BING_NEWS_KEY not set - Bing News provider will not be available

    [0m [90m 131 |[39m       availableProviders[33m.[39mpush([32m'Bing News'[39m)[33m;[39m
     [90m 132 |[39m     } [36melse[39m {
    [31m[1m>[22m[39m[90m 133 |[39m       console[33m.[39mwarn([32m'ΓÜá∩╕Å  BING_NEWS_KEY not set - Bing News provider will not be available'[39m)[33m;[39m
     [90m     |[39m               [31m[1m^[22m[39m
     [90m 134 |[39m     }
     [90m 135 |[39m     
     [90m 136 |[39m     [90m// GDELT is always available (no API key required)[39m[0m

      at validateEnv (src/utils/envValidation.ts:133:15)
      at getEnv (src/utils/envValidation.ts:149:10)
      at new GroundingService (src/services/groundingService.ts:44:23)
      at Object.<anonymous> (src/services/groundingService.historical.test.ts:137:23)

    console.log
      Γ£ô Available news providers: GDELT

      at validateEnv (src/utils/envValidation.ts:139:13)

    console.log
      {"timestamp":"2026-03-13T19:15:35.731Z","level":"info","service":"fakenewsoff-backend","message":"Initializing 
GroundingService","event":"grounding_service_init","enabled":true,"provider_order_configured":["bing","gdelt"]}

      at Logger.log (src/utils/logger.ts:69:13)

    console.log
      {"timestamp":"2026-03-13T19:15:35.731Z","level":"info","service":"fakenewsoff-backend","message":"Bing News client initialized","event":"provider_init_success","provider":"bing"}

      at Logger.log (src/utils/logger.ts:69:13)

    console.log
      {"timestamp":"2026-03-13T19:15:35.732Z","level":"info","service":"fakenewsoff-backend","message":"Bing Web Search client not available (no API 
key)","event":"provider_init_skipped","provider":"bing_web","reason":"missing_api_key"}

      at Logger.log (src/utils/logger.ts:69:13)

    console.warn
      ΓÜá∩╕Å  MEDIASTACK_API_KEY not set - Mediastack provider will not be available

    [0m [90m 125 |[39m       availableProviders[33m.[39mpush([32m'Mediastack'[39m)[33m;[39m
     [90m 126 |[39m     } [36melse[39m {
    [31m[1m>[22m[39m[90m 127 |[39m       console[33m.[39mwarn([32m'ΓÜá∩╕Å  MEDIASTACK_API_KEY not set - Mediastack provider will not be available'[39m)[33m;[39m
     [90m     |[39m               [31m[1m^[22m[39m
     [90m 128 |[39m     }
     [90m 129 |[39m     
     [90m 130 |[39m     [36mif[39m (parsed[33m.[39m[33mBING_NEWS_KEY[39m) {[0m

      at validateEnv (src/utils/envValidation.ts:127:15)
      at getEnv (src/utils/envValidation.ts:149:10)
      at new MediastackClient (src/clients/mediastackClient.ts:66:23)
      at new GroundingService (src/services/groundingService.ts:97:31)
      at Object.<anonymous> (src/services/groundingService.historical.test.ts:137:23)

    console.warn
      ΓÜá∩╕Å  BING_NEWS_KEY not set - Bing News provider will not be available

    [0m [90m 131 |[39m       availableProviders[33m.[39mpush([32m'Bing News'[39m)[33m;[39m
     [90m 132 |[39m     } [36melse[39m {
    [31m[1m>[22m[39m[90m 133 |[39m       console[33m.[39mwarn([32m'ΓÜá∩╕Å  BING_NEWS_KEY not set - Bing News provider will not be available'[39m)[33m;[39m
     [90m     |[39m               [31m[1m^[22m[39m
     [90m 134 |[39m     }
     [90m 135 |[39m     
     [90m 136 |[39m     [90m// GDELT is always available (no API key required)[39m[0m

      at validateEnv (src/utils/envValidation.ts:133:15)
      at getEnv (src/utils/envValidation.ts:149:10)
      at new MediastackClient (src/clients/mediastackClient.ts:66:23)
      at new GroundingService (src/services/groundingService.ts:97:31)
      at Object.<anonymous> (src/services/groundingService.historical.test.ts:137:23)

    console.log
      Γ£ô Available news providers: GDELT

      at validateEnv (src/utils/envValidation.ts:139:13)

    console.log
      {"timestamp":"2026-03-13T19:15:35.741Z","level":"info","service":"fakenewsoff-backend","message":"Mediastack client not available (no API 
key)","event":"provider_init_skipped","provider":"mediastack","reason":"missing_api_key"}

      at Logger.log (src/utils/logger.ts:69:13)

    console.log
      {"timestamp":"2026-03-13T19:15:35.742Z","level":"info","service":"fakenewsoff-backend","message":"GDELT client initialized","event":"provider_init_success","provider":"gdelt"}

      at Logger.log (src/utils/logger.ts:69:13)

    console.log
      {"timestamp":"2026-03-13T19:15:35.742Z","level":"info","service":"fakenewsoff-backend","message":"GroundingService initialization 
complete","event":"grounding_service_ready","enabled":true,"provider_order_configured":["bing","gdelt"],"providers_available":["bing","gdelt"],"max_results":10}

      at Logger.log (src/utils/logger.ts:69:13)

    console.log
      {"timestamp":"2026-03-13T19:15:35.743Z","level":"info","service":"fakenewsoff-backend","message":"Demo mode grounding","event":"grounding_demo_mode","requestId":"test-demo","sources_count":3}

      at Logger.log (src/utils/logger.ts:69:13)

    console.warn
      ΓÜá∩╕Å  MEDIASTACK_API_KEY not set - Mediastack provider will not be available

    [0m [90m 125 |[39m       availableProviders[33m.[39mpush([32m'Mediastack'[39m)[33m;[39m
     [90m 126 |[39m     } [36melse[39m {
    [31m[1m>[22m[39m[90m 127 |[39m       console[33m.[39mwarn([32m'ΓÜá∩╕Å  MEDIASTACK_API_KEY not set - Mediastack provider will not be available'[39m)[33m;[39m
     [90m     |[39m               [31m[1m^[22m[39m
     [90m 128 |[39m     }
     [90m 129 |[39m     
     [90m 130 |[39m     [36mif[39m (parsed[33m.[39m[33mBING_NEWS_KEY[39m) {[0m

      at validateEnv (src/utils/envValidation.ts:127:15)
      at getEnv (src/utils/envValidation.ts:149:10)
      at new GroundingService (src/services/groundingService.ts:44:23)
      at Object.<anonymous> (src/services/groundingService.historical.test.ts:148:23)

    console.warn
      ΓÜá∩╕Å  BING_NEWS_KEY not set - Bing News provider will not be available

    [0m [90m 131 |[39m       availableProviders[33m.[39mpush([32m'Bing News'[39m)[33m;[39m
     [90m 132 |[39m     } [36melse[39m {
    [31m[1m>[22m[39m[90m 133 |[39m       console[33m.[39mwarn([32m'ΓÜá∩╕Å  BING_NEWS_KEY not set - Bing News provider will not be available'[39m)[33m;[39m
     [90m     |[39m               [31m[1m^[22m[39m
     [90m 134 |[39m     }
     [90m 135 |[39m     
     [90m 136 |[39m     [90m// GDELT is always available (no API key required)[39m[0m

      at validateEnv (src/utils/envValidation.ts:133:15)
      at getEnv (src/utils/envValidation.ts:149:10)
      at new GroundingService (src/services/groundingService.ts:44:23)
      at Object.<anonymous> (src/services/groundingService.historical.test.ts:148:23)

    console.log
      Γ£ô Available news providers: GDELT

      at validateEnv (src/utils/envValidation.ts:139:13)

    console.log
      {"timestamp":"2026-03-13T19:15:35.745Z","level":"info","service":"fakenewsoff-backend","message":"Initializing 
GroundingService","event":"grounding_service_init","enabled":true,"provider_order_configured":["bing","gdelt"]}

      at Logger.log (src/utils/logger.ts:69:13)

    console.log
      {"timestamp":"2026-03-13T19:15:35.745Z","level":"info","service":"fakenewsoff-backend","message":"Bing News client initialized","event":"provider_init_success","provider":"bing"}

      at Logger.log (src/utils/logger.ts:69:13)

    console.log
      {"timestamp":"2026-03-13T19:15:35.746Z","level":"info","service":"fakenewsoff-backend","message":"Bing Web Search client not available (no API 
key)","event":"provider_init_skipped","provider":"bing_web","reason":"missing_api_key"}

      at Logger.log (src/utils/logger.ts:69:13)

    console.warn
      ΓÜá∩╕Å  MEDIASTACK_API_KEY not set - Mediastack provider will not be available

    [0m [90m 125 |[39m       availableProviders[33m.[39mpush([32m'Mediastack'[39m)[33m;[39m
     [90m 126 |[39m     } [36melse[39m {
    [31m[1m>[22m[39m[90m 127 |[39m       console[33m.[39mwarn([32m'ΓÜá∩╕Å  MEDIASTACK_API_KEY not set - Mediastack provider will not be available'[39m)[33m;[39m
     [90m     |[39m               [31m[1m^[22m[39m
     [90m 128 |[39m     }
     [90m 129 |[39m     
     [90m 130 |[39m     [36mif[39m (parsed[33m.[39m[33mBING_NEWS_KEY[39m) {[0m

      at validateEnv (src/utils/envValidation.ts:127:15)
      at getEnv (src/utils/envValidation.ts:149:10)
      at new MediastackClient (src/clients/mediastackClient.ts:66:23)
      at new GroundingService (src/services/groundingService.ts:97:31)
      at Object.<anonymous> (src/services/groundingService.historical.test.ts:148:23)

    console.warn
      ΓÜá∩╕Å  BING_NEWS_KEY not set - Bing News provider will not be available

    [0m [90m 131 |[39m       availableProviders[33m.[39mpush([32m'Bing News'[39m)[33m;[39m
     [90m 132 |[39m     } [36melse[39m {
    [31m[1m>[22m[39m[90m 133 |[39m       console[33m.[39mwarn([32m'ΓÜá∩╕Å  BING_NEWS_KEY not set - Bing News provider will not be available'[39m)[33m;[39m
     [90m     |[39m               [31m[1m^[22m[39m
     [90m 134 |[39m     }
     [90m 135 |[39m     
     [90m 136 |[39m     [90m// GDELT is always available (no API key required)[39m[0m

      at validateEnv (src/utils/envValidation.ts:133:15)
      at getEnv (src/utils/envValidation.ts:149:10)
      at new MediastackClient (src/clients/mediastackClient.ts:66:23)
      at new GroundingService (src/services/groundingService.ts:97:31)
      at Object.<anonymous> (src/services/groundingService.historical.test.ts:148:23)

    console.log
      Γ£ô Available news providers: GDELT

      at validateEnv (src/utils/envValidation.ts:139:13)

    console.log
      {"timestamp":"2026-03-13T19:15:35.747Z","level":"info","service":"fakenewsoff-backend","message":"Mediastack client not available (no API 
key)","event":"provider_init_skipped","provider":"mediastack","reason":"missing_api_key"}

      at Logger.log (src/utils/logger.ts:69:13)

    console.log
      {"timestamp":"2026-03-13T19:15:35.748Z","level":"info","service":"fakenewsoff-backend","message":"GDELT client initialized","event":"provider_init_success","provider":"gdelt"}

      at Logger.log (src/utils/logger.ts:69:13)

    console.log
      {"timestamp":"2026-03-13T19:15:35.748Z","level":"info","service":"fakenewsoff-backend","message":"GroundingService initialization 
complete","event":"grounding_service_ready","enabled":true,"provider_order_configured":["bing","gdelt"],"providers_available":["bing","gdelt"],"max_results":10}

      at Logger.log (src/utils/logger.ts:69:13)

    console.log
      {"timestamp":"2026-03-13T19:15:35.749Z","level":"info","service":"fakenewsoff-backend","message":"Demo mode grounding","event":"grounding_demo_mode","requestId":"test-demo-2","sources_count":3}

      at Logger.log (src/utils/logger.ts:69:13)

    console.warn
      ΓÜá∩╕Å  MEDIASTACK_API_KEY not set - Mediastack provider will not be available

    [0m [90m 125 |[39m       availableProviders[33m.[39mpush([32m'Mediastack'[39m)[33m;[39m
     [90m 126 |[39m     } [36melse[39m {
    [31m[1m>[22m[39m[90m 127 |[39m       console[33m.[39mwarn([32m'ΓÜá∩╕Å  MEDIASTACK_API_KEY not set - Mediastack provider will not be available'[39m)[33m;[39m
     [90m     |[39m               [31m[1m^[22m[39m
     [90m 128 |[39m     }
     [90m 129 |[39m     
     [90m 130 |[39m     [36mif[39m (parsed[33m.[39m[33mBING_NEWS_KEY[39m) {[0m

      at validateEnv (src/utils/envValidation.ts:127:15)
      at getEnv (src/utils/envValidation.ts:149:10)
      at new GroundingService (src/services/groundingService.ts:44:23)
      at Object.<anonymous> (src/services/groundingService.historical.test.ts:163:23)

    console.log
      Γ£ô Available news providers: Bing News, GDELT

      at validateEnv (src/utils/envValidation.ts:139:13)

    console.log
      {"timestamp":"2026-03-13T19:15:35.750Z","level":"info","service":"fakenewsoff-backend","message":"Initializing 
GroundingService","event":"grounding_service_init","enabled":true,"provider_order_configured":["bing","gdelt"]}

      at Logger.log (src/utils/logger.ts:69:13)

    console.log
      {"timestamp":"2026-03-13T19:15:35.751Z","level":"info","service":"fakenewsoff-backend","message":"Bing News client initialized","event":"provider_init_success","provider":"bing"}

      at Logger.log (src/utils/logger.ts:69:13)

    console.log
      {"timestamp":"2026-03-13T19:15:35.751Z","level":"info","service":"fakenewsoff-backend","message":"Bing Web Search client not available (no API 
key)","event":"provider_init_skipped","provider":"bing_web","reason":"missing_api_key"}

      at Logger.log (src/utils/logger.ts:69:13)

    console.warn
      ΓÜá∩╕Å  MEDIASTACK_API_KEY not set - Mediastack provider will not be available

    [0m [90m 125 |[39m       availableProviders[33m.[39mpush([32m'Mediastack'[39m)[33m;[39m
     [90m 126 |[39m     } [36melse[39m {
    [31m[1m>[22m[39m[90m 127 |[39m       console[33m.[39mwarn([32m'ΓÜá∩╕Å  MEDIASTACK_API_KEY not set - Mediastack provider will not be available'[39m)[33m;[39m
     [90m     |[39m               [31m[1m^[22m[39m
     [90m 128 |[39m     }
     [90m 129 |[39m     
     [90m 130 |[39m     [36mif[39m (parsed[33m.[39m[33mBING_NEWS_KEY[39m) {[0m

      at validateEnv (src/utils/envValidation.ts:127:15)
      at getEnv (src/utils/envValidation.ts:149:10)
      at new MediastackClient (src/clients/mediastackClient.ts:66:23)
      at new GroundingService (src/services/groundingService.ts:97:31)
      at Object.<anonymous> (src/services/groundingService.historical.test.ts:163:23)

    console.log
      Γ£ô Available news providers: Bing News, GDELT

      at validateEnv (src/utils/envValidation.ts:139:13)

    console.log
      {"timestamp":"2026-03-13T19:15:35.753Z","level":"info","service":"fakenewsoff-backend","message":"Mediastack client not available (no API 
key)","event":"provider_init_skipped","provider":"mediastack","reason":"missing_api_key"}

      at Logger.log (src/utils/logger.ts:69:13)

    console.log
      {"timestamp":"2026-03-13T19:15:35.753Z","level":"info","service":"fakenewsoff-backend","message":"GDELT client initialized","event":"provider_init_success","provider":"gdelt"}

      at Logger.log (src/utils/logger.ts:69:13)

    console.log
      {"timestamp":"2026-03-13T19:15:35.754Z","level":"info","service":"fakenewsoff-backend","message":"GroundingService initialization 
complete","event":"grounding_service_ready","enabled":true,"provider_order_configured":["bing","gdelt"],"providers_available":["bing","gdelt"],"max_results":10}

      at Logger.log (src/utils/logger.ts:69:13)

    console.warn
      ΓÜá∩╕Å  MEDIASTACK_API_KEY not set - Mediastack provider will not be available

    [0m [90m 125 |[39m       availableProviders[33m.[39mpush([32m'Mediastack'[39m)[33m;[39m
     [90m 126 |[39m     } [36melse[39m {
    [31m[1m>[22m[39m[90m 127 |[39m       console[33m.[39mwarn([32m'ΓÜá∩╕Å  MEDIASTACK_API_KEY not set - Mediastack provider will not be available'[39m)[33m;[39m
     [90m     |[39m               [31m[1m^[22m[39m
     [90m 128 |[39m     }
     [90m 129 |[39m     
     [90m 130 |[39m     [36mif[39m (parsed[33m.[39m[33mBING_NEWS_KEY[39m) {[0m

      at validateEnv (src/utils/envValidation.ts:127:15)
      at getEnv (src/utils/envValidation.ts:149:10)
      at new GroundingService (src/services/groundingService.ts:44:23)
      at Object.<anonymous> (src/services/groundingService.historical.test.ts:175:23)

    console.warn
      ΓÜá∩╕Å  BING_NEWS_KEY not set - Bing News provider will not be available

    [0m [90m 131 |[39m       availableProviders[33m.[39mpush([32m'Bing News'[39m)[33m;[39m
     [90m 132 |[39m     } [36melse[39m {
    [31m[1m>[22m[39m[90m 133 |[39m       console[33m.[39mwarn([32m'ΓÜá∩╕Å  BING_NEWS_KEY not set - Bing News provider will not be available'[39m)[33m;[39m
     [90m     |[39m               [31m[1m^[22m[39m
     [90m 134 |[39m     }
     [90m 135 |[39m     
     [90m 136 |[39m     [90m// GDELT is always available (no API key required)[39m[0m

      at validateEnv (src/utils/envValidation.ts:133:15)
      at getEnv (src/utils/envValidation.ts:149:10)
      at new GroundingService (src/services/groundingService.ts:44:23)
      at Object.<anonymous> (src/services/groundingService.historical.test.ts:175:23)

    console.log
      Γ£ô Available news providers: GDELT

      at validateEnv (src/utils/envValidation.ts:139:13)

    console.log
      {"timestamp":"2026-03-13T19:15:35.756Z","level":"info","service":"fakenewsoff-backend","message":"Initializing 
GroundingService","event":"grounding_service_init","enabled":true,"provider_order_configured":["bing","gdelt"]}

      at Logger.log (src/utils/logger.ts:69:13)

    console.log
      {"timestamp":"2026-03-13T19:15:35.756Z","level":"info","service":"fakenewsoff-backend","message":"Bing News client initialized","event":"provider_init_success","provider":"bing"}

      at Logger.log (src/utils/logger.ts:69:13)

    console.log
      {"timestamp":"2026-03-13T19:15:35.757Z","level":"info","service":"fakenewsoff-backend","message":"Bing Web Search client not available (no API 
key)","event":"provider_init_skipped","provider":"bing_web","reason":"missing_api_key"}

      at Logger.log (src/utils/logger.ts:69:13)

    console.warn
      ΓÜá∩╕Å  MEDIASTACK_API_KEY not set - Mediastack provider will not be available

    [0m [90m 125 |[39m       availableProviders[33m.[39mpush([32m'Mediastack'[39m)[33m;[39m
     [90m 126 |[39m     } [36melse[39m {
    [31m[1m>[22m[39m[90m 127 |[39m       console[33m.[39mwarn([32m'ΓÜá∩╕Å  MEDIASTACK_API_KEY not set - Mediastack provider will not be available'[39m)[33m;[39m
     [90m     |[39m               [31m[1m^[22m[39m
     [90m 128 |[39m     }
     [90m 129 |[39m     
     [90m 130 |[39m     [36mif[39m (parsed[33m.[39m[33mBING_NEWS_KEY[39m) {[0m

      at validateEnv (src/utils/envValidation.ts:127:15)
      at getEnv (src/utils/envValidation.ts:149:10)
      at new MediastackClient (src/clients/mediastackClient.ts:66:23)
      at new GroundingService (src/services/groundingService.ts:97:31)
      at Object.<anonymous> (src/services/groundingService.historical.test.ts:175:23)

    console.warn
      ΓÜá∩╕Å  BING_NEWS_KEY not set - Bing News provider will not be available

    [0m [90m 131 |[39m       availableProviders[33m.[39mpush([32m'Bing News'[39m)[33m;[39m
     [90m 132 |[39m     } [36melse[39m {
    [31m[1m>[22m[39m[90m 133 |[39m       console[33m.[39mwarn([32m'ΓÜá∩╕Å  BING_NEWS_KEY not set - Bing News provider will not be available'[39m)[33m;[39m
     [90m     |[39m               [31m[1m^[22m[39m
     [90m 134 |[39m     }
     [90m 135 |[39m     
     [90m 136 |[39m     [90m// GDELT is always available (no API key required)[39m[0m

      at validateEnv (src/utils/envValidation.ts:133:15)
      at getEnv (src/utils/envValidation.ts:149:10)
      at new MediastackClient (src/clients/mediastackClient.ts:66:23)
      at new GroundingService (src/services/groundingService.ts:97:31)
      at Object.<anonymous> (src/services/groundingService.historical.test.ts:175:23)

    console.log
      Γ£ô Available news providers: GDELT

      at validateEnv (src/utils/envValidation.ts:139:13)

    console.log
      {"timestamp":"2026-03-13T19:15:35.758Z","level":"info","service":"fakenewsoff-backend","message":"Mediastack client not available (no API 
key)","event":"provider_init_skipped","provider":"mediastack","reason":"missing_api_key"}

      at Logger.log (src/utils/logger.ts:69:13)

    console.log
      {"timestamp":"2026-03-13T19:15:35.759Z","level":"info","service":"fakenewsoff-backend","message":"GDELT client initialized","event":"provider_init_success","provider":"gdelt"}

      at Logger.log (src/utils/logger.ts:69:13)

    console.log
      {"timestamp":"2026-03-13T19:15:35.759Z","level":"info","service":"fakenewsoff-backend","message":"GroundingService initialization 
complete","event":"grounding_service_ready","enabled":true,"provider_order_configured":["bing","gdelt"],"providers_available":["bing","gdelt"],"max_results":10}

      at Logger.log (src/utils/logger.ts:69:13)

    console.warn
      ΓÜá∩╕Å  MEDIASTACK_API_KEY not set - Mediastack provider will not be available

    [0m [90m 125 |[39m       availableProviders[33m.[39mpush([32m'Mediastack'[39m)[33m;[39m
     [90m 126 |[39m     } [36melse[39m {
    [31m[1m>[22m[39m[90m 127 |[39m       console[33m.[39mwarn([32m'ΓÜá∩╕Å  MEDIASTACK_API_KEY not set - Mediastack provider will not be available'[39m)[33m;[39m
     [90m     |[39m               [31m[1m^[22m[39m
     [90m 128 |[39m     }
     [90m 129 |[39m     
     [90m 130 |[39m     [36mif[39m (parsed[33m.[39m[33mBING_NEWS_KEY[39m) {[0m

      at validateEnv (src/utils/envValidation.ts:127:15)
      at getEnv (src/utils/envValidation.ts:149:10)
      at new GroundingService (src/services/groundingService.ts:44:23)
      at Object.<anonymous> (src/services/groundingService.historical.test.ts:184:23)

    console.warn
      ΓÜá∩╕Å  BING_NEWS_KEY not set - Bing News provider will not be available

    [0m [90m 131 |[39m       availableProviders[33m.[39mpush([32m'Bing News'[39m)[33m;[39m
     [90m 132 |[39m     } [36melse[39m {
    [31m[1m>[22m[39m[90m 133 |[39m       console[33m.[39mwarn([32m'ΓÜá∩╕Å  BING_NEWS_KEY not set - Bing News provider will not be available'[39m)[33m;[39m
     [90m     |[39m               [31m[1m^[22m[39m
     [90m 134 |[39m     }
     [90m 135 |[39m     
     [90m 136 |[39m     [90m// GDELT is always available (no API key required)[39m[0m

      at validateEnv (src/utils/envValidation.ts:133:15)
      at getEnv (src/utils/envValidation.ts:149:10)
      at new GroundingService (src/services/groundingService.ts:44:23)
      at Object.<anonymous> (src/services/groundingService.historical.test.ts:184:23)

    console.log
      Γ£ô Available news providers: GDELT

      at validateEnv (src/utils/envValidation.ts:139:13)

    console.log
      {"timestamp":"2026-03-13T19:15:35.761Z","level":"info","service":"fakenewsoff-backend","message":"Initializing 
GroundingService","event":"grounding_service_init","enabled":true,"provider_order_configured":["bing","gdelt"]}

      at Logger.log (src/utils/logger.ts:69:13)

    console.log
      {"timestamp":"2026-03-13T19:15:35.762Z","level":"info","service":"fakenewsoff-backend","message":"Bing News client initialized","event":"provider_init_success","provider":"bing"}

      at Logger.log (src/utils/logger.ts:69:13)

    console.log
      {"timestamp":"2026-03-13T19:15:35.762Z","level":"info","service":"fakenewsoff-backend","message":"Bing Web Search client not available (no API 
key)","event":"provider_init_skipped","provider":"bing_web","reason":"missing_api_key"}

      at Logger.log (src/utils/logger.ts:69:13)

    console.warn
      ΓÜá∩╕Å  MEDIASTACK_API_KEY not set - Mediastack provider will not be available

    [0m [90m 125 |[39m       availableProviders[33m.[39mpush([32m'Mediastack'[39m)[33m;[39m
     [90m 126 |[39m     } [36melse[39m {
    [31m[1m>[22m[39m[90m 127 |[39m       console[33m.[39mwarn([32m'ΓÜá∩╕Å  MEDIASTACK_API_KEY not set - Mediastack provider will not be available'[39m)[33m;[39m
     [90m     |[39m               [31m[1m^[22m[39m
     [90m 128 |[39m     }
     [90m 129 |[39m     
     [90m 130 |[39m     [36mif[39m (parsed[33m.[39m[33mBING_NEWS_KEY[39m) {[0m

      at validateEnv (src/utils/envValidation.ts:127:15)
      at getEnv (src/utils/envValidation.ts:149:10)
      at new MediastackClient (src/clients/mediastackClient.ts:66:23)
      at new GroundingService (src/services/groundingService.ts:97:31)
      at Object.<anonymous> (src/services/groundingService.historical.test.ts:184:23)

    console.warn
      ΓÜá∩╕Å  BING_NEWS_KEY not set - Bing News provider will not be available

    [0m [90m 131 |[39m       availableProviders[33m.[39mpush([32m'Bing News'[39m)[33m;[39m
     [90m 132 |[39m     } [36melse[39m {
    [31m[1m>[22m[39m[90m 133 |[39m       console[33m.[39mwarn([32m'ΓÜá∩╕Å  BING_NEWS_KEY not set - Bing News provider will not be available'[39m)[33m;[39m
     [90m     |[39m               [31m[1m^[22m[39m
     [90m 134 |[39m     }
     [90m 135 |[39m     
     [90m 136 |[39m     [90m// GDELT is always available (no API key required)[39m[0m

      at validateEnv (src/utils/envValidation.ts:133:15)
      at getEnv (src/utils/envValidation.ts:149:10)
      at new MediastackClient (src/clients/mediastackClient.ts:66:23)
      at new GroundingService (src/services/groundingService.ts:97:31)
      at Object.<anonymous> (src/services/groundingService.historical.test.ts:184:23)

    console.log
      Γ£ô Available news providers: GDELT

      at validateEnv (src/utils/envValidation.ts:139:13)

    console.log
      {"timestamp":"2026-03-13T19:15:35.764Z","level":"info","service":"fakenewsoff-backend","message":"Mediastack client not available (no API 
key)","event":"provider_init_skipped","provider":"mediastack","reason":"missing_api_key"}

      at Logger.log (src/utils/logger.ts:69:13)

    console.log
      {"timestamp":"2026-03-13T19:15:35.764Z","level":"info","service":"fakenewsoff-backend","message":"GDELT client initialized","event":"provider_init_success","provider":"gdelt"}

      at Logger.log (src/utils/logger.ts:69:13)

    console.log
      {"timestamp":"2026-03-13T19:15:35.764Z","level":"info","service":"fakenewsoff-backend","message":"GroundingService initialization 
complete","event":"grounding_service_ready","enabled":true,"provider_order_configured":["bing","gdelt"],"providers_available":["bing","gdelt"],"max_results":10}

      at Logger.log (src/utils/logger.ts:69:13)

    console.log
      {"timestamp":"2026-03-13T19:15:35.765Z","level":"info","service":"fakenewsoff-backend","message":"Typo normalization 
applied","event":"typo_normalization_applied","requestId":"test-timeout","original_length":21,"normalized_length":21}

      at Logger.log (src/utils/logger.ts:69:13)

    console.log
      {"timestamp":"2026-03-13T19:15:35.765Z","level":"info","service":"fakenewsoff-backend","message":"Grounding request 
started","event":"grounding_start","requestId":"test-timeout","query_terms":"ronald reagan dead","provider_order":["bing","gdelt"],"demo_mode":false}

      at Logger.log (src/utils/logger.ts:69:13)

    console.log
      {"timestamp":"2026-03-13T19:15:35.765Z","level":"info","service":"fakenewsoff-backend","message":"Grounding cache hit","event":"grounding_cache_hit","requestId":"test-timeout","query":"ronald 
reagan dead","sources_count":0}

      at Logger.log (src/utils/logger.ts:69:13)

    console.warn
      ΓÜá∩╕Å  MEDIASTACK_API_KEY not set - Mediastack provider will not be available

    [0m [90m 125 |[39m       availableProviders[33m.[39mpush([32m'Mediastack'[39m)[33m;[39m
     [90m 126 |[39m     } [36melse[39m {
    [31m[1m>[22m[39m[90m 127 |[39m       console[33m.[39mwarn([32m'ΓÜá∩╕Å  MEDIASTACK_API_KEY not set - Mediastack provider will not be available'[39m)[33m;[39m
     [90m     |[39m               [31m[1m^[22m[39m
     [90m 128 |[39m     }
     [90m 129 |[39m     
     [90m 130 |[39m     [36mif[39m (parsed[33m.[39m[33mBING_NEWS_KEY[39m) {[0m

      at validateEnv (src/utils/envValidation.ts:127:15)
      at getEnv (src/utils/envValidation.ts:149:10)
      at new GroundingService (src/services/groundingService.ts:44:23)
      at Object.<anonymous> (src/services/groundingService.historical.test.ts:198:23)

    console.warn
      ΓÜá∩╕Å  BING_NEWS_KEY not set - Bing News provider will not be available

    [0m [90m 131 |[39m       availableProviders[33m.[39mpush([32m'Bing News'[39m)[33m;[39m
     [90m 132 |[39m     } [36melse[39m {
    [31m[1m>[22m[39m[90m 133 |[39m       console[33m.[39mwarn([32m'ΓÜá∩╕Å  BING_NEWS_KEY not set - Bing News provider will not be available'[39m)[33m;[39m
     [90m     |[39m               [31m[1m^[22m[39m
     [90m 134 |[39m     }
     [90m 135 |[39m     
     [90m 136 |[39m     [90m// GDELT is always available (no API key required)[39m[0m

      at validateEnv (src/utils/envValidation.ts:133:15)
      at getEnv (src/utils/envValidation.ts:149:10)
      at new GroundingService (src/services/groundingService.ts:44:23)
      at Object.<anonymous> (src/services/groundingService.historical.test.ts:198:23)

    console.log
      Γ£ô Available news providers: GDELT

      at validateEnv (src/utils/envValidation.ts:139:13)

    console.log
      {"timestamp":"2026-03-13T19:15:35.767Z","level":"info","service":"fakenewsoff-backend","message":"Initializing 
GroundingService","event":"grounding_service_init","enabled":true,"provider_order_configured":["bing","gdelt"]}

      at Logger.log (src/utils/logger.ts:69:13)

    console.log
      {"timestamp":"2026-03-13T19:15:35.768Z","level":"info","service":"fakenewsoff-backend","message":"Bing News client initialized","event":"provider_init_success","provider":"bing"}

      at Logger.log (src/utils/logger.ts:69:13)

    console.log
      {"timestamp":"2026-03-13T19:15:35.768Z","level":"info","service":"fakenewsoff-backend","message":"Bing Web Search client not available (no API 
key)","event":"provider_init_skipped","provider":"bing_web","reason":"missing_api_key"}

      at Logger.log (src/utils/logger.ts:69:13)

    console.warn
      ΓÜá∩╕Å  MEDIASTACK_API_KEY not set - Mediastack provider will not be available

    [0m [90m 125 |[39m       availableProviders[33m.[39mpush([32m'Mediastack'[39m)[33m;[39m
     [90m 126 |[39m     } [36melse[39m {
    [31m[1m>[22m[39m[90m 127 |[39m       console[33m.[39mwarn([32m'ΓÜá∩╕Å  MEDIASTACK_API_KEY not set - Mediastack provider will not be available'[39m)[33m;[39m
     [90m     |[39m               [31m[1m^[22m[39m
     [90m 128 |[39m     }
     [90m 129 |[39m     
     [90m 130 |[39m     [36mif[39m (parsed[33m.[39m[33mBING_NEWS_KEY[39m) {[0m

      at validateEnv (src/utils/envValidation.ts:127:15)
      at getEnv (src/utils/envValidation.ts:149:10)
      at new MediastackClient (src/clients/mediastackClient.ts:66:23)
      at new GroundingService (src/services/groundingService.ts:97:31)
      at Object.<anonymous> (src/services/groundingService.historical.test.ts:198:23)

    console.warn
      ΓÜá∩╕Å  BING_NEWS_KEY not set - Bing News provider will not be available

    [0m [90m 131 |[39m       availableProviders[33m.[39mpush([32m'Bing News'[39m)[33m;[39m
     [90m 132 |[39m     } [36melse[39m {
    [31m[1m>[22m[39m[90m 133 |[39m       console[33m.[39mwarn([32m'ΓÜá∩╕Å  BING_NEWS_KEY not set - Bing News provider will not be available'[39m)[33m;[39m
     [90m     |[39m               [31m[1m^[22m[39m
     [90m 134 |[39m     }
     [90m 135 |[39m     
     [90m 136 |[39m     [90m// GDELT is always available (no API key required)[39m[0m

      at validateEnv (src/utils/envValidation.ts:133:15)
      at getEnv (src/utils/envValidation.ts:149:10)
      at new MediastackClient (src/clients/mediastackClient.ts:66:23)
      at new GroundingService (src/services/groundingService.ts:97:31)
      at Object.<anonymous> (src/services/groundingService.historical.test.ts:198:23)

    console.log
      Γ£ô Available news providers: GDELT

      at validateEnv (src/utils/envValidation.ts:139:13)

    console.log
      {"timestamp":"2026-03-13T19:15:35.770Z","level":"info","service":"fakenewsoff-backend","message":"Mediastack client not available (no API 
key)","event":"provider_init_skipped","provider":"mediastack","reason":"missing_api_key"}

      at Logger.log (src/utils/logger.ts:69:13)

    console.log
      {"timestamp":"2026-03-13T19:15:35.770Z","level":"info","service":"fakenewsoff-backend","message":"GDELT client initialized","event":"provider_init_success","provider":"gdelt"}

      at Logger.log (src/utils/logger.ts:69:13)

    console.log
      {"timestamp":"2026-03-13T19:15:35.771Z","level":"info","service":"fakenewsoff-backend","message":"GroundingService initialization 
complete","event":"grounding_service_ready","enabled":true,"provider_order_configured":["bing","gdelt"],"providers_available":["bing","gdelt"],"max_results":10}

      at Logger.log (src/utils/logger.ts:69:13)

    console.log
      {"timestamp":"2026-03-13T19:15:35.771Z","level":"info","service":"fakenewsoff-backend","message":"Typo normalization 
applied","event":"typo_normalization_applied","requestId":"test-error","original_length":21,"normalized_length":21}

      at Logger.log (src/utils/logger.ts:69:13)

    console.log
      {"timestamp":"2026-03-13T19:15:35.771Z","level":"info","service":"fakenewsoff-backend","message":"Grounding request 
started","event":"grounding_start","requestId":"test-error","query_terms":"ronald reagan dead","provider_order":["bing","gdelt"],"demo_mode":false}

      at Logger.log (src/utils/logger.ts:69:13)

    console.log
      {"timestamp":"2026-03-13T19:15:35.772Z","level":"info","service":"fakenewsoff-backend","message":"Grounding cache hit","event":"grounding_cache_hit","requestId":"test-error","query":"ronald 
reagan dead","sources_count":0}

      at Logger.log (src/utils/logger.ts:69:13)

    console.warn
      ΓÜá∩╕Å  MEDIASTACK_API_KEY not set - Mediastack provider will not be available

    [0m [90m 125 |[39m       availableProviders[33m.[39mpush([32m'Mediastack'[39m)[33m;[39m
     [90m 126 |[39m     } [36melse[39m {
    [31m[1m>[22m[39m[90m 127 |[39m       console[33m.[39mwarn([32m'ΓÜá∩╕Å  MEDIASTACK_API_KEY not set - Mediastack provider will not be available'[39m)[33m;[39m
     [90m     |[39m               [31m[1m^[22m[39m
     [90m 128 |[39m     }
     [90m 129 |[39m     
     [90m 130 |[39m     [36mif[39m (parsed[33m.[39m[33mBING_NEWS_KEY[39m) {[0m

      at validateEnv (src/utils/envValidation.ts:127:15)
      at getEnv (src/utils/envValidation.ts:149:10)
      at new GroundingService (src/services/groundingService.ts:44:23)
      at Object.<anonymous> (src/services/groundingService.historical.test.ts:208:23)

    console.warn
      ΓÜá∩╕Å  BING_NEWS_KEY not set - Bing News provider will not be available

    [0m [90m 131 |[39m       availableProviders[33m.[39mpush([32m'Bing News'[39m)[33m;[39m
     [90m 132 |[39m     } [36melse[39m {
    [31m[1m>[22m[39m[90m 133 |[39m       console[33m.[39mwarn([32m'ΓÜá∩╕Å  BING_NEWS_KEY not set - Bing News provider will not be available'[39m)[33m;[39m
     [90m     |[39m               [31m[1m^[22m[39m
     [90m 134 |[39m     }
     [90m 135 |[39m     
     [90m 136 |[39m     [90m// GDELT is always available (no API key required)[39m[0m

      at validateEnv (src/utils/envValidation.ts:133:15)
      at getEnv (src/utils/envValidation.ts:149:10)
      at new GroundingService (src/services/groundingService.ts:44:23)
      at Object.<anonymous> (src/services/groundingService.historical.test.ts:208:23)

    console.log
      Γ£ô Available news providers: GDELT

      at validateEnv (src/utils/envValidation.ts:139:13)

    console.log
      {"timestamp":"2026-03-13T19:15:35.773Z","level":"info","service":"fakenewsoff-backend","message":"Initializing 
GroundingService","event":"grounding_service_init","enabled":true,"provider_order_configured":["bing","gdelt"]}

      at Logger.log (src/utils/logger.ts:69:13)

    console.log
      {"timestamp":"2026-03-13T19:15:35.773Z","level":"info","service":"fakenewsoff-backend","message":"Bing News client initialized","event":"provider_init_success","provider":"bing"}

      at Logger.log (src/utils/logger.ts:69:13)

    console.log
      {"timestamp":"2026-03-13T19:15:35.773Z","level":"info","service":"fakenewsoff-backend","message":"Bing Web Search client not available (no API 
key)","event":"provider_init_skipped","provider":"bing_web","reason":"missing_api_key"}

      at Logger.log (src/utils/logger.ts:69:13)

    console.warn
      ΓÜá∩╕Å  MEDIASTACK_API_KEY not set - Mediastack provider will not be available

    [0m [90m 125 |[39m       availableProviders[33m.[39mpush([32m'Mediastack'[39m)[33m;[39m
     [90m 126 |[39m     } [36melse[39m {
    [31m[1m>[22m[39m[90m 127 |[39m       console[33m.[39mwarn([32m'ΓÜá∩╕Å  MEDIASTACK_API_KEY not set - Mediastack provider will not be available'[39m)[33m;[39m
     [90m     |[39m               [31m[1m^[22m[39m
     [90m 128 |[39m     }
     [90m 129 |[39m     
     [90m 130 |[39m     [36mif[39m (parsed[33m.[39m[33mBING_NEWS_KEY[39m) {[0m

      at validateEnv (src/utils/envValidation.ts:127:15)
      at getEnv (src/utils/envValidation.ts:149:10)
      at new MediastackClient (src/clients/mediastackClient.ts:66:23)
      at new GroundingService (src/services/groundingService.ts:97:31)
      at Object.<anonymous> (src/services/groundingService.historical.test.ts:208:23)

    console.warn
      ΓÜá∩╕Å  BING_NEWS_KEY not set - Bing News provider will not be available

    [0m [90m 131 |[39m       availableProviders[33m.[39mpush([32m'Bing News'[39m)[33m;[39m
     [90m 132 |[39m     } [36melse[39m {
    [31m[1m>[22m[39m[90m 133 |[39m       console[33m.[39mwarn([32m'ΓÜá∩╕Å  BING_NEWS_KEY not set - Bing News provider will not be available'[39m)[33m;[39m
     [90m     |[39m               [31m[1m^[22m[39m
     [90m 134 |[39m     }
     [90m 135 |[39m     
     [90m 136 |[39m     [90m// GDELT is always available (no API key required)[39m[0m

      at validateEnv (src/utils/envValidation.ts:133:15)
      at getEnv (src/utils/envValidation.ts:149:10)
      at new MediastackClient (src/clients/mediastackClient.ts:66:23)
      at new GroundingService (src/services/groundingService.ts:97:31)
      at Object.<anonymous> (src/services/groundingService.historical.test.ts:208:23)

    console.log
      Γ£ô Available news providers: GDELT

      at validateEnv (src/utils/envValidation.ts:139:13)

    console.log
      {"timestamp":"2026-03-13T19:15:35.775Z","level":"info","service":"fakenewsoff-backend","message":"Mediastack client not available (no API 
key)","event":"provider_init_skipped","provider":"mediastack","reason":"missing_api_key"}

      at Logger.log (src/utils/logger.ts:69:13)

    console.log
      {"timestamp":"2026-03-13T19:15:35.775Z","level":"info","service":"fakenewsoff-backend","message":"GDELT client initialized","event":"provider_init_success","provider":"gdelt"}

      at Logger.log (src/utils/logger.ts:69:13)

    console.log
      {"timestamp":"2026-03-13T19:15:35.776Z","level":"info","service":"fakenewsoff-backend","message":"GroundingService initialization 
complete","event":"grounding_service_ready","enabled":true,"provider_order_configured":["bing","gdelt"],"providers_available":["bing","gdelt"],"max_results":10}

      at Logger.log (src/utils/logger.ts:69:13)

    console.log
      {"timestamp":"2026-03-13T19:15:35.776Z","level":"info","service":"fakenewsoff-backend","message":"Grounding request 
started","event":"grounding_start","requestId":"test-errors","query_terms":"test query","provider_order":["bing","gdelt"],"demo_mode":false}

      at Logger.log (src/utils/logger.ts:69:13)

    console.log
      {"timestamp":"2026-03-13T19:15:35.776Z","level":"info","service":"fakenewsoff-backend","message":"Grounding cache miss","event":"grounding_cache_miss","requestId":"test-errors","query":"test 
query"}

      at Logger.log (src/utils/logger.ts:69:13)

    console.log
      {"timestamp":"2026-03-13T19:15:35.776Z","level":"info","service":"fakenewsoff-backend","message":"Starting adaptive freshness cascade with historical 
detection","event":"adaptive_freshness_start","requestId":"test-errors","is_historical":false,"confidence":0,"retrieval_mode":"news_recent","strategies":["7d","30d","web"],"timeout_budget_ms":5000}

      at Logger.log (src/utils/logger.ts:69:13)

    console.log
      {"timestamp":"2026-03-13T19:15:35.776Z","level":"info","service":"fakenewsoff-backend","message":"Trying freshness 
strategy","event":"adaptive_freshness_retry","requestId":"test-errors","strategy":"7d","retry_count":0,"elapsed_ms":0}

      at Logger.log (src/utils/logger.ts:69:13)

    console.log
      {"timestamp":"2026-03-13T19:15:35.776Z","level":"info","service":"fakenewsoff-backend","message":"Trying providers with freshness 
strategy","event":"adaptive_freshness_attempt","requestId":"test-errors","freshness_strategy":"7d","bing_freshness":"Week","gdelt_timespan":"7d"}

      at Logger.log (src/utils/logger.ts:69:13)

    console.log
      {"timestamp":"2026-03-13T19:15:35.777Z","level":"info","service":"fakenewsoff-backend","message":"Attempting Bing News provider with 
freshness","event":"provider_attempt_start","requestId":"test-errors","provider":"bing","freshness":"Week"}

      at Logger.log (src/utils/logger.ts:69:13)

    console.log
      {"timestamp":"2026-03-13T19:15:35.777Z","level":"warn","service":"fakenewsoff-backend","message":"Bing News provider failed with 
freshness","event":"provider_failure","requestId":"test-errors","provider":"bing","freshness":"Week","latency_ms":0,"error":"Unknown Bing error"}

      at Logger.log (src/utils/logger.ts:69:13)

    console.log
      {"timestamp":"2026-03-13T19:15:35.777Z","level":"warn","service":"fakenewsoff-backend","message":"GDELT throttled","event":"gdelt_throttled","requestId":"test-errors","wait_ms":4933}

      at Logger.log (src/utils/logger.ts:69:13)

    console.log
      {"timestamp":"2026-03-13T19:15:35.777Z","level":"info","service":"fakenewsoff-backend","message":"Freshness strategy returned zero 
results","event":"adaptive_freshness_strategy_failed","requestId":"test-errors","strategy":"7d","retry_count":0}

      at Logger.log (src/utils/logger.ts:69:13)

    console.log
      {"timestamp":"2026-03-13T19:15:35.777Z","level":"info","service":"fakenewsoff-backend","message":"Trying freshness 
strategy","event":"adaptive_freshness_retry","requestId":"test-errors","strategy":"30d","retry_count":1,"elapsed_ms":1}

      at Logger.log (src/utils/logger.ts:69:13)

    console.log
      {"timestamp":"2026-03-13T19:15:35.778Z","level":"info","service":"fakenewsoff-backend","message":"Trying providers with freshness 
strategy","event":"adaptive_freshness_attempt","requestId":"test-errors","freshness_strategy":"30d","bing_freshness":"Month","gdelt_timespan":"30d"}

      at Logger.log (src/utils/logger.ts:69:13)

    console.log
      {"timestamp":"2026-03-13T19:15:35.778Z","level":"info","service":"fakenewsoff-backend","message":"Attempting Bing News provider with 
freshness","event":"provider_attempt_start","requestId":"test-errors","provider":"bing","freshness":"Month"}

      at Logger.log (src/utils/logger.ts:69:13)

    console.log
      {"timestamp":"2026-03-13T19:15:35.779Z","level":"warn","service":"fakenewsoff-backend","message":"Bing News provider failed with 
freshness","event":"provider_failure","requestId":"test-errors","provider":"bing","freshness":"Month","latency_ms":1,"error":"Unknown Bing error"}

      at Logger.log (src/utils/logger.ts:69:13)

    console.log
      {"timestamp":"2026-03-13T19:15:35.780Z","level":"warn","service":"fakenewsoff-backend","message":"GDELT throttled","event":"gdelt_throttled","requestId":"test-errors","wait_ms":4930}

      at Logger.log (src/utils/logger.ts:69:13)

    console.log
      {"timestamp":"2026-03-13T19:15:35.780Z","level":"info","service":"fakenewsoff-backend","message":"Freshness strategy returned zero 
results","event":"adaptive_freshness_strategy_failed","requestId":"test-errors","strategy":"30d","retry_count":1}

      at Logger.log (src/utils/logger.ts:69:13)

    console.log
      {"timestamp":"2026-03-13T19:15:35.780Z","level":"info","service":"fakenewsoff-backend","message":"Trying freshness 
strategy","event":"adaptive_freshness_retry","requestId":"test-errors","strategy":"web","retry_count":2,"elapsed_ms":4}

      at Logger.log (src/utils/logger.ts:69:13)

    console.log
      {"timestamp":"2026-03-13T19:15:35.781Z","level":"warn","service":"fakenewsoff-backend","message":"Web search not available","event":"web_search_unavailable","requestId":"test-errors"}

      at Logger.log (src/utils/logger.ts:69:13)

    console.log
      {"timestamp":"2026-03-13T19:15:35.781Z","level":"info","service":"fakenewsoff-backend","message":"Freshness strategy returned zero 
results","event":"adaptive_freshness_strategy_failed","requestId":"test-errors","strategy":"web","retry_count":2}

      at Logger.log (src/utils/logger.ts:69:13)

    console.log
      {"timestamp":"2026-03-13T19:15:35.781Z","level":"warn","service":"fakenewsoff-backend","message":"All adaptive freshness strategies 
exhausted","event":"adaptive_freshness_exhausted","requestId":"test-errors","strategies_tried":3,"total_elapsed_ms":5}

      at Logger.log (src/utils/logger.ts:69:13)

    console.log
      {"timestamp":"2026-03-13T19:15:35.781Z","level":"info","service":"fakenewsoff-backend","message":"Grounding request completed","event":"grounding_done","requestId":"test-errors","provider_used":"
none","total_latency_ms":5,"sources_returned":0,"sources_raw":0,"attempted_providers":["bing","gdelt","web"],"had_errors":true}

      at Logger.log (src/utils/logger.ts:69:13)

PASS src/services/cacheService.property.test.ts (6.574 s)
PASS src/services/groundingService.cooldown.test.ts
  ΓùÅ Console

    console.warn
      ΓÜá∩╕Å  MEDIASTACK_API_KEY not set - Mediastack provider will not be available

    [0m [90m 125 |[39m       availableProviders[33m.[39mpush([32m'Mediastack'[39m)[33m;[39m
     [90m 126 |[39m     } [36melse[39m {
    [31m[1m>[22m[39m[90m 127 |[39m       console[33m.[39mwarn([32m'ΓÜá∩╕Å  MEDIASTACK_API_KEY not set - Mediastack provider will not be available'[39m)[33m;[39m
     [90m     |[39m               [31m[1m^[22m[39m
     [90m 128 |[39m     }
     [90m 129 |[39m     
     [90m 130 |[39m     [36mif[39m (parsed[33m.[39m[33mBING_NEWS_KEY[39m) {[0m

      at validateEnv (src/utils/envValidation.ts:127:15)
      at getEnv (src/utils/envValidation.ts:149:10)
      at new GroundingCache (src/services/groundingCache.ts:21:23)
      at getGroundingCache (src/services/groundingCache.ts:105:21)
      at new GroundingService (src/services/groundingService.ts:38:36)
      at getGroundingService (src/services/groundingService.ts:1782:23)
      at setProviderCooldown (src/services/groundingService.ts:1813:19)
      at Object.<anonymous> (src/services/groundingService.cooldown.test.ts:24:24)

    console.warn
      ΓÜá∩╕Å  BING_NEWS_KEY not set - Bing News provider will not be available

    [0m [90m 131 |[39m       availableProviders[33m.[39mpush([32m'Bing News'[39m)[33m;[39m
     [90m 132 |[39m     } [36melse[39m {
    [31m[1m>[22m[39m[90m 133 |[39m       console[33m.[39mwarn([32m'ΓÜá∩╕Å  BING_NEWS_KEY not set - Bing News provider will not be available'[39m)[33m;[39m
     [90m     |[39m               [31m[1m^[22m[39m
     [90m 134 |[39m     }
     [90m 135 |[39m     
     [90m 136 |[39m     [90m// GDELT is always available (no API key required)[39m[0m

      at validateEnv (src/utils/envValidation.ts:133:15)
      at getEnv (src/utils/envValidation.ts:149:10)
      at new GroundingCache (src/services/groundingCache.ts:21:23)
      at getGroundingCache (src/services/groundingCache.ts:105:21)
      at new GroundingService (src/services/groundingService.ts:38:36)
      at getGroundingService (src/services/groundingService.ts:1782:23)
      at setProviderCooldown (src/services/groundingService.ts:1813:19)
      at Object.<anonymous> (src/services/groundingService.cooldown.test.ts:24:24)

    console.log
      Γ£ô Available news providers: GDELT

      at validateEnv (src/utils/envValidation.ts:139:13)

    console.warn
      ΓÜá∩╕Å  MEDIASTACK_API_KEY not set - Mediastack provider will not be available

    [0m [90m 125 |[39m       availableProviders[33m.[39mpush([32m'Mediastack'[39m)[33m;[39m
     [90m 126 |[39m     } [36melse[39m {
    [31m[1m>[22m[39m[90m 127 |[39m       console[33m.[39mwarn([32m'ΓÜá∩╕Å  MEDIASTACK_API_KEY not set - Mediastack provider will not be available'[39m)[33m;[39m
     [90m     |[39m               [31m[1m^[22m[39m
     [90m 128 |[39m     }
     [90m 129 |[39m     
     [90m 130 |[39m     [36mif[39m (parsed[33m.[39m[33mBING_NEWS_KEY[39m) {[0m

      at validateEnv (src/utils/envValidation.ts:127:15)
      at getEnv (src/utils/envValidation.ts:149:10)
      at new GroundingService (src/services/groundingService.ts:44:23)
      at getGroundingService (src/services/groundingService.ts:1782:23)
      at setProviderCooldown (src/services/groundingService.ts:1813:19)
      at Object.<anonymous> (src/services/groundingService.cooldown.test.ts:24:24)

    console.warn
      ΓÜá∩╕Å  BING_NEWS_KEY not set - Bing News provider will not be available

    [0m [90m 131 |[39m       availableProviders[33m.[39mpush([32m'Bing News'[39m)[33m;[39m
     [90m 132 |[39m     } [36melse[39m {
    [31m[1m>[22m[39m[90m 133 |[39m       console[33m.[39mwarn([32m'ΓÜá∩╕Å  BING_NEWS_KEY not set - Bing News provider will not be available'[39m)[33m;[39m
     [90m     |[39m               [31m[1m^[22m[39m
     [90m 134 |[39m     }
     [90m 135 |[39m     
     [90m 136 |[39m     [90m// GDELT is always available (no API key required)[39m[0m

      at validateEnv (src/utils/envValidation.ts:133:15)
      at getEnv (src/utils/envValidation.ts:149:10)
      at new GroundingService (src/services/groundingService.ts:44:23)
      at getGroundingService (src/services/groundingService.ts:1782:23)
      at setProviderCooldown (src/services/groundingService.ts:1813:19)
      at Object.<anonymous> (src/services/groundingService.cooldown.test.ts:24:24)

    console.log
      Γ£ô Available news providers: GDELT

      at validateEnv (src/utils/envValidation.ts:139:13)

    console.log
      {"timestamp":"2026-03-13T19:15:35.600Z","level":"info","service":"fakenewsoff-backend","message":"Initializing 
GroundingService","event":"grounding_service_init","enabled":true,"provider_order_configured":["bing","gdelt"]}

      at Logger.log (src/utils/logger.ts:69:13)

    console.warn
      ΓÜá∩╕Å  MEDIASTACK_API_KEY not set - Mediastack provider will not be available

    [0m [90m 125 |[39m       availableProviders[33m.[39mpush([32m'Mediastack'[39m)[33m;[39m
     [90m 126 |[39m     } [36melse[39m {
    [31m[1m>[22m[39m[90m 127 |[39m       console[33m.[39mwarn([32m'ΓÜá∩╕Å  MEDIASTACK_API_KEY not set - Mediastack provider will not be available'[39m)[33m;[39m
     [90m     |[39m               [31m[1m^[22m[39m
     [90m 128 |[39m     }
     [90m 129 |[39m     
     [90m 130 |[39m     [36mif[39m (parsed[33m.[39m[33mBING_NEWS_KEY[39m) {[0m

      at validateEnv (src/utils/envValidation.ts:127:15)
      at getEnv (src/utils/envValidation.ts:149:10)
      at new BingNewsClient (src/clients/bingNewsClient.ts:37:23)
      at new GroundingService (src/services/groundingService.ts:63:25)
      at getGroundingService (src/services/groundingService.ts:1782:23)
      at setProviderCooldown (src/services/groundingService.ts:1813:19)
      at Object.<anonymous> (src/services/groundingService.cooldown.test.ts:24:24)

    console.warn
      ΓÜá∩╕Å  BING_NEWS_KEY not set - Bing News provider will not be available

    [0m [90m 131 |[39m       availableProviders[33m.[39mpush([32m'Bing News'[39m)[33m;[39m
     [90m 132 |[39m     } [36melse[39m {
    [31m[1m>[22m[39m[90m 133 |[39m       console[33m.[39mwarn([32m'ΓÜá∩╕Å  BING_NEWS_KEY not set - Bing News provider will not be available'[39m)[33m;[39m
     [90m     |[39m               [31m[1m^[22m[39m
     [90m 134 |[39m     }
     [90m 135 |[39m     
     [90m 136 |[39m     [90m// GDELT is always available (no API key required)[39m[0m

      at validateEnv (src/utils/envValidation.ts:133:15)
      at getEnv (src/utils/envValidation.ts:149:10)
      at new BingNewsClient (src/clients/bingNewsClient.ts:37:23)
      at new GroundingService (src/services/groundingService.ts:63:25)
      at getGroundingService (src/services/groundingService.ts:1782:23)
      at setProviderCooldown (src/services/groundingService.ts:1813:19)
      at Object.<anonymous> (src/services/groundingService.cooldown.test.ts:24:24)

    console.log
      Γ£ô Available news providers: GDELT

      at validateEnv (src/utils/envValidation.ts:139:13)

    console.log
      {"timestamp":"2026-03-13T19:15:35.605Z","level":"info","service":"fakenewsoff-backend","message":"Bing News client not available (no API 
key)","event":"provider_init_skipped","provider":"bing","reason":"missing_api_key"}

      at Logger.log (src/utils/logger.ts:69:13)

    console.warn
      ΓÜá∩╕Å  MEDIASTACK_API_KEY not set - Mediastack provider will not be available

    [0m [90m 125 |[39m       availableProviders[33m.[39mpush([32m'Mediastack'[39m)[33m;[39m
     [90m 126 |[39m     } [36melse[39m {
    [31m[1m>[22m[39m[90m 127 |[39m       console[33m.[39mwarn([32m'ΓÜá∩╕Å  MEDIASTACK_API_KEY not set - Mediastack provider will not be available'[39m)[33m;[39m
     [90m     |[39m               [31m[1m^[22m[39m
     [90m 128 |[39m     }
     [90m 129 |[39m     
     [90m 130 |[39m     [36mif[39m (parsed[33m.[39m[33mBING_NEWS_KEY[39m) {[0m

      at validateEnv (src/utils/envValidation.ts:127:15)
      at getEnv (src/utils/envValidation.ts:149:10)
      at new BingWebClient (src/clients/bingWebClient.ts:65:23)
      at new GroundingService (src/services/groundingService.ts:80:28)
      at getGroundingService (src/services/groundingService.ts:1782:23)
      at setProviderCooldown (src/services/groundingService.ts:1813:19)
      at Object.<anonymous> (src/services/groundingService.cooldown.test.ts:24:24)

    console.warn
      ΓÜá∩╕Å  BING_NEWS_KEY not set - Bing News provider will not be available

    [0m [90m 131 |[39m       availableProviders[33m.[39mpush([32m'Bing News'[39m)[33m;[39m
     [90m 132 |[39m     } [36melse[39m {
    [31m[1m>[22m[39m[90m 133 |[39m       console[33m.[39mwarn([32m'ΓÜá∩╕Å  BING_NEWS_KEY not set - Bing News provider will not be available'[39m)[33m;[39m
     [90m     |[39m               [31m[1m^[22m[39m
     [90m 134 |[39m     }
     [90m 135 |[39m     
     [90m 136 |[39m     [90m// GDELT is always available (no API key required)[39m[0m

      at validateEnv (src/utils/envValidation.ts:133:15)
      at getEnv (src/utils/envValidation.ts:149:10)
      at new BingWebClient (src/clients/bingWebClient.ts:65:23)
      at new GroundingService (src/services/groundingService.ts:80:28)
      at getGroundingService (src/services/groundingService.ts:1782:23)
      at setProviderCooldown (src/services/groundingService.ts:1813:19)
      at Object.<anonymous> (src/services/groundingService.cooldown.test.ts:24:24)

    console.log
      Γ£ô Available news providers: GDELT

      at validateEnv (src/utils/envValidation.ts:139:13)

    console.log
      {"timestamp":"2026-03-13T19:15:35.609Z","level":"info","service":"fakenewsoff-backend","message":"Bing Web Search client not available (no API 
key)","event":"provider_init_skipped","provider":"bing_web","reason":"missing_api_key"}

      at Logger.log (src/utils/logger.ts:69:13)

    console.warn
      ΓÜá∩╕Å  MEDIASTACK_API_KEY not set - Mediastack provider will not be available

    [0m [90m 125 |[39m       availableProviders[33m.[39mpush([32m'Mediastack'[39m)[33m;[39m
     [90m 126 |[39m     } [36melse[39m {
    [31m[1m>[22m[39m[90m 127 |[39m       console[33m.[39mwarn([32m'ΓÜá∩╕Å  MEDIASTACK_API_KEY not set - Mediastack provider will not be available'[39m)[33m;[39m
     [90m     |[39m               [31m[1m^[22m[39m
     [90m 128 |[39m     }
     [90m 129 |[39m     
     [90m 130 |[39m     [36mif[39m (parsed[33m.[39m[33mBING_NEWS_KEY[39m) {[0m

      at validateEnv (src/utils/envValidation.ts:127:15)
      at getEnv (src/utils/envValidation.ts:149:10)
      at new MediastackClient (src/clients/mediastackClient.ts:66:23)
      at new GroundingService (src/services/groundingService.ts:97:31)
      at getGroundingService (src/services/groundingService.ts:1782:23)
      at setProviderCooldown (src/services/groundingService.ts:1813:19)
      at Object.<anonymous> (src/services/groundingService.cooldown.test.ts:24:24)

    console.warn
      ΓÜá∩╕Å  BING_NEWS_KEY not set - Bing News provider will not be available

    [0m [90m 131 |[39m       availableProviders[33m.[39mpush([32m'Bing News'[39m)[33m;[39m
     [90m 132 |[39m     } [36melse[39m {
    [31m[1m>[22m[39m[90m 133 |[39m       console[33m.[39mwarn([32m'ΓÜá∩╕Å  BING_NEWS_KEY not set - Bing News provider will not be available'[39m)[33m;[39m
     [90m     |[39m               [31m[1m^[22m[39m
     [90m 134 |[39m     }
     [90m 135 |[39m     
     [90m 136 |[39m     [90m// GDELT is always available (no API key required)[39m[0m

      at validateEnv (src/utils/envValidation.ts:133:15)
      at getEnv (src/utils/envValidation.ts:149:10)
      at new MediastackClient (src/clients/mediastackClient.ts:66:23)
      at new GroundingService (src/services/groundingService.ts:97:31)
      at getGroundingService (src/services/groundingService.ts:1782:23)
      at setProviderCooldown (src/services/groundingService.ts:1813:19)
      at Object.<anonymous> (src/services/groundingService.cooldown.test.ts:24:24)

    console.log
      Γ£ô Available news providers: GDELT

      at validateEnv (src/utils/envValidation.ts:139:13)

    console.log
      {"timestamp":"2026-03-13T19:15:35.616Z","level":"info","service":"fakenewsoff-backend","message":"Mediastack client not available (no API 
key)","event":"provider_init_skipped","provider":"mediastack","reason":"missing_api_key"}

      at Logger.log (src/utils/logger.ts:69:13)

    console.warn
      ΓÜá∩╕Å  MEDIASTACK_API_KEY not set - Mediastack provider will not be available

    [0m [90m 125 |[39m       availableProviders[33m.[39mpush([32m'Mediastack'[39m)[33m;[39m
     [90m 126 |[39m     } [36melse[39m {
    [31m[1m>[22m[39m[90m 127 |[39m       console[33m.[39mwarn([32m'ΓÜá∩╕Å  MEDIASTACK_API_KEY not set - Mediastack provider will not be available'[39m)[33m;[39m
     [90m     |[39m               [31m[1m^[22m[39m
     [90m 128 |[39m     }
     [90m 129 |[39m     
     [90m 130 |[39m     [36mif[39m (parsed[33m.[39m[33mBING_NEWS_KEY[39m) {[0m

      at validateEnv (src/utils/envValidation.ts:127:15)
      at getEnv (src/utils/envValidation.ts:149:10)
      at new GDELTClient (src/clients/gdeltClient.ts:36:23)
      at new GroundingService (src/services/groundingService.ts:113:24)
      at getGroundingService (src/services/groundingService.ts:1782:23)
      at setProviderCooldown (src/services/groundingService.ts:1813:19)
      at Object.<anonymous> (src/services/groundingService.cooldown.test.ts:24:24)

    console.warn
      ΓÜá∩╕Å  BING_NEWS_KEY not set - Bing News provider will not be available

    [0m [90m 131 |[39m       availableProviders[33m.[39mpush([32m'Bing News'[39m)[33m;[39m
     [90m 132 |[39m     } [36melse[39m {
    [31m[1m>[22m[39m[90m 133 |[39m       console[33m.[39mwarn([32m'ΓÜá∩╕Å  BING_NEWS_KEY not set - Bing News provider will not be available'[39m)[33m;[39m
     [90m     |[39m               [31m[1m^[22m[39m
     [90m 134 |[39m     }
     [90m 135 |[39m     
     [90m 136 |[39m     [90m// GDELT is always available (no API key required)[39m[0m

      at validateEnv (src/utils/envValidation.ts:133:15)
      at getEnv (src/utils/envValidation.ts:149:10)
      at new GDELTClient (src/clients/gdeltClient.ts:36:23)
      at new GroundingService (src/services/groundingService.ts:113:24)
      at getGroundingService (src/services/groundingService.ts:1782:23)
      at setProviderCooldown (src/services/groundingService.ts:1813:19)
      at Object.<anonymous> (src/services/groundingService.cooldown.test.ts:24:24)

    console.log
      Γ£ô Available news providers: GDELT

      at validateEnv (src/utils/envValidation.ts:139:13)

    console.log
      {"timestamp":"2026-03-13T19:15:35.622Z","level":"info","service":"fakenewsoff-backend","message":"GDELT client initialized","event":"provider_init_success","provider":"gdelt"}

      at Logger.log (src/utils/logger.ts:69:13)

    console.log
      {"timestamp":"2026-03-13T19:15:35.623Z","level":"info","service":"fakenewsoff-backend","message":"GroundingService initialization 
complete","event":"grounding_service_ready","enabled":true,"provider_order_configured":["bing","gdelt"],"providers_available":["gdelt"],"max_results":10}

      at Logger.log (src/utils/logger.ts:69:13)

    console.log
      {"timestamp":"2026-03-13T19:15:35.624Z","level":"info","service":"fakenewsoff-backend","message":"Provider cooldown 
set","event":"provider_cooldown_set","provider":"mediastack","reason":"rate_limit","duration_ms":300000,"until_timestamp":1773429635624}

      at Logger.log (src/utils/logger.ts:69:13)

    console.warn
      ΓÜá∩╕Å  MEDIASTACK_API_KEY not set - Mediastack provider will not be available

    [0m [90m 125 |[39m       availableProviders[33m.[39mpush([32m'Mediastack'[39m)[33m;[39m
     [90m 126 |[39m     } [36melse[39m {
    [31m[1m>[22m[39m[90m 127 |[39m       console[33m.[39mwarn([32m'ΓÜá∩╕Å  MEDIASTACK_API_KEY not set - Mediastack provider will not be available'[39m)[33m;[39m
     [90m     |[39m               [31m[1m^[22m[39m
     [90m 128 |[39m     }
     [90m 129 |[39m     
     [90m 130 |[39m     [36mif[39m (parsed[33m.[39m[33mBING_NEWS_KEY[39m) {[0m

      at validateEnv (src/utils/envValidation.ts:127:15)
      at getEnv (src/utils/envValidation.ts:149:10)
      at new GroundingService (src/services/groundingService.ts:44:23)
      at getGroundingService (src/services/groundingService.ts:1782:23)
      at getProviderCooldown (src/services/groundingService.ts:1801:19)
      at Object.<anonymous> (src/services/groundingService.cooldown.test.ts:36:41)

    console.warn
      ΓÜá∩╕Å  BING_NEWS_KEY not set - Bing News provider will not be available

    [0m [90m 131 |[39m       availableProviders[33m.[39mpush([32m'Bing News'[39m)[33m;[39m
     [90m 132 |[39m     } [36melse[39m {
    [31m[1m>[22m[39m[90m 133 |[39m       console[33m.[39mwarn([32m'ΓÜá∩╕Å  BING_NEWS_KEY not set - Bing News provider will not be available'[39m)[33m;[39m
     [90m     |[39m               [31m[1m^[22m[39m
     [90m 134 |[39m     }
     [90m 135 |[39m     
     [90m 136 |[39m     [90m// GDELT is always available (no API key required)[39m[0m

      at validateEnv (src/utils/envValidation.ts:133:15)
      at getEnv (src/utils/envValidation.ts:149:10)
      at new GroundingService (src/services/groundingService.ts:44:23)
      at getGroundingService (src/services/groundingService.ts:1782:23)
      at getProviderCooldown (src/services/groundingService.ts:1801:19)
      at Object.<anonymous> (src/services/groundingService.cooldown.test.ts:36:41)

    console.log
      Γ£ô Available news providers: GDELT

      at validateEnv (src/utils/envValidation.ts:139:13)

    console.log
      {"timestamp":"2026-03-13T19:15:35.630Z","level":"info","service":"fakenewsoff-backend","message":"Initializing 
GroundingService","event":"grounding_service_init","enabled":true,"provider_order_configured":["bing","gdelt"]}

      at Logger.log (src/utils/logger.ts:69:13)

    console.warn
      ΓÜá∩╕Å  MEDIASTACK_API_KEY not set - Mediastack provider will not be available

    [0m [90m 125 |[39m       availableProviders[33m.[39mpush([32m'Mediastack'[39m)[33m;[39m
     [90m 126 |[39m     } [36melse[39m {
    [31m[1m>[22m[39m[90m 127 |[39m       console[33m.[39mwarn([32m'ΓÜá∩╕Å  MEDIASTACK_API_KEY not set - Mediastack provider will not be available'[39m)[33m;[39m
     [90m     |[39m               [31m[1m^[22m[39m
     [90m 128 |[39m     }
     [90m 129 |[39m     
     [90m 130 |[39m     [36mif[39m (parsed[33m.[39m[33mBING_NEWS_KEY[39m) {[0m

      at validateEnv (src/utils/envValidation.ts:127:15)
      at getEnv (src/utils/envValidation.ts:149:10)
      at new BingNewsClient (src/clients/bingNewsClient.ts:37:23)
      at new GroundingService (src/services/groundingService.ts:63:25)
      at getGroundingService (src/services/groundingService.ts:1782:23)
      at getProviderCooldown (src/services/groundingService.ts:1801:19)
      at Object.<anonymous> (src/services/groundingService.cooldown.test.ts:36:41)

    console.warn
      ΓÜá∩╕Å  BING_NEWS_KEY not set - Bing News provider will not be available

    [0m [90m 131 |[39m       availableProviders[33m.[39mpush([32m'Bing News'[39m)[33m;[39m
     [90m 132 |[39m     } [36melse[39m {
    [31m[1m>[22m[39m[90m 133 |[39m       console[33m.[39mwarn([32m'ΓÜá∩╕Å  BING_NEWS_KEY not set - Bing News provider will not be available'[39m)[33m;[39m
     [90m     |[39m               [31m[1m^[22m[39m
     [90m 134 |[39m     }
     [90m 135 |[39m     
     [90m 136 |[39m     [90m// GDELT is always available (no API key required)[39m[0m

      at validateEnv (src/utils/envValidation.ts:133:15)
      at getEnv (src/utils/envValidation.ts:149:10)
      at new BingNewsClient (src/clients/bingNewsClient.ts:37:23)
      at new GroundingService (src/services/groundingService.ts:63:25)
      at getGroundingService (src/services/groundingService.ts:1782:23)
      at getProviderCooldown (src/services/groundingService.ts:1801:19)
      at Object.<anonymous> (src/services/groundingService.cooldown.test.ts:36:41)

    console.log
      Γ£ô Available news providers: GDELT

      at validateEnv (src/utils/envValidation.ts:139:13)

    console.log
      {"timestamp":"2026-03-13T19:15:35.632Z","level":"info","service":"fakenewsoff-backend","message":"Bing News client not available (no API 
key)","event":"provider_init_skipped","provider":"bing","reason":"missing_api_key"}

      at Logger.log (src/utils/logger.ts:69:13)

    console.warn
      ΓÜá∩╕Å  MEDIASTACK_API_KEY not set - Mediastack provider will not be available

    [0m [90m 125 |[39m       availableProviders[33m.[39mpush([32m'Mediastack'[39m)[33m;[39m
     [90m 126 |[39m     } [36melse[39m {
    [31m[1m>[22m[39m[90m 127 |[39m       console[33m.[39mwarn([32m'ΓÜá∩╕Å  MEDIASTACK_API_KEY not set - Mediastack provider will not be available'[39m)[33m;[39m
     [90m     |[39m               [31m[1m^[22m[39m
     [90m 128 |[39m     }
     [90m 129 |[39m     
     [90m 130 |[39m     [36mif[39m (parsed[33m.[39m[33mBING_NEWS_KEY[39m) {[0m

      at validateEnv (src/utils/envValidation.ts:127:15)
      at getEnv (src/utils/envValidation.ts:149:10)
      at new BingWebClient (src/clients/bingWebClient.ts:65:23)
      at new GroundingService (src/services/groundingService.ts:80:28)
      at getGroundingService (src/services/groundingService.ts:1782:23)
      at getProviderCooldown (src/services/groundingService.ts:1801:19)
      at Object.<anonymous> (src/services/groundingService.cooldown.test.ts:36:41)

    console.warn
      ΓÜá∩╕Å  BING_NEWS_KEY not set - Bing News provider will not be available

    [0m [90m 131 |[39m       availableProviders[33m.[39mpush([32m'Bing News'[39m)[33m;[39m
     [90m 132 |[39m     } [36melse[39m {
    [31m[1m>[22m[39m[90m 133 |[39m       console[33m.[39mwarn([32m'ΓÜá∩╕Å  BING_NEWS_KEY not set - Bing News provider will not be available'[39m)[33m;[39m
     [90m     |[39m               [31m[1m^[22m[39m
     [90m 134 |[39m     }
     [90m 135 |[39m     
     [90m 136 |[39m     [90m// GDELT is always available (no API key required)[39m[0m

      at validateEnv (src/utils/envValidation.ts:133:15)
      at getEnv (src/utils/envValidation.ts:149:10)
      at new BingWebClient (src/clients/bingWebClient.ts:65:23)
      at new GroundingService (src/services/groundingService.ts:80:28)
      at getGroundingService (src/services/groundingService.ts:1782:23)
      at getProviderCooldown (src/services/groundingService.ts:1801:19)
      at Object.<anonymous> (src/services/groundingService.cooldown.test.ts:36:41)

    console.log
      Γ£ô Available news providers: GDELT

      at validateEnv (src/utils/envValidation.ts:139:13)

    console.log
      {"timestamp":"2026-03-13T19:15:35.634Z","level":"info","service":"fakenewsoff-backend","message":"Bing Web Search client not available (no API 
key)","event":"provider_init_skipped","provider":"bing_web","reason":"missing_api_key"}

      at Logger.log (src/utils/logger.ts:69:13)

    console.warn
      ΓÜá∩╕Å  MEDIASTACK_API_KEY not set - Mediastack provider will not be available

    [0m [90m 125 |[39m       availableProviders[33m.[39mpush([32m'Mediastack'[39m)[33m;[39m
     [90m 126 |[39m     } [36melse[39m {
    [31m[1m>[22m[39m[90m 127 |[39m       console[33m.[39mwarn([32m'ΓÜá∩╕Å  MEDIASTACK_API_KEY not set - Mediastack provider will not be available'[39m)[33m;[39m
     [90m     |[39m               [31m[1m^[22m[39m
     [90m 128 |[39m     }
     [90m 129 |[39m     
     [90m 130 |[39m     [36mif[39m (parsed[33m.[39m[33mBING_NEWS_KEY[39m) {[0m

      at validateEnv (src/utils/envValidation.ts:127:15)
      at getEnv (src/utils/envValidation.ts:149:10)
      at new MediastackClient (src/clients/mediastackClient.ts:66:23)
      at new GroundingService (src/services/groundingService.ts:97:31)
      at getGroundingService (src/services/groundingService.ts:1782:23)
      at getProviderCooldown (src/services/groundingService.ts:1801:19)
      at Object.<anonymous> (src/services/groundingService.cooldown.test.ts:36:41)

    console.warn
      ΓÜá∩╕Å  BING_NEWS_KEY not set - Bing News provider will not be available

    [0m [90m 131 |[39m       availableProviders[33m.[39mpush([32m'Bing News'[39m)[33m;[39m
     [90m 132 |[39m     } [36melse[39m {
    [31m[1m>[22m[39m[90m 133 |[39m       console[33m.[39mwarn([32m'ΓÜá∩╕Å  BING_NEWS_KEY not set - Bing News provider will not be available'[39m)[33m;[39m
     [90m     |[39m               [31m[1m^[22m[39m
     [90m 134 |[39m     }
     [90m 135 |[39m     
     [90m 136 |[39m     [90m// GDELT is always available (no API key required)[39m[0m

      at validateEnv (src/utils/envValidation.ts:133:15)
      at getEnv (src/utils/envValidation.ts:149:10)
      at new MediastackClient (src/clients/mediastackClient.ts:66:23)
      at new GroundingService (src/services/groundingService.ts:97:31)
      at getGroundingService (src/services/groundingService.ts:1782:23)
      at getProviderCooldown (src/services/groundingService.ts:1801:19)
      at Object.<anonymous> (src/services/groundingService.cooldown.test.ts:36:41)

    console.log
      Γ£ô Available news providers: GDELT

      at validateEnv (src/utils/envValidation.ts:139:13)

    console.log
      {"timestamp":"2026-03-13T19:15:35.637Z","level":"info","service":"fakenewsoff-backend","message":"Mediastack client not available (no API 
key)","event":"provider_init_skipped","provider":"mediastack","reason":"missing_api_key"}

      at Logger.log (src/utils/logger.ts:69:13)

    console.warn
      ΓÜá∩╕Å  MEDIASTACK_API_KEY not set - Mediastack provider will not be available

    [0m [90m 125 |[39m       availableProviders[33m.[39mpush([32m'Mediastack'[39m)[33m;[39m
     [90m 126 |[39m     } [36melse[39m {
    [31m[1m>[22m[39m[90m 127 |[39m       console[33m.[39mwarn([32m'ΓÜá∩╕Å  MEDIASTACK_API_KEY not set - Mediastack provider will not be available'[39m)[33m;[39m
     [90m     |[39m               [31m[1m^[22m[39m
     [90m 128 |[39m     }
     [90m 129 |[39m     
     [90m 130 |[39m     [36mif[39m (parsed[33m.[39m[33mBING_NEWS_KEY[39m) {[0m

      at validateEnv (src/utils/envValidation.ts:127:15)
      at getEnv (src/utils/envValidation.ts:149:10)
      at new GDELTClient (src/clients/gdeltClient.ts:36:23)
      at new GroundingService (src/services/groundingService.ts:113:24)
      at getGroundingService (src/services/groundingService.ts:1782:23)
      at getProviderCooldown (src/services/groundingService.ts:1801:19)
      at Object.<anonymous> (src/services/groundingService.cooldown.test.ts:36:41)

    console.warn
      ΓÜá∩╕Å  BING_NEWS_KEY not set - Bing News provider will not be available

    [0m [90m 131 |[39m       availableProviders[33m.[39mpush([32m'Bing News'[39m)[33m;[39m
     [90m 132 |[39m     } [36melse[39m {
    [31m[1m>[22m[39m[90m 133 |[39m       console[33m.[39mwarn([32m'ΓÜá∩╕Å  BING_NEWS_KEY not set - Bing News provider will not be available'[39m)[33m;[39m
     [90m     |[39m               [31m[1m^[22m[39m
     [90m 134 |[39m     }
     [90m 135 |[39m     
     [90m 136 |[39m     [90m// GDELT is always available (no API key required)[39m[0m

      at validateEnv (src/utils/envValidation.ts:133:15)
      at getEnv (src/utils/envValidation.ts:149:10)
      at new GDELTClient (src/clients/gdeltClient.ts:36:23)
      at new GroundingService (src/services/groundingService.ts:113:24)
      at getGroundingService (src/services/groundingService.ts:1782:23)
      at getProviderCooldown (src/services/groundingService.ts:1801:19)
      at Object.<anonymous> (src/services/groundingService.cooldown.test.ts:36:41)

    console.log
      Γ£ô Available news providers: GDELT

      at validateEnv (src/utils/envValidation.ts:139:13)

    console.log
      {"timestamp":"2026-03-13T19:15:35.638Z","level":"info","service":"fakenewsoff-backend","message":"GDELT client initialized","event":"provider_init_success","provider":"gdelt"}

      at Logger.log (src/utils/logger.ts:69:13)

    console.log
      {"timestamp":"2026-03-13T19:15:35.639Z","level":"info","service":"fakenewsoff-backend","message":"GroundingService initialization 
complete","event":"grounding_service_ready","enabled":true,"provider_order_configured":["bing","gdelt"],"providers_available":["gdelt"],"max_results":10}

      at Logger.log (src/utils/logger.ts:69:13)

    console.warn
      ΓÜá∩╕Å  MEDIASTACK_API_KEY not set - Mediastack provider will not be available

    [0m [90m 125 |[39m       availableProviders[33m.[39mpush([32m'Mediastack'[39m)[33m;[39m
     [90m 126 |[39m     } [36melse[39m {
    [31m[1m>[22m[39m[90m 127 |[39m       console[33m.[39mwarn([32m'ΓÜá∩╕Å  MEDIASTACK_API_KEY not set - Mediastack provider will not be available'[39m)[33m;[39m
     [90m     |[39m               [31m[1m^[22m[39m
     [90m 128 |[39m     }
     [90m 129 |[39m     
     [90m 130 |[39m     [36mif[39m (parsed[33m.[39m[33mBING_NEWS_KEY[39m) {[0m

      at validateEnv (src/utils/envValidation.ts:127:15)
      at getEnv (src/utils/envValidation.ts:149:10)
      at new GroundingService (src/services/groundingService.ts:44:23)
      at getGroundingService (src/services/groundingService.ts:1782:23)
      at setProviderCooldown (src/services/groundingService.ts:1813:19)
      at Object.<anonymous> (src/services/groundingService.cooldown.test.ts:46:24)

    console.warn
      ΓÜá∩╕Å  BING_NEWS_KEY not set - Bing News provider will not be available

    [0m [90m 131 |[39m       availableProviders[33m.[39mpush([32m'Bing News'[39m)[33m;[39m
     [90m 132 |[39m     } [36melse[39m {
    [31m[1m>[22m[39m[90m 133 |[39m       console[33m.[39mwarn([32m'ΓÜá∩╕Å  BING_NEWS_KEY not set - Bing News provider will not be available'[39m)[33m;[39m
     [90m     |[39m               [31m[1m^[22m[39m
     [90m 134 |[39m     }
     [90m 135 |[39m     
     [90m 136 |[39m     [90m// GDELT is always available (no API key required)[39m[0m

      at validateEnv (src/utils/envValidation.ts:133:15)
      at getEnv (src/utils/envValidation.ts:149:10)
      at new GroundingService (src/services/groundingService.ts:44:23)
      at getGroundingService (src/services/groundingService.ts:1782:23)
      at setProviderCooldown (src/services/groundingService.ts:1813:19)
      at Object.<anonymous> (src/services/groundingService.cooldown.test.ts:46:24)

    console.log
      Γ£ô Available news providers: GDELT

      at validateEnv (src/utils/envValidation.ts:139:13)

    console.log
      {"timestamp":"2026-03-13T19:15:35.641Z","level":"info","service":"fakenewsoff-backend","message":"Initializing 
GroundingService","event":"grounding_service_init","enabled":true,"provider_order_configured":["bing","gdelt"]}

      at Logger.log (src/utils/logger.ts:69:13)

    console.warn
      ΓÜá∩╕Å  MEDIASTACK_API_KEY not set - Mediastack provider will not be available

    [0m [90m 125 |[39m       availableProviders[33m.[39mpush([32m'Mediastack'[39m)[33m;[39m
     [90m 126 |[39m     } [36melse[39m {
    [31m[1m>[22m[39m[90m 127 |[39m       console[33m.[39mwarn([32m'ΓÜá∩╕Å  MEDIASTACK_API_KEY not set - Mediastack provider will not be available'[39m)[33m;[39m
     [90m     |[39m               [31m[1m^[22m[39m
     [90m 128 |[39m     }
     [90m 129 |[39m     
     [90m 130 |[39m     [36mif[39m (parsed[33m.[39m[33mBING_NEWS_KEY[39m) {[0m

      at validateEnv (src/utils/envValidation.ts:127:15)
      at getEnv (src/utils/envValidation.ts:149:10)
      at new BingNewsClient (src/clients/bingNewsClient.ts:37:23)
      at new GroundingService (src/services/groundingService.ts:63:25)
      at getGroundingService (src/services/groundingService.ts:1782:23)
      at setProviderCooldown (src/services/groundingService.ts:1813:19)
      at Object.<anonymous> (src/services/groundingService.cooldown.test.ts:46:24)

    console.warn
      ΓÜá∩╕Å  BING_NEWS_KEY not set - Bing News provider will not be available

    [0m [90m 131 |[39m       availableProviders[33m.[39mpush([32m'Bing News'[39m)[33m;[39m
     [90m 132 |[39m     } [36melse[39m {
    [31m[1m>[22m[39m[90m 133 |[39m       console[33m.[39mwarn([32m'ΓÜá∩╕Å  BING_NEWS_KEY not set - Bing News provider will not be available'[39m)[33m;[39m
     [90m     |[39m               [31m[1m^[22m[39m
     [90m 134 |[39m     }
     [90m 135 |[39m     
     [90m 136 |[39m     [90m// GDELT is always available (no API key required)[39m[0m

      at validateEnv (src/utils/envValidation.ts:133:15)
      at getEnv (src/utils/envValidation.ts:149:10)
      at new BingNewsClient (src/clients/bingNewsClient.ts:37:23)
      at new GroundingService (src/services/groundingService.ts:63:25)
      at getGroundingService (src/services/groundingService.ts:1782:23)
      at setProviderCooldown (src/services/groundingService.ts:1813:19)
      at Object.<anonymous> (src/services/groundingService.cooldown.test.ts:46:24)

    console.log
      Γ£ô Available news providers: GDELT

      at validateEnv (src/utils/envValidation.ts:139:13)

    console.log
      {"timestamp":"2026-03-13T19:15:35.643Z","level":"info","service":"fakenewsoff-backend","message":"Bing News client not available (no API 
key)","event":"provider_init_skipped","provider":"bing","reason":"missing_api_key"}

      at Logger.log (src/utils/logger.ts:69:13)

    console.warn
      ΓÜá∩╕Å  MEDIASTACK_API_KEY not set - Mediastack provider will not be available

    [0m [90m 125 |[39m       availableProviders[33m.[39mpush([32m'Mediastack'[39m)[33m;[39m
     [90m 126 |[39m     } [36melse[39m {
    [31m[1m>[22m[39m[90m 127 |[39m       console[33m.[39mwarn([32m'ΓÜá∩╕Å  MEDIASTACK_API_KEY not set - Mediastack provider will not be available'[39m)[33m;[39m
     [90m     |[39m               [31m[1m^[22m[39m
     [90m 128 |[39m     }
     [90m 129 |[39m     
     [90m 130 |[39m     [36mif[39m (parsed[33m.[39m[33mBING_NEWS_KEY[39m) {[0m

      at validateEnv (src/utils/envValidation.ts:127:15)
      at getEnv (src/utils/envValidation.ts:149:10)
      at new BingWebClient (src/clients/bingWebClient.ts:65:23)
      at new GroundingService (src/services/groundingService.ts:80:28)
      at getGroundingService (src/services/groundingService.ts:1782:23)
      at setProviderCooldown (src/services/groundingService.ts:1813:19)
      at Object.<anonymous> (src/services/groundingService.cooldown.test.ts:46:24)

    console.warn
      ΓÜá∩╕Å  BING_NEWS_KEY not set - Bing News provider will not be available

    [0m [90m 131 |[39m       availableProviders[33m.[39mpush([32m'Bing News'[39m)[33m;[39m
     [90m 132 |[39m     } [36melse[39m {
    [31m[1m>[22m[39m[90m 133 |[39m       console[33m.[39mwarn([32m'ΓÜá∩╕Å  BING_NEWS_KEY not set - Bing News provider will not be available'[39m)[33m;[39m
     [90m     |[39m               [31m[1m^[22m[39m
     [90m 134 |[39m     }
     [90m 135 |[39m     
     [90m 136 |[39m     [90m// GDELT is always available (no API key required)[39m[0m

      at validateEnv (src/utils/envValidation.ts:133:15)
      at getEnv (src/utils/envValidation.ts:149:10)
      at new BingWebClient (src/clients/bingWebClient.ts:65:23)
      at new GroundingService (src/services/groundingService.ts:80:28)
      at getGroundingService (src/services/groundingService.ts:1782:23)
      at setProviderCooldown (src/services/groundingService.ts:1813:19)
      at Object.<anonymous> (src/services/groundingService.cooldown.test.ts:46:24)

    console.log
      Γ£ô Available news providers: GDELT

      at validateEnv (src/utils/envValidation.ts:139:13)

    console.log
      {"timestamp":"2026-03-13T19:15:35.646Z","level":"info","service":"fakenewsoff-backend","message":"Bing Web Search client not available (no API 
key)","event":"provider_init_skipped","provider":"bing_web","reason":"missing_api_key"}

      at Logger.log (src/utils/logger.ts:69:13)

    console.warn
      ΓÜá∩╕Å  MEDIASTACK_API_KEY not set - Mediastack provider will not be available

    [0m [90m 125 |[39m       availableProviders[33m.[39mpush([32m'Mediastack'[39m)[33m;[39m
     [90m 126 |[39m     } [36melse[39m {
    [31m[1m>[22m[39m[90m 127 |[39m       console[33m.[39mwarn([32m'ΓÜá∩╕Å  MEDIASTACK_API_KEY not set - Mediastack provider will not be available'[39m)[33m;[39m
     [90m     |[39m               [31m[1m^[22m[39m
     [90m 128 |[39m     }
     [90m 129 |[39m     
     [90m 130 |[39m     [36mif[39m (parsed[33m.[39m[33mBING_NEWS_KEY[39m) {[0m

      at validateEnv (src/utils/envValidation.ts:127:15)
      at getEnv (src/utils/envValidation.ts:149:10)
      at new MediastackClient (src/clients/mediastackClient.ts:66:23)
      at new GroundingService (src/services/groundingService.ts:97:31)
      at getGroundingService (src/services/groundingService.ts:1782:23)
      at setProviderCooldown (src/services/groundingService.ts:1813:19)
      at Object.<anonymous> (src/services/groundingService.cooldown.test.ts:46:24)

    console.warn
      ΓÜá∩╕Å  BING_NEWS_KEY not set - Bing News provider will not be available

    [0m [90m 131 |[39m       availableProviders[33m.[39mpush([32m'Bing News'[39m)[33m;[39m
     [90m 132 |[39m     } [36melse[39m {
    [31m[1m>[22m[39m[90m 133 |[39m       console[33m.[39mwarn([32m'ΓÜá∩╕Å  BING_NEWS_KEY not set - Bing News provider will not be available'[39m)[33m;[39m
     [90m     |[39m               [31m[1m^[22m[39m
     [90m 134 |[39m     }
     [90m 135 |[39m     
     [90m 136 |[39m     [90m// GDELT is always available (no API key required)[39m[0m

      at validateEnv (src/utils/envValidation.ts:133:15)
      at getEnv (src/utils/envValidation.ts:149:10)
      at new MediastackClient (src/clients/mediastackClient.ts:66:23)
      at new GroundingService (src/services/groundingService.ts:97:31)
      at getGroundingService (src/services/groundingService.ts:1782:23)
      at setProviderCooldown (src/services/groundingService.ts:1813:19)
      at Object.<anonymous> (src/services/groundingService.cooldown.test.ts:46:24)

    console.log
      Γ£ô Available news providers: GDELT

      at validateEnv (src/utils/envValidation.ts:139:13)

    console.log
      {"timestamp":"2026-03-13T19:15:35.648Z","level":"info","service":"fakenewsoff-backend","message":"Mediastack client not available (no API 
key)","event":"provider_init_skipped","provider":"mediastack","reason":"missing_api_key"}

      at Logger.log (src/utils/logger.ts:69:13)

    console.warn
      ΓÜá∩╕Å  MEDIASTACK_API_KEY not set - Mediastack provider will not be available

    [0m [90m 125 |[39m       availableProviders[33m.[39mpush([32m'Mediastack'[39m)[33m;[39m
     [90m 126 |[39m     } [36melse[39m {
    [31m[1m>[22m[39m[90m 127 |[39m       console[33m.[39mwarn([32m'ΓÜá∩╕Å  MEDIASTACK_API_KEY not set - Mediastack provider will not be available'[39m)[33m;[39m
     [90m     |[39m               [31m[1m^[22m[39m
     [90m 128 |[39m     }
     [90m 129 |[39m     
     [90m 130 |[39m     [36mif[39m (parsed[33m.[39m[33mBING_NEWS_KEY[39m) {[0m

      at validateEnv (src/utils/envValidation.ts:127:15)
      at getEnv (src/utils/envValidation.ts:149:10)
      at new GDELTClient (src/clients/gdeltClient.ts:36:23)
      at new GroundingService (src/services/groundingService.ts:113:24)
      at getGroundingService (src/services/groundingService.ts:1782:23)
      at setProviderCooldown (src/services/groundingService.ts:1813:19)
      at Object.<anonymous> (src/services/groundingService.cooldown.test.ts:46:24)

    console.warn
      ΓÜá∩╕Å  BING_NEWS_KEY not set - Bing News provider will not be available

    [0m [90m 131 |[39m       availableProviders[33m.[39mpush([32m'Bing News'[39m)[33m;[39m
     [90m 132 |[39m     } [36melse[39m {
    [31m[1m>[22m[39m[90m 133 |[39m       console[33m.[39mwarn([32m'ΓÜá∩╕Å  BING_NEWS_KEY not set - Bing News provider will not be available'[39m)[33m;[39m
     [90m     |[39m               [31m[1m^[22m[39m
     [90m 134 |[39m     }
     [90m 135 |[39m     
     [90m 136 |[39m     [90m// GDELT is always available (no API key required)[39m[0m

      at validateEnv (src/utils/envValidation.ts:133:15)
      at getEnv (src/utils/envValidation.ts:149:10)
      at new GDELTClient (src/clients/gdeltClient.ts:36:23)
      at new GroundingService (src/services/groundingService.ts:113:24)
      at getGroundingService (src/services/groundingService.ts:1782:23)
      at setProviderCooldown (src/services/groundingService.ts:1813:19)
      at Object.<anonymous> (src/services/groundingService.cooldown.test.ts:46:24)

    console.log
      Γ£ô Available news providers: GDELT

      at validateEnv (src/utils/envValidation.ts:139:13)

    console.log
      {"timestamp":"2026-03-13T19:15:35.650Z","level":"info","service":"fakenewsoff-backend","message":"GDELT client initialized","event":"provider_init_success","provider":"gdelt"}

      at Logger.log (src/utils/logger.ts:69:13)

    console.log
      {"timestamp":"2026-03-13T19:15:35.650Z","level":"info","service":"fakenewsoff-backend","message":"GroundingService initialization 
complete","event":"grounding_service_ready","enabled":true,"provider_order_configured":["bing","gdelt"],"providers_available":["gdelt"],"max_results":10}

      at Logger.log (src/utils/logger.ts:69:13)

    console.log
      {"timestamp":"2026-03-13T19:15:35.650Z","level":"info","service":"fakenewsoff-backend","message":"Provider cooldown 
set","event":"provider_cooldown_set","provider":"gdelt","reason":"quota_exceeded","duration_ms":100,"until_timestamp":1773429335750}

      at Logger.log (src/utils/logger.ts:69:13)

    console.warn
      ΓÜá∩╕Å  MEDIASTACK_API_KEY not set - Mediastack provider will not be available

    [0m [90m 125 |[39m       availableProviders[33m.[39mpush([32m'Mediastack'[39m)[33m;[39m
     [90m 126 |[39m     } [36melse[39m {
    [31m[1m>[22m[39m[90m 127 |[39m       console[33m.[39mwarn([32m'ΓÜá∩╕Å  MEDIASTACK_API_KEY not set - Mediastack provider will not be available'[39m)[33m;[39m
     [90m     |[39m               [31m[1m^[22m[39m
     [90m 128 |[39m     }
     [90m 129 |[39m     
     [90m 130 |[39m     [36mif[39m (parsed[33m.[39m[33mBING_NEWS_KEY[39m) {[0m

      at validateEnv (src/utils/envValidation.ts:127:15)
      at getEnv (src/utils/envValidation.ts:149:10)
      at new GroundingService (src/services/groundingService.ts:44:23)
      at getGroundingService (src/services/groundingService.ts:1782:23)
      at setProviderCooldown (src/services/groundingService.ts:1813:19)
      at Object.<anonymous> (src/services/groundingService.cooldown.test.ts:63:24)

    console.warn
      ΓÜá∩╕Å  BING_NEWS_KEY not set - Bing News provider will not be available

    [0m [90m 131 |[39m       availableProviders[33m.[39mpush([32m'Bing News'[39m)[33m;[39m
     [90m 132 |[39m     } [36melse[39m {
    [31m[1m>[22m[39m[90m 133 |[39m       console[33m.[39mwarn([32m'ΓÜá∩╕Å  BING_NEWS_KEY not set - Bing News provider will not be available'[39m)[33m;[39m
     [90m     |[39m               [31m[1m^[22m[39m
     [90m 134 |[39m     }
     [90m 135 |[39m     
     [90m 136 |[39m     [90m// GDELT is always available (no API key required)[39m[0m

      at validateEnv (src/utils/envValidation.ts:133:15)
      at getEnv (src/utils/envValidation.ts:149:10)
      at new GroundingService (src/services/groundingService.ts:44:23)
      at getGroundingService (src/services/groundingService.ts:1782:23)
      at setProviderCooldown (src/services/groundingService.ts:1813:19)
      at Object.<anonymous> (src/services/groundingService.cooldown.test.ts:63:24)

    console.log
      Γ£ô Available news providers: GDELT

      at validateEnv (src/utils/envValidation.ts:139:13)

    console.log
      {"timestamp":"2026-03-13T19:15:35.803Z","level":"info","service":"fakenewsoff-backend","message":"Initializing 
GroundingService","event":"grounding_service_init","enabled":true,"provider_order_configured":["bing","gdelt"]}

      at Logger.log (src/utils/logger.ts:69:13)

    console.warn
      ΓÜá∩╕Å  MEDIASTACK_API_KEY not set - Mediastack provider will not be available

    [0m [90m 125 |[39m       availableProviders[33m.[39mpush([32m'Mediastack'[39m)[33m;[39m
     [90m 126 |[39m     } [36melse[39m {
    [31m[1m>[22m[39m[90m 127 |[39m       console[33m.[39mwarn([32m'ΓÜá∩╕Å  MEDIASTACK_API_KEY not set - Mediastack provider will not be available'[39m)[33m;[39m
     [90m     |[39m               [31m[1m^[22m[39m
     [90m 128 |[39m     }
     [90m 129 |[39m     
     [90m 130 |[39m     [36mif[39m (parsed[33m.[39m[33mBING_NEWS_KEY[39m) {[0m

      at validateEnv (src/utils/envValidation.ts:127:15)
      at getEnv (src/utils/envValidation.ts:149:10)
      at new BingNewsClient (src/clients/bingNewsClient.ts:37:23)
      at new GroundingService (src/services/groundingService.ts:63:25)
      at getGroundingService (src/services/groundingService.ts:1782:23)
      at setProviderCooldown (src/services/groundingService.ts:1813:19)
      at Object.<anonymous> (src/services/groundingService.cooldown.test.ts:63:24)

    console.warn
      ΓÜá∩╕Å  BING_NEWS_KEY not set - Bing News provider will not be available

    [0m [90m 131 |[39m       availableProviders[33m.[39mpush([32m'Bing News'[39m)[33m;[39m
     [90m 132 |[39m     } [36melse[39m {
    [31m[1m>[22m[39m[90m 133 |[39m       console[33m.[39mwarn([32m'ΓÜá∩╕Å  BING_NEWS_KEY not set - Bing News provider will not be available'[39m)[33m;[39m
     [90m     |[39m               [31m[1m^[22m[39m
     [90m 134 |[39m     }
     [90m 135 |[39m     
     [90m 136 |[39m     [90m// GDELT is always available (no API key required)[39m[0m

      at validateEnv (src/utils/envValidation.ts:133:15)
      at getEnv (src/utils/envValidation.ts:149:10)
      at new BingNewsClient (src/clients/bingNewsClient.ts:37:23)
      at new GroundingService (src/services/groundingService.ts:63:25)
      at getGroundingService (src/services/groundingService.ts:1782:23)
      at setProviderCooldown (src/services/groundingService.ts:1813:19)
      at Object.<anonymous> (src/services/groundingService.cooldown.test.ts:63:24)

    console.log
      Γ£ô Available news providers: GDELT

      at validateEnv (src/utils/envValidation.ts:139:13)

    console.log
      {"timestamp":"2026-03-13T19:15:35.805Z","level":"info","service":"fakenewsoff-backend","message":"Bing News client not available (no API 
key)","event":"provider_init_skipped","provider":"bing","reason":"missing_api_key"}

      at Logger.log (src/utils/logger.ts:69:13)

    console.warn
      ΓÜá∩╕Å  MEDIASTACK_API_KEY not set - Mediastack provider will not be available

    [0m [90m 125 |[39m       availableProviders[33m.[39mpush([32m'Mediastack'[39m)[33m;[39m
     [90m 126 |[39m     } [36melse[39m {
    [31m[1m>[22m[39m[90m 127 |[39m       console[33m.[39mwarn([32m'ΓÜá∩╕Å  MEDIASTACK_API_KEY not set - Mediastack provider will not be available'[39m)[33m;[39m
     [90m     |[39m               [31m[1m^[22m[39m
     [90m 128 |[39m     }
     [90m 129 |[39m     
     [90m 130 |[39m     [36mif[39m (parsed[33m.[39m[33mBING_NEWS_KEY[39m) {[0m

      at validateEnv (src/utils/envValidation.ts:127:15)
      at getEnv (src/utils/envValidation.ts:149:10)
      at new BingWebClient (src/clients/bingWebClient.ts:65:23)
      at new GroundingService (src/services/groundingService.ts:80:28)
      at getGroundingService (src/services/groundingService.ts:1782:23)
      at setProviderCooldown (src/services/groundingService.ts:1813:19)
      at Object.<anonymous> (src/services/groundingService.cooldown.test.ts:63:24)

    console.warn
      ΓÜá∩╕Å  BING_NEWS_KEY not set - Bing News provider will not be available

    [0m [90m 131 |[39m       availableProviders[33m.[39mpush([32m'Bing News'[39m)[33m;[39m
     [90m 132 |[39m     } [36melse[39m {
    [31m[1m>[22m[39m[90m 133 |[39m       console[33m.[39mwarn([32m'ΓÜá∩╕Å  BING_NEWS_KEY not set - Bing News provider will not be available'[39m)[33m;[39m
     [90m     |[39m               [31m[1m^[22m[39m
     [90m 134 |[39m     }
     [90m 135 |[39m     
     [90m 136 |[39m     [90m// GDELT is always available (no API key required)[39m[0m

      at validateEnv (src/utils/envValidation.ts:133:15)
      at getEnv (src/utils/envValidation.ts:149:10)
      at new BingWebClient (src/clients/bingWebClient.ts:65:23)
      at new GroundingService (src/services/groundingService.ts:80:28)
      at getGroundingService (src/services/groundingService.ts:1782:23)
      at setProviderCooldown (src/services/groundingService.ts:1813:19)
      at Object.<anonymous> (src/services/groundingService.cooldown.test.ts:63:24)

    console.log
      Γ£ô Available news providers: GDELT

      at validateEnv (src/utils/envValidation.ts:139:13)

    console.log
      {"timestamp":"2026-03-13T19:15:35.806Z","level":"info","service":"fakenewsoff-backend","message":"Bing Web Search client not available (no API 
key)","event":"provider_init_skipped","provider":"bing_web","reason":"missing_api_key"}

      at Logger.log (src/utils/logger.ts:69:13)

    console.warn
      ΓÜá∩╕Å  MEDIASTACK_API_KEY not set - Mediastack provider will not be available

    [0m [90m 125 |[39m       availableProviders[33m.[39mpush([32m'Mediastack'[39m)[33m;[39m
     [90m 126 |[39m     } [36melse[39m {
    [31m[1m>[22m[39m[90m 127 |[39m       console[33m.[39mwarn([32m'ΓÜá∩╕Å  MEDIASTACK_API_KEY not set - Mediastack provider will not be available'[39m)[33m;[39m
     [90m     |[39m               [31m[1m^[22m[39m
     [90m 128 |[39m     }
     [90m 129 |[39m     
     [90m 130 |[39m     [36mif[39m (parsed[33m.[39m[33mBING_NEWS_KEY[39m) {[0m

      at validateEnv (src/utils/envValidation.ts:127:15)
      at getEnv (src/utils/envValidation.ts:149:10)
      at new MediastackClient (src/clients/mediastackClient.ts:66:23)
      at new GroundingService (src/services/groundingService.ts:97:31)
      at getGroundingService (src/services/groundingService.ts:1782:23)
      at setProviderCooldown (src/services/groundingService.ts:1813:19)
      at Object.<anonymous> (src/services/groundingService.cooldown.test.ts:63:24)

    console.warn
      ΓÜá∩╕Å  BING_NEWS_KEY not set - Bing News provider will not be available

    [0m [90m 131 |[39m       availableProviders[33m.[39mpush([32m'Bing News'[39m)[33m;[39m
     [90m 132 |[39m     } [36melse[39m {
    [31m[1m>[22m[39m[90m 133 |[39m       console[33m.[39mwarn([32m'ΓÜá∩╕Å  BING_NEWS_KEY not set - Bing News provider will not be available'[39m)[33m;[39m
     [90m     |[39m               [31m[1m^[22m[39m
     [90m 134 |[39m     }
     [90m 135 |[39m     
     [90m 136 |[39m     [90m// GDELT is always available (no API key required)[39m[0m

      at validateEnv (src/utils/envValidation.ts:133:15)
      at getEnv (src/utils/envValidation.ts:149:10)
      at new MediastackClient (src/clients/mediastackClient.ts:66:23)
      at new GroundingService (src/services/groundingService.ts:97:31)
      at getGroundingService (src/services/groundingService.ts:1782:23)
      at setProviderCooldown (src/services/groundingService.ts:1813:19)
      at Object.<anonymous> (src/services/groundingService.cooldown.test.ts:63:24)

    console.log
      Γ£ô Available news providers: GDELT

      at validateEnv (src/utils/envValidation.ts:139:13)

    console.log
      {"timestamp":"2026-03-13T19:15:35.808Z","level":"info","service":"fakenewsoff-backend","message":"Mediastack client not available (no API 
key)","event":"provider_init_skipped","provider":"mediastack","reason":"missing_api_key"}

      at Logger.log (src/utils/logger.ts:69:13)

    console.warn
      ΓÜá∩╕Å  MEDIASTACK_API_KEY not set - Mediastack provider will not be available

    [0m [90m 125 |[39m       availableProviders[33m.[39mpush([32m'Mediastack'[39m)[33m;[39m
     [90m 126 |[39m     } [36melse[39m {
    [31m[1m>[22m[39m[90m 127 |[39m       console[33m.[39mwarn([32m'ΓÜá∩╕Å  MEDIASTACK_API_KEY not set - Mediastack provider will not be available'[39m)[33m;[39m
     [90m     |[39m               [31m[1m^[22m[39m
     [90m 128 |[39m     }
     [90m 129 |[39m     
     [90m 130 |[39m     [36mif[39m (parsed[33m.[39m[33mBING_NEWS_KEY[39m) {[0m

      at validateEnv (src/utils/envValidation.ts:127:15)
      at getEnv (src/utils/envValidation.ts:149:10)
      at new GDELTClient (src/clients/gdeltClient.ts:36:23)
      at new GroundingService (src/services/groundingService.ts:113:24)
      at getGroundingService (src/services/groundingService.ts:1782:23)
      at setProviderCooldown (src/services/groundingService.ts:1813:19)
      at Object.<anonymous> (src/services/groundingService.cooldown.test.ts:63:24)

    console.warn
      ΓÜá∩╕Å  BING_NEWS_KEY not set - Bing News provider will not be available

    [0m [90m 131 |[39m       availableProviders[33m.[39mpush([32m'Bing News'[39m)[33m;[39m
     [90m 132 |[39m     } [36melse[39m {
    [31m[1m>[22m[39m[90m 133 |[39m       console[33m.[39mwarn([32m'ΓÜá∩╕Å  BING_NEWS_KEY not set - Bing News provider will not be available'[39m)[33m;[39m
     [90m     |[39m               [31m[1m^[22m[39m
     [90m 134 |[39m     }
     [90m 135 |[39m     
     [90m 136 |[39m     [90m// GDELT is always available (no API key required)[39m[0m

      at validateEnv (src/utils/envValidation.ts:133:15)
      at getEnv (src/utils/envValidation.ts:149:10)
      at new GDELTClient (src/clients/gdeltClient.ts:36:23)
      at new GroundingService (src/services/groundingService.ts:113:24)
      at getGroundingService (src/services/groundingService.ts:1782:23)
      at setProviderCooldown (src/services/groundingService.ts:1813:19)
      at Object.<anonymous> (src/services/groundingService.cooldown.test.ts:63:24)

    console.log
      Γ£ô Available news providers: GDELT

      at validateEnv (src/utils/envValidation.ts:139:13)

    console.log
      {"timestamp":"2026-03-13T19:15:35.809Z","level":"info","service":"fakenewsoff-backend","message":"GDELT client initialized","event":"provider_init_success","provider":"gdelt"}

      at Logger.log (src/utils/logger.ts:69:13)

    console.log
      {"timestamp":"2026-03-13T19:15:35.810Z","level":"info","service":"fakenewsoff-backend","message":"GroundingService initialization 
complete","event":"grounding_service_ready","enabled":true,"provider_order_configured":["bing","gdelt"],"providers_available":["gdelt"],"max_results":10}

      at Logger.log (src/utils/logger.ts:69:13)

    console.log
      {"timestamp":"2026-03-13T19:15:35.810Z","level":"info","service":"fakenewsoff-backend","message":"Provider cooldown 
set","event":"provider_cooldown_set","provider":"mediastack","reason":"rate_limit","duration_ms":300000,"until_timestamp":1773429635810}

      at Logger.log (src/utils/logger.ts:69:13)

    console.log
      {"timestamp":"2026-03-13T19:15:35.810Z","level":"info","service":"fakenewsoff-backend","message":"Provider cooldown 
set","event":"provider_cooldown_set","provider":"bing","reason":"throttled","duration_ms":120000,"until_timestamp":1773429455810}

      at Logger.log (src/utils/logger.ts:69:13)

    console.log
      {"timestamp":"2026-03-13T19:15:35.810Z","level":"info","service":"fakenewsoff-backend","message":"Provider cooldown 
set","event":"provider_cooldown_set","provider":"gdelt","reason":"quota_exceeded","duration_ms":180000,"until_timestamp":1773429515810}

      at Logger.log (src/utils/logger.ts:69:13)

    console.warn
      ΓÜá∩╕Å  MEDIASTACK_API_KEY not set - Mediastack provider will not be available

    [0m [90m 125 |[39m       availableProviders[33m.[39mpush([32m'Mediastack'[39m)[33m;[39m
     [90m 126 |[39m     } [36melse[39m {
    [31m[1m>[22m[39m[90m 127 |[39m       console[33m.[39mwarn([32m'ΓÜá∩╕Å  MEDIASTACK_API_KEY not set - Mediastack provider will not be available'[39m)[33m;[39m
     [90m     |[39m               [31m[1m^[22m[39m
     [90m 128 |[39m     }
     [90m 129 |[39m     
     [90m 130 |[39m     [36mif[39m (parsed[33m.[39m[33mBING_NEWS_KEY[39m) {[0m

      at validateEnv (src/utils/envValidation.ts:127:15)
      at getEnv (src/utils/envValidation.ts:149:10)
      at new GroundingService (src/services/groundingService.ts:44:23)
      at getGroundingService (src/services/groundingService.ts:1782:23)
      at setProviderCooldown (src/services/groundingService.ts:1813:19)
      at Object.<anonymous> (src/services/groundingService.cooldown.test.ts:81:24)

    console.warn
      ΓÜá∩╕Å  BING_NEWS_KEY not set - Bing News provider will not be available

    [0m [90m 131 |[39m       availableProviders[33m.[39mpush([32m'Bing News'[39m)[33m;[39m
     [90m 132 |[39m     } [36melse[39m {
    [31m[1m>[22m[39m[90m 133 |[39m       console[33m.[39mwarn([32m'ΓÜá∩╕Å  BING_NEWS_KEY not set - Bing News provider will not be available'[39m)[33m;[39m
     [90m     |[39m               [31m[1m^[22m[39m
     [90m 134 |[39m     }
     [90m 135 |[39m     
     [90m 136 |[39m     [90m// GDELT is always available (no API key required)[39m[0m

      at validateEnv (src/utils/envValidation.ts:133:15)
      at getEnv (src/utils/envValidation.ts:149:10)
      at new GroundingService (src/services/groundingService.ts:44:23)
      at getGroundingService (src/services/groundingService.ts:1782:23)
      at setProviderCooldown (src/services/groundingService.ts:1813:19)
      at Object.<anonymous> (src/services/groundingService.cooldown.test.ts:81:24)

    console.log
      Γ£ô Available news providers: GDELT

      at validateEnv (src/utils/envValidation.ts:139:13)

    console.log
      {"timestamp":"2026-03-13T19:15:35.813Z","level":"info","service":"fakenewsoff-backend","message":"Initializing 
GroundingService","event":"grounding_service_init","enabled":true,"provider_order_configured":["bing","gdelt"]}

      at Logger.log (src/utils/logger.ts:69:13)

    console.warn
      ΓÜá∩╕Å  MEDIASTACK_API_KEY not set - Mediastack provider will not be available

    [0m [90m 125 |[39m       availableProviders[33m.[39mpush([32m'Mediastack'[39m)[33m;[39m
     [90m 126 |[39m     } [36melse[39m {
    [31m[1m>[22m[39m[90m 127 |[39m       console[33m.[39mwarn([32m'ΓÜá∩╕Å  MEDIASTACK_API_KEY not set - Mediastack provider will not be available'[39m)[33m;[39m
     [90m     |[39m               [31m[1m^[22m[39m
     [90m 128 |[39m     }
     [90m 129 |[39m     
     [90m 130 |[39m     [36mif[39m (parsed[33m.[39m[33mBING_NEWS_KEY[39m) {[0m

      at validateEnv (src/utils/envValidation.ts:127:15)
      at getEnv (src/utils/envValidation.ts:149:10)
      at new BingNewsClient (src/clients/bingNewsClient.ts:37:23)
      at new GroundingService (src/services/groundingService.ts:63:25)
      at getGroundingService (src/services/groundingService.ts:1782:23)
      at setProviderCooldown (src/services/groundingService.ts:1813:19)
      at Object.<anonymous> (src/services/groundingService.cooldown.test.ts:81:24)

    console.warn
      ΓÜá∩╕Å  BING_NEWS_KEY not set - Bing News provider will not be available

    [0m [90m 131 |[39m       availableProviders[33m.[39mpush([32m'Bing News'[39m)[33m;[39m
     [90m 132 |[39m     } [36melse[39m {
    [31m[1m>[22m[39m[90m 133 |[39m       console[33m.[39mwarn([32m'ΓÜá∩╕Å  BING_NEWS_KEY not set - Bing News provider will not be available'[39m)[33m;[39m
     [90m     |[39m               [31m[1m^[22m[39m
     [90m 134 |[39m     }
     [90m 135 |[39m     
     [90m 136 |[39m     [90m// GDELT is always available (no API key required)[39m[0m

      at validateEnv (src/utils/envValidation.ts:133:15)
      at getEnv (src/utils/envValidation.ts:149:10)
      at new BingNewsClient (src/clients/bingNewsClient.ts:37:23)
      at new GroundingService (src/services/groundingService.ts:63:25)
      at getGroundingService (src/services/groundingService.ts:1782:23)
      at setProviderCooldown (src/services/groundingService.ts:1813:19)
      at Object.<anonymous> (src/services/groundingService.cooldown.test.ts:81:24)

    console.log
      Γ£ô Available news providers: GDELT

      at validateEnv (src/utils/envValidation.ts:139:13)

    console.log
      {"timestamp":"2026-03-13T19:15:35.815Z","level":"info","service":"fakenewsoff-backend","message":"Bing News client not available (no API 
key)","event":"provider_init_skipped","provider":"bing","reason":"missing_api_key"}

      at Logger.log (src/utils/logger.ts:69:13)

    console.warn
      ΓÜá∩╕Å  MEDIASTACK_API_KEY not set - Mediastack provider will not be available

    [0m [90m 125 |[39m       availableProviders[33m.[39mpush([32m'Mediastack'[39m)[33m;[39m
     [90m 126 |[39m     } [36melse[39m {
    [31m[1m>[22m[39m[90m 127 |[39m       console[33m.[39mwarn([32m'ΓÜá∩╕Å  MEDIASTACK_API_KEY not set - Mediastack provider will not be available'[39m)[33m;[39m
     [90m     |[39m               [31m[1m^[22m[39m
     [90m 128 |[39m     }
     [90m 129 |[39m     
     [90m 130 |[39m     [36mif[39m (parsed[33m.[39m[33mBING_NEWS_KEY[39m) {[0m

      at validateEnv (src/utils/envValidation.ts:127:15)
      at getEnv (src/utils/envValidation.ts:149:10)
      at new BingWebClient (src/clients/bingWebClient.ts:65:23)
      at new GroundingService (src/services/groundingService.ts:80:28)
      at getGroundingService (src/services/groundingService.ts:1782:23)
      at setProviderCooldown (src/services/groundingService.ts:1813:19)
      at Object.<anonymous> (src/services/groundingService.cooldown.test.ts:81:24)

    console.warn
      ΓÜá∩╕Å  BING_NEWS_KEY not set - Bing News provider will not be available

    [0m [90m 131 |[39m       availableProviders[33m.[39mpush([32m'Bing News'[39m)[33m;[39m
     [90m 132 |[39m     } [36melse[39m {
    [31m[1m>[22m[39m[90m 133 |[39m       console[33m.[39mwarn([32m'ΓÜá∩╕Å  BING_NEWS_KEY not set - Bing News provider will not be available'[39m)[33m;[39m
     [90m     |[39m               [31m[1m^[22m[39m
     [90m 134 |[39m     }
     [90m 135 |[39m     
     [90m 136 |[39m     [90m// GDELT is always available (no API key required)[39m[0m

      at validateEnv (src/utils/envValidation.ts:133:15)
      at getEnv (src/utils/envValidation.ts:149:10)
      at new BingWebClient (src/clients/bingWebClient.ts:65:23)
      at new GroundingService (src/services/groundingService.ts:80:28)
      at getGroundingService (src/services/groundingService.ts:1782:23)
      at setProviderCooldown (src/services/groundingService.ts:1813:19)
      at Object.<anonymous> (src/services/groundingService.cooldown.test.ts:81:24)

    console.log
      Γ£ô Available news providers: GDELT

      at validateEnv (src/utils/envValidation.ts:139:13)

    console.log
      {"timestamp":"2026-03-13T19:15:35.817Z","level":"info","service":"fakenewsoff-backend","message":"Bing Web Search client not available (no API 
key)","event":"provider_init_skipped","provider":"bing_web","reason":"missing_api_key"}

      at Logger.log (src/utils/logger.ts:69:13)

    console.warn
      ΓÜá∩╕Å  MEDIASTACK_API_KEY not set - Mediastack provider will not be available

    [0m [90m 125 |[39m       availableProviders[33m.[39mpush([32m'Mediastack'[39m)[33m;[39m
     [90m 126 |[39m     } [36melse[39m {
    [31m[1m>[22m[39m[90m 127 |[39m       console[33m.[39mwarn([32m'ΓÜá∩╕Å  MEDIASTACK_API_KEY not set - Mediastack provider will not be available'[39m)[33m;[39m
     [90m     |[39m               [31m[1m^[22m[39m
     [90m 128 |[39m     }
     [90m 129 |[39m     
     [90m 130 |[39m     [36mif[39m (parsed[33m.[39m[33mBING_NEWS_KEY[39m) {[0m

      at validateEnv (src/utils/envValidation.ts:127:15)
      at getEnv (src/utils/envValidation.ts:149:10)
      at new MediastackClient (src/clients/mediastackClient.ts:66:23)
      at new GroundingService (src/services/groundingService.ts:97:31)
      at getGroundingService (src/services/groundingService.ts:1782:23)
      at setProviderCooldown (src/services/groundingService.ts:1813:19)
      at Object.<anonymous> (src/services/groundingService.cooldown.test.ts:81:24)

    console.warn
      ΓÜá∩╕Å  BING_NEWS_KEY not set - Bing News provider will not be available

    [0m [90m 131 |[39m       availableProviders[33m.[39mpush([32m'Bing News'[39m)[33m;[39m
     [90m 132 |[39m     } [36melse[39m {
    [31m[1m>[22m[39m[90m 133 |[39m       console[33m.[39mwarn([32m'ΓÜá∩╕Å  BING_NEWS_KEY not set - Bing News provider will not be available'[39m)[33m;[39m
     [90m     |[39m               [31m[1m^[22m[39m
     [90m 134 |[39m     }
     [90m 135 |[39m     
     [90m 136 |[39m     [90m// GDELT is always available (no API key required)[39m[0m

      at validateEnv (src/utils/envValidation.ts:133:15)
      at getEnv (src/utils/envValidation.ts:149:10)
      at new MediastackClient (src/clients/mediastackClient.ts:66:23)
      at new GroundingService (src/services/groundingService.ts:97:31)
      at getGroundingService (src/services/groundingService.ts:1782:23)
      at setProviderCooldown (src/services/groundingService.ts:1813:19)
      at Object.<anonymous> (src/services/groundingService.cooldown.test.ts:81:24)

    console.log
      Γ£ô Available news providers: GDELT

      at validateEnv (src/utils/envValidation.ts:139:13)

    console.log
      {"timestamp":"2026-03-13T19:15:35.819Z","level":"info","service":"fakenewsoff-backend","message":"Mediastack client not available (no API 
key)","event":"provider_init_skipped","provider":"mediastack","reason":"missing_api_key"}

      at Logger.log (src/utils/logger.ts:69:13)

    console.warn
      ΓÜá∩╕Å  MEDIASTACK_API_KEY not set - Mediastack provider will not be available

    [0m [90m 125 |[39m       availableProviders[33m.[39mpush([32m'Mediastack'[39m)[33m;[39m
     [90m 126 |[39m     } [36melse[39m {
    [31m[1m>[22m[39m[90m 127 |[39m       console[33m.[39mwarn([32m'ΓÜá∩╕Å  MEDIASTACK_API_KEY not set - Mediastack provider will not be available'[39m)[33m;[39m
     [90m     |[39m               [31m[1m^[22m[39m
     [90m 128 |[39m     }
     [90m 129 |[39m     
     [90m 130 |[39m     [36mif[39m (parsed[33m.[39m[33mBING_NEWS_KEY[39m) {[0m

      at validateEnv (src/utils/envValidation.ts:127:15)
      at getEnv (src/utils/envValidation.ts:149:10)
      at new GDELTClient (src/clients/gdeltClient.ts:36:23)
      at new GroundingService (src/services/groundingService.ts:113:24)
      at getGroundingService (src/services/groundingService.ts:1782:23)
      at setProviderCooldown (src/services/groundingService.ts:1813:19)
      at Object.<anonymous> (src/services/groundingService.cooldown.test.ts:81:24)

    console.warn
      ΓÜá∩╕Å  BING_NEWS_KEY not set - Bing News provider will not be available

    [0m [90m 131 |[39m       availableProviders[33m.[39mpush([32m'Bing News'[39m)[33m;[39m
     [90m 132 |[39m     } [36melse[39m {
    [31m[1m>[22m[39m[90m 133 |[39m       console[33m.[39mwarn([32m'ΓÜá∩╕Å  BING_NEWS_KEY not set - Bing News provider will not be available'[39m)[33m;[39m
     [90m     |[39m               [31m[1m^[22m[39m
     [90m 134 |[39m     }
     [90m 135 |[39m     
     [90m 136 |[39m     [90m// GDELT is always available (no API key required)[39m[0m

      at validateEnv (src/utils/envValidation.ts:133:15)
      at getEnv (src/utils/envValidation.ts:149:10)
      at new GDELTClient (src/clients/gdeltClient.ts:36:23)
      at new GroundingService (src/services/groundingService.ts:113:24)
      at getGroundingService (src/services/groundingService.ts:1782:23)
      at setProviderCooldown (src/services/groundingService.ts:1813:19)
      at Object.<anonymous> (src/services/groundingService.cooldown.test.ts:81:24)

    console.log
      Γ£ô Available news providers: GDELT

      at validateEnv (src/utils/envValidation.ts:139:13)

    console.log
      {"timestamp":"2026-03-13T19:15:35.820Z","level":"info","service":"fakenewsoff-backend","message":"GDELT client initialized","event":"provider_init_success","provider":"gdelt"}

      at Logger.log (src/utils/logger.ts:69:13)

    console.log
      {"timestamp":"2026-03-13T19:15:35.820Z","level":"info","service":"fakenewsoff-backend","message":"GroundingService initialization 
complete","event":"grounding_service_ready","enabled":true,"provider_order_configured":["bing","gdelt"],"providers_available":["gdelt"],"max_results":10}

      at Logger.log (src/utils/logger.ts:69:13)

    console.log
      {"timestamp":"2026-03-13T19:15:35.820Z","level":"info","service":"fakenewsoff-backend","message":"Provider cooldown 
set","event":"provider_cooldown_set","provider":"mediastack","reason":"rate_limit","duration_ms":300000,"until_timestamp":1773429635820}

      at Logger.log (src/utils/logger.ts:69:13)

    console.log
      {"timestamp":"2026-03-13T19:15:35.821Z","level":"info","service":"fakenewsoff-backend","message":"Provider cooldown 
set","event":"provider_cooldown_set","provider":"mediastack","reason":"quota_exceeded","duration_ms":120000,"until_timestamp":1773429455821}

      at Logger.log (src/utils/logger.ts:69:13)

    console.warn
      ΓÜá∩╕Å  MEDIASTACK_API_KEY not set - Mediastack provider will not be available

    [0m [90m 125 |[39m       availableProviders[33m.[39mpush([32m'Mediastack'[39m)[33m;[39m
     [90m 126 |[39m     } [36melse[39m {
    [31m[1m>[22m[39m[90m 127 |[39m       console[33m.[39mwarn([32m'ΓÜá∩╕Å  MEDIASTACK_API_KEY not set - Mediastack provider will not be available'[39m)[33m;[39m
     [90m     |[39m               [31m[1m^[22m[39m
     [90m 128 |[39m     }
     [90m 129 |[39m     
     [90m 130 |[39m     [36mif[39m (parsed[33m.[39m[33mBING_NEWS_KEY[39m) {[0m

      at validateEnv (src/utils/envValidation.ts:127:15)
      at getEnv (src/utils/envValidation.ts:149:10)
      at new GroundingService (src/services/groundingService.ts:44:23)
      at getGroundingService (src/services/groundingService.ts:1782:23)
      at setProviderCooldown (src/services/groundingService.ts:1813:19)
      at Object.<anonymous> (src/services/groundingService.cooldown.test.ts:97:24)

    console.warn
      ΓÜá∩╕Å  BING_NEWS_KEY not set - Bing News provider will not be available

    [0m [90m 131 |[39m       availableProviders[33m.[39mpush([32m'Bing News'[39m)[33m;[39m
     [90m 132 |[39m     } [36melse[39m {
    [31m[1m>[22m[39m[90m 133 |[39m       console[33m.[39mwarn([32m'ΓÜá∩╕Å  BING_NEWS_KEY not set - Bing News provider will not be available'[39m)[33m;[39m
     [90m     |[39m               [31m[1m^[22m[39m
     [90m 134 |[39m     }
     [90m 135 |[39m     
     [90m 136 |[39m     [90m// GDELT is always available (no API key required)[39m[0m

      at validateEnv (src/utils/envValidation.ts:133:15)
      at getEnv (src/utils/envValidation.ts:149:10)
      at new GroundingService (src/services/groundingService.ts:44:23)
      at getGroundingService (src/services/groundingService.ts:1782:23)
      at setProviderCooldown (src/services/groundingService.ts:1813:19)
      at Object.<anonymous> (src/services/groundingService.cooldown.test.ts:97:24)

    console.log
      Γ£ô Available news providers: GDELT

      at validateEnv (src/utils/envValidation.ts:139:13)

    console.log
      {"timestamp":"2026-03-13T19:15:35.822Z","level":"info","service":"fakenewsoff-backend","message":"Initializing 
GroundingService","event":"grounding_service_init","enabled":true,"provider_order_configured":["bing","gdelt"]}

      at Logger.log (src/utils/logger.ts:69:13)

    console.warn
      ΓÜá∩╕Å  MEDIASTACK_API_KEY not set - Mediastack provider will not be available

    [0m [90m 125 |[39m       availableProviders[33m.[39mpush([32m'Mediastack'[39m)[33m;[39m
     [90m 126 |[39m     } [36melse[39m {
    [31m[1m>[22m[39m[90m 127 |[39m       console[33m.[39mwarn([32m'ΓÜá∩╕Å  MEDIASTACK_API_KEY not set - Mediastack provider will not be available'[39m)[33m;[39m
     [90m     |[39m               [31m[1m^[22m[39m
     [90m 128 |[39m     }
     [90m 129 |[39m     
     [90m 130 |[39m     [36mif[39m (parsed[33m.[39m[33mBING_NEWS_KEY[39m) {[0m

      at validateEnv (src/utils/envValidation.ts:127:15)
      at getEnv (src/utils/envValidation.ts:149:10)
      at new BingNewsClient (src/clients/bingNewsClient.ts:37:23)
      at new GroundingService (src/services/groundingService.ts:63:25)
      at getGroundingService (src/services/groundingService.ts:1782:23)
      at setProviderCooldown (src/services/groundingService.ts:1813:19)
      at Object.<anonymous> (src/services/groundingService.cooldown.test.ts:97:24)

    console.warn
      ΓÜá∩╕Å  BING_NEWS_KEY not set - Bing News provider will not be available

    [0m [90m 131 |[39m       availableProviders[33m.[39mpush([32m'Bing News'[39m)[33m;[39m
     [90m 132 |[39m     } [36melse[39m {
    [31m[1m>[22m[39m[90m 133 |[39m       console[33m.[39mwarn([32m'ΓÜá∩╕Å  BING_NEWS_KEY not set - Bing News provider will not be available'[39m)[33m;[39m
     [90m     |[39m               [31m[1m^[22m[39m
     [90m 134 |[39m     }
     [90m 135 |[39m     
     [90m 136 |[39m     [90m// GDELT is always available (no API key required)[39m[0m

      at validateEnv (src/utils/envValidation.ts:133:15)
      at getEnv (src/utils/envValidation.ts:149:10)
      at new BingNewsClient (src/clients/bingNewsClient.ts:37:23)
      at new GroundingService (src/services/groundingService.ts:63:25)
      at getGroundingService (src/services/groundingService.ts:1782:23)
      at setProviderCooldown (src/services/groundingService.ts:1813:19)
      at Object.<anonymous> (src/services/groundingService.cooldown.test.ts:97:24)

    console.log
      Γ£ô Available news providers: GDELT

      at validateEnv (src/utils/envValidation.ts:139:13)

    console.log
      {"timestamp":"2026-03-13T19:15:35.823Z","level":"info","service":"fakenewsoff-backend","message":"Bing News client not available (no API 
key)","event":"provider_init_skipped","provider":"bing","reason":"missing_api_key"}

      at Logger.log (src/utils/logger.ts:69:13)

    console.warn
      ΓÜá∩╕Å  MEDIASTACK_API_KEY not set - Mediastack provider will not be available

    [0m [90m 125 |[39m       availableProviders[33m.[39mpush([32m'Mediastack'[39m)[33m;[39m
     [90m 126 |[39m     } [36melse[39m {
    [31m[1m>[22m[39m[90m 127 |[39m       console[33m.[39mwarn([32m'ΓÜá∩╕Å  MEDIASTACK_API_KEY not set - Mediastack provider will not be available'[39m)[33m;[39m
     [90m     |[39m               [31m[1m^[22m[39m
     [90m 128 |[39m     }
     [90m 129 |[39m     
     [90m 130 |[39m     [36mif[39m (parsed[33m.[39m[33mBING_NEWS_KEY[39m) {[0m

      at validateEnv (src/utils/envValidation.ts:127:15)
      at getEnv (src/utils/envValidation.ts:149:10)
      at new BingWebClient (src/clients/bingWebClient.ts:65:23)
      at new GroundingService (src/services/groundingService.ts:80:28)
      at getGroundingService (src/services/groundingService.ts:1782:23)
      at setProviderCooldown (src/services/groundingService.ts:1813:19)
      at Object.<anonymous> (src/services/groundingService.cooldown.test.ts:97:24)

    console.warn
      ΓÜá∩╕Å  BING_NEWS_KEY not set - Bing News provider will not be available

    [0m [90m 131 |[39m       availableProviders[33m.[39mpush([32m'Bing News'[39m)[33m;[39m
     [90m 132 |[39m     } [36melse[39m {
    [31m[1m>[22m[39m[90m 133 |[39m       console[33m.[39mwarn([32m'ΓÜá∩╕Å  BING_NEWS_KEY not set - Bing News provider will not be available'[39m)[33m;[39m
     [90m     |[39m               [31m[1m^[22m[39m
     [90m 134 |[39m     }
     [90m 135 |[39m     
     [90m 136 |[39m     [90m// GDELT is always available (no API key required)[39m[0m

      at validateEnv (src/utils/envValidation.ts:133:15)
      at getEnv (src/utils/envValidation.ts:149:10)
      at new BingWebClient (src/clients/bingWebClient.ts:65:23)
      at new GroundingService (src/services/groundingService.ts:80:28)
      at getGroundingService (src/services/groundingService.ts:1782:23)
      at setProviderCooldown (src/services/groundingService.ts:1813:19)
      at Object.<anonymous> (src/services/groundingService.cooldown.test.ts:97:24)

    console.log
      Γ£ô Available news providers: GDELT

      at validateEnv (src/utils/envValidation.ts:139:13)

    console.log
      {"timestamp":"2026-03-13T19:15:35.824Z","level":"info","service":"fakenewsoff-backend","message":"Bing Web Search client not available (no API 
key)","event":"provider_init_skipped","provider":"bing_web","reason":"missing_api_key"}

      at Logger.log (src/utils/logger.ts:69:13)

    console.warn
      ΓÜá∩╕Å  MEDIASTACK_API_KEY not set - Mediastack provider will not be available

    [0m [90m 125 |[39m       availableProviders[33m.[39mpush([32m'Mediastack'[39m)[33m;[39m
     [90m 126 |[39m     } [36melse[39m {
    [31m[1m>[22m[39m[90m 127 |[39m       console[33m.[39mwarn([32m'ΓÜá∩╕Å  MEDIASTACK_API_KEY not set - Mediastack provider will not be available'[39m)[33m;[39m
     [90m     |[39m               [31m[1m^[22m[39m
     [90m 128 |[39m     }
     [90m 129 |[39m     
     [90m 130 |[39m     [36mif[39m (parsed[33m.[39m[33mBING_NEWS_KEY[39m) {[0m

      at validateEnv (src/utils/envValidation.ts:127:15)
      at getEnv (src/utils/envValidation.ts:149:10)
      at new MediastackClient (src/clients/mediastackClient.ts:66:23)
      at new GroundingService (src/services/groundingService.ts:97:31)
      at getGroundingService (src/services/groundingService.ts:1782:23)
      at setProviderCooldown (src/services/groundingService.ts:1813:19)
      at Object.<anonymous> (src/services/groundingService.cooldown.test.ts:97:24)

    console.warn
      ΓÜá∩╕Å  BING_NEWS_KEY not set - Bing News provider will not be available

    [0m [90m 131 |[39m       availableProviders[33m.[39mpush([32m'Bing News'[39m)[33m;[39m
     [90m 132 |[39m     } [36melse[39m {
    [31m[1m>[22m[39m[90m 133 |[39m       console[33m.[39mwarn([32m'ΓÜá∩╕Å  BING_NEWS_KEY not set - Bing News provider will not be available'[39m)[33m;[39m
     [90m     |[39m               [31m[1m^[22m[39m
     [90m 134 |[39m     }
     [90m 135 |[39m     
     [90m 136 |[39m     [90m// GDELT is always available (no API key required)[39m[0m

      at validateEnv (src/utils/envValidation.ts:133:15)
      at getEnv (src/utils/envValidation.ts:149:10)
      at new MediastackClient (src/clients/mediastackClient.ts:66:23)
      at new GroundingService (src/services/groundingService.ts:97:31)
      at getGroundingService (src/services/groundingService.ts:1782:23)
      at setProviderCooldown (src/services/groundingService.ts:1813:19)
      at Object.<anonymous> (src/services/groundingService.cooldown.test.ts:97:24)

    console.log
      Γ£ô Available news providers: GDELT

      at validateEnv (src/utils/envValidation.ts:139:13)

    console.log
      {"timestamp":"2026-03-13T19:15:35.825Z","level":"info","service":"fakenewsoff-backend","message":"Mediastack client not available (no API 
key)","event":"provider_init_skipped","provider":"mediastack","reason":"missing_api_key"}

      at Logger.log (src/utils/logger.ts:69:13)

    console.warn
      ΓÜá∩╕Å  MEDIASTACK_API_KEY not set - Mediastack provider will not be available

    [0m [90m 125 |[39m       availableProviders[33m.[39mpush([32m'Mediastack'[39m)[33m;[39m
     [90m 126 |[39m     } [36melse[39m {
    [31m[1m>[22m[39m[90m 127 |[39m       console[33m.[39mwarn([32m'ΓÜá∩╕Å  MEDIASTACK_API_KEY not set - Mediastack provider will not be available'[39m)[33m;[39m
     [90m     |[39m               [31m[1m^[22m[39m
     [90m 128 |[39m     }
     [90m 129 |[39m     
     [90m 130 |[39m     [36mif[39m (parsed[33m.[39m[33mBING_NEWS_KEY[39m) {[0m

      at validateEnv (src/utils/envValidation.ts:127:15)
      at getEnv (src/utils/envValidation.ts:149:10)
      at new GDELTClient (src/clients/gdeltClient.ts:36:23)
      at new GroundingService (src/services/groundingService.ts:113:24)
      at getGroundingService (src/services/groundingService.ts:1782:23)
      at setProviderCooldown (src/services/groundingService.ts:1813:19)
      at Object.<anonymous> (src/services/groundingService.cooldown.test.ts:97:24)

    console.warn
      ΓÜá∩╕Å  BING_NEWS_KEY not set - Bing News provider will not be available

    [0m [90m 131 |[39m       availableProviders[33m.[39mpush([32m'Bing News'[39m)[33m;[39m
     [90m 132 |[39m     } [36melse[39m {
    [31m[1m>[22m[39m[90m 133 |[39m       console[33m.[39mwarn([32m'ΓÜá∩╕Å  BING_NEWS_KEY not set - Bing News provider will not be available'[39m)[33m;[39m
     [90m     |[39m               [31m[1m^[22m[39m
     [90m 134 |[39m     }
     [90m 135 |[39m     
     [90m 136 |[39m     [90m// GDELT is always available (no API key required)[39m[0m

      at validateEnv (src/utils/envValidation.ts:133:15)
      at getEnv (src/utils/envValidation.ts:149:10)
      at new GDELTClient (src/clients/gdeltClient.ts:36:23)
      at new GroundingService (src/services/groundingService.ts:113:24)
      at getGroundingService (src/services/groundingService.ts:1782:23)
      at setProviderCooldown (src/services/groundingService.ts:1813:19)
      at Object.<anonymous> (src/services/groundingService.cooldown.test.ts:97:24)

    console.log
      Γ£ô Available news providers: GDELT

      at validateEnv (src/utils/envValidation.ts:139:13)

    console.log
      {"timestamp":"2026-03-13T19:15:35.827Z","level":"info","service":"fakenewsoff-backend","message":"GDELT client initialized","event":"provider_init_success","provider":"gdelt"}

      at Logger.log (src/utils/logger.ts:69:13)

    console.log
      {"timestamp":"2026-03-13T19:15:35.827Z","level":"info","service":"fakenewsoff-backend","message":"GroundingService initialization 
complete","event":"grounding_service_ready","enabled":true,"provider_order_configured":["bing","gdelt"],"providers_available":["gdelt"],"max_results":10}

      at Logger.log (src/utils/logger.ts:69:13)

    console.log
      {"timestamp":"2026-03-13T19:15:35.827Z","level":"info","service":"fakenewsoff-backend","message":"Provider cooldown 
set","event":"provider_cooldown_set","provider":"mediastack","reason":"rate_limit","duration_ms":300000,"until_timestamp":1773429635827}

      at Logger.log (src/utils/logger.ts:69:13)

    console.log
      {"timestamp":"2026-03-13T19:15:35.828Z","level":"info","service":"fakenewsoff-backend","message":"Provider cooldown 
set","event":"provider_cooldown_set","provider":"bing","reason":"quota_exceeded","duration_ms":120000,"until_timestamp":1773429455828}

      at Logger.log (src/utils/logger.ts:69:13)

(node:28580) [DEP0040] DeprecationWarning: The `punycode` module is deprecated. Please use a userland alternative instead.
(Use `node --trace-deprecation ...` to show where the warning was created)
(node:25720) [DEP0040] DeprecationWarning: The `punycode` module is deprecated. Please use a userland alternative instead.
(Use `node --trace-deprecation ...` to show where the warning was created)
PASS src/services/cacheService.integration.test.ts
PASS src/services/groundingService.bugCondition.test.ts
  ΓùÅ Console

    console.warn
      ΓÜá∩╕Å  BING_NEWS_KEY not set - Bing News provider will not be available

    [0m [90m 131 |[39m       availableProviders[33m.[39mpush([32m'Bing News'[39m)[33m;[39m
     [90m 132 |[39m     } [36melse[39m {
    [31m[1m>[22m[39m[90m 133 |[39m       console[33m.[39mwarn([32m'ΓÜá∩╕Å  BING_NEWS_KEY not set - Bing News provider will not be available'[39m)[33m;[39m
     [90m     |[39m               [31m[1m^[22m[39m
     [90m 134 |[39m     }
     [90m 135 |[39m     
     [90m 136 |[39m     [90m// GDELT is always available (no API key required)[39m[0m

      at validateEnv (src/utils/envValidation.ts:133:15)
      at getEnv (src/utils/envValidation.ts:149:10)
      at new GroundingCache (src/services/groundingCache.ts:21:23)
      at getGroundingCache (src/services/groundingCache.ts:105:21)
      at new GroundingService (src/services/groundingService.ts:38:36)
      at Object.<anonymous> (src/services/groundingService.bugCondition.test.ts:43:23)

    console.log
      Γ£ô Available news providers: Mediastack, GDELT

      at validateEnv (src/utils/envValidation.ts:139:13)

    console.warn
      ΓÜá∩╕Å  BING_NEWS_KEY not set - Bing News provider will not be available

    [0m [90m 131 |[39m       availableProviders[33m.[39mpush([32m'Bing News'[39m)[33m;[39m
     [90m 132 |[39m     } [36melse[39m {
    [31m[1m>[22m[39m[90m 133 |[39m       console[33m.[39mwarn([32m'ΓÜá∩╕Å  BING_NEWS_KEY not set - Bing News provider will not be available'[39m)[33m;[39m
     [90m     |[39m               [31m[1m^[22m[39m
     [90m 134 |[39m     }
     [90m 135 |[39m     
     [90m 136 |[39m     [90m// GDELT is always available (no API key required)[39m[0m

      at validateEnv (src/utils/envValidation.ts:133:15)
      at getEnv (src/utils/envValidation.ts:149:10)
      at new GroundingService (src/services/groundingService.ts:44:23)
      at Object.<anonymous> (src/services/groundingService.bugCondition.test.ts:43:23)

    console.log
      Γ£ô Available news providers: Mediastack, GDELT

      at validateEnv (src/utils/envValidation.ts:139:13)

    console.log
      {"timestamp":"2026-03-13T19:15:36.216Z","level":"info","service":"fakenewsoff-backend","message":"Initializing 
GroundingService","event":"grounding_service_init","enabled":true,"provider_order_configured":["mediastack","gdelt"]}

      at Logger.log (src/utils/logger.ts:69:13)

    console.warn
      ΓÜá∩╕Å  BING_NEWS_KEY not set - Bing News provider will not be available

    [0m [90m 131 |[39m       availableProviders[33m.[39mpush([32m'Bing News'[39m)[33m;[39m
     [90m 132 |[39m     } [36melse[39m {
    [31m[1m>[22m[39m[90m 133 |[39m       console[33m.[39mwarn([32m'ΓÜá∩╕Å  BING_NEWS_KEY not set - Bing News provider will not be available'[39m)[33m;[39m
     [90m     |[39m               [31m[1m^[22m[39m
     [90m 134 |[39m     }
     [90m 135 |[39m     
     [90m 136 |[39m     [90m// GDELT is always available (no API key required)[39m[0m

      at validateEnv (src/utils/envValidation.ts:133:15)
      at getEnv (src/utils/envValidation.ts:149:10)
      at new BingNewsClient (src/clients/bingNewsClient.ts:37:23)
      at new GroundingService (src/services/groundingService.ts:63:25)
      at Object.<anonymous> (src/services/groundingService.bugCondition.test.ts:43:23)

    console.log
      Γ£ô Available news providers: Mediastack, GDELT

      at validateEnv (src/utils/envValidation.ts:139:13)

    console.log
      {"timestamp":"2026-03-13T19:15:36.219Z","level":"info","service":"fakenewsoff-backend","message":"Bing News client not available (no API 
key)","event":"provider_init_skipped","provider":"bing","reason":"missing_api_key"}

      at Logger.log (src/utils/logger.ts:69:13)

    console.warn
      ΓÜá∩╕Å  BING_NEWS_KEY not set - Bing News provider will not be available

    [0m [90m 131 |[39m       availableProviders[33m.[39mpush([32m'Bing News'[39m)[33m;[39m
     [90m 132 |[39m     } [36melse[39m {
    [31m[1m>[22m[39m[90m 133 |[39m       console[33m.[39mwarn([32m'ΓÜá∩╕Å  BING_NEWS_KEY not set - Bing News provider will not be available'[39m)[33m;[39m
     [90m     |[39m               [31m[1m^[22m[39m
     [90m 134 |[39m     }
     [90m 135 |[39m     
     [90m 136 |[39m     [90m// GDELT is always available (no API key required)[39m[0m

      at validateEnv (src/utils/envValidation.ts:133:15)
      at getEnv (src/utils/envValidation.ts:149:10)
      at new BingWebClient (src/clients/bingWebClient.ts:65:23)
      at new GroundingService (src/services/groundingService.ts:80:28)
      at Object.<anonymous> (src/services/groundingService.bugCondition.test.ts:43:23)

    console.log
      Γ£ô Available news providers: Mediastack, GDELT

      at validateEnv (src/utils/envValidation.ts:139:13)

    console.log
      {"timestamp":"2026-03-13T19:15:36.221Z","level":"info","service":"fakenewsoff-backend","message":"Bing Web Search client not available (no API 
key)","event":"provider_init_skipped","provider":"bing_web","reason":"missing_api_key"}

      at Logger.log (src/utils/logger.ts:69:13)

    console.warn
      ΓÜá∩╕Å  BING_NEWS_KEY not set - Bing News provider will not be available

    [0m [90m 131 |[39m       availableProviders[33m.[39mpush([32m'Bing News'[39m)[33m;[39m
     [90m 132 |[39m     } [36melse[39m {
    [31m[1m>[22m[39m[90m 133 |[39m       console[33m.[39mwarn([32m'ΓÜá∩╕Å  BING_NEWS_KEY not set - Bing News provider will not be available'[39m)[33m;[39m
     [90m     |[39m               [31m[1m^[22m[39m
     [90m 134 |[39m     }
     [90m 135 |[39m     
     [90m 136 |[39m     [90m// GDELT is always available (no API key required)[39m[0m

      at validateEnv (src/utils/envValidation.ts:133:15)
      at getEnv (src/utils/envValidation.ts:149:10)
      at new MediastackClient (src/clients/mediastackClient.ts:66:23)
      at new GroundingService (src/services/groundingService.ts:97:31)
      at Object.<anonymous> (src/services/groundingService.bugCondition.test.ts:43:23)

    console.log
      Γ£ô Available news providers: Mediastack, GDELT

      at validateEnv (src/utils/envValidation.ts:139:13)

    console.log
      {"timestamp":"2026-03-13T19:15:36.223Z","level":"info","service":"fakenewsoff-backend","message":"Mediastack client initialized","event":"provider_init_success","provider":"mediastack"}

      at Logger.log (src/utils/logger.ts:69:13)

    console.warn
      ΓÜá∩╕Å  BING_NEWS_KEY not set - Bing News provider will not be available

    [0m [90m 131 |[39m       availableProviders[33m.[39mpush([32m'Bing News'[39m)[33m;[39m
     [90m 132 |[39m     } [36melse[39m {
    [31m[1m>[22m[39m[90m 133 |[39m       console[33m.[39mwarn([32m'ΓÜá∩╕Å  BING_NEWS_KEY not set - Bing News provider will not be available'[39m)[33m;[39m
     [90m     |[39m               [31m[1m^[22m[39m
     [90m 134 |[39m     }
     [90m 135 |[39m     
     [90m 136 |[39m     [90m// GDELT is always available (no API key required)[39m[0m

      at validateEnv (src/utils/envValidation.ts:133:15)
      at getEnv (src/utils/envValidation.ts:149:10)
      at new GDELTClient (src/clients/gdeltClient.ts:36:23)
      at new GroundingService (src/services/groundingService.ts:113:24)
      at Object.<anonymous> (src/services/groundingService.bugCondition.test.ts:43:23)

    console.log
      Γ£ô Available news providers: Mediastack, GDELT

      at validateEnv (src/utils/envValidation.ts:139:13)

    console.log
      {"timestamp":"2026-03-13T19:15:36.224Z","level":"info","service":"fakenewsoff-backend","message":"GDELT client initialized","event":"provider_init_success","provider":"gdelt"}

      at Logger.log (src/utils/logger.ts:69:13)

    console.log
      {"timestamp":"2026-03-13T19:15:36.224Z","level":"info","service":"fakenewsoff-backend","message":"GroundingService initialization 
complete","event":"grounding_service_ready","enabled":true,"provider_order_configured":["mediastack","gdelt"],"providers_available":["mediastack","gdelt"],"max_results":10}

      at Logger.log (src/utils/logger.ts:69:13)

    console.warn
      ΓÜá∩╕Å  BING_NEWS_KEY not set - Bing News provider will not be available

    [0m [90m 131 |[39m       availableProviders[33m.[39mpush([32m'Bing News'[39m)[33m;[39m
     [90m 132 |[39m     } [36melse[39m {
    [31m[1m>[22m[39m[90m 133 |[39m       console[33m.[39mwarn([32m'ΓÜá∩╕Å  BING_NEWS_KEY not set - Bing News provider will not be available'[39m)[33m;[39m
     [90m     |[39m               [31m[1m^[22m[39m
     [90m 134 |[39m     }
     [90m 135 |[39m     
     [90m 136 |[39m     [90m// GDELT is always available (no API key required)[39m[0m

      at validateEnv (src/utils/envValidation.ts:133:15)
      at getEnv (src/utils/envValidation.ts:149:10)
      at new GroundingService (src/services/groundingService.ts:44:23)
      at Object.<anonymous> (src/services/groundingService.bugCondition.test.ts:64:23)

    console.log
      Γ£ô Available news providers: Mediastack, GDELT

      at validateEnv (src/utils/envValidation.ts:139:13)

    console.log
      {"timestamp":"2026-03-13T19:15:36.227Z","level":"info","service":"fakenewsoff-backend","message":"Initializing 
GroundingService","event":"grounding_service_init","enabled":true,"provider_order_configured":["mediastack","gdelt"]}

      at Logger.log (src/utils/logger.ts:69:13)

    console.warn
      ΓÜá∩╕Å  BING_NEWS_KEY not set - Bing News provider will not be available

    [0m [90m 131 |[39m       availableProviders[33m.[39mpush([32m'Bing News'[39m)[33m;[39m
     [90m 132 |[39m     } [36melse[39m {
    [31m[1m>[22m[39m[90m 133 |[39m       console[33m.[39mwarn([32m'ΓÜá∩╕Å  BING_NEWS_KEY not set - Bing News provider will not be available'[39m)[33m;[39m
     [90m     |[39m               [31m[1m^[22m[39m
     [90m 134 |[39m     }
     [90m 135 |[39m     
     [90m 136 |[39m     [90m// GDELT is always available (no API key required)[39m[0m

      at validateEnv (src/utils/envValidation.ts:133:15)
      at getEnv (src/utils/envValidation.ts:149:10)
      at new BingNewsClient (src/clients/bingNewsClient.ts:37:23)
      at new GroundingService (src/services/groundingService.ts:63:25)
      at Object.<anonymous> (src/services/groundingService.bugCondition.test.ts:64:23)

    console.log
      Γ£ô Available news providers: Mediastack, GDELT

      at validateEnv (src/utils/envValidation.ts:139:13)

    console.log
      {"timestamp":"2026-03-13T19:15:36.228Z","level":"info","service":"fakenewsoff-backend","message":"Bing News client not available (no API 
key)","event":"provider_init_skipped","provider":"bing","reason":"missing_api_key"}

      at Logger.log (src/utils/logger.ts:69:13)

    console.warn
      ΓÜá∩╕Å  BING_NEWS_KEY not set - Bing News provider will not be available

    [0m [90m 131 |[39m       availableProviders[33m.[39mpush([32m'Bing News'[39m)[33m;[39m
     [90m 132 |[39m     } [36melse[39m {
    [31m[1m>[22m[39m[90m 133 |[39m       console[33m.[39mwarn([32m'ΓÜá∩╕Å  BING_NEWS_KEY not set - Bing News provider will not be available'[39m)[33m;[39m
     [90m     |[39m               [31m[1m^[22m[39m
     [90m 134 |[39m     }
     [90m 135 |[39m     
     [90m 136 |[39m     [90m// GDELT is always available (no API key required)[39m[0m

      at validateEnv (src/utils/envValidation.ts:133:15)
      at getEnv (src/utils/envValidation.ts:149:10)
      at new BingWebClient (src/clients/bingWebClient.ts:65:23)
      at new GroundingService (src/services/groundingService.ts:80:28)
      at Object.<anonymous> (src/services/groundingService.bugCondition.test.ts:64:23)

    console.log
      Γ£ô Available news providers: Mediastack, GDELT

      at validateEnv (src/utils/envValidation.ts:139:13)

    console.log
      {"timestamp":"2026-03-13T19:15:36.230Z","level":"info","service":"fakenewsoff-backend","message":"Bing Web Search client not available (no API 
key)","event":"provider_init_skipped","provider":"bing_web","reason":"missing_api_key"}

      at Logger.log (src/utils/logger.ts:69:13)

    console.warn
      ΓÜá∩╕Å  BING_NEWS_KEY not set - Bing News provider will not be available

    [0m [90m 131 |[39m       availableProviders[33m.[39mpush([32m'Bing News'[39m)[33m;[39m
     [90m 132 |[39m     } [36melse[39m {
    [31m[1m>[22m[39m[90m 133 |[39m       console[33m.[39mwarn([32m'ΓÜá∩╕Å  BING_NEWS_KEY not set - Bing News provider will not be available'[39m)[33m;[39m
     [90m     |[39m               [31m[1m^[22m[39m
     [90m 134 |[39m     }
     [90m 135 |[39m     
     [90m 136 |[39m     [90m// GDELT is always available (no API key required)[39m[0m

      at validateEnv (src/utils/envValidation.ts:133:15)
      at getEnv (src/utils/envValidation.ts:149:10)
      at new MediastackClient (src/clients/mediastackClient.ts:66:23)
      at new GroundingService (src/services/groundingService.ts:97:31)
      at Object.<anonymous> (src/services/groundingService.bugCondition.test.ts:64:23)

    console.log
      Γ£ô Available news providers: Mediastack, GDELT

      at validateEnv (src/utils/envValidation.ts:139:13)

    console.log
      {"timestamp":"2026-03-13T19:15:36.231Z","level":"info","service":"fakenewsoff-backend","message":"Mediastack client initialized","event":"provider_init_success","provider":"mediastack"}

      at Logger.log (src/utils/logger.ts:69:13)

    console.warn
      ΓÜá∩╕Å  BING_NEWS_KEY not set - Bing News provider will not be available

    [0m [90m 131 |[39m       availableProviders[33m.[39mpush([32m'Bing News'[39m)[33m;[39m
     [90m 132 |[39m     } [36melse[39m {
    [31m[1m>[22m[39m[90m 133 |[39m       console[33m.[39mwarn([32m'ΓÜá∩╕Å  BING_NEWS_KEY not set - Bing News provider will not be available'[39m)[33m;[39m
     [90m     |[39m               [31m[1m^[22m[39m
     [90m 134 |[39m     }
     [90m 135 |[39m     
     [90m 136 |[39m     [90m// GDELT is always available (no API key required)[39m[0m

      at validateEnv (src/utils/envValidation.ts:133:15)
      at getEnv (src/utils/envValidation.ts:149:10)
      at new GDELTClient (src/clients/gdeltClient.ts:36:23)
      at new GroundingService (src/services/groundingService.ts:113:24)
      at Object.<anonymous> (src/services/groundingService.bugCondition.test.ts:64:23)

    console.log
      Γ£ô Available news providers: Mediastack, GDELT

      at validateEnv (src/utils/envValidation.ts:139:13)

    console.log
      {"timestamp":"2026-03-13T19:15:36.232Z","level":"info","service":"fakenewsoff-backend","message":"GDELT client initialized","event":"provider_init_success","provider":"gdelt"}

      at Logger.log (src/utils/logger.ts:69:13)

    console.log
      {"timestamp":"2026-03-13T19:15:36.232Z","level":"info","service":"fakenewsoff-backend","message":"GroundingService initialization 
complete","event":"grounding_service_ready","enabled":true,"provider_order_configured":["mediastack","gdelt"],"providers_available":["mediastack","gdelt"],"max_results":10}

      at Logger.log (src/utils/logger.ts:69:13)

    console.warn
      ΓÜá∩╕Å  BING_NEWS_KEY not set - Bing News provider will not be available

    [0m [90m 131 |[39m       availableProviders[33m.[39mpush([32m'Bing News'[39m)[33m;[39m
     [90m 132 |[39m     } [36melse[39m {
    [31m[1m>[22m[39m[90m 133 |[39m       console[33m.[39mwarn([32m'ΓÜá∩╕Å  BING_NEWS_KEY not set - Bing News provider will not be available'[39m)[33m;[39m
     [90m     |[39m               [31m[1m^[22m[39m
     [90m 134 |[39m     }
     [90m 135 |[39m     
     [90m 136 |[39m     [90m// GDELT is always available (no API key required)[39m[0m

      at validateEnv (src/utils/envValidation.ts:133:15)
      at getEnv (src/utils/envValidation.ts:149:10)
      at new GroundingService (src/services/groundingService.ts:44:23)
      at Object.<anonymous> (src/services/groundingService.bugCondition.test.ts:84:23)

    console.log
      Γ£ô Available news providers: Mediastack, GDELT

      at validateEnv (src/utils/envValidation.ts:139:13)

    console.log
      {"timestamp":"2026-03-13T19:15:36.233Z","level":"info","service":"fakenewsoff-backend","message":"Initializing 
GroundingService","event":"grounding_service_init","enabled":true,"provider_order_configured":["mediastack","gdelt"]}

      at Logger.log (src/utils/logger.ts:69:13)

    console.warn
      ΓÜá∩╕Å  BING_NEWS_KEY not set - Bing News provider will not be available

    [0m [90m 131 |[39m       availableProviders[33m.[39mpush([32m'Bing News'[39m)[33m;[39m
     [90m 132 |[39m     } [36melse[39m {
    [31m[1m>[22m[39m[90m 133 |[39m       console[33m.[39mwarn([32m'ΓÜá∩╕Å  BING_NEWS_KEY not set - Bing News provider will not be available'[39m)[33m;[39m
     [90m     |[39m               [31m[1m^[22m[39m
     [90m 134 |[39m     }
     [90m 135 |[39m     
     [90m 136 |[39m     [90m// GDELT is always available (no API key required)[39m[0m

      at validateEnv (src/utils/envValidation.ts:133:15)
      at getEnv (src/utils/envValidation.ts:149:10)
      at new BingNewsClient (src/clients/bingNewsClient.ts:37:23)
      at new GroundingService (src/services/groundingService.ts:63:25)
      at Object.<anonymous> (src/services/groundingService.bugCondition.test.ts:84:23)

    console.log
      Γ£ô Available news providers: Mediastack, GDELT

      at validateEnv (src/utils/envValidation.ts:139:13)

    console.log
      {"timestamp":"2026-03-13T19:15:36.234Z","level":"info","service":"fakenewsoff-backend","message":"Bing News client not available (no API 
key)","event":"provider_init_skipped","provider":"bing","reason":"missing_api_key"}

      at Logger.log (src/utils/logger.ts:69:13)

    console.warn
      ΓÜá∩╕Å  BING_NEWS_KEY not set - Bing News provider will not be available

    [0m [90m 131 |[39m       availableProviders[33m.[39mpush([32m'Bing News'[39m)[33m;[39m
     [90m 132 |[39m     } [36melse[39m {
    [31m[1m>[22m[39m[90m 133 |[39m       console[33m.[39mwarn([32m'ΓÜá∩╕Å  BING_NEWS_KEY not set - Bing News provider will not be available'[39m)[33m;[39m
     [90m     |[39m               [31m[1m^[22m[39m
     [90m 134 |[39m     }
     [90m 135 |[39m     
     [90m 136 |[39m     [90m// GDELT is always available (no API key required)[39m[0m

      at validateEnv (src/utils/envValidation.ts:133:15)
      at getEnv (src/utils/envValidation.ts:149:10)
      at new BingWebClient (src/clients/bingWebClient.ts:65:23)
      at new GroundingService (src/services/groundingService.ts:80:28)
      at Object.<anonymous> (src/services/groundingService.bugCondition.test.ts:84:23)

    console.log
      Γ£ô Available news providers: Mediastack, GDELT

      at validateEnv (src/utils/envValidation.ts:139:13)

    console.log
      {"timestamp":"2026-03-13T19:15:36.234Z","level":"info","service":"fakenewsoff-backend","message":"Bing Web Search client not available (no API 
key)","event":"provider_init_skipped","provider":"bing_web","reason":"missing_api_key"}

      at Logger.log (src/utils/logger.ts:69:13)

    console.warn
      ΓÜá∩╕Å  BING_NEWS_KEY not set - Bing News provider will not be available

    [0m [90m 131 |[39m       availableProviders[33m.[39mpush([32m'Bing News'[39m)[33m;[39m
     [90m 132 |[39m     } [36melse[39m {
    [31m[1m>[22m[39m[90m 133 |[39m       console[33m.[39mwarn([32m'ΓÜá∩╕Å  BING_NEWS_KEY not set - Bing News provider will not be available'[39m)[33m;[39m
     [90m     |[39m               [31m[1m^[22m[39m
     [90m 134 |[39m     }
     [90m 135 |[39m     
     [90m 136 |[39m     [90m// GDELT is always available (no API key required)[39m[0m

      at validateEnv (src/utils/envValidation.ts:133:15)
      at getEnv (src/utils/envValidation.ts:149:10)
      at new MediastackClient (src/clients/mediastackClient.ts:66:23)
      at new GroundingService (src/services/groundingService.ts:97:31)
      at Object.<anonymous> (src/services/groundingService.bugCondition.test.ts:84:23)

    console.log
      Γ£ô Available news providers: Mediastack, GDELT

      at validateEnv (src/utils/envValidation.ts:139:13)

    console.log
      {"timestamp":"2026-03-13T19:15:36.235Z","level":"info","service":"fakenewsoff-backend","message":"Mediastack client initialized","event":"provider_init_success","provider":"mediastack"}

      at Logger.log (src/utils/logger.ts:69:13)

    console.warn
      ΓÜá∩╕Å  BING_NEWS_KEY not set - Bing News provider will not be available

    [0m [90m 131 |[39m       availableProviders[33m.[39mpush([32m'Bing News'[39m)[33m;[39m
     [90m 132 |[39m     } [36melse[39m {
    [31m[1m>[22m[39m[90m 133 |[39m       console[33m.[39mwarn([32m'ΓÜá∩╕Å  BING_NEWS_KEY not set - Bing News provider will not be available'[39m)[33m;[39m
     [90m     |[39m               [31m[1m^[22m[39m
     [90m 134 |[39m     }
     [90m 135 |[39m     
     [90m 136 |[39m     [90m// GDELT is always available (no API key required)[39m[0m

      at validateEnv (src/utils/envValidation.ts:133:15)
      at getEnv (src/utils/envValidation.ts:149:10)
      at new GDELTClient (src/clients/gdeltClient.ts:36:23)
      at new GroundingService (src/services/groundingService.ts:113:24)
      at Object.<anonymous> (src/services/groundingService.bugCondition.test.ts:84:23)

    console.log
      Γ£ô Available news providers: Mediastack, GDELT

      at validateEnv (src/utils/envValidation.ts:139:13)

    console.log
      {"timestamp":"2026-03-13T19:15:36.236Z","level":"info","service":"fakenewsoff-backend","message":"GDELT client initialized","event":"provider_init_success","provider":"gdelt"}

      at Logger.log (src/utils/logger.ts:69:13)

    console.log
      {"timestamp":"2026-03-13T19:15:36.236Z","level":"info","service":"fakenewsoff-backend","message":"GroundingService initialization 
complete","event":"grounding_service_ready","enabled":true,"provider_order_configured":["mediastack","gdelt"],"providers_available":["mediastack","gdelt"],"max_results":10}

      at Logger.log (src/utils/logger.ts:69:13)

    console.log
      Mediastack client configured: true

      at Object.<anonymous> (src/services/groundingService.bugCondition.test.ts:91:15)

    console.log
      Provider order: [ 'mediastack', 'gdelt' ]

      at Object.<anonymous> (src/services/groundingService.bugCondition.test.ts:92:15)

    console.warn
      ΓÜá∩╕Å  BING_NEWS_KEY not set - Bing News provider will not be available

    [0m [90m 131 |[39m       availableProviders[33m.[39mpush([32m'Bing News'[39m)[33m;[39m
     [90m 132 |[39m     } [36melse[39m {
    [31m[1m>[22m[39m[90m 133 |[39m       console[33m.[39mwarn([32m'ΓÜá∩╕Å  BING_NEWS_KEY not set - Bing News provider will not be available'[39m)[33m;[39m
     [90m     |[39m               [31m[1m^[22m[39m
     [90m 134 |[39m     }
     [90m 135 |[39m     
     [90m 136 |[39m     [90m// GDELT is always available (no API key required)[39m[0m

      at validateEnv (src/utils/envValidation.ts:133:15)
      at getEnv (src/utils/envValidation.ts:149:10)
      at new GroundingService (src/services/groundingService.ts:44:23)
      at Object.<anonymous> (src/services/groundingService.bugCondition.test.ts:113:23)

    console.log
      Γ£ô Available news providers: Mediastack, GDELT

      at validateEnv (src/utils/envValidation.ts:139:13)

    console.log
      {"timestamp":"2026-03-13T19:15:36.237Z","level":"info","service":"fakenewsoff-backend","message":"Initializing 
GroundingService","event":"grounding_service_init","enabled":true,"provider_order_configured":["mediastack","gdelt"]}

      at Logger.log (src/utils/logger.ts:69:13)

    console.warn
      ΓÜá∩╕Å  BING_NEWS_KEY not set - Bing News provider will not be available

    [0m [90m 131 |[39m       availableProviders[33m.[39mpush([32m'Bing News'[39m)[33m;[39m
     [90m 132 |[39m     } [36melse[39m {
    [31m[1m>[22m[39m[90m 133 |[39m       console[33m.[39mwarn([32m'ΓÜá∩╕Å  BING_NEWS_KEY not set - Bing News provider will not be available'[39m)[33m;[39m
     [90m     |[39m               [31m[1m^[22m[39m
     [90m 134 |[39m     }
     [90m 135 |[39m     
     [90m 136 |[39m     [90m// GDELT is always available (no API key required)[39m[0m

      at validateEnv (src/utils/envValidation.ts:133:15)
      at getEnv (src/utils/envValidation.ts:149:10)
      at new BingNewsClient (src/clients/bingNewsClient.ts:37:23)
      at new GroundingService (src/services/groundingService.ts:63:25)
      at Object.<anonymous> (src/services/groundingService.bugCondition.test.ts:113:23)

    console.log
      Γ£ô Available news providers: Mediastack, GDELT

      at validateEnv (src/utils/envValidation.ts:139:13)

    console.log
      {"timestamp":"2026-03-13T19:15:36.238Z","level":"info","service":"fakenewsoff-backend","message":"Bing News client not available (no API 
key)","event":"provider_init_skipped","provider":"bing","reason":"missing_api_key"}

      at Logger.log (src/utils/logger.ts:69:13)

    console.warn
      ΓÜá∩╕Å  BING_NEWS_KEY not set - Bing News provider will not be available

    [0m [90m 131 |[39m       availableProviders[33m.[39mpush([32m'Bing News'[39m)[33m;[39m
     [90m 132 |[39m     } [36melse[39m {
    [31m[1m>[22m[39m[90m 133 |[39m       console[33m.[39mwarn([32m'ΓÜá∩╕Å  BING_NEWS_KEY not set - Bing News provider will not be available'[39m)[33m;[39m
     [90m     |[39m               [31m[1m^[22m[39m
     [90m 134 |[39m     }
     [90m 135 |[39m     
     [90m 136 |[39m     [90m// GDELT is always available (no API key required)[39m[0m

      at validateEnv (src/utils/envValidation.ts:133:15)
      at getEnv (src/utils/envValidation.ts:149:10)
      at new BingWebClient (src/clients/bingWebClient.ts:65:23)
      at new GroundingService (src/services/groundingService.ts:80:28)
      at Object.<anonymous> (src/services/groundingService.bugCondition.test.ts:113:23)

    console.log
      Γ£ô Available news providers: Mediastack, GDELT

      at validateEnv (src/utils/envValidation.ts:139:13)

    console.log
      {"timestamp":"2026-03-13T19:15:36.238Z","level":"info","service":"fakenewsoff-backend","message":"Bing Web Search client not available (no API 
key)","event":"provider_init_skipped","provider":"bing_web","reason":"missing_api_key"}

      at Logger.log (src/utils/logger.ts:69:13)

    console.warn
      ΓÜá∩╕Å  BING_NEWS_KEY not set - Bing News provider will not be available

    [0m [90m 131 |[39m       availableProviders[33m.[39mpush([32m'Bing News'[39m)[33m;[39m
     [90m 132 |[39m     } [36melse[39m {
    [31m[1m>[22m[39m[90m 133 |[39m       console[33m.[39mwarn([32m'ΓÜá∩╕Å  BING_NEWS_KEY not set - Bing News provider will not be available'[39m)[33m;[39m
     [90m     |[39m               [31m[1m^[22m[39m
     [90m 134 |[39m     }
     [90m 135 |[39m     
     [90m 136 |[39m     [90m// GDELT is always available (no API key required)[39m[0m

      at validateEnv (src/utils/envValidation.ts:133:15)
      at getEnv (src/utils/envValidation.ts:149:10)
      at new MediastackClient (src/clients/mediastackClient.ts:66:23)
      at new GroundingService (src/services/groundingService.ts:97:31)
      at Object.<anonymous> (src/services/groundingService.bugCondition.test.ts:113:23)

    console.log
      Γ£ô Available news providers: Mediastack, GDELT

      at validateEnv (src/utils/envValidation.ts:139:13)

    console.log
      {"timestamp":"2026-03-13T19:15:36.239Z","level":"info","service":"fakenewsoff-backend","message":"Mediastack client initialized","event":"provider_init_success","provider":"mediastack"}

      at Logger.log (src/utils/logger.ts:69:13)

    console.warn
      ΓÜá∩╕Å  BING_NEWS_KEY not set - Bing News provider will not be available

    [0m [90m 131 |[39m       availableProviders[33m.[39mpush([32m'Bing News'[39m)[33m;[39m
     [90m 132 |[39m     } [36melse[39m {
    [31m[1m>[22m[39m[90m 133 |[39m       console[33m.[39mwarn([32m'ΓÜá∩╕Å  BING_NEWS_KEY not set - Bing News provider will not be available'[39m)[33m;[39m
     [90m     |[39m               [31m[1m^[22m[39m
     [90m 134 |[39m     }
     [90m 135 |[39m     
     [90m 136 |[39m     [90m// GDELT is always available (no API key required)[39m[0m

      at validateEnv (src/utils/envValidation.ts:133:15)
      at getEnv (src/utils/envValidation.ts:149:10)
      at new GDELTClient (src/clients/gdeltClient.ts:36:23)
      at new GroundingService (src/services/groundingService.ts:113:24)
      at Object.<anonymous> (src/services/groundingService.bugCondition.test.ts:113:23)

    console.log
      Γ£ô Available news providers: Mediastack, GDELT

      at validateEnv (src/utils/envValidation.ts:139:13)

    console.log
      {"timestamp":"2026-03-13T19:15:36.239Z","level":"info","service":"fakenewsoff-backend","message":"GDELT client initialized","event":"provider_init_success","provider":"gdelt"}

      at Logger.log (src/utils/logger.ts:69:13)

    console.log
      {"timestamp":"2026-03-13T19:15:36.240Z","level":"info","service":"fakenewsoff-backend","message":"GroundingService initialization 
complete","event":"grounding_service_ready","enabled":true,"provider_order_configured":["mediastack","gdelt"],"providers_available":["mediastack","gdelt"],"max_results":10}

      at Logger.log (src/utils/logger.ts:69:13)

    console.warn
      ΓÜá∩╕Å  BING_NEWS_KEY not set - Bing News provider will not be available

    [0m [90m 131 |[39m       availableProviders[33m.[39mpush([32m'Bing News'[39m)[33m;[39m
     [90m 132 |[39m     } [36melse[39m {
    [31m[1m>[22m[39m[90m 133 |[39m       console[33m.[39mwarn([32m'ΓÜá∩╕Å  BING_NEWS_KEY not set - Bing News provider will not be available'[39m)[33m;[39m
     [90m     |[39m               [31m[1m^[22m[39m
     [90m 134 |[39m     }
     [90m 135 |[39m     
     [90m 136 |[39m     [90m// GDELT is always available (no API key required)[39m[0m

      at validateEnv (src/utils/envValidation.ts:133:15)
      at getEnv (src/utils/envValidation.ts:149:10)
      at new GroundingService (src/services/groundingService.ts:44:23)
      at Object.<anonymous> (src/services/groundingService.bugCondition.test.ts:130:23)

    console.log
      Γ£ô Available news providers: Mediastack, GDELT

      at validateEnv (src/utils/envValidation.ts:139:13)

    console.log
      {"timestamp":"2026-03-13T19:15:36.241Z","level":"info","service":"fakenewsoff-backend","message":"Initializing 
GroundingService","event":"grounding_service_init","enabled":true,"provider_order_configured":["mediastack","gdelt"]}

      at Logger.log (src/utils/logger.ts:69:13)

    console.warn
      ΓÜá∩╕Å  BING_NEWS_KEY not set - Bing News provider will not be available

    [0m [90m 131 |[39m       availableProviders[33m.[39mpush([32m'Bing News'[39m)[33m;[39m
     [90m 132 |[39m     } [36melse[39m {
    [31m[1m>[22m[39m[90m 133 |[39m       console[33m.[39mwarn([32m'ΓÜá∩╕Å  BING_NEWS_KEY not set - Bing News provider will not be available'[39m)[33m;[39m
     [90m     |[39m               [31m[1m^[22m[39m
     [90m 134 |[39m     }
     [90m 135 |[39m     
     [90m 136 |[39m     [90m// GDELT is always available (no API key required)[39m[0m

      at validateEnv (src/utils/envValidation.ts:133:15)
      at getEnv (src/utils/envValidation.ts:149:10)
      at new BingNewsClient (src/clients/bingNewsClient.ts:37:23)
      at new GroundingService (src/services/groundingService.ts:63:25)
      at Object.<anonymous> (src/services/groundingService.bugCondition.test.ts:130:23)

    console.log
      Γ£ô Available news providers: Mediastack, GDELT

      at validateEnv (src/utils/envValidation.ts:139:13)

    console.log
      {"timestamp":"2026-03-13T19:15:36.242Z","level":"info","service":"fakenewsoff-backend","message":"Bing News client not available (no API 
key)","event":"provider_init_skipped","provider":"bing","reason":"missing_api_key"}

      at Logger.log (src/utils/logger.ts:69:13)

    console.warn
      ΓÜá∩╕Å  BING_NEWS_KEY not set - Bing News provider will not be available

    [0m [90m 131 |[39m       availableProviders[33m.[39mpush([32m'Bing News'[39m)[33m;[39m
     [90m 132 |[39m     } [36melse[39m {
    [31m[1m>[22m[39m[90m 133 |[39m       console[33m.[39mwarn([32m'ΓÜá∩╕Å  BING_NEWS_KEY not set - Bing News provider will not be available'[39m)[33m;[39m
     [90m     |[39m               [31m[1m^[22m[39m
     [90m 134 |[39m     }
     [90m 135 |[39m     
     [90m 136 |[39m     [90m// GDELT is always available (no API key required)[39m[0m

      at validateEnv (src/utils/envValidation.ts:133:15)
      at getEnv (src/utils/envValidation.ts:149:10)
      at new BingWebClient (src/clients/bingWebClient.ts:65:23)
      at new GroundingService (src/services/groundingService.ts:80:28)
      at Object.<anonymous> (src/services/groundingService.bugCondition.test.ts:130:23)

    console.log
      Γ£ô Available news providers: Mediastack, GDELT

      at validateEnv (src/utils/envValidation.ts:139:13)

    console.log
      {"timestamp":"2026-03-13T19:15:36.242Z","level":"info","service":"fakenewsoff-backend","message":"Bing Web Search client not available (no API 
key)","event":"provider_init_skipped","provider":"bing_web","reason":"missing_api_key"}

      at Logger.log (src/utils/logger.ts:69:13)

    console.warn
      ΓÜá∩╕Å  BING_NEWS_KEY not set - Bing News provider will not be available

    [0m [90m 131 |[39m       availableProviders[33m.[39mpush([32m'Bing News'[39m)[33m;[39m
     [90m 132 |[39m     } [36melse[39m {
    [31m[1m>[22m[39m[90m 133 |[39m       console[33m.[39mwarn([32m'ΓÜá∩╕Å  BING_NEWS_KEY not set - Bing News provider will not be available'[39m)[33m;[39m
     [90m     |[39m               [31m[1m^[22m[39m
     [90m 134 |[39m     }
     [90m 135 |[39m     
     [90m 136 |[39m     [90m// GDELT is always available (no API key required)[39m[0m

      at validateEnv (src/utils/envValidation.ts:133:15)
      at getEnv (src/utils/envValidation.ts:149:10)
      at new MediastackClient (src/clients/mediastackClient.ts:66:23)
      at new GroundingService (src/services/groundingService.ts:97:31)
      at Object.<anonymous> (src/services/groundingService.bugCondition.test.ts:130:23)

    console.log
      Γ£ô Available news providers: Mediastack, GDELT

      at validateEnv (src/utils/envValidation.ts:139:13)

    console.log
      {"timestamp":"2026-03-13T19:15:36.243Z","level":"info","service":"fakenewsoff-backend","message":"Mediastack client initialized","event":"provider_init_success","provider":"mediastack"}

      at Logger.log (src/utils/logger.ts:69:13)

    console.warn
      ΓÜá∩╕Å  BING_NEWS_KEY not set - Bing News provider will not be available

    [0m [90m 131 |[39m       availableProviders[33m.[39mpush([32m'Bing News'[39m)[33m;[39m
     [90m 132 |[39m     } [36melse[39m {
    [31m[1m>[22m[39m[90m 133 |[39m       console[33m.[39mwarn([32m'ΓÜá∩╕Å  BING_NEWS_KEY not set - Bing News provider will not be available'[39m)[33m;[39m
     [90m     |[39m               [31m[1m^[22m[39m
     [90m 134 |[39m     }
     [90m 135 |[39m     
     [90m 136 |[39m     [90m// GDELT is always available (no API key required)[39m[0m

      at validateEnv (src/utils/envValidation.ts:133:15)
      at getEnv (src/utils/envValidation.ts:149:10)
      at new GDELTClient (src/clients/gdeltClient.ts:36:23)
      at new GroundingService (src/services/groundingService.ts:113:24)
      at Object.<anonymous> (src/services/groundingService.bugCondition.test.ts:130:23)

    console.log
      Γ£ô Available news providers: Mediastack, GDELT

      at validateEnv (src/utils/envValidation.ts:139:13)

    console.log
      {"timestamp":"2026-03-13T19:15:36.244Z","level":"info","service":"fakenewsoff-backend","message":"GDELT client initialized","event":"provider_init_success","provider":"gdelt"}

      at Logger.log (src/utils/logger.ts:69:13)

    console.log
      {"timestamp":"2026-03-13T19:15:36.244Z","level":"info","service":"fakenewsoff-backend","message":"GroundingService initialization 
complete","event":"grounding_service_ready","enabled":true,"provider_order_configured":["mediastack","gdelt"],"providers_available":["mediastack","gdelt"],"max_results":10}

      at Logger.log (src/utils/logger.ts:69:13)

    console.warn
      ΓÜá∩╕Å  BING_NEWS_KEY not set - Bing News provider will not be available

    [0m [90m 131 |[39m       availableProviders[33m.[39mpush([32m'Bing News'[39m)[33m;[39m
     [90m 132 |[39m     } [36melse[39m {
    [31m[1m>[22m[39m[90m 133 |[39m       console[33m.[39mwarn([32m'ΓÜá∩╕Å  BING_NEWS_KEY not set - Bing News provider will not be available'[39m)[33m;[39m
     [90m     |[39m               [31m[1m^[22m[39m
     [90m 134 |[39m     }
     [90m 135 |[39m     
     [90m 136 |[39m     [90m// GDELT is always available (no API key required)[39m[0m

      at validateEnv (src/utils/envValidation.ts:133:15)
      at getEnv (src/utils/envValidation.ts:149:10)
      at GroundingService.getHealthStatus (src/services/groundingService.ts:1627:23)
      at Object.<anonymous> (src/services/groundingService.bugCondition.test.ts:131:30)

    console.log
      Γ£ô Available news providers: Mediastack, GDELT

      at validateEnv (src/utils/envValidation.ts:139:13)

    console.warn
      ΓÜá∩╕Å  BING_NEWS_KEY not set - Bing News provider will not be available

    [0m [90m 131 |[39m       availableProviders[33m.[39mpush([32m'Bing News'[39m)[33m;[39m
     [90m 132 |[39m     } [36melse[39m {
    [31m[1m>[22m[39m[90m 133 |[39m       console[33m.[39mwarn([32m'ΓÜá∩╕Å  BING_NEWS_KEY not set - Bing News provider will not be available'[39m)[33m;[39m
     [90m     |[39m               [31m[1m^[22m[39m
     [90m 134 |[39m     }
     [90m 135 |[39m     
     [90m 136 |[39m     [90m// GDELT is always available (no API key required)[39m[0m

      at validateEnv (src/utils/envValidation.ts:133:15)
      at getEnv (src/utils/envValidation.ts:149:10)
      at new GDELTThrottle (src/services/gdeltThrottle.ts:27:23)
      at getGDELTThrottle (src/services/gdeltThrottle.ts:86:24)
      at GroundingService.getHealthStatus (src/services/groundingService.ts:1628:38)
      at Object.<anonymous> (src/services/groundingService.bugCondition.test.ts:131:30)

    console.log
      Γ£ô Available news providers: Mediastack, GDELT

      at validateEnv (src/utils/envValidation.ts:139:13)

PASS src/services/groundingService.rateLimitCache.test.ts
  ΓùÅ Console

    console.warn
      ΓÜá∩╕Å  MEDIASTACK_API_KEY not set - Mediastack provider will not be available

    [0m [90m 125 |[39m       availableProviders[33m.[39mpush([32m'Mediastack'[39m)[33m;[39m
     [90m 126 |[39m     } [36melse[39m {
    [31m[1m>[22m[39m[90m 127 |[39m       console[33m.[39mwarn([32m'ΓÜá∩╕Å  MEDIASTACK_API_KEY not set - Mediastack provider will not be available'[39m)[33m;[39m
     [90m     |[39m               [31m[1m^[22m[39m
     [90m 128 |[39m     }
     [90m 129 |[39m     
     [90m 130 |[39m     [36mif[39m (parsed[33m.[39m[33mBING_NEWS_KEY[39m) {[0m

      at validateEnv (src/utils/envValidation.ts:127:15)
      at getEnv (src/utils/envValidation.ts:149:10)
      at new GroundingCache (src/services/groundingCache.ts:21:23)
      at getGroundingCache (src/services/groundingCache.ts:105:21)
      at new GroundingService (src/services/groundingService.ts:38:36)
      at getGroundingService (src/services/groundingService.ts:1782:23)
      at getRateLimitCached (src/services/groundingService.ts:1824:19)
      at Object.<anonymous> (src/services/groundingService.rateLimitCache.test.ts:22:40)

    console.warn
      ΓÜá∩╕Å  BING_NEWS_KEY not set - Bing News provider will not be available

    [0m [90m 131 |[39m       availableProviders[33m.[39mpush([32m'Bing News'[39m)[33m;[39m
     [90m 132 |[39m     } [36melse[39m {
    [31m[1m>[22m[39m[90m 133 |[39m       console[33m.[39mwarn([32m'ΓÜá∩╕Å  BING_NEWS_KEY not set - Bing News provider will not be available'[39m)[33m;[39m
     [90m     |[39m               [31m[1m^[22m[39m
     [90m 134 |[39m     }
     [90m 135 |[39m     
     [90m 136 |[39m     [90m// GDELT is always available (no API key required)[39m[0m

      at validateEnv (src/utils/envValidation.ts:133:15)
      at getEnv (src/utils/envValidation.ts:149:10)
      at new GroundingCache (src/services/groundingCache.ts:21:23)
      at getGroundingCache (src/services/groundingCache.ts:105:21)
      at new GroundingService (src/services/groundingService.ts:38:36)
      at getGroundingService (src/services/groundingService.ts:1782:23)
      at getRateLimitCached (src/services/groundingService.ts:1824:19)
      at Object.<anonymous> (src/services/groundingService.rateLimitCache.test.ts:22:40)

    console.log
      Γ£ô Available news providers: GDELT

      at validateEnv (src/utils/envValidation.ts:139:13)

    console.warn
      ΓÜá∩╕Å  MEDIASTACK_API_KEY not set - Mediastack provider will not be available

    [0m [90m 125 |[39m       availableProviders[33m.[39mpush([32m'Mediastack'[39m)[33m;[39m
     [90m 126 |[39m     } [36melse[39m {
    [31m[1m>[22m[39m[90m 127 |[39m       console[33m.[39mwarn([32m'ΓÜá∩╕Å  MEDIASTACK_API_KEY not set - Mediastack provider will not be available'[39m)[33m;[39m
     [90m     |[39m               [31m[1m^[22m[39m
     [90m 128 |[39m     }
     [90m 129 |[39m     
     [90m 130 |[39m     [36mif[39m (parsed[33m.[39m[33mBING_NEWS_KEY[39m) {[0m

      at validateEnv (src/utils/envValidation.ts:127:15)
      at getEnv (src/utils/envValidation.ts:149:10)
      at new GroundingService (src/services/groundingService.ts:44:23)
      at getGroundingService (src/services/groundingService.ts:1782:23)
      at getRateLimitCached (src/services/groundingService.ts:1824:19)
      at Object.<anonymous> (src/services/groundingService.rateLimitCache.test.ts:22:40)

    console.warn
      ΓÜá∩╕Å  BING_NEWS_KEY not set - Bing News provider will not be available

    [0m [90m 131 |[39m       availableProviders[33m.[39mpush([32m'Bing News'[39m)[33m;[39m
     [90m 132 |[39m     } [36melse[39m {
    [31m[1m>[22m[39m[90m 133 |[39m       console[33m.[39mwarn([32m'ΓÜá∩╕Å  BING_NEWS_KEY not set - Bing News provider will not be available'[39m)[33m;[39m
     [90m     |[39m               [31m[1m^[22m[39m
     [90m 134 |[39m     }
     [90m 135 |[39m     
     [90m 136 |[39m     [90m// GDELT is always available (no API key required)[39m[0m

      at validateEnv (src/utils/envValidation.ts:133:15)
      at getEnv (src/utils/envValidation.ts:149:10)
      at new GroundingService (src/services/groundingService.ts:44:23)
      at getGroundingService (src/services/groundingService.ts:1782:23)
      at getRateLimitCached (src/services/groundingService.ts:1824:19)
      at Object.<anonymous> (src/services/groundingService.rateLimitCache.test.ts:22:40)

    console.log
      Γ£ô Available news providers: GDELT

      at validateEnv (src/utils/envValidation.ts:139:13)

    console.log
      {"timestamp":"2026-03-13T19:15:36.085Z","level":"info","service":"fakenewsoff-backend","message":"Initializing 
GroundingService","event":"grounding_service_init","enabled":true,"provider_order_configured":["bing","gdelt"]}

      at Logger.log (src/utils/logger.ts:69:13)

    console.warn
      ΓÜá∩╕Å  MEDIASTACK_API_KEY not set - Mediastack provider will not be available

    [0m [90m 125 |[39m       availableProviders[33m.[39mpush([32m'Mediastack'[39m)[33m;[39m
     [90m 126 |[39m     } [36melse[39m {
    [31m[1m>[22m[39m[90m 127 |[39m       console[33m.[39mwarn([32m'ΓÜá∩╕Å  MEDIASTACK_API_KEY not set - Mediastack provider will not be available'[39m)[33m;[39m
     [90m     |[39m               [31m[1m^[22m[39m
     [90m 128 |[39m     }
     [90m 129 |[39m     
     [90m 130 |[39m     [36mif[39m (parsed[33m.[39m[33mBING_NEWS_KEY[39m) {[0m

      at validateEnv (src/utils/envValidation.ts:127:15)
      at getEnv (src/utils/envValidation.ts:149:10)
      at new BingNewsClient (src/clients/bingNewsClient.ts:37:23)
      at new GroundingService (src/services/groundingService.ts:63:25)
      at getGroundingService (src/services/groundingService.ts:1782:23)
      at getRateLimitCached (src/services/groundingService.ts:1824:19)
      at Object.<anonymous> (src/services/groundingService.rateLimitCache.test.ts:22:40)

    console.warn
      ΓÜá∩╕Å  BING_NEWS_KEY not set - Bing News provider will not be available

    [0m [90m 131 |[39m       availableProviders[33m.[39mpush([32m'Bing News'[39m)[33m;[39m
     [90m 132 |[39m     } [36melse[39m {
    [31m[1m>[22m[39m[90m 133 |[39m       console[33m.[39mwarn([32m'ΓÜá∩╕Å  BING_NEWS_KEY not set - Bing News provider will not be available'[39m)[33m;[39m
     [90m     |[39m               [31m[1m^[22m[39m
     [90m 134 |[39m     }
     [90m 135 |[39m     
     [90m 136 |[39m     [90m// GDELT is always available (no API key required)[39m[0m

      at validateEnv (src/utils/envValidation.ts:133:15)
      at getEnv (src/utils/envValidation.ts:149:10)
      at new BingNewsClient (src/clients/bingNewsClient.ts:37:23)
      at new GroundingService (src/services/groundingService.ts:63:25)
      at getGroundingService (src/services/groundingService.ts:1782:23)
      at getRateLimitCached (src/services/groundingService.ts:1824:19)
      at Object.<anonymous> (src/services/groundingService.rateLimitCache.test.ts:22:40)

    console.log
      Γ£ô Available news providers: GDELT

      at validateEnv (src/utils/envValidation.ts:139:13)

    console.log
      {"timestamp":"2026-03-13T19:15:36.088Z","level":"info","service":"fakenewsoff-backend","message":"Bing News client not available (no API 
key)","event":"provider_init_skipped","provider":"bing","reason":"missing_api_key"}

      at Logger.log (src/utils/logger.ts:69:13)

    console.warn
      ΓÜá∩╕Å  MEDIASTACK_API_KEY not set - Mediastack provider will not be available

    [0m [90m 125 |[39m       availableProviders[33m.[39mpush([32m'Mediastack'[39m)[33m;[39m
     [90m 126 |[39m     } [36melse[39m {
    [31m[1m>[22m[39m[90m 127 |[39m       console[33m.[39mwarn([32m'ΓÜá∩╕Å  MEDIASTACK_API_KEY not set - Mediastack provider will not be available'[39m)[33m;[39m
     [90m     |[39m               [31m[1m^[22m[39m
     [90m 128 |[39m     }
     [90m 129 |[39m     
     [90m 130 |[39m     [36mif[39m (parsed[33m.[39m[33mBING_NEWS_KEY[39m) {[0m

      at validateEnv (src/utils/envValidation.ts:127:15)
      at getEnv (src/utils/envValidation.ts:149:10)
      at new BingWebClient (src/clients/bingWebClient.ts:65:23)
      at new GroundingService (src/services/groundingService.ts:80:28)
      at getGroundingService (src/services/groundingService.ts:1782:23)
      at getRateLimitCached (src/services/groundingService.ts:1824:19)
      at Object.<anonymous> (src/services/groundingService.rateLimitCache.test.ts:22:40)

    console.warn
      ΓÜá∩╕Å  BING_NEWS_KEY not set - Bing News provider will not be available

    [0m [90m 131 |[39m       availableProviders[33m.[39mpush([32m'Bing News'[39m)[33m;[39m
     [90m 132 |[39m     } [36melse[39m {
    [31m[1m>[22m[39m[90m 133 |[39m       console[33m.[39mwarn([32m'ΓÜá∩╕Å  BING_NEWS_KEY not set - Bing News provider will not be available'[39m)[33m;[39m
     [90m     |[39m               [31m[1m^[22m[39m
     [90m 134 |[39m     }
     [90m 135 |[39m     
     [90m 136 |[39m     [90m// GDELT is always available (no API key required)[39m[0m

      at validateEnv (src/utils/envValidation.ts:133:15)
      at getEnv (src/utils/envValidation.ts:149:10)
      at new BingWebClient (src/clients/bingWebClient.ts:65:23)
      at new GroundingService (src/services/groundingService.ts:80:28)
      at getGroundingService (src/services/groundingService.ts:1782:23)
      at getRateLimitCached (src/services/groundingService.ts:1824:19)
      at Object.<anonymous> (src/services/groundingService.rateLimitCache.test.ts:22:40)

    console.log
      Γ£ô Available news providers: GDELT

      at validateEnv (src/utils/envValidation.ts:139:13)

    console.log
      {"timestamp":"2026-03-13T19:15:36.090Z","level":"info","service":"fakenewsoff-backend","message":"Bing Web Search client not available (no API 
key)","event":"provider_init_skipped","provider":"bing_web","reason":"missing_api_key"}

      at Logger.log (src/utils/logger.ts:69:13)

    console.warn
      ΓÜá∩╕Å  MEDIASTACK_API_KEY not set - Mediastack provider will not be available

    [0m [90m 125 |[39m       availableProviders[33m.[39mpush([32m'Mediastack'[39m)[33m;[39m
     [90m 126 |[39m     } [36melse[39m {
    [31m[1m>[22m[39m[90m 127 |[39m       console[33m.[39mwarn([32m'ΓÜá∩╕Å  MEDIASTACK_API_KEY not set - Mediastack provider will not be available'[39m)[33m;[39m
     [90m     |[39m               [31m[1m^[22m[39m
     [90m 128 |[39m     }
     [90m 129 |[39m     
     [90m 130 |[39m     [36mif[39m (parsed[33m.[39m[33mBING_NEWS_KEY[39m) {[0m

      at validateEnv (src/utils/envValidation.ts:127:15)
      at getEnv (src/utils/envValidation.ts:149:10)
      at new MediastackClient (src/clients/mediastackClient.ts:66:23)
      at new GroundingService (src/services/groundingService.ts:97:31)
      at getGroundingService (src/services/groundingService.ts:1782:23)
      at getRateLimitCached (src/services/groundingService.ts:1824:19)
      at Object.<anonymous> (src/services/groundingService.rateLimitCache.test.ts:22:40)

    console.warn
      ΓÜá∩╕Å  BING_NEWS_KEY not set - Bing News provider will not be available

    [0m [90m 131 |[39m       availableProviders[33m.[39mpush([32m'Bing News'[39m)[33m;[39m
     [90m 132 |[39m     } [36melse[39m {
    [31m[1m>[22m[39m[90m 133 |[39m       console[33m.[39mwarn([32m'ΓÜá∩╕Å  BING_NEWS_KEY not set - Bing News provider will not be available'[39m)[33m;[39m
     [90m     |[39m               [31m[1m^[22m[39m
     [90m 134 |[39m     }
     [90m 135 |[39m     
     [90m 136 |[39m     [90m// GDELT is always available (no API key required)[39m[0m

      at validateEnv (src/utils/envValidation.ts:133:15)
      at getEnv (src/utils/envValidation.ts:149:10)
      at new MediastackClient (src/clients/mediastackClient.ts:66:23)
      at new GroundingService (src/services/groundingService.ts:97:31)
      at getGroundingService (src/services/groundingService.ts:1782:23)
      at getRateLimitCached (src/services/groundingService.ts:1824:19)
      at Object.<anonymous> (src/services/groundingService.rateLimitCache.test.ts:22:40)

    console.log
      Γ£ô Available news providers: GDELT

      at validateEnv (src/utils/envValidation.ts:139:13)

    console.log
      {"timestamp":"2026-03-13T19:15:36.090Z","level":"info","service":"fakenewsoff-backend","message":"Mediastack client not available (no API 
key)","event":"provider_init_skipped","provider":"mediastack","reason":"missing_api_key"}

      at Logger.log (src/utils/logger.ts:69:13)

    console.warn
      ΓÜá∩╕Å  MEDIASTACK_API_KEY not set - Mediastack provider will not be available

    [0m [90m 125 |[39m       availableProviders[33m.[39mpush([32m'Mediastack'[39m)[33m;[39m
     [90m 126 |[39m     } [36melse[39m {
    [31m[1m>[22m[39m[90m 127 |[39m       console[33m.[39mwarn([32m'ΓÜá∩╕Å  MEDIASTACK_API_KEY not set - Mediastack provider will not be available'[39m)[33m;[39m
     [90m     |[39m               [31m[1m^[22m[39m
     [90m 128 |[39m     }
     [90m 129 |[39m     
     [90m 130 |[39m     [36mif[39m (parsed[33m.[39m[33mBING_NEWS_KEY[39m) {[0m

      at validateEnv (src/utils/envValidation.ts:127:15)
      at getEnv (src/utils/envValidation.ts:149:10)
      at new GDELTClient (src/clients/gdeltClient.ts:36:23)
      at new GroundingService (src/services/groundingService.ts:113:24)
      at getGroundingService (src/services/groundingService.ts:1782:23)
      at getRateLimitCached (src/services/groundingService.ts:1824:19)
      at Object.<anonymous> (src/services/groundingService.rateLimitCache.test.ts:22:40)

    console.warn
      ΓÜá∩╕Å  BING_NEWS_KEY not set - Bing News provider will not be available

    [0m [90m 131 |[39m       availableProviders[33m.[39mpush([32m'Bing News'[39m)[33m;[39m
     [90m 132 |[39m     } [36melse[39m {
    [31m[1m>[22m[39m[90m 133 |[39m       console[33m.[39mwarn([32m'ΓÜá∩╕Å  BING_NEWS_KEY not set - Bing News provider will not be available'[39m)[33m;[39m
     [90m     |[39m               [31m[1m^[22m[39m
     [90m 134 |[39m     }
     [90m 135 |[39m     
     [90m 136 |[39m     [90m// GDELT is always available (no API key required)[39m[0m

      at validateEnv (src/utils/envValidation.ts:133:15)
      at getEnv (src/utils/envValidation.ts:149:10)
      at new GDELTClient (src/clients/gdeltClient.ts:36:23)
      at new GroundingService (src/services/groundingService.ts:113:24)
      at getGroundingService (src/services/groundingService.ts:1782:23)
      at getRateLimitCached (src/services/groundingService.ts:1824:19)
      at Object.<anonymous> (src/services/groundingService.rateLimitCache.test.ts:22:40)

    console.log
      Γ£ô Available news providers: GDELT

      at validateEnv (src/utils/envValidation.ts:139:13)

    console.log
      {"timestamp":"2026-03-13T19:15:36.092Z","level":"info","service":"fakenewsoff-backend","message":"GDELT client initialized","event":"provider_init_success","provider":"gdelt"}

      at Logger.log (src/utils/logger.ts:69:13)

    console.log
      {"timestamp":"2026-03-13T19:15:36.093Z","level":"info","service":"fakenewsoff-backend","message":"GroundingService initialization 
complete","event":"grounding_service_ready","enabled":true,"provider_order_configured":["bing","gdelt"],"providers_available":["gdelt"],"max_results":10}

      at Logger.log (src/utils/logger.ts:69:13)

    console.warn
      ΓÜá∩╕Å  MEDIASTACK_API_KEY not set - Mediastack provider will not be available

    [0m [90m 125 |[39m       availableProviders[33m.[39mpush([32m'Mediastack'[39m)[33m;[39m
     [90m 126 |[39m     } [36melse[39m {
    [31m[1m>[22m[39m[90m 127 |[39m       console[33m.[39mwarn([32m'ΓÜá∩╕Å  MEDIASTACK_API_KEY not set - Mediastack provider will not be available'[39m)[33m;[39m
     [90m     |[39m               [31m[1m^[22m[39m
     [90m 128 |[39m     }
     [90m 129 |[39m     
     [90m 130 |[39m     [36mif[39m (parsed[33m.[39m[33mBING_NEWS_KEY[39m) {[0m

      at validateEnv (src/utils/envValidation.ts:127:15)
      at getEnv (src/utils/envValidation.ts:149:10)
      at new GroundingService (src/services/groundingService.ts:44:23)
      at getGroundingService (src/services/groundingService.ts:1782:23)
      at Object.<anonymous> (src/services/groundingService.rateLimitCache.test.ts:27:42)

    console.warn
      ΓÜá∩╕Å  BING_NEWS_KEY not set - Bing News provider will not be available

    [0m [90m 131 |[39m       availableProviders[33m.[39mpush([32m'Bing News'[39m)[33m;[39m
     [90m 132 |[39m     } [36melse[39m {
    [31m[1m>[22m[39m[90m 133 |[39m       console[33m.[39mwarn([32m'ΓÜá∩╕Å  BING_NEWS_KEY not set - Bing News provider will not be available'[39m)[33m;[39m
     [90m     |[39m               [31m[1m^[22m[39m
     [90m 134 |[39m     }
     [90m 135 |[39m     
     [90m 136 |[39m     [90m// GDELT is always available (no API key required)[39m[0m

      at validateEnv (src/utils/envValidation.ts:133:15)
      at getEnv (src/utils/envValidation.ts:149:10)
      at new GroundingService (src/services/groundingService.ts:44:23)
      at getGroundingService (src/services/groundingService.ts:1782:23)
      at Object.<anonymous> (src/services/groundingService.rateLimitCache.test.ts:27:42)

    console.log
      Γ£ô Available news providers: GDELT

      at validateEnv (src/utils/envValidation.ts:139:13)

    console.log
      {"timestamp":"2026-03-13T19:15:36.095Z","level":"info","service":"fakenewsoff-backend","message":"Initializing 
GroundingService","event":"grounding_service_init","enabled":true,"provider_order_configured":["bing","gdelt"]}

      at Logger.log (src/utils/logger.ts:69:13)

    console.warn
      ΓÜá∩╕Å  MEDIASTACK_API_KEY not set - Mediastack provider will not be available

    [0m [90m 125 |[39m       availableProviders[33m.[39mpush([32m'Mediastack'[39m)[33m;[39m
     [90m 126 |[39m     } [36melse[39m {
    [31m[1m>[22m[39m[90m 127 |[39m       console[33m.[39mwarn([32m'ΓÜá∩╕Å  MEDIASTACK_API_KEY not set - Mediastack provider will not be available'[39m)[33m;[39m
     [90m     |[39m               [31m[1m^[22m[39m
     [90m 128 |[39m     }
     [90m 129 |[39m     
     [90m 130 |[39m     [36mif[39m (parsed[33m.[39m[33mBING_NEWS_KEY[39m) {[0m

      at validateEnv (src/utils/envValidation.ts:127:15)
      at getEnv (src/utils/envValidation.ts:149:10)
      at new BingNewsClient (src/clients/bingNewsClient.ts:37:23)
      at new GroundingService (src/services/groundingService.ts:63:25)
      at getGroundingService (src/services/groundingService.ts:1782:23)
      at Object.<anonymous> (src/services/groundingService.rateLimitCache.test.ts:27:42)

    console.warn
      ΓÜá∩╕Å  BING_NEWS_KEY not set - Bing News provider will not be available

    [0m [90m 131 |[39m       availableProviders[33m.[39mpush([32m'Bing News'[39m)[33m;[39m
     [90m 132 |[39m     } [36melse[39m {
    [31m[1m>[22m[39m[90m 133 |[39m       console[33m.[39mwarn([32m'ΓÜá∩╕Å  BING_NEWS_KEY not set - Bing News provider will not be available'[39m)[33m;[39m
     [90m     |[39m               [31m[1m^[22m[39m
     [90m 134 |[39m     }
     [90m 135 |[39m     
     [90m 136 |[39m     [90m// GDELT is always available (no API key required)[39m[0m

      at validateEnv (src/utils/envValidation.ts:133:15)
      at getEnv (src/utils/envValidation.ts:149:10)
      at new BingNewsClient (src/clients/bingNewsClient.ts:37:23)
      at new GroundingService (src/services/groundingService.ts:63:25)
      at getGroundingService (src/services/groundingService.ts:1782:23)
      at Object.<anonymous> (src/services/groundingService.rateLimitCache.test.ts:27:42)

    console.log
      Γ£ô Available news providers: GDELT

      at validateEnv (src/utils/envValidation.ts:139:13)

    console.log
      {"timestamp":"2026-03-13T19:15:36.097Z","level":"info","service":"fakenewsoff-backend","message":"Bing News client not available (no API 
key)","event":"provider_init_skipped","provider":"bing","reason":"missing_api_key"}

      at Logger.log (src/utils/logger.ts:69:13)

    console.warn
      ΓÜá∩╕Å  MEDIASTACK_API_KEY not set - Mediastack provider will not be available

    [0m [90m 125 |[39m       availableProviders[33m.[39mpush([32m'Mediastack'[39m)[33m;[39m
     [90m 126 |[39m     } [36melse[39m {
    [31m[1m>[22m[39m[90m 127 |[39m       console[33m.[39mwarn([32m'ΓÜá∩╕Å  MEDIASTACK_API_KEY not set - Mediastack provider will not be available'[39m)[33m;[39m
     [90m     |[39m               [31m[1m^[22m[39m
     [90m 128 |[39m     }
     [90m 129 |[39m     
     [90m 130 |[39m     [36mif[39m (parsed[33m.[39m[33mBING_NEWS_KEY[39m) {[0m

      at validateEnv (src/utils/envValidation.ts:127:15)
      at getEnv (src/utils/envValidation.ts:149:10)
      at new BingWebClient (src/clients/bingWebClient.ts:65:23)
      at new GroundingService (src/services/groundingService.ts:80:28)
      at getGroundingService (src/services/groundingService.ts:1782:23)
      at Object.<anonymous> (src/services/groundingService.rateLimitCache.test.ts:27:42)

    console.warn
      ΓÜá∩╕Å  BING_NEWS_KEY not set - Bing News provider will not be available

    [0m [90m 131 |[39m       availableProviders[33m.[39mpush([32m'Bing News'[39m)[33m;[39m
     [90m 132 |[39m     } [36melse[39m {
    [31m[1m>[22m[39m[90m 133 |[39m       console[33m.[39mwarn([32m'ΓÜá∩╕Å  BING_NEWS_KEY not set - Bing News provider will not be available'[39m)[33m;[39m
     [90m     |[39m               [31m[1m^[22m[39m
     [90m 134 |[39m     }
     [90m 135 |[39m     
     [90m 136 |[39m     [90m// GDELT is always available (no API key required)[39m[0m

      at validateEnv (src/utils/envValidation.ts:133:15)
      at getEnv (src/utils/envValidation.ts:149:10)
      at new BingWebClient (src/clients/bingWebClient.ts:65:23)
      at new GroundingService (src/services/groundingService.ts:80:28)
      at getGroundingService (src/services/groundingService.ts:1782:23)
      at Object.<anonymous> (src/services/groundingService.rateLimitCache.test.ts:27:42)

    console.log
      Γ£ô Available news providers: GDELT

      at validateEnv (src/utils/envValidation.ts:139:13)

    console.log
      {"timestamp":"2026-03-13T19:15:36.099Z","level":"info","service":"fakenewsoff-backend","message":"Bing Web Search client not available (no API 
key)","event":"provider_init_skipped","provider":"bing_web","reason":"missing_api_key"}

      at Logger.log (src/utils/logger.ts:69:13)

    console.warn
      ΓÜá∩╕Å  MEDIASTACK_API_KEY not set - Mediastack provider will not be available

    [0m [90m 125 |[39m       availableProviders[33m.[39mpush([32m'Mediastack'[39m)[33m;[39m
     [90m 126 |[39m     } [36melse[39m {
    [31m[1m>[22m[39m[90m 127 |[39m       console[33m.[39mwarn([32m'ΓÜá∩╕Å  MEDIASTACK_API_KEY not set - Mediastack provider will not be available'[39m)[33m;[39m
     [90m     |[39m               [31m[1m^[22m[39m
     [90m 128 |[39m     }
     [90m 129 |[39m     
     [90m 130 |[39m     [36mif[39m (parsed[33m.[39m[33mBING_NEWS_KEY[39m) {[0m

      at validateEnv (src/utils/envValidation.ts:127:15)
      at getEnv (src/utils/envValidation.ts:149:10)
      at new MediastackClient (src/clients/mediastackClient.ts:66:23)
      at new GroundingService (src/services/groundingService.ts:97:31)
      at getGroundingService (src/services/groundingService.ts:1782:23)
      at Object.<anonymous> (src/services/groundingService.rateLimitCache.test.ts:27:42)

    console.warn
      ΓÜá∩╕Å  BING_NEWS_KEY not set - Bing News provider will not be available

    [0m [90m 131 |[39m       availableProviders[33m.[39mpush([32m'Bing News'[39m)[33m;[39m
     [90m 132 |[39m     } [36melse[39m {
    [31m[1m>[22m[39m[90m 133 |[39m       console[33m.[39mwarn([32m'ΓÜá∩╕Å  BING_NEWS_KEY not set - Bing News provider will not be available'[39m)[33m;[39m
     [90m     |[39m               [31m[1m^[22m[39m
     [90m 134 |[39m     }
     [90m 135 |[39m     
     [90m 136 |[39m     [90m// GDELT is always available (no API key required)[39m[0m

      at validateEnv (src/utils/envValidation.ts:133:15)
      at getEnv (src/utils/envValidation.ts:149:10)
      at new MediastackClient (src/clients/mediastackClient.ts:66:23)
      at new GroundingService (src/services/groundingService.ts:97:31)
      at getGroundingService (src/services/groundingService.ts:1782:23)
      at Object.<anonymous> (src/services/groundingService.rateLimitCache.test.ts:27:42)

    console.log
      Γ£ô Available news providers: GDELT

      at validateEnv (src/utils/envValidation.ts:139:13)

    console.log
      {"timestamp":"2026-03-13T19:15:36.100Z","level":"info","service":"fakenewsoff-backend","message":"Mediastack client not available (no API 
key)","event":"provider_init_skipped","provider":"mediastack","reason":"missing_api_key"}

      at Logger.log (src/utils/logger.ts:69:13)

    console.warn
      ΓÜá∩╕Å  MEDIASTACK_API_KEY not set - Mediastack provider will not be available

    [0m [90m 125 |[39m       availableProviders[33m.[39mpush([32m'Mediastack'[39m)[33m;[39m
     [90m 126 |[39m     } [36melse[39m {
    [31m[1m>[22m[39m[90m 127 |[39m       console[33m.[39mwarn([32m'ΓÜá∩╕Å  MEDIASTACK_API_KEY not set - Mediastack provider will not be available'[39m)[33m;[39m
     [90m     |[39m               [31m[1m^[22m[39m
     [90m 128 |[39m     }
     [90m 129 |[39m     
     [90m 130 |[39m     [36mif[39m (parsed[33m.[39m[33mBING_NEWS_KEY[39m) {[0m

      at validateEnv (src/utils/envValidation.ts:127:15)
      at getEnv (src/utils/envValidation.ts:149:10)
      at new GDELTClient (src/clients/gdeltClient.ts:36:23)
      at new GroundingService (src/services/groundingService.ts:113:24)
      at getGroundingService (src/services/groundingService.ts:1782:23)
      at Object.<anonymous> (src/services/groundingService.rateLimitCache.test.ts:27:42)

    console.warn
      ΓÜá∩╕Å  BING_NEWS_KEY not set - Bing News provider will not be available

    [0m [90m 131 |[39m       availableProviders[33m.[39mpush([32m'Bing News'[39m)[33m;[39m
     [90m 132 |[39m     } [36melse[39m {
    [31m[1m>[22m[39m[90m 133 |[39m       console[33m.[39mwarn([32m'ΓÜá∩╕Å  BING_NEWS_KEY not set - Bing News provider will not be available'[39m)[33m;[39m
     [90m     |[39m               [31m[1m^[22m[39m
     [90m 134 |[39m     }
     [90m 135 |[39m     
     [90m 136 |[39m     [90m// GDELT is always available (no API key required)[39m[0m

      at validateEnv (src/utils/envValidation.ts:133:15)
      at getEnv (src/utils/envValidation.ts:149:10)
      at new GDELTClient (src/clients/gdeltClient.ts:36:23)
      at new GroundingService (src/services/groundingService.ts:113:24)
      at getGroundingService (src/services/groundingService.ts:1782:23)
      at Object.<anonymous> (src/services/groundingService.rateLimitCache.test.ts:27:42)

    console.log
      Γ£ô Available news providers: GDELT

      at validateEnv (src/utils/envValidation.ts:139:13)

    console.log
      {"timestamp":"2026-03-13T19:15:36.101Z","level":"info","service":"fakenewsoff-backend","message":"GDELT client initialized","event":"provider_init_success","provider":"gdelt"}

      at Logger.log (src/utils/logger.ts:69:13)

    console.log
      {"timestamp":"2026-03-13T19:15:36.117Z","level":"info","service":"fakenewsoff-backend","message":"GroundingService initialization 
complete","event":"grounding_service_ready","enabled":true,"provider_order_configured":["bing","gdelt"],"providers_available":["gdelt"],"max_results":10}

      at Logger.log (src/utils/logger.ts:69:13)

    console.log
      {"timestamp":1773429336117,"level":"info","service":"fakenewsoff-backend","message":"Rate-limit cache entry 
set","event":"rate_limit_cache_set","provider":"mediastack","reason":"rate_limit","ttl_ms":300000}

      at Logger.log (src/utils/logger.ts:69:13)

    console.warn
      ΓÜá∩╕Å  MEDIASTACK_API_KEY not set - Mediastack provider will not be available

    [0m [90m 125 |[39m       availableProviders[33m.[39mpush([32m'Mediastack'[39m)[33m;[39m
     [90m 126 |[39m     } [36melse[39m {
    [31m[1m>[22m[39m[90m 127 |[39m       console[33m.[39mwarn([32m'ΓÜá∩╕Å  MEDIASTACK_API_KEY not set - Mediastack provider will not be available'[39m)[33m;[39m
     [90m     |[39m               [31m[1m^[22m[39m
     [90m 128 |[39m     }
     [90m 129 |[39m     
     [90m 130 |[39m     [36mif[39m (parsed[33m.[39m[33mBING_NEWS_KEY[39m) {[0m

      at validateEnv (src/utils/envValidation.ts:127:15)
      at getEnv (src/utils/envValidation.ts:149:10)
      at new GroundingService (src/services/groundingService.ts:44:23)
      at getGroundingService (src/services/groundingService.ts:1782:23)
      at Object.<anonymous> (src/services/groundingService.rateLimitCache.test.ts:41:42)

    console.warn
      ΓÜá∩╕Å  BING_NEWS_KEY not set - Bing News provider will not be available

    [0m [90m 131 |[39m       availableProviders[33m.[39mpush([32m'Bing News'[39m)[33m;[39m
     [90m 132 |[39m     } [36melse[39m {
    [31m[1m>[22m[39m[90m 133 |[39m       console[33m.[39mwarn([32m'ΓÜá∩╕Å  BING_NEWS_KEY not set - Bing News provider will not be available'[39m)[33m;[39m
     [90m     |[39m               [31m[1m^[22m[39m
     [90m 134 |[39m     }
     [90m 135 |[39m     
     [90m 136 |[39m     [90m// GDELT is always available (no API key required)[39m[0m

      at validateEnv (src/utils/envValidation.ts:133:15)
      at getEnv (src/utils/envValidation.ts:149:10)
      at new GroundingService (src/services/groundingService.ts:44:23)
      at getGroundingService (src/services/groundingService.ts:1782:23)
      at Object.<anonymous> (src/services/groundingService.rateLimitCache.test.ts:41:42)

    console.log
      Γ£ô Available news providers: GDELT

      at validateEnv (src/utils/envValidation.ts:139:13)

    console.log
      {"timestamp":"2026-03-13T19:15:36.119Z","level":"info","service":"fakenewsoff-backend","message":"Initializing 
GroundingService","event":"grounding_service_init","enabled":true,"provider_order_configured":["bing","gdelt"]}

      at Logger.log (src/utils/logger.ts:69:13)

    console.warn
      ΓÜá∩╕Å  MEDIASTACK_API_KEY not set - Mediastack provider will not be available

    [0m [90m 125 |[39m       availableProviders[33m.[39mpush([32m'Mediastack'[39m)[33m;[39m
     [90m 126 |[39m     } [36melse[39m {
    [31m[1m>[22m[39m[90m 127 |[39m       console[33m.[39mwarn([32m'ΓÜá∩╕Å  MEDIASTACK_API_KEY not set - Mediastack provider will not be available'[39m)[33m;[39m
     [90m     |[39m               [31m[1m^[22m[39m
     [90m 128 |[39m     }
     [90m 129 |[39m     
     [90m 130 |[39m     [36mif[39m (parsed[33m.[39m[33mBING_NEWS_KEY[39m) {[0m

      at validateEnv (src/utils/envValidation.ts:127:15)
      at getEnv (src/utils/envValidation.ts:149:10)
      at new BingNewsClient (src/clients/bingNewsClient.ts:37:23)
      at new GroundingService (src/services/groundingService.ts:63:25)
      at getGroundingService (src/services/groundingService.ts:1782:23)
      at Object.<anonymous> (src/services/groundingService.rateLimitCache.test.ts:41:42)

    console.warn
      ΓÜá∩╕Å  BING_NEWS_KEY not set - Bing News provider will not be available

    [0m [90m 131 |[39m       availableProviders[33m.[39mpush([32m'Bing News'[39m)[33m;[39m
     [90m 132 |[39m     } [36melse[39m {
    [31m[1m>[22m[39m[90m 133 |[39m       console[33m.[39mwarn([32m'ΓÜá∩╕Å  BING_NEWS_KEY not set - Bing News provider will not be available'[39m)[33m;[39m
     [90m     |[39m               [31m[1m^[22m[39m
     [90m 134 |[39m     }
     [90m 135 |[39m     
     [90m 136 |[39m     [90m// GDELT is always available (no API key required)[39m[0m

      at validateEnv (src/utils/envValidation.ts:133:15)
      at getEnv (src/utils/envValidation.ts:149:10)
      at new BingNewsClient (src/clients/bingNewsClient.ts:37:23)
      at new GroundingService (src/services/groundingService.ts:63:25)
      at getGroundingService (src/services/groundingService.ts:1782:23)
      at Object.<anonymous> (src/services/groundingService.rateLimitCache.test.ts:41:42)

    console.log
      Γ£ô Available news providers: GDELT

      at validateEnv (src/utils/envValidation.ts:139:13)

    console.log
      {"timestamp":"2026-03-13T19:15:36.121Z","level":"info","service":"fakenewsoff-backend","message":"Bing News client not available (no API 
key)","event":"provider_init_skipped","provider":"bing","reason":"missing_api_key"}

      at Logger.log (src/utils/logger.ts:69:13)

    console.warn
      ΓÜá∩╕Å  MEDIASTACK_API_KEY not set - Mediastack provider will not be available

    [0m [90m 125 |[39m       availableProviders[33m.[39mpush([32m'Mediastack'[39m)[33m;[39m
     [90m 126 |[39m     } [36melse[39m {
    [31m[1m>[22m[39m[90m 127 |[39m       console[33m.[39mwarn([32m'ΓÜá∩╕Å  MEDIASTACK_API_KEY not set - Mediastack provider will not be available'[39m)[33m;[39m
     [90m     |[39m               [31m[1m^[22m[39m
     [90m 128 |[39m     }
     [90m 129 |[39m     
     [90m 130 |[39m     [36mif[39m (parsed[33m.[39m[33mBING_NEWS_KEY[39m) {[0m

      at validateEnv (src/utils/envValidation.ts:127:15)
      at getEnv (src/utils/envValidation.ts:149:10)
      at new BingWebClient (src/clients/bingWebClient.ts:65:23)
      at new GroundingService (src/services/groundingService.ts:80:28)
      at getGroundingService (src/services/groundingService.ts:1782:23)
      at Object.<anonymous> (src/services/groundingService.rateLimitCache.test.ts:41:42)

    console.warn
      ΓÜá∩╕Å  BING_NEWS_KEY not set - Bing News provider will not be available

    [0m [90m 131 |[39m       availableProviders[33m.[39mpush([32m'Bing News'[39m)[33m;[39m
     [90m 132 |[39m     } [36melse[39m {
    [31m[1m>[22m[39m[90m 133 |[39m       console[33m.[39mwarn([32m'ΓÜá∩╕Å  BING_NEWS_KEY not set - Bing News provider will not be available'[39m)[33m;[39m
     [90m     |[39m               [31m[1m^[22m[39m
     [90m 134 |[39m     }
     [90m 135 |[39m     
     [90m 136 |[39m     [90m// GDELT is always available (no API key required)[39m[0m

      at validateEnv (src/utils/envValidation.ts:133:15)
      at getEnv (src/utils/envValidation.ts:149:10)
      at new BingWebClient (src/clients/bingWebClient.ts:65:23)
      at new GroundingService (src/services/groundingService.ts:80:28)
      at getGroundingService (src/services/groundingService.ts:1782:23)
      at Object.<anonymous> (src/services/groundingService.rateLimitCache.test.ts:41:42)

    console.log
      Γ£ô Available news providers: GDELT

      at validateEnv (src/utils/envValidation.ts:139:13)

    console.log
      {"timestamp":"2026-03-13T19:15:36.123Z","level":"info","service":"fakenewsoff-backend","message":"Bing Web Search client not available (no API 
key)","event":"provider_init_skipped","provider":"bing_web","reason":"missing_api_key"}

      at Logger.log (src/utils/logger.ts:69:13)

    console.warn
      ΓÜá∩╕Å  MEDIASTACK_API_KEY not set - Mediastack provider will not be available

    [0m [90m 125 |[39m       availableProviders[33m.[39mpush([32m'Mediastack'[39m)[33m;[39m
     [90m 126 |[39m     } [36melse[39m {
    [31m[1m>[22m[39m[90m 127 |[39m       console[33m.[39mwarn([32m'ΓÜá∩╕Å  MEDIASTACK_API_KEY not set - Mediastack provider will not be available'[39m)[33m;[39m
     [90m     |[39m               [31m[1m^[22m[39m
     [90m 128 |[39m     }
     [90m 129 |[39m     
     [90m 130 |[39m     [36mif[39m (parsed[33m.[39m[33mBING_NEWS_KEY[39m) {[0m

      at validateEnv (src/utils/envValidation.ts:127:15)
      at getEnv (src/utils/envValidation.ts:149:10)
      at new MediastackClient (src/clients/mediastackClient.ts:66:23)
      at new GroundingService (src/services/groundingService.ts:97:31)
      at getGroundingService (src/services/groundingService.ts:1782:23)
      at Object.<anonymous> (src/services/groundingService.rateLimitCache.test.ts:41:42)

    console.warn
      ΓÜá∩╕Å  BING_NEWS_KEY not set - Bing News provider will not be available

    [0m [90m 131 |[39m       availableProviders[33m.[39mpush([32m'Bing News'[39m)[33m;[39m
     [90m 132 |[39m     } [36melse[39m {
    [31m[1m>[22m[39m[90m 133 |[39m       console[33m.[39mwarn([32m'ΓÜá∩╕Å  BING_NEWS_KEY not set - Bing News provider will not be available'[39m)[33m;[39m
     [90m     |[39m               [31m[1m^[22m[39m
     [90m 134 |[39m     }
     [90m 135 |[39m     
     [90m 136 |[39m     [90m// GDELT is always available (no API key required)[39m[0m

      at validateEnv (src/utils/envValidation.ts:133:15)
      at getEnv (src/utils/envValidation.ts:149:10)
      at new MediastackClient (src/clients/mediastackClient.ts:66:23)
      at new GroundingService (src/services/groundingService.ts:97:31)
      at getGroundingService (src/services/groundingService.ts:1782:23)
      at Object.<anonymous> (src/services/groundingService.rateLimitCache.test.ts:41:42)

    console.log
      Γ£ô Available news providers: GDELT

      at validateEnv (src/utils/envValidation.ts:139:13)

    console.log
      {"timestamp":"2026-03-13T19:15:36.124Z","level":"info","service":"fakenewsoff-backend","message":"Mediastack client not available (no API 
key)","event":"provider_init_skipped","provider":"mediastack","reason":"missing_api_key"}

      at Logger.log (src/utils/logger.ts:69:13)

    console.warn
      ΓÜá∩╕Å  MEDIASTACK_API_KEY not set - Mediastack provider will not be available

    [0m [90m 125 |[39m       availableProviders[33m.[39mpush([32m'Mediastack'[39m)[33m;[39m
     [90m 126 |[39m     } [36melse[39m {
    [31m[1m>[22m[39m[90m 127 |[39m       console[33m.[39mwarn([32m'ΓÜá∩╕Å  MEDIASTACK_API_KEY not set - Mediastack provider will not be available'[39m)[33m;[39m
     [90m     |[39m               [31m[1m^[22m[39m
     [90m 128 |[39m     }
     [90m 129 |[39m     
     [90m 130 |[39m     [36mif[39m (parsed[33m.[39m[33mBING_NEWS_KEY[39m) {[0m

      at validateEnv (src/utils/envValidation.ts:127:15)
      at getEnv (src/utils/envValidation.ts:149:10)
      at new GDELTClient (src/clients/gdeltClient.ts:36:23)
      at new GroundingService (src/services/groundingService.ts:113:24)
      at getGroundingService (src/services/groundingService.ts:1782:23)
      at Object.<anonymous> (src/services/groundingService.rateLimitCache.test.ts:41:42)

    console.warn
      ΓÜá∩╕Å  BING_NEWS_KEY not set - Bing News provider will not be available

    [0m [90m 131 |[39m       availableProviders[33m.[39mpush([32m'Bing News'[39m)[33m;[39m
     [90m 132 |[39m     } [36melse[39m {
    [31m[1m>[22m[39m[90m 133 |[39m       console[33m.[39mwarn([32m'ΓÜá∩╕Å  BING_NEWS_KEY not set - Bing News provider will not be available'[39m)[33m;[39m
     [90m     |[39m               [31m[1m^[22m[39m
     [90m 134 |[39m     }
     [90m 135 |[39m     
     [90m 136 |[39m     [90m// GDELT is always available (no API key required)[39m[0m

      at validateEnv (src/utils/envValidation.ts:133:15)
      at getEnv (src/utils/envValidation.ts:149:10)
      at new GDELTClient (src/clients/gdeltClient.ts:36:23)
      at new GroundingService (src/services/groundingService.ts:113:24)
      at getGroundingService (src/services/groundingService.ts:1782:23)
      at Object.<anonymous> (src/services/groundingService.rateLimitCache.test.ts:41:42)

    console.log
      Γ£ô Available news providers: GDELT

      at validateEnv (src/utils/envValidation.ts:139:13)

    console.log
      {"timestamp":"2026-03-13T19:15:36.125Z","level":"info","service":"fakenewsoff-backend","message":"GDELT client initialized","event":"provider_init_success","provider":"gdelt"}

      at Logger.log (src/utils/logger.ts:69:13)

    console.log
      {"timestamp":"2026-03-13T19:15:36.125Z","level":"info","service":"fakenewsoff-backend","message":"GroundingService initialization 
complete","event":"grounding_service_ready","enabled":true,"provider_order_configured":["bing","gdelt"],"providers_available":["gdelt"],"max_results":10}

      at Logger.log (src/utils/logger.ts:69:13)

    console.log
      {"timestamp":1773429336125,"level":"info","service":"fakenewsoff-backend","message":"Rate-limit cache entry 
set","event":"rate_limit_cache_set","provider":"mediastack","reason":"rate_limit","ttl_ms":0}

      at Logger.log (src/utils/logger.ts:69:13)

    console.warn
      ΓÜá∩╕Å  MEDIASTACK_API_KEY not set - Mediastack provider will not be available

    [0m [90m 125 |[39m       availableProviders[33m.[39mpush([32m'Mediastack'[39m)[33m;[39m
     [90m 126 |[39m     } [36melse[39m {
    [31m[1m>[22m[39m[90m 127 |[39m       console[33m.[39mwarn([32m'ΓÜá∩╕Å  MEDIASTACK_API_KEY not set - Mediastack provider will not be available'[39m)[33m;[39m
     [90m     |[39m               [31m[1m^[22m[39m
     [90m 128 |[39m     }
     [90m 129 |[39m     
     [90m 130 |[39m     [36mif[39m (parsed[33m.[39m[33mBING_NEWS_KEY[39m) {[0m

      at validateEnv (src/utils/envValidation.ts:127:15)
      at getEnv (src/utils/envValidation.ts:149:10)
      at new GroundingService (src/services/groundingService.ts:44:23)
      at getGroundingService (src/services/groundingService.ts:1782:23)
      at Object.<anonymous> (src/services/groundingService.rateLimitCache.test.ts:53:42)

    console.warn
      ΓÜá∩╕Å  BING_NEWS_KEY not set - Bing News provider will not be available

    [0m [90m 131 |[39m       availableProviders[33m.[39mpush([32m'Bing News'[39m)[33m;[39m
     [90m 132 |[39m     } [36melse[39m {
    [31m[1m>[22m[39m[90m 133 |[39m       console[33m.[39mwarn([32m'ΓÜá∩╕Å  BING_NEWS_KEY not set - Bing News provider will not be available'[39m)[33m;[39m
     [90m     |[39m               [31m[1m^[22m[39m
     [90m 134 |[39m     }
     [90m 135 |[39m     
     [90m 136 |[39m     [90m// GDELT is always available (no API key required)[39m[0m

      at validateEnv (src/utils/envValidation.ts:133:15)
      at getEnv (src/utils/envValidation.ts:149:10)
      at new GroundingService (src/services/groundingService.ts:44:23)
      at getGroundingService (src/services/groundingService.ts:1782:23)
      at Object.<anonymous> (src/services/groundingService.rateLimitCache.test.ts:53:42)

    console.log
      Γ£ô Available news providers: GDELT

      at validateEnv (src/utils/envValidation.ts:139:13)

    console.log
      {"timestamp":"2026-03-13T19:15:36.126Z","level":"info","service":"fakenewsoff-backend","message":"Initializing 
GroundingService","event":"grounding_service_init","enabled":true,"provider_order_configured":["bing","gdelt"]}

      at Logger.log (src/utils/logger.ts:69:13)

    console.warn
      ΓÜá∩╕Å  MEDIASTACK_API_KEY not set - Mediastack provider will not be available

    [0m [90m 125 |[39m       availableProviders[33m.[39mpush([32m'Mediastack'[39m)[33m;[39m
     [90m 126 |[39m     } [36melse[39m {
    [31m[1m>[22m[39m[90m 127 |[39m       console[33m.[39mwarn([32m'ΓÜá∩╕Å  MEDIASTACK_API_KEY not set - Mediastack provider will not be available'[39m)[33m;[39m
     [90m     |[39m               [31m[1m^[22m[39m
     [90m 128 |[39m     }
     [90m 129 |[39m     
     [90m 130 |[39m     [36mif[39m (parsed[33m.[39m[33mBING_NEWS_KEY[39m) {[0m

      at validateEnv (src/utils/envValidation.ts:127:15)
      at getEnv (src/utils/envValidation.ts:149:10)
      at new BingNewsClient (src/clients/bingNewsClient.ts:37:23)
      at new GroundingService (src/services/groundingService.ts:63:25)
      at getGroundingService (src/services/groundingService.ts:1782:23)
      at Object.<anonymous> (src/services/groundingService.rateLimitCache.test.ts:53:42)

    console.warn
      ΓÜá∩╕Å  BING_NEWS_KEY not set - Bing News provider will not be available

    [0m [90m 131 |[39m       availableProviders[33m.[39mpush([32m'Bing News'[39m)[33m;[39m
     [90m 132 |[39m     } [36melse[39m {
    [31m[1m>[22m[39m[90m 133 |[39m       console[33m.[39mwarn([32m'ΓÜá∩╕Å  BING_NEWS_KEY not set - Bing News provider will not be available'[39m)[33m;[39m
     [90m     |[39m               [31m[1m^[22m[39m
     [90m 134 |[39m     }
     [90m 135 |[39m     
     [90m 136 |[39m     [90m// GDELT is always available (no API key required)[39m[0m

      at validateEnv (src/utils/envValidation.ts:133:15)
      at getEnv (src/utils/envValidation.ts:149:10)
      at new BingNewsClient (src/clients/bingNewsClient.ts:37:23)
      at new GroundingService (src/services/groundingService.ts:63:25)
      at getGroundingService (src/services/groundingService.ts:1782:23)
      at Object.<anonymous> (src/services/groundingService.rateLimitCache.test.ts:53:42)

    console.log
      Γ£ô Available news providers: GDELT

      at validateEnv (src/utils/envValidation.ts:139:13)

    console.log
      {"timestamp":"2026-03-13T19:15:36.127Z","level":"info","service":"fakenewsoff-backend","message":"Bing News client not available (no API 
key)","event":"provider_init_skipped","provider":"bing","reason":"missing_api_key"}

      at Logger.log (src/utils/logger.ts:69:13)

    console.warn
      ΓÜá∩╕Å  MEDIASTACK_API_KEY not set - Mediastack provider will not be available

    [0m [90m 125 |[39m       availableProviders[33m.[39mpush([32m'Mediastack'[39m)[33m;[39m
     [90m 126 |[39m     } [36melse[39m {
    [31m[1m>[22m[39m[90m 127 |[39m       console[33m.[39mwarn([32m'ΓÜá∩╕Å  MEDIASTACK_API_KEY not set - Mediastack provider will not be available'[39m)[33m;[39m
     [90m     |[39m               [31m[1m^[22m[39m
     [90m 128 |[39m     }
     [90m 129 |[39m     
     [90m 130 |[39m     [36mif[39m (parsed[33m.[39m[33mBING_NEWS_KEY[39m) {[0m

      at validateEnv (src/utils/envValidation.ts:127:15)
      at getEnv (src/utils/envValidation.ts:149:10)
      at new BingWebClient (src/clients/bingWebClient.ts:65:23)
      at new GroundingService (src/services/groundingService.ts:80:28)
      at getGroundingService (src/services/groundingService.ts:1782:23)
      at Object.<anonymous> (src/services/groundingService.rateLimitCache.test.ts:53:42)

    console.warn
      ΓÜá∩╕Å  BING_NEWS_KEY not set - Bing News provider will not be available

    [0m [90m 131 |[39m       availableProviders[33m.[39mpush([32m'Bing News'[39m)[33m;[39m
     [90m 132 |[39m     } [36melse[39m {
    [31m[1m>[22m[39m[90m 133 |[39m       console[33m.[39mwarn([32m'ΓÜá∩╕Å  BING_NEWS_KEY not set - Bing News provider will not be available'[39m)[33m;[39m
     [90m     |[39m               [31m[1m^[22m[39m
     [90m 134 |[39m     }
     [90m 135 |[39m     
     [90m 136 |[39m     [90m// GDELT is always available (no API key required)[39m[0m

      at validateEnv (src/utils/envValidation.ts:133:15)
      at getEnv (src/utils/envValidation.ts:149:10)
      at new BingWebClient (src/clients/bingWebClient.ts:65:23)
      at new GroundingService (src/services/groundingService.ts:80:28)
      at getGroundingService (src/services/groundingService.ts:1782:23)
      at Object.<anonymous> (src/services/groundingService.rateLimitCache.test.ts:53:42)

    console.log
      Γ£ô Available news providers: GDELT

      at validateEnv (src/utils/envValidation.ts:139:13)

    console.log
      {"timestamp":"2026-03-13T19:15:36.128Z","level":"info","service":"fakenewsoff-backend","message":"Bing Web Search client not available (no API 
key)","event":"provider_init_skipped","provider":"bing_web","reason":"missing_api_key"}

      at Logger.log (src/utils/logger.ts:69:13)

    console.warn
      ΓÜá∩╕Å  MEDIASTACK_API_KEY not set - Mediastack provider will not be available

    [0m [90m 125 |[39m       availableProviders[33m.[39mpush([32m'Mediastack'[39m)[33m;[39m
     [90m 126 |[39m     } [36melse[39m {
    [31m[1m>[22m[39m[90m 127 |[39m       console[33m.[39mwarn([32m'ΓÜá∩╕Å  MEDIASTACK_API_KEY not set - Mediastack provider will not be available'[39m)[33m;[39m
     [90m     |[39m               [31m[1m^[22m[39m
     [90m 128 |[39m     }
     [90m 129 |[39m     
     [90m 130 |[39m     [36mif[39m (parsed[33m.[39m[33mBING_NEWS_KEY[39m) {[0m

      at validateEnv (src/utils/envValidation.ts:127:15)
      at getEnv (src/utils/envValidation.ts:149:10)
      at new MediastackClient (src/clients/mediastackClient.ts:66:23)
      at new GroundingService (src/services/groundingService.ts:97:31)
      at getGroundingService (src/services/groundingService.ts:1782:23)
      at Object.<anonymous> (src/services/groundingService.rateLimitCache.test.ts:53:42)

    console.warn
      ΓÜá∩╕Å  BING_NEWS_KEY not set - Bing News provider will not be available

    [0m [90m 131 |[39m       availableProviders[33m.[39mpush([32m'Bing News'[39m)[33m;[39m
     [90m 132 |[39m     } [36melse[39m {
    [31m[1m>[22m[39m[90m 133 |[39m       console[33m.[39mwarn([32m'ΓÜá∩╕Å  BING_NEWS_KEY not set - Bing News provider will not be available'[39m)[33m;[39m
     [90m     |[39m               [31m[1m^[22m[39m
     [90m 134 |[39m     }
     [90m 135 |[39m     
     [90m 136 |[39m     [90m// GDELT is always available (no API key required)[39m[0m

      at validateEnv (src/utils/envValidation.ts:133:15)
      at getEnv (src/utils/envValidation.ts:149:10)
      at new MediastackClient (src/clients/mediastackClient.ts:66:23)
      at new GroundingService (src/services/groundingService.ts:97:31)
      at getGroundingService (src/services/groundingService.ts:1782:23)
      at Object.<anonymous> (src/services/groundingService.rateLimitCache.test.ts:53:42)

    console.log
      Γ£ô Available news providers: GDELT

      at validateEnv (src/utils/envValidation.ts:139:13)

    console.log
      {"timestamp":"2026-03-13T19:15:36.130Z","level":"info","service":"fakenewsoff-backend","message":"Mediastack client not available (no API 
key)","event":"provider_init_skipped","provider":"mediastack","reason":"missing_api_key"}

      at Logger.log (src/utils/logger.ts:69:13)

    console.warn
      ΓÜá∩╕Å  MEDIASTACK_API_KEY not set - Mediastack provider will not be available

    [0m [90m 125 |[39m       availableProviders[33m.[39mpush([32m'Mediastack'[39m)[33m;[39m
     [90m 126 |[39m     } [36melse[39m {
    [31m[1m>[22m[39m[90m 127 |[39m       console[33m.[39mwarn([32m'ΓÜá∩╕Å  MEDIASTACK_API_KEY not set - Mediastack provider will not be available'[39m)[33m;[39m
     [90m     |[39m               [31m[1m^[22m[39m
     [90m 128 |[39m     }
     [90m 129 |[39m     
     [90m 130 |[39m     [36mif[39m (parsed[33m.[39m[33mBING_NEWS_KEY[39m) {[0m

      at validateEnv (src/utils/envValidation.ts:127:15)
      at getEnv (src/utils/envValidation.ts:149:10)
      at new GDELTClient (src/clients/gdeltClient.ts:36:23)
      at new GroundingService (src/services/groundingService.ts:113:24)
      at getGroundingService (src/services/groundingService.ts:1782:23)
      at Object.<anonymous> (src/services/groundingService.rateLimitCache.test.ts:53:42)

    console.warn
      ΓÜá∩╕Å  BING_NEWS_KEY not set - Bing News provider will not be available

    [0m [90m 131 |[39m       availableProviders[33m.[39mpush([32m'Bing News'[39m)[33m;[39m
     [90m 132 |[39m     } [36melse[39m {
    [31m[1m>[22m[39m[90m 133 |[39m       console[33m.[39mwarn([32m'ΓÜá∩╕Å  BING_NEWS_KEY not set - Bing News provider will not be available'[39m)[33m;[39m
     [90m     |[39m               [31m[1m^[22m[39m
     [90m 134 |[39m     }
     [90m 135 |[39m     
     [90m 136 |[39m     [90m// GDELT is always available (no API key required)[39m[0m

      at validateEnv (src/utils/envValidation.ts:133:15)
      at getEnv (src/utils/envValidation.ts:149:10)
      at new GDELTClient (src/clients/gdeltClient.ts:36:23)
      at new GroundingService (src/services/groundingService.ts:113:24)
      at getGroundingService (src/services/groundingService.ts:1782:23)
      at Object.<anonymous> (src/services/groundingService.rateLimitCache.test.ts:53:42)

    console.log
      Γ£ô Available news providers: GDELT

      at validateEnv (src/utils/envValidation.ts:139:13)

    console.log
      {"timestamp":"2026-03-13T19:15:36.131Z","level":"info","service":"fakenewsoff-backend","message":"GDELT client initialized","event":"provider_init_success","provider":"gdelt"}

      at Logger.log (src/utils/logger.ts:69:13)

    console.log
      {"timestamp":"2026-03-13T19:15:36.131Z","level":"info","service":"fakenewsoff-backend","message":"GroundingService initialization 
complete","event":"grounding_service_ready","enabled":true,"provider_order_configured":["bing","gdelt"],"providers_available":["gdelt"],"max_results":10}

      at Logger.log (src/utils/logger.ts:69:13)

    console.log
      {"timestamp":1773429336131,"level":"info","service":"fakenewsoff-backend","message":"Rate-limit cache entry 
set","event":"rate_limit_cache_set","provider":"mediastack","reason":"rate_limit","ttl_ms":300000}

      at Logger.log (src/utils/logger.ts:69:13)

    console.log
      {"timestamp":1773429336131,"level":"info","service":"fakenewsoff-backend","message":"Rate-limit cache entry 
set","event":"rate_limit_cache_set","provider":"gdelt","reason":"quota_exceeded","ttl_ms":180000}

      at Logger.log (src/utils/logger.ts:69:13)

    console.warn
      ΓÜá∩╕Å  MEDIASTACK_API_KEY not set - Mediastack provider will not be available

    [0m [90m 125 |[39m       availableProviders[33m.[39mpush([32m'Mediastack'[39m)[33m;[39m
     [90m 126 |[39m     } [36melse[39m {
    [31m[1m>[22m[39m[90m 127 |[39m       console[33m.[39mwarn([32m'ΓÜá∩╕Å  MEDIASTACK_API_KEY not set - Mediastack provider will not be available'[39m)[33m;[39m
     [90m     |[39m               [31m[1m^[22m[39m
     [90m 128 |[39m     }
     [90m 129 |[39m     
     [90m 130 |[39m     [36mif[39m (parsed[33m.[39m[33mBING_NEWS_KEY[39m) {[0m

      at validateEnv (src/utils/envValidation.ts:127:15)
      at getEnv (src/utils/envValidation.ts:149:10)
      at new GroundingService (src/services/groundingService.ts:44:23)
      at getGroundingService (src/services/groundingService.ts:1782:23)
      at Object.<anonymous> (src/services/groundingService.rateLimitCache.test.ts:71:42)

    console.warn
      ΓÜá∩╕Å  BING_NEWS_KEY not set - Bing News provider will not be available

    [0m [90m 131 |[39m       availableProviders[33m.[39mpush([32m'Bing News'[39m)[33m;[39m
     [90m 132 |[39m     } [36melse[39m {
    [31m[1m>[22m[39m[90m 133 |[39m       console[33m.[39mwarn([32m'ΓÜá∩╕Å  BING_NEWS_KEY not set - Bing News provider will not be available'[39m)[33m;[39m
     [90m     |[39m               [31m[1m^[22m[39m
     [90m 134 |[39m     }
     [90m 135 |[39m     
     [90m 136 |[39m     [90m// GDELT is always available (no API key required)[39m[0m

      at validateEnv (src/utils/envValidation.ts:133:15)
      at getEnv (src/utils/envValidation.ts:149:10)
      at new GroundingService (src/services/groundingService.ts:44:23)
      at getGroundingService (src/services/groundingService.ts:1782:23)
      at Object.<anonymous> (src/services/groundingService.rateLimitCache.test.ts:71:42)

    console.log
      Γ£ô Available news providers: GDELT

      at validateEnv (src/utils/envValidation.ts:139:13)

    console.log
      {"timestamp":"2026-03-13T19:15:36.133Z","level":"info","service":"fakenewsoff-backend","message":"Initializing 
GroundingService","event":"grounding_service_init","enabled":true,"provider_order_configured":["bing","gdelt"]}

      at Logger.log (src/utils/logger.ts:69:13)

    console.warn
      ΓÜá∩╕Å  MEDIASTACK_API_KEY not set - Mediastack provider will not be available

    [0m [90m 125 |[39m       availableProviders[33m.[39mpush([32m'Mediastack'[39m)[33m;[39m
     [90m 126 |[39m     } [36melse[39m {
    [31m[1m>[22m[39m[90m 127 |[39m       console[33m.[39mwarn([32m'ΓÜá∩╕Å  MEDIASTACK_API_KEY not set - Mediastack provider will not be available'[39m)[33m;[39m
     [90m     |[39m               [31m[1m^[22m[39m
     [90m 128 |[39m     }
     [90m 129 |[39m     
     [90m 130 |[39m     [36mif[39m (parsed[33m.[39m[33mBING_NEWS_KEY[39m) {[0m

      at validateEnv (src/utils/envValidation.ts:127:15)
      at getEnv (src/utils/envValidation.ts:149:10)
      at new BingNewsClient (src/clients/bingNewsClient.ts:37:23)
      at new GroundingService (src/services/groundingService.ts:63:25)
      at getGroundingService (src/services/groundingService.ts:1782:23)
      at Object.<anonymous> (src/services/groundingService.rateLimitCache.test.ts:71:42)

    console.warn
      ΓÜá∩╕Å  BING_NEWS_KEY not set - Bing News provider will not be available

    [0m [90m 131 |[39m       availableProviders[33m.[39mpush([32m'Bing News'[39m)[33m;[39m
     [90m 132 |[39m     } [36melse[39m {
    [31m[1m>[22m[39m[90m 133 |[39m       console[33m.[39mwarn([32m'ΓÜá∩╕Å  BING_NEWS_KEY not set - Bing News provider will not be available'[39m)[33m;[39m
     [90m     |[39m               [31m[1m^[22m[39m
     [90m 134 |[39m     }
     [90m 135 |[39m     
     [90m 136 |[39m     [90m// GDELT is always available (no API key required)[39m[0m

      at validateEnv (src/utils/envValidation.ts:133:15)
      at getEnv (src/utils/envValidation.ts:149:10)
      at new BingNewsClient (src/clients/bingNewsClient.ts:37:23)
      at new GroundingService (src/services/groundingService.ts:63:25)
      at getGroundingService (src/services/groundingService.ts:1782:23)
      at Object.<anonymous> (src/services/groundingService.rateLimitCache.test.ts:71:42)

    console.log
      Γ£ô Available news providers: GDELT

      at validateEnv (src/utils/envValidation.ts:139:13)

    console.log
      {"timestamp":"2026-03-13T19:15:36.134Z","level":"info","service":"fakenewsoff-backend","message":"Bing News client not available (no API 
key)","event":"provider_init_skipped","provider":"bing","reason":"missing_api_key"}

      at Logger.log (src/utils/logger.ts:69:13)

    console.warn
      ΓÜá∩╕Å  MEDIASTACK_API_KEY not set - Mediastack provider will not be available

    [0m [90m 125 |[39m       availableProviders[33m.[39mpush([32m'Mediastack'[39m)[33m;[39m
     [90m 126 |[39m     } [36melse[39m {
    [31m[1m>[22m[39m[90m 127 |[39m       console[33m.[39mwarn([32m'ΓÜá∩╕Å  MEDIASTACK_API_KEY not set - Mediastack provider will not be available'[39m)[33m;[39m
     [90m     |[39m               [31m[1m^[22m[39m
     [90m 128 |[39m     }
     [90m 129 |[39m     
     [90m 130 |[39m     [36mif[39m (parsed[33m.[39m[33mBING_NEWS_KEY[39m) {[0m

      at validateEnv (src/utils/envValidation.ts:127:15)
      at getEnv (src/utils/envValidation.ts:149:10)
      at new BingWebClient (src/clients/bingWebClient.ts:65:23)
      at new GroundingService (src/services/groundingService.ts:80:28)
      at getGroundingService (src/services/groundingService.ts:1782:23)
      at Object.<anonymous> (src/services/groundingService.rateLimitCache.test.ts:71:42)

    console.warn
      ΓÜá∩╕Å  BING_NEWS_KEY not set - Bing News provider will not be available

    [0m [90m 131 |[39m       availableProviders[33m.[39mpush([32m'Bing News'[39m)[33m;[39m
     [90m 132 |[39m     } [36melse[39m {
    [31m[1m>[22m[39m[90m 133 |[39m       console[33m.[39mwarn([32m'ΓÜá∩╕Å  BING_NEWS_KEY not set - Bing News provider will not be available'[39m)[33m;[39m
     [90m     |[39m               [31m[1m^[22m[39m
     [90m 134 |[39m     }
     [90m 135 |[39m     
     [90m 136 |[39m     [90m// GDELT is always available (no API key required)[39m[0m

      at validateEnv (src/utils/envValidation.ts:133:15)
      at getEnv (src/utils/envValidation.ts:149:10)
      at new BingWebClient (src/clients/bingWebClient.ts:65:23)
      at new GroundingService (src/services/groundingService.ts:80:28)
      at getGroundingService (src/services/groundingService.ts:1782:23)
      at Object.<anonymous> (src/services/groundingService.rateLimitCache.test.ts:71:42)

    console.log
      Γ£ô Available news providers: GDELT

      at validateEnv (src/utils/envValidation.ts:139:13)

    console.log
      {"timestamp":"2026-03-13T19:15:36.135Z","level":"info","service":"fakenewsoff-backend","message":"Bing Web Search client not available (no API 
key)","event":"provider_init_skipped","provider":"bing_web","reason":"missing_api_key"}

      at Logger.log (src/utils/logger.ts:69:13)

    console.warn
      ΓÜá∩╕Å  MEDIASTACK_API_KEY not set - Mediastack provider will not be available

    [0m [90m 125 |[39m       availableProviders[33m.[39mpush([32m'Mediastack'[39m)[33m;[39m
     [90m 126 |[39m     } [36melse[39m {
    [31m[1m>[22m[39m[90m 127 |[39m       console[33m.[39mwarn([32m'ΓÜá∩╕Å  MEDIASTACK_API_KEY not set - Mediastack provider will not be available'[39m)[33m;[39m
     [90m     |[39m               [31m[1m^[22m[39m
     [90m 128 |[39m     }
     [90m 129 |[39m     
     [90m 130 |[39m     [36mif[39m (parsed[33m.[39m[33mBING_NEWS_KEY[39m) {[0m

      at validateEnv (src/utils/envValidation.ts:127:15)
      at getEnv (src/utils/envValidation.ts:149:10)
      at new MediastackClient (src/clients/mediastackClient.ts:66:23)
      at new GroundingService (src/services/groundingService.ts:97:31)
      at getGroundingService (src/services/groundingService.ts:1782:23)
      at Object.<anonymous> (src/services/groundingService.rateLimitCache.test.ts:71:42)

    console.warn
      ΓÜá∩╕Å  BING_NEWS_KEY not set - Bing News provider will not be available

    [0m [90m 131 |[39m       availableProviders[33m.[39mpush([32m'Bing News'[39m)[33m;[39m
     [90m 132 |[39m     } [36melse[39m {
    [31m[1m>[22m[39m[90m 133 |[39m       console[33m.[39mwarn([32m'ΓÜá∩╕Å  BING_NEWS_KEY not set - Bing News provider will not be available'[39m)[33m;[39m
     [90m     |[39m               [31m[1m^[22m[39m
     [90m 134 |[39m     }
     [90m 135 |[39m     
     [90m 136 |[39m     [90m// GDELT is always available (no API key required)[39m[0m

      at validateEnv (src/utils/envValidation.ts:133:15)
      at getEnv (src/utils/envValidation.ts:149:10)
      at new MediastackClient (src/clients/mediastackClient.ts:66:23)
      at new GroundingService (src/services/groundingService.ts:97:31)
      at getGroundingService (src/services/groundingService.ts:1782:23)
      at Object.<anonymous> (src/services/groundingService.rateLimitCache.test.ts:71:42)

    console.log
      Γ£ô Available news providers: GDELT

      at validateEnv (src/utils/envValidation.ts:139:13)

    console.log
      {"timestamp":"2026-03-13T19:15:36.137Z","level":"info","service":"fakenewsoff-backend","message":"Mediastack client not available (no API 
key)","event":"provider_init_skipped","provider":"mediastack","reason":"missing_api_key"}

      at Logger.log (src/utils/logger.ts:69:13)

    console.warn
      ΓÜá∩╕Å  MEDIASTACK_API_KEY not set - Mediastack provider will not be available

    [0m [90m 125 |[39m       availableProviders[33m.[39mpush([32m'Mediastack'[39m)[33m;[39m
     [90m 126 |[39m     } [36melse[39m {
    [31m[1m>[22m[39m[90m 127 |[39m       console[33m.[39mwarn([32m'ΓÜá∩╕Å  MEDIASTACK_API_KEY not set - Mediastack provider will not be available'[39m)[33m;[39m
     [90m     |[39m               [31m[1m^[22m[39m
     [90m 128 |[39m     }
     [90m 129 |[39m     
     [90m 130 |[39m     [36mif[39m (parsed[33m.[39m[33mBING_NEWS_KEY[39m) {[0m

      at validateEnv (src/utils/envValidation.ts:127:15)
      at getEnv (src/utils/envValidation.ts:149:10)
      at new GDELTClient (src/clients/gdeltClient.ts:36:23)
      at new GroundingService (src/services/groundingService.ts:113:24)
      at getGroundingService (src/services/groundingService.ts:1782:23)
      at Object.<anonymous> (src/services/groundingService.rateLimitCache.test.ts:71:42)

    console.warn
      ΓÜá∩╕Å  BING_NEWS_KEY not set - Bing News provider will not be available

    [0m [90m 131 |[39m       availableProviders[33m.[39mpush([32m'Bing News'[39m)[33m;[39m
     [90m 132 |[39m     } [36melse[39m {
    [31m[1m>[22m[39m[90m 133 |[39m       console[33m.[39mwarn([32m'ΓÜá∩╕Å  BING_NEWS_KEY not set - Bing News provider will not be available'[39m)[33m;[39m
     [90m     |[39m               [31m[1m^[22m[39m
     [90m 134 |[39m     }
     [90m 135 |[39m     
     [90m 136 |[39m     [90m// GDELT is always available (no API key required)[39m[0m

      at validateEnv (src/utils/envValidation.ts:133:15)
      at getEnv (src/utils/envValidation.ts:149:10)
      at new GDELTClient (src/clients/gdeltClient.ts:36:23)
      at new GroundingService (src/services/groundingService.ts:113:24)
      at getGroundingService (src/services/groundingService.ts:1782:23)
      at Object.<anonymous> (src/services/groundingService.rateLimitCache.test.ts:71:42)

    console.log
      Γ£ô Available news providers: GDELT

      at validateEnv (src/utils/envValidation.ts:139:13)

    console.log
      {"timestamp":"2026-03-13T19:15:36.138Z","level":"info","service":"fakenewsoff-backend","message":"GDELT client initialized","event":"provider_init_success","provider":"gdelt"}

      at Logger.log (src/utils/logger.ts:69:13)

    console.log
      {"timestamp":"2026-03-13T19:15:36.138Z","level":"info","service":"fakenewsoff-backend","message":"GroundingService initialization 
complete","event":"grounding_service_ready","enabled":true,"provider_order_configured":["bing","gdelt"],"providers_available":["gdelt"],"max_results":10}

      at Logger.log (src/utils/logger.ts:69:13)

    console.log
      {"timestamp":1773429336138,"level":"info","service":"fakenewsoff-backend","message":"Rate-limit cache entry 
set","event":"rate_limit_cache_set","provider":"mediastack","reason":"rate_limit","ttl_ms":180000}

      at Logger.log (src/utils/logger.ts:69:13)

    console.warn
      ΓÜá∩╕Å  MEDIASTACK_API_KEY not set - Mediastack provider will not be available

    [0m [90m 125 |[39m       availableProviders[33m.[39mpush([32m'Mediastack'[39m)[33m;[39m
     [90m 126 |[39m     } [36melse[39m {
    [31m[1m>[22m[39m[90m 127 |[39m       console[33m.[39mwarn([32m'ΓÜá∩╕Å  MEDIASTACK_API_KEY not set - Mediastack provider will not be available'[39m)[33m;[39m
     [90m     |[39m               [31m[1m^[22m[39m
     [90m 128 |[39m     }
     [90m 129 |[39m     
     [90m 130 |[39m     [36mif[39m (parsed[33m.[39m[33mBING_NEWS_KEY[39m) {[0m

      at validateEnv (src/utils/envValidation.ts:127:15)
      at getEnv (src/utils/envValidation.ts:149:10)
      at new GroundingService (src/services/groundingService.ts:44:23)
      at getGroundingService (src/services/groundingService.ts:1782:23)
      at Object.<anonymous> (src/services/groundingService.rateLimitCache.test.ts:83:42)

    console.warn
      ΓÜá∩╕Å  BING_NEWS_KEY not set - Bing News provider will not be available

    [0m [90m 131 |[39m       availableProviders[33m.[39mpush([32m'Bing News'[39m)[33m;[39m
     [90m 132 |[39m     } [36melse[39m {
    [31m[1m>[22m[39m[90m 133 |[39m       console[33m.[39mwarn([32m'ΓÜá∩╕Å  BING_NEWS_KEY not set - Bing News provider will not be available'[39m)[33m;[39m
     [90m     |[39m               [31m[1m^[22m[39m
     [90m 134 |[39m     }
     [90m 135 |[39m     
     [90m 136 |[39m     [90m// GDELT is always available (no API key required)[39m[0m

      at validateEnv (src/utils/envValidation.ts:133:15)
      at getEnv (src/utils/envValidation.ts:149:10)
      at new GroundingService (src/services/groundingService.ts:44:23)
      at getGroundingService (src/services/groundingService.ts:1782:23)
      at Object.<anonymous> (src/services/groundingService.rateLimitCache.test.ts:83:42)

    console.log
      Γ£ô Available news providers: GDELT

      at validateEnv (src/utils/envValidation.ts:139:13)

    console.log
      {"timestamp":"2026-03-13T19:15:36.139Z","level":"info","service":"fakenewsoff-backend","message":"Initializing 
GroundingService","event":"grounding_service_init","enabled":true,"provider_order_configured":["bing","gdelt"]}

      at Logger.log (src/utils/logger.ts:69:13)

    console.warn
      ΓÜá∩╕Å  MEDIASTACK_API_KEY not set - Mediastack provider will not be available

    [0m [90m 125 |[39m       availableProviders[33m.[39mpush([32m'Mediastack'[39m)[33m;[39m
     [90m 126 |[39m     } [36melse[39m {
    [31m[1m>[22m[39m[90m 127 |[39m       console[33m.[39mwarn([32m'ΓÜá∩╕Å  MEDIASTACK_API_KEY not set - Mediastack provider will not be available'[39m)[33m;[39m
     [90m     |[39m               [31m[1m^[22m[39m
     [90m 128 |[39m     }
     [90m 129 |[39m     
     [90m 130 |[39m     [36mif[39m (parsed[33m.[39m[33mBING_NEWS_KEY[39m) {[0m

      at validateEnv (src/utils/envValidation.ts:127:15)
      at getEnv (src/utils/envValidation.ts:149:10)
      at new BingNewsClient (src/clients/bingNewsClient.ts:37:23)
      at new GroundingService (src/services/groundingService.ts:63:25)
      at getGroundingService (src/services/groundingService.ts:1782:23)
      at Object.<anonymous> (src/services/groundingService.rateLimitCache.test.ts:83:42)

    console.warn
      ΓÜá∩╕Å  BING_NEWS_KEY not set - Bing News provider will not be available

    [0m [90m 131 |[39m       availableProviders[33m.[39mpush([32m'Bing News'[39m)[33m;[39m
     [90m 132 |[39m     } [36melse[39m {
    [31m[1m>[22m[39m[90m 133 |[39m       console[33m.[39mwarn([32m'ΓÜá∩╕Å  BING_NEWS_KEY not set - Bing News provider will not be available'[39m)[33m;[39m
     [90m     |[39m               [31m[1m^[22m[39m
     [90m 134 |[39m     }
     [90m 135 |[39m     
     [90m 136 |[39m     [90m// GDELT is always available (no API key required)[39m[0m

      at validateEnv (src/utils/envValidation.ts:133:15)
      at getEnv (src/utils/envValidation.ts:149:10)
      at new BingNewsClient (src/clients/bingNewsClient.ts:37:23)
      at new GroundingService (src/services/groundingService.ts:63:25)
      at getGroundingService (src/services/groundingService.ts:1782:23)
      at Object.<anonymous> (src/services/groundingService.rateLimitCache.test.ts:83:42)

    console.log
      Γ£ô Available news providers: GDELT

      at validateEnv (src/utils/envValidation.ts:139:13)

    console.log
      {"timestamp":"2026-03-13T19:15:36.140Z","level":"info","service":"fakenewsoff-backend","message":"Bing News client not available (no API 
key)","event":"provider_init_skipped","provider":"bing","reason":"missing_api_key"}

      at Logger.log (src/utils/logger.ts:69:13)

    console.warn
      ΓÜá∩╕Å  MEDIASTACK_API_KEY not set - Mediastack provider will not be available

    [0m [90m 125 |[39m       availableProviders[33m.[39mpush([32m'Mediastack'[39m)[33m;[39m
     [90m 126 |[39m     } [36melse[39m {
    [31m[1m>[22m[39m[90m 127 |[39m       console[33m.[39mwarn([32m'ΓÜá∩╕Å  MEDIASTACK_API_KEY not set - Mediastack provider will not be available'[39m)[33m;[39m
     [90m     |[39m               [31m[1m^[22m[39m
     [90m 128 |[39m     }
     [90m 129 |[39m     
     [90m 130 |[39m     [36mif[39m (parsed[33m.[39m[33mBING_NEWS_KEY[39m) {[0m

      at validateEnv (src/utils/envValidation.ts:127:15)
      at getEnv (src/utils/envValidation.ts:149:10)
      at new BingWebClient (src/clients/bingWebClient.ts:65:23)
      at new GroundingService (src/services/groundingService.ts:80:28)
      at getGroundingService (src/services/groundingService.ts:1782:23)
      at Object.<anonymous> (src/services/groundingService.rateLimitCache.test.ts:83:42)

    console.warn
      ΓÜá∩╕Å  BING_NEWS_KEY not set - Bing News provider will not be available

    [0m [90m 131 |[39m       availableProviders[33m.[39mpush([32m'Bing News'[39m)[33m;[39m
     [90m 132 |[39m     } [36melse[39m {
    [31m[1m>[22m[39m[90m 133 |[39m       console[33m.[39mwarn([32m'ΓÜá∩╕Å  BING_NEWS_KEY not set - Bing News provider will not be available'[39m)[33m;[39m
     [90m     |[39m               [31m[1m^[22m[39m
     [90m 134 |[39m     }
     [90m 135 |[39m     
     [90m 136 |[39m     [90m// GDELT is always available (no API key required)[39m[0m

      at validateEnv (src/utils/envValidation.ts:133:15)
      at getEnv (src/utils/envValidation.ts:149:10)
      at new BingWebClient (src/clients/bingWebClient.ts:65:23)
      at new GroundingService (src/services/groundingService.ts:80:28)
      at getGroundingService (src/services/groundingService.ts:1782:23)
      at Object.<anonymous> (src/services/groundingService.rateLimitCache.test.ts:83:42)

    console.log
      Γ£ô Available news providers: GDELT

      at validateEnv (src/utils/envValidation.ts:139:13)

    console.log
      {"timestamp":"2026-03-13T19:15:36.141Z","level":"info","service":"fakenewsoff-backend","message":"Bing Web Search client not available (no API 
key)","event":"provider_init_skipped","provider":"bing_web","reason":"missing_api_key"}

      at Logger.log (src/utils/logger.ts:69:13)

    console.warn
      ΓÜá∩╕Å  MEDIASTACK_API_KEY not set - Mediastack provider will not be available

    [0m [90m 125 |[39m       availableProviders[33m.[39mpush([32m'Mediastack'[39m)[33m;[39m
     [90m 126 |[39m     } [36melse[39m {
    [31m[1m>[22m[39m[90m 127 |[39m       console[33m.[39mwarn([32m'ΓÜá∩╕Å  MEDIASTACK_API_KEY not set - Mediastack provider will not be available'[39m)[33m;[39m
     [90m     |[39m               [31m[1m^[22m[39m
     [90m 128 |[39m     }
     [90m 129 |[39m     
     [90m 130 |[39m     [36mif[39m (parsed[33m.[39m[33mBING_NEWS_KEY[39m) {[0m

      at validateEnv (src/utils/envValidation.ts:127:15)
      at getEnv (src/utils/envValidation.ts:149:10)
      at new MediastackClient (src/clients/mediastackClient.ts:66:23)
      at new GroundingService (src/services/groundingService.ts:97:31)
      at getGroundingService (src/services/groundingService.ts:1782:23)
      at Object.<anonymous> (src/services/groundingService.rateLimitCache.test.ts:83:42)

    console.warn
      ΓÜá∩╕Å  BING_NEWS_KEY not set - Bing News provider will not be available

    [0m [90m 131 |[39m       availableProviders[33m.[39mpush([32m'Bing News'[39m)[33m;[39m
     [90m 132 |[39m     } [36melse[39m {
    [31m[1m>[22m[39m[90m 133 |[39m       console[33m.[39mwarn([32m'ΓÜá∩╕Å  BING_NEWS_KEY not set - Bing News provider will not be available'[39m)[33m;[39m
     [90m     |[39m               [31m[1m^[22m[39m
     [90m 134 |[39m     }
     [90m 135 |[39m     
     [90m 136 |[39m     [90m// GDELT is always available (no API key required)[39m[0m

      at validateEnv (src/utils/envValidation.ts:133:15)
      at getEnv (src/utils/envValidation.ts:149:10)
      at new MediastackClient (src/clients/mediastackClient.ts:66:23)
      at new GroundingService (src/services/groundingService.ts:97:31)
      at getGroundingService (src/services/groundingService.ts:1782:23)
      at Object.<anonymous> (src/services/groundingService.rateLimitCache.test.ts:83:42)

    console.log
      Γ£ô Available news providers: GDELT

      at validateEnv (src/utils/envValidation.ts:139:13)

    console.log
      {"timestamp":"2026-03-13T19:15:36.142Z","level":"info","service":"fakenewsoff-backend","message":"Mediastack client not available (no API 
key)","event":"provider_init_skipped","provider":"mediastack","reason":"missing_api_key"}

      at Logger.log (src/utils/logger.ts:69:13)

    console.warn
      ΓÜá∩╕Å  MEDIASTACK_API_KEY not set - Mediastack provider will not be available

    [0m [90m 125 |[39m       availableProviders[33m.[39mpush([32m'Mediastack'[39m)[33m;[39m
     [90m 126 |[39m     } [36melse[39m {
    [31m[1m>[22m[39m[90m 127 |[39m       console[33m.[39mwarn([32m'ΓÜá∩╕Å  MEDIASTACK_API_KEY not set - Mediastack provider will not be available'[39m)[33m;[39m
     [90m     |[39m               [31m[1m^[22m[39m
     [90m 128 |[39m     }
     [90m 129 |[39m     
     [90m 130 |[39m     [36mif[39m (parsed[33m.[39m[33mBING_NEWS_KEY[39m) {[0m

      at validateEnv (src/utils/envValidation.ts:127:15)
      at getEnv (src/utils/envValidation.ts:149:10)
      at new GDELTClient (src/clients/gdeltClient.ts:36:23)
      at new GroundingService (src/services/groundingService.ts:113:24)
      at getGroundingService (src/services/groundingService.ts:1782:23)
      at Object.<anonymous> (src/services/groundingService.rateLimitCache.test.ts:83:42)

    console.warn
      ΓÜá∩╕Å  BING_NEWS_KEY not set - Bing News provider will not be available

    [0m [90m 131 |[39m       availableProviders[33m.[39mpush([32m'Bing News'[39m)[33m;[39m
     [90m 132 |[39m     } [36melse[39m {
    [31m[1m>[22m[39m[90m 133 |[39m       console[33m.[39mwarn([32m'ΓÜá∩╕Å  BING_NEWS_KEY not set - Bing News provider will not be available'[39m)[33m;[39m
     [90m     |[39m               [31m[1m^[22m[39m
     [90m 134 |[39m     }
     [90m 135 |[39m     
     [90m 136 |[39m     [90m// GDELT is always available (no API key required)[39m[0m

      at validateEnv (src/utils/envValidation.ts:133:15)
      at getEnv (src/utils/envValidation.ts:149:10)
      at new GDELTClient (src/clients/gdeltClient.ts:36:23)
      at new GroundingService (src/services/groundingService.ts:113:24)
      at getGroundingService (src/services/groundingService.ts:1782:23)
      at Object.<anonymous> (src/services/groundingService.rateLimitCache.test.ts:83:42)

    console.log
      Γ£ô Available news providers: GDELT

      at validateEnv (src/utils/envValidation.ts:139:13)

    console.log
      {"timestamp":"2026-03-13T19:15:36.143Z","level":"info","service":"fakenewsoff-backend","message":"GDELT client initialized","event":"provider_init_success","provider":"gdelt"}

      at Logger.log (src/utils/logger.ts:69:13)

    console.log
      {"timestamp":"2026-03-13T19:15:36.143Z","level":"info","service":"fakenewsoff-backend","message":"GroundingService initialization 
complete","event":"grounding_service_ready","enabled":true,"provider_order_configured":["bing","gdelt"],"providers_available":["gdelt"],"max_results":10}

      at Logger.log (src/utils/logger.ts:69:13)

    console.log
      {"timestamp":1773429336143,"level":"info","service":"fakenewsoff-backend","message":"Rate-limit cache entry 
set","event":"rate_limit_cache_set","provider":"mediastack","reason":"rate_limit","ttl_ms":1}

      at Logger.log (src/utils/logger.ts:69:13)

    console.warn
      ΓÜá∩╕Å  MEDIASTACK_API_KEY not set - Mediastack provider will not be available

    [0m [90m 125 |[39m       availableProviders[33m.[39mpush([32m'Mediastack'[39m)[33m;[39m
     [90m 126 |[39m     } [36melse[39m {
    [31m[1m>[22m[39m[90m 127 |[39m       console[33m.[39mwarn([32m'ΓÜá∩╕Å  MEDIASTACK_API_KEY not set - Mediastack provider will not be available'[39m)[33m;[39m
     [90m     |[39m               [31m[1m^[22m[39m
     [90m 128 |[39m     }
     [90m 129 |[39m     
     [90m 130 |[39m     [36mif[39m (parsed[33m.[39m[33mBING_NEWS_KEY[39m) {[0m

      at validateEnv (src/utils/envValidation.ts:127:15)
      at getEnv (src/utils/envValidation.ts:149:10)
      at new GroundingService (src/services/groundingService.ts:44:23)
      at getGroundingService (src/services/groundingService.ts:1782:23)
      at Object.<anonymous> (src/services/groundingService.rateLimitCache.test.ts:103:42)

    console.warn
      ΓÜá∩╕Å  BING_NEWS_KEY not set - Bing News provider will not be available

    [0m [90m 131 |[39m       availableProviders[33m.[39mpush([32m'Bing News'[39m)[33m;[39m
     [90m 132 |[39m     } [36melse[39m {
    [31m[1m>[22m[39m[90m 133 |[39m       console[33m.[39mwarn([32m'ΓÜá∩╕Å  BING_NEWS_KEY not set - Bing News provider will not be available'[39m)[33m;[39m
     [90m     |[39m               [31m[1m^[22m[39m
     [90m 134 |[39m     }
     [90m 135 |[39m     
     [90m 136 |[39m     [90m// GDELT is always available (no API key required)[39m[0m

      at validateEnv (src/utils/envValidation.ts:133:15)
      at getEnv (src/utils/envValidation.ts:149:10)
      at new GroundingService (src/services/groundingService.ts:44:23)
      at getGroundingService (src/services/groundingService.ts:1782:23)
      at Object.<anonymous> (src/services/groundingService.rateLimitCache.test.ts:103:42)

    console.log
      Γ£ô Available news providers: GDELT

      at validateEnv (src/utils/envValidation.ts:139:13)

    console.log
      {"timestamp":"2026-03-13T19:15:36.165Z","level":"info","service":"fakenewsoff-backend","message":"Initializing 
GroundingService","event":"grounding_service_init","enabled":true,"provider_order_configured":["bing","gdelt"]}

      at Logger.log (src/utils/logger.ts:69:13)

    console.warn
      ΓÜá∩╕Å  MEDIASTACK_API_KEY not set - Mediastack provider will not be available

    [0m [90m 125 |[39m       availableProviders[33m.[39mpush([32m'Mediastack'[39m)[33m;[39m
     [90m 126 |[39m     } [36melse[39m {
    [31m[1m>[22m[39m[90m 127 |[39m       console[33m.[39mwarn([32m'ΓÜá∩╕Å  MEDIASTACK_API_KEY not set - Mediastack provider will not be available'[39m)[33m;[39m
     [90m     |[39m               [31m[1m^[22m[39m
     [90m 128 |[39m     }
     [90m 129 |[39m     
     [90m 130 |[39m     [36mif[39m (parsed[33m.[39m[33mBING_NEWS_KEY[39m) {[0m

      at validateEnv (src/utils/envValidation.ts:127:15)
      at getEnv (src/utils/envValidation.ts:149:10)
      at new BingNewsClient (src/clients/bingNewsClient.ts:37:23)
      at new GroundingService (src/services/groundingService.ts:63:25)
      at getGroundingService (src/services/groundingService.ts:1782:23)
      at Object.<anonymous> (src/services/groundingService.rateLimitCache.test.ts:103:42)

    console.warn
      ΓÜá∩╕Å  BING_NEWS_KEY not set - Bing News provider will not be available

    [0m [90m 131 |[39m       availableProviders[33m.[39mpush([32m'Bing News'[39m)[33m;[39m
     [90m 132 |[39m     } [36melse[39m {
    [31m[1m>[22m[39m[90m 133 |[39m       console[33m.[39mwarn([32m'ΓÜá∩╕Å  BING_NEWS_KEY not set - Bing News provider will not be available'[39m)[33m;[39m
     [90m     |[39m               [31m[1m^[22m[39m
     [90m 134 |[39m     }
     [90m 135 |[39m     
     [90m 136 |[39m     [90m// GDELT is always available (no API key required)[39m[0m

      at validateEnv (src/utils/envValidation.ts:133:15)
      at getEnv (src/utils/envValidation.ts:149:10)
      at new BingNewsClient (src/clients/bingNewsClient.ts:37:23)
      at new GroundingService (src/services/groundingService.ts:63:25)
      at getGroundingService (src/services/groundingService.ts:1782:23)
      at Object.<anonymous> (src/services/groundingService.rateLimitCache.test.ts:103:42)

    console.log
      Γ£ô Available news providers: GDELT

      at validateEnv (src/utils/envValidation.ts:139:13)

    console.log
      {"timestamp":"2026-03-13T19:15:36.167Z","level":"info","service":"fakenewsoff-backend","message":"Bing News client not available (no API 
key)","event":"provider_init_skipped","provider":"bing","reason":"missing_api_key"}

      at Logger.log (src/utils/logger.ts:69:13)

    console.warn
      ΓÜá∩╕Å  MEDIASTACK_API_KEY not set - Mediastack provider will not be available

    [0m [90m 125 |[39m       availableProviders[33m.[39mpush([32m'Mediastack'[39m)[33m;[39m
     [90m 126 |[39m     } [36melse[39m {
    [31m[1m>[22m[39m[90m 127 |[39m       console[33m.[39mwarn([32m'ΓÜá∩╕Å  MEDIASTACK_API_KEY not set - Mediastack provider will not be available'[39m)[33m;[39m
     [90m     |[39m               [31m[1m^[22m[39m
     [90m 128 |[39m     }
     [90m 129 |[39m     
     [90m 130 |[39m     [36mif[39m (parsed[33m.[39m[33mBING_NEWS_KEY[39m) {[0m

      at validateEnv (src/utils/envValidation.ts:127:15)
      at getEnv (src/utils/envValidation.ts:149:10)
      at new BingWebClient (src/clients/bingWebClient.ts:65:23)
      at new GroundingService (src/services/groundingService.ts:80:28)
      at getGroundingService (src/services/groundingService.ts:1782:23)
      at Object.<anonymous> (src/services/groundingService.rateLimitCache.test.ts:103:42)

    console.warn
      ΓÜá∩╕Å  BING_NEWS_KEY not set - Bing News provider will not be available

    [0m [90m 131 |[39m       availableProviders[33m.[39mpush([32m'Bing News'[39m)[33m;[39m
     [90m 132 |[39m     } [36melse[39m {
    [31m[1m>[22m[39m[90m 133 |[39m       console[33m.[39mwarn([32m'ΓÜá∩╕Å  BING_NEWS_KEY not set - Bing News provider will not be available'[39m)[33m;[39m
     [90m     |[39m               [31m[1m^[22m[39m
     [90m 134 |[39m     }
     [90m 135 |[39m     
     [90m 136 |[39m     [90m// GDELT is always available (no API key required)[39m[0m

      at validateEnv (src/utils/envValidation.ts:133:15)
      at getEnv (src/utils/envValidation.ts:149:10)
      at new BingWebClient (src/clients/bingWebClient.ts:65:23)
      at new GroundingService (src/services/groundingService.ts:80:28)
      at getGroundingService (src/services/groundingService.ts:1782:23)
      at Object.<anonymous> (src/services/groundingService.rateLimitCache.test.ts:103:42)

    console.log
      Γ£ô Available news providers: GDELT

      at validateEnv (src/utils/envValidation.ts:139:13)

    console.log
      {"timestamp":"2026-03-13T19:15:36.170Z","level":"info","service":"fakenewsoff-backend","message":"Bing Web Search client not available (no API 
key)","event":"provider_init_skipped","provider":"bing_web","reason":"missing_api_key"}

      at Logger.log (src/utils/logger.ts:69:13)

    console.warn
      ΓÜá∩╕Å  MEDIASTACK_API_KEY not set - Mediastack provider will not be available

    [0m [90m 125 |[39m       availableProviders[33m.[39mpush([32m'Mediastack'[39m)[33m;[39m
     [90m 126 |[39m     } [36melse[39m {
    [31m[1m>[22m[39m[90m 127 |[39m       console[33m.[39mwarn([32m'ΓÜá∩╕Å  MEDIASTACK_API_KEY not set - Mediastack provider will not be available'[39m)[33m;[39m
     [90m     |[39m               [31m[1m^[22m[39m
     [90m 128 |[39m     }
     [90m 129 |[39m     
     [90m 130 |[39m     [36mif[39m (parsed[33m.[39m[33mBING_NEWS_KEY[39m) {[0m

      at validateEnv (src/utils/envValidation.ts:127:15)
      at getEnv (src/utils/envValidation.ts:149:10)
      at new MediastackClient (src/clients/mediastackClient.ts:66:23)
      at new GroundingService (src/services/groundingService.ts:97:31)
      at getGroundingService (src/services/groundingService.ts:1782:23)
      at Object.<anonymous> (src/services/groundingService.rateLimitCache.test.ts:103:42)

    console.warn
      ΓÜá∩╕Å  BING_NEWS_KEY not set - Bing News provider will not be available

    [0m [90m 131 |[39m       availableProviders[33m.[39mpush([32m'Bing News'[39m)[33m;[39m
     [90m 132 |[39m     } [36melse[39m {
    [31m[1m>[22m[39m[90m 133 |[39m       console[33m.[39mwarn([32m'ΓÜá∩╕Å  BING_NEWS_KEY not set - Bing News provider will not be available'[39m)[33m;[39m
     [90m     |[39m               [31m[1m^[22m[39m
     [90m 134 |[39m     }
     [90m 135 |[39m     
     [90m 136 |[39m     [90m// GDELT is always available (no API key required)[39m[0m

      at validateEnv (src/utils/envValidation.ts:133:15)
      at getEnv (src/utils/envValidation.ts:149:10)
      at new MediastackClient (src/clients/mediastackClient.ts:66:23)
      at new GroundingService (src/services/groundingService.ts:97:31)
      at getGroundingService (src/services/groundingService.ts:1782:23)
      at Object.<anonymous> (src/services/groundingService.rateLimitCache.test.ts:103:42)

    console.log
      Γ£ô Available news providers: GDELT

      at validateEnv (src/utils/envValidation.ts:139:13)

    console.log
      {"timestamp":"2026-03-13T19:15:36.172Z","level":"info","service":"fakenewsoff-backend","message":"Mediastack client not available (no API 
key)","event":"provider_init_skipped","provider":"mediastack","reason":"missing_api_key"}

      at Logger.log (src/utils/logger.ts:69:13)

    console.warn
      ΓÜá∩╕Å  MEDIASTACK_API_KEY not set - Mediastack provider will not be available

    [0m [90m 125 |[39m       availableProviders[33m.[39mpush([32m'Mediastack'[39m)[33m;[39m
     [90m 126 |[39m     } [36melse[39m {
    [31m[1m>[22m[39m[90m 127 |[39m       console[33m.[39mwarn([32m'ΓÜá∩╕Å  MEDIASTACK_API_KEY not set - Mediastack provider will not be available'[39m)[33m;[39m
     [90m     |[39m               [31m[1m^[22m[39m
     [90m 128 |[39m     }
     [90m 129 |[39m     
     [90m 130 |[39m     [36mif[39m (parsed[33m.[39m[33mBING_NEWS_KEY[39m) {[0m

      at validateEnv (src/utils/envValidation.ts:127:15)
      at getEnv (src/utils/envValidation.ts:149:10)
      at new GDELTClient (src/clients/gdeltClient.ts:36:23)
      at new GroundingService (src/services/groundingService.ts:113:24)
      at getGroundingService (src/services/groundingService.ts:1782:23)
      at Object.<anonymous> (src/services/groundingService.rateLimitCache.test.ts:103:42)

    console.warn
      ΓÜá∩╕Å  BING_NEWS_KEY not set - Bing News provider will not be available

    [0m [90m 131 |[39m       availableProviders[33m.[39mpush([32m'Bing News'[39m)[33m;[39m
     [90m 132 |[39m     } [36melse[39m {
    [31m[1m>[22m[39m[90m 133 |[39m       console[33m.[39mwarn([32m'ΓÜá∩╕Å  BING_NEWS_KEY not set - Bing News provider will not be available'[39m)[33m;[39m
     [90m     |[39m               [31m[1m^[22m[39m
     [90m 134 |[39m     }
     [90m 135 |[39m     
     [90m 136 |[39m     [90m// GDELT is always available (no API key required)[39m[0m

      at validateEnv (src/utils/envValidation.ts:133:15)
      at getEnv (src/utils/envValidation.ts:149:10)
      at new GDELTClient (src/clients/gdeltClient.ts:36:23)
      at new GroundingService (src/services/groundingService.ts:113:24)
      at getGroundingService (src/services/groundingService.ts:1782:23)
      at Object.<anonymous> (src/services/groundingService.rateLimitCache.test.ts:103:42)

    console.log
      Γ£ô Available news providers: GDELT

      at validateEnv (src/utils/envValidation.ts:139:13)

    console.log
      {"timestamp":"2026-03-13T19:15:36.173Z","level":"info","service":"fakenewsoff-backend","message":"GDELT client initialized","event":"provider_init_success","provider":"gdelt"}

      at Logger.log (src/utils/logger.ts:69:13)

    console.log
      {"timestamp":"2026-03-13T19:15:36.174Z","level":"info","service":"fakenewsoff-backend","message":"GroundingService initialization 
complete","event":"grounding_service_ready","enabled":true,"provider_order_configured":["bing","gdelt"],"providers_available":["gdelt"],"max_results":10}

      at Logger.log (src/utils/logger.ts:69:13)

    console.log
      {"timestamp":1773429336174,"level":"info","service":"fakenewsoff-backend","message":"Rate-limit cache entry 
set","event":"rate_limit_cache_set","provider":"mediastack","reason":"rate_limit","ttl_ms":300000}

      at Logger.log (src/utils/logger.ts:69:13)

    console.warn
      ΓÜá∩╕Å  MEDIASTACK_API_KEY not set - Mediastack provider will not be available

    [0m [90m 125 |[39m       availableProviders[33m.[39mpush([32m'Mediastack'[39m)[33m;[39m
     [90m 126 |[39m     } [36melse[39m {
    [31m[1m>[22m[39m[90m 127 |[39m       console[33m.[39mwarn([32m'ΓÜá∩╕Å  MEDIASTACK_API_KEY not set - Mediastack provider will not be available'[39m)[33m;[39m
     [90m     |[39m               [31m[1m^[22m[39m
     [90m 128 |[39m     }
     [90m 129 |[39m     
     [90m 130 |[39m     [36mif[39m (parsed[33m.[39m[33mBING_NEWS_KEY[39m) {[0m

      at validateEnv (src/utils/envValidation.ts:127:15)
      at getEnv (src/utils/envValidation.ts:149:10)
      at new GroundingService (src/services/groundingService.ts:44:23)
      at getGroundingService (src/services/groundingService.ts:1782:23)
      at Object.<anonymous> (src/services/groundingService.rateLimitCache.test.ts:118:42)

    console.warn
      ΓÜá∩╕Å  BING_NEWS_KEY not set - Bing News provider will not be available

    [0m [90m 131 |[39m       availableProviders[33m.[39mpush([32m'Bing News'[39m)[33m;[39m
     [90m 132 |[39m     } [36melse[39m {
    [31m[1m>[22m[39m[90m 133 |[39m       console[33m.[39mwarn([32m'ΓÜá∩╕Å  BING_NEWS_KEY not set - Bing News provider will not be available'[39m)[33m;[39m
     [90m     |[39m               [31m[1m^[22m[39m
     [90m 134 |[39m     }
     [90m 135 |[39m     
     [90m 136 |[39m     [90m// GDELT is always available (no API key required)[39m[0m

      at validateEnv (src/utils/envValidation.ts:133:15)
      at getEnv (src/utils/envValidation.ts:149:10)
      at new GroundingService (src/services/groundingService.ts:44:23)
      at getGroundingService (src/services/groundingService.ts:1782:23)
      at Object.<anonymous> (src/services/groundingService.rateLimitCache.test.ts:118:42)

    console.log
      Γ£ô Available news providers: GDELT

      at validateEnv (src/utils/envValidation.ts:139:13)

    console.log
      {"timestamp":"2026-03-13T19:15:36.176Z","level":"info","service":"fakenewsoff-backend","message":"Initializing 
GroundingService","event":"grounding_service_init","enabled":true,"provider_order_configured":["bing","gdelt"]}

      at Logger.log (src/utils/logger.ts:69:13)

    console.warn
      ΓÜá∩╕Å  MEDIASTACK_API_KEY not set - Mediastack provider will not be available

    [0m [90m 125 |[39m       availableProviders[33m.[39mpush([32m'Mediastack'[39m)[33m;[39m
     [90m 126 |[39m     } [36melse[39m {
    [31m[1m>[22m[39m[90m 127 |[39m       console[33m.[39mwarn([32m'ΓÜá∩╕Å  MEDIASTACK_API_KEY not set - Mediastack provider will not be available'[39m)[33m;[39m
     [90m     |[39m               [31m[1m^[22m[39m
     [90m 128 |[39m     }
     [90m 129 |[39m     
     [90m 130 |[39m     [36mif[39m (parsed[33m.[39m[33mBING_NEWS_KEY[39m) {[0m

      at validateEnv (src/utils/envValidation.ts:127:15)
      at getEnv (src/utils/envValidation.ts:149:10)
      at new BingNewsClient (src/clients/bingNewsClient.ts:37:23)
      at new GroundingService (src/services/groundingService.ts:63:25)
      at getGroundingService (src/services/groundingService.ts:1782:23)
      at Object.<anonymous> (src/services/groundingService.rateLimitCache.test.ts:118:42)

    console.warn
      ΓÜá∩╕Å  BING_NEWS_KEY not set - Bing News provider will not be available

    [0m [90m 131 |[39m       availableProviders[33m.[39mpush([32m'Bing News'[39m)[33m;[39m
     [90m 132 |[39m     } [36melse[39m {
    [31m[1m>[22m[39m[90m 133 |[39m       console[33m.[39mwarn([32m'ΓÜá∩╕Å  BING_NEWS_KEY not set - Bing News provider will not be available'[39m)[33m;[39m
     [90m     |[39m               [31m[1m^[22m[39m
     [90m 134 |[39m     }
     [90m 135 |[39m     
     [90m 136 |[39m     [90m// GDELT is always available (no API key required)[39m[0m

      at validateEnv (src/utils/envValidation.ts:133:15)
      at getEnv (src/utils/envValidation.ts:149:10)
      at new BingNewsClient (src/clients/bingNewsClient.ts:37:23)
      at new GroundingService (src/services/groundingService.ts:63:25)
      at getGroundingService (src/services/groundingService.ts:1782:23)
      at Object.<anonymous> (src/services/groundingService.rateLimitCache.test.ts:118:42)

    console.log
      Γ£ô Available news providers: GDELT

      at validateEnv (src/utils/envValidation.ts:139:13)

    console.log
      {"timestamp":"2026-03-13T19:15:36.177Z","level":"info","service":"fakenewsoff-backend","message":"Bing News client not available (no API 
key)","event":"provider_init_skipped","provider":"bing","reason":"missing_api_key"}

      at Logger.log (src/utils/logger.ts:69:13)

    console.warn
      ΓÜá∩╕Å  MEDIASTACK_API_KEY not set - Mediastack provider will not be available

    [0m [90m 125 |[39m       availableProviders[33m.[39mpush([32m'Mediastack'[39m)[33m;[39m
     [90m 126 |[39m     } [36melse[39m {
    [31m[1m>[22m[39m[90m 127 |[39m       console[33m.[39mwarn([32m'ΓÜá∩╕Å  MEDIASTACK_API_KEY not set - Mediastack provider will not be available'[39m)[33m;[39m
     [90m     |[39m               [31m[1m^[22m[39m
     [90m 128 |[39m     }
     [90m 129 |[39m     
     [90m 130 |[39m     [36mif[39m (parsed[33m.[39m[33mBING_NEWS_KEY[39m) {[0m

      at validateEnv (src/utils/envValidation.ts:127:15)
      at getEnv (src/utils/envValidation.ts:149:10)
      at new BingWebClient (src/clients/bingWebClient.ts:65:23)
      at new GroundingService (src/services/groundingService.ts:80:28)
      at getGroundingService (src/services/groundingService.ts:1782:23)
      at Object.<anonymous> (src/services/groundingService.rateLimitCache.test.ts:118:42)

    console.warn
      ΓÜá∩╕Å  BING_NEWS_KEY not set - Bing News provider will not be available

    [0m [90m 131 |[39m       availableProviders[33m.[39mpush([32m'Bing News'[39m)[33m;[39m
     [90m 132 |[39m     } [36melse[39m {
    [31m[1m>[22m[39m[90m 133 |[39m       console[33m.[39mwarn([32m'ΓÜá∩╕Å  BING_NEWS_KEY not set - Bing News provider will not be available'[39m)[33m;[39m
     [90m     |[39m               [31m[1m^[22m[39m
     [90m 134 |[39m     }
     [90m 135 |[39m     
     [90m 136 |[39m     [90m// GDELT is always available (no API key required)[39m[0m

      at validateEnv (src/utils/envValidation.ts:133:15)
      at getEnv (src/utils/envValidation.ts:149:10)
      at new BingWebClient (src/clients/bingWebClient.ts:65:23)
      at new GroundingService (src/services/groundingService.ts:80:28)
      at getGroundingService (src/services/groundingService.ts:1782:23)
      at Object.<anonymous> (src/services/groundingService.rateLimitCache.test.ts:118:42)

    console.log
      Γ£ô Available news providers: GDELT

      at validateEnv (src/utils/envValidation.ts:139:13)

    console.log
      {"timestamp":"2026-03-13T19:15:36.178Z","level":"info","service":"fakenewsoff-backend","message":"Bing Web Search client not available (no API 
key)","event":"provider_init_skipped","provider":"bing_web","reason":"missing_api_key"}

      at Logger.log (src/utils/logger.ts:69:13)

    console.warn
      ΓÜá∩╕Å  MEDIASTACK_API_KEY not set - Mediastack provider will not be available

    [0m [90m 125 |[39m       availableProviders[33m.[39mpush([32m'Mediastack'[39m)[33m;[39m
     [90m 126 |[39m     } [36melse[39m {
    [31m[1m>[22m[39m[90m 127 |[39m       console[33m.[39mwarn([32m'ΓÜá∩╕Å  MEDIASTACK_API_KEY not set - Mediastack provider will not be available'[39m)[33m;[39m
     [90m     |[39m               [31m[1m^[22m[39m
     [90m 128 |[39m     }
     [90m 129 |[39m     
     [90m 130 |[39m     [36mif[39m (parsed[33m.[39m[33mBING_NEWS_KEY[39m) {[0m

      at validateEnv (src/utils/envValidation.ts:127:15)
      at getEnv (src/utils/envValidation.ts:149:10)
      at new MediastackClient (src/clients/mediastackClient.ts:66:23)
      at new GroundingService (src/services/groundingService.ts:97:31)
      at getGroundingService (src/services/groundingService.ts:1782:23)
      at Object.<anonymous> (src/services/groundingService.rateLimitCache.test.ts:118:42)

    console.warn
      ΓÜá∩╕Å  BING_NEWS_KEY not set - Bing News provider will not be available

    [0m [90m 131 |[39m       availableProviders[33m.[39mpush([32m'Bing News'[39m)[33m;[39m
     [90m 132 |[39m     } [36melse[39m {
    [31m[1m>[22m[39m[90m 133 |[39m       console[33m.[39mwarn([32m'ΓÜá∩╕Å  BING_NEWS_KEY not set - Bing News provider will not be available'[39m)[33m;[39m
     [90m     |[39m               [31m[1m^[22m[39m
     [90m 134 |[39m     }
     [90m 135 |[39m     
     [90m 136 |[39m     [90m// GDELT is always available (no API key required)[39m[0m

      at validateEnv (src/utils/envValidation.ts:133:15)
      at getEnv (src/utils/envValidation.ts:149:10)
      at new MediastackClient (src/clients/mediastackClient.ts:66:23)
      at new GroundingService (src/services/groundingService.ts:97:31)
      at getGroundingService (src/services/groundingService.ts:1782:23)
      at Object.<anonymous> (src/services/groundingService.rateLimitCache.test.ts:118:42)

    console.log
      Γ£ô Available news providers: GDELT

      at validateEnv (src/utils/envValidation.ts:139:13)

    console.log
      {"timestamp":"2026-03-13T19:15:36.180Z","level":"info","service":"fakenewsoff-backend","message":"Mediastack client not available (no API 
key)","event":"provider_init_skipped","provider":"mediastack","reason":"missing_api_key"}

      at Logger.log (src/utils/logger.ts:69:13)

    console.warn
      ΓÜá∩╕Å  MEDIASTACK_API_KEY not set - Mediastack provider will not be available

    [0m [90m 125 |[39m       availableProviders[33m.[39mpush([32m'Mediastack'[39m)[33m;[39m
     [90m 126 |[39m     } [36melse[39m {
    [31m[1m>[22m[39m[90m 127 |[39m       console[33m.[39mwarn([32m'ΓÜá∩╕Å  MEDIASTACK_API_KEY not set - Mediastack provider will not be available'[39m)[33m;[39m
     [90m     |[39m               [31m[1m^[22m[39m
     [90m 128 |[39m     }
     [90m 129 |[39m     
     [90m 130 |[39m     [36mif[39m (parsed[33m.[39m[33mBING_NEWS_KEY[39m) {[0m

      at validateEnv (src/utils/envValidation.ts:127:15)
      at getEnv (src/utils/envValidation.ts:149:10)
      at new GDELTClient (src/clients/gdeltClient.ts:36:23)
      at new GroundingService (src/services/groundingService.ts:113:24)
      at getGroundingService (src/services/groundingService.ts:1782:23)
      at Object.<anonymous> (src/services/groundingService.rateLimitCache.test.ts:118:42)

    console.warn
      ΓÜá∩╕Å  BING_NEWS_KEY not set - Bing News provider will not be available

    [0m [90m 131 |[39m       availableProviders[33m.[39mpush([32m'Bing News'[39m)[33m;[39m
     [90m 132 |[39m     } [36melse[39m {
    [31m[1m>[22m[39m[90m 133 |[39m       console[33m.[39mwarn([32m'ΓÜá∩╕Å  BING_NEWS_KEY not set - Bing News provider will not be available'[39m)[33m;[39m
     [90m     |[39m               [31m[1m^[22m[39m
     [90m 134 |[39m     }
     [90m 135 |[39m     
     [90m 136 |[39m     [90m// GDELT is always available (no API key required)[39m[0m

      at validateEnv (src/utils/envValidation.ts:133:15)
      at getEnv (src/utils/envValidation.ts:149:10)
      at new GDELTClient (src/clients/gdeltClient.ts:36:23)
      at new GroundingService (src/services/groundingService.ts:113:24)
      at getGroundingService (src/services/groundingService.ts:1782:23)
      at Object.<anonymous> (src/services/groundingService.rateLimitCache.test.ts:118:42)

    console.log
      Γ£ô Available news providers: GDELT

      at validateEnv (src/utils/envValidation.ts:139:13)

    console.log
      {"timestamp":"2026-03-13T19:15:36.181Z","level":"info","service":"fakenewsoff-backend","message":"GDELT client initialized","event":"provider_init_success","provider":"gdelt"}

      at Logger.log (src/utils/logger.ts:69:13)

    console.log
      {"timestamp":"2026-03-13T19:15:36.181Z","level":"info","service":"fakenewsoff-backend","message":"GroundingService initialization 
complete","event":"grounding_service_ready","enabled":true,"provider_order_configured":["bing","gdelt"],"providers_available":["gdelt"],"max_results":10}

      at Logger.log (src/utils/logger.ts:69:13)

    console.log
      {"timestamp":1773429336181,"level":"info","service":"fakenewsoff-backend","message":"Rate-limit cache entry 
set","event":"rate_limit_cache_set","provider":"mediastack","reason":"rate_limit","ttl_ms":300000}

      at Logger.log (src/utils/logger.ts:69:13)

    console.log
      {"timestamp":1773429336193,"level":"info","service":"fakenewsoff-backend","message":"Rate-limit cache entry 
set","event":"rate_limit_cache_set","provider":"mediastack","reason":"quota_exceeded","ttl_ms":180000}

      at Logger.log (src/utils/logger.ts:69:13)

(node:38652) [DEP0040] DeprecationWarning: The `punycode` module is deprecated. Please use a userland alternative instead.
(Use `node --trace-deprecation ...` to show where the warning was created)
(node:14328) [DEP0040] DeprecationWarning: The `punycode` module is deprecated. Please use a userland alternative instead.
(Use `node --trace-deprecation ...` to show where the warning was created)
PASS src/orchestration/evidenceOrchestrator.bugCondition.test.ts
  ΓùÅ Console

    console.log
      {"timestamp":"2026-03-13T19:15:36.374Z","level":"INFO","service":"evidenceOrchestrator","event":"orchestration_start","query_count":6,"max_passes":3}

      at EvidenceOrchestrator.logOrchestrationStart (src/orchestration/evidenceOrchestrator.ts:775:13)

    console.log
      {"timestamp":"2026-03-13T19:15:36.380Z","level":"INFO","service":"evidenceOrchestrator","event":"pass_start","pass_number":1,"query_count":3}

      at EvidenceOrchestrator.logPassStart (src/orchestration/evidenceOrchestrator.ts:791:13)

    console.log
      {"timestamp":"2026-03-13T19:15:36.381Z","level":"INFO","event":"ORCHESTRATOR_STAGED_EXECUTION_START","service":"evidenceOrchestrator","pass_number":1,"query_count":3,"orchestration_method_used":"
stagedExecution","fix_version":"production_retrieval_efficiency_v3"}

      at EvidenceOrchestrator.executePass (src/orchestration/evidenceOrchestrator.ts:115:17)

    console.log
      {"timestamp":"2026-03-13T19:15:36.382Z","level":"INFO","event":"ORCHESTRATOR_STAGE_1_START","service":"evidenceOrchestrator","pass_number":1,"stage":1,"query":"Biden announced new climate 
policy","provider":"mediastack"}

      at EvidenceOrchestrator.executePass (src/orchestration/evidenceOrchestrator.ts:160:19)

    console.log
      {"timestamp":"2026-03-13T19:15:36.383Z","level":"INFO","service":"evidenceOrchestrator","event":"orchestration_start","query_count":6,"max_passes":3}

      at EvidenceOrchestrator.logOrchestrationStart (src/orchestration/evidenceOrchestrator.ts:775:13)

    console.log
      {"timestamp":"2026-03-13T19:15:36.383Z","level":"INFO","service":"evidenceOrchestrator","event":"pass_start","pass_number":1,"query_count":3}

      at EvidenceOrchestrator.logPassStart (src/orchestration/evidenceOrchestrator.ts:791:13)

    console.log
      {"timestamp":"2026-03-13T19:15:36.384Z","level":"INFO","event":"ORCHESTRATOR_STAGED_EXECUTION_START","service":"evidenceOrchestrator","pass_number":1,"query_count":3,"orchestration_method_used":"
stagedExecution","fix_version":"production_retrieval_efficiency_v3"}

      at EvidenceOrchestrator.executePass (src/orchestration/evidenceOrchestrator.ts:115:17)

    console.log
      {"timestamp":"2026-03-13T19:15:36.384Z","level":"INFO","event":"ORCHESTRATOR_STAGE_1_START","service":"evidenceOrchestrator","pass_number":1,"stage":1,"query":"Biden announced new climate 
policy","provider":"mediastack"}

      at EvidenceOrchestrator.executePass (src/orchestration/evidenceOrchestrator.ts:160:19)

    console.log
      === BUG CONDITION COUNTEREXAMPLES ===

      at Object.<anonymous> (src/orchestration/evidenceOrchestrator.bugCondition.test.ts:157:13)

    console.log
      Total Mediastack calls: 0 (expected: Γëñ2)

      at Object.<anonymous> (src/orchestration/evidenceOrchestrator.bugCondition.test.ts:158:13)

    console.log
      Calls after rate-limit: 0 (expected: 0)

      at Object.<anonymous> (src/orchestration/evidenceOrchestrator.bugCondition.test.ts:159:13)

    console.log
      Staged execution used: true (expected: true)

      at Object.<anonymous> (src/orchestration/evidenceOrchestrator.bugCondition.test.ts:160:13)

    console.log
      Cache used on repeat: true (expected: true)

      at Object.<anonymous> (src/orchestration/evidenceOrchestrator.bugCondition.test.ts:161:13)

    console.log
      Provider call sequence:

      at Object.<anonymous> (src/orchestration/evidenceOrchestrator.bugCondition.test.ts:162:13)

    console.log
      {"timestamp":"2026-03-13T19:15:36.387Z","level":"INFO","service":"evidenceOrchestrator","event":"orchestration_start","query_count":8,"max_passes":3}

      at EvidenceOrchestrator.logOrchestrationStart (src/orchestration/evidenceOrchestrator.ts:775:13)

    console.log
      {"timestamp":"2026-03-13T19:15:36.388Z","level":"INFO","service":"evidenceOrchestrator","event":"pass_start","pass_number":1,"query_count":5}

      at EvidenceOrchestrator.logPassStart (src/orchestration/evidenceOrchestrator.ts:791:13)

    console.log
      {"timestamp":"2026-03-13T19:15:36.388Z","level":"INFO","event":"ORCHESTRATOR_STAGED_EXECUTION_START","service":"evidenceOrchestrator","pass_number":1,"query_count":5,"orchestration_method_used":"
stagedExecution","fix_version":"production_retrieval_efficiency_v3"}

      at EvidenceOrchestrator.executePass (src/orchestration/evidenceOrchestrator.ts:115:17)

    console.log
      {"timestamp":"2026-03-13T19:15:36.388Z","level":"INFO","event":"ORCHESTRATOR_STAGE_1_START","service":"evidenceOrchestrator","pass_number":1,"stage":1,"query":"xy@}M!y$~% query 
0","provider":"mediastack"}

      at EvidenceOrchestrator.executePass (src/orchestration/evidenceOrchestrator.ts:160:19)

    console.log
      {"timestamp":"2026-03-13T19:15:36.389Z","level":"INFO","service":"evidenceOrchestrator","event":"orchestration_start","query_count":9,"max_passes":3}

      at EvidenceOrchestrator.logOrchestrationStart (src/orchestration/evidenceOrchestrator.ts:775:13)

    console.log
      {"timestamp":"2026-03-13T19:15:36.390Z","level":"INFO","service":"evidenceOrchestrator","event":"pass_start","pass_number":1,"query_count":6}

      at EvidenceOrchestrator.logPassStart (src/orchestration/evidenceOrchestrator.ts:791:13)

    console.log
      {"timestamp":"2026-03-13T19:15:36.390Z","level":"INFO","event":"ORCHESTRATOR_STAGED_EXECUTION_START","service":"evidenceOrchestrator","pass_number":1,"query_count":6,"orchestration_method_used":"
stagedExecution","fix_version":"production_retrieval_efficiency_v3"}

      at EvidenceOrchestrator.executePass (src/orchestration/evidenceOrchestrator.ts:115:17)

    console.log
      {"timestamp":"2026-03-13T19:15:36.390Z","level":"INFO","event":"ORCHESTRATOR_STAGE_1_START","service":"evidenceOrchestrator","pass_number":1,"stage":1,"query":"\"!D}#%%2${&g`%}] query 
0","provider":"mediastack"}

      at EvidenceOrchestrator.executePass (src/orchestration/evidenceOrchestrator.ts:160:19)

    console.log
      {"timestamp":"2026-03-13T19:15:36.391Z","level":"INFO","service":"evidenceOrchestrator","event":"orchestration_start","query_count":7,"max_passes":3}

      at EvidenceOrchestrator.logOrchestrationStart (src/orchestration/evidenceOrchestrator.ts:775:13)

    console.log
      {"timestamp":"2026-03-13T19:15:36.391Z","level":"INFO","service":"evidenceOrchestrator","event":"pass_start","pass_number":1,"query_count":4}

      at EvidenceOrchestrator.logPassStart (src/orchestration/evidenceOrchestrator.ts:791:13)

    console.log
      {"timestamp":"2026-03-13T19:15:36.392Z","level":"INFO","event":"ORCHESTRATOR_STAGED_EXECUTION_START","service":"evidenceOrchestrator","pass_number":1,"query_count":4,"orchestration_method_used":"
stagedExecution","fix_version":"production_retrieval_efficiency_v3"}

      at EvidenceOrchestrator.executePass (src/orchestration/evidenceOrchestrator.ts:115:17)

    console.log
      {"timestamp":"2026-03-13T19:15:36.392Z","level":"INFO","event":"ORCHESTRATOR_STAGE_1_START","service":"evidenceOrchestrator","pass_number":1,"stage":1,"query":"X.M/_O8Hp}5FrEHjQ/'XA-n'8_ query 
0","provider":"mediastack"}

      at EvidenceOrchestrator.executePass (src/orchestration/evidenceOrchestrator.ts:160:19)

    console.log
      {"timestamp":"2026-03-13T19:15:36.393Z","level":"INFO","service":"evidenceOrchestrator","event":"orchestration_start","query_count":8,"max_passes":3}

      at EvidenceOrchestrator.logOrchestrationStart (src/orchestration/evidenceOrchestrator.ts:775:13)

    console.log
      {"timestamp":"2026-03-13T19:15:36.393Z","level":"INFO","service":"evidenceOrchestrator","event":"pass_start","pass_number":1,"query_count":5}

      at EvidenceOrchestrator.logPassStart (src/orchestration/evidenceOrchestrator.ts:791:13)

    console.log
      {"timestamp":"2026-03-13T19:15:36.393Z","level":"INFO","event":"ORCHESTRATOR_STAGED_EXECUTION_START","service":"evidenceOrchestrator","pass_number":1,"query_count":5,"orchestration_method_used":"
stagedExecution","fix_version":"production_retrieval_efficiency_v3"}

      at EvidenceOrchestrator.executePass (src/orchestration/evidenceOrchestrator.ts:115:17)

    console.log
      {"timestamp":"2026-03-13T19:15:36.394Z","level":"INFO","event":"ORCHESTRATOR_STAGE_1_START","service":"evidenceOrchestrator","pass_number":1,"stage":1,"query":"isPrototypeOf query 
0","provider":"mediastack"}

      at EvidenceOrchestrator.executePass (src/orchestration/evidenceOrchestrator.ts:160:19)

    console.log
      {"timestamp":"2026-03-13T19:15:36.394Z","level":"INFO","service":"evidenceOrchestrator","event":"orchestration_start","query_count":8,"max_passes":3}

      at EvidenceOrchestrator.logOrchestrationStart (src/orchestration/evidenceOrchestrator.ts:775:13)

    console.log
      {"timestamp":"2026-03-13T19:15:36.395Z","level":"INFO","service":"evidenceOrchestrator","event":"pass_start","pass_number":1,"query_count":5}

      at EvidenceOrchestrator.logPassStart (src/orchestration/evidenceOrchestrator.ts:791:13)

    console.log
      {"timestamp":"2026-03-13T19:15:36.395Z","level":"INFO","event":"ORCHESTRATOR_STAGED_EXECUTION_START","service":"evidenceOrchestrator","pass_number":1,"query_count":5,"orchestration_method_used":"
stagedExecution","fix_version":"production_retrieval_efficiency_v3"}

      at EvidenceOrchestrator.executePass (src/orchestration/evidenceOrchestrator.ts:115:17)

    console.log
      {"timestamp":"2026-03-13T19:15:36.395Z","level":"INFO","event":"ORCHESTRATOR_STAGE_1_START","service":"evidenceOrchestrator","pass_number":1,"stage":1,"query":"+p>_$6wt`hohoKN\\E\"yN(6 query 
0","provider":"mediastack"}

      at EvidenceOrchestrator.executePass (src/orchestration/evidenceOrchestrator.ts:160:19)

    console.log
      {"timestamp":"2026-03-13T19:15:36.396Z","level":"INFO","service":"evidenceOrchestrator","event":"orchestration_start","query_count":7,"max_passes":3}

      at EvidenceOrchestrator.logOrchestrationStart (src/orchestration/evidenceOrchestrator.ts:775:13)

    console.log
      {"timestamp":"2026-03-13T19:15:36.396Z","level":"INFO","service":"evidenceOrchestrator","event":"pass_start","pass_number":1,"query_count":4}

      at EvidenceOrchestrator.logPassStart (src/orchestration/evidenceOrchestrator.ts:791:13)

    console.log
      {"timestamp":"2026-03-13T19:15:36.397Z","level":"INFO","event":"ORCHESTRATOR_STAGED_EXECUTION_START","service":"evidenceOrchestrator","pass_number":1,"query_count":4,"orchestration_method_used":"
stagedExecution","fix_version":"production_retrieval_efficiency_v3"}

      at EvidenceOrchestrator.executePass (src/orchestration/evidenceOrchestrator.ts:115:17)

    console.log
      {"timestamp":"2026-03-13T19:15:36.397Z","level":"INFO","event":"ORCHESTRATOR_STAGE_1_START","service":"evidenceOrchestrator","pass_number":1,"stage":1,"query":"%\"xM}!~{~%#%_| query 
0","provider":"mediastack"}

      at EvidenceOrchestrator.executePass (src/orchestration/evidenceOrchestrator.ts:160:19)

    console.log
      {"timestamp":"2026-03-13T19:15:36.398Z","level":"INFO","service":"evidenceOrchestrator","event":"orchestration_start","query_count":9,"max_passes":3}

      at EvidenceOrchestrator.logOrchestrationStart (src/orchestration/evidenceOrchestrator.ts:775:13)

    console.log
      {"timestamp":"2026-03-13T19:15:36.398Z","level":"INFO","service":"evidenceOrchestrator","event":"pass_start","pass_number":1,"query_count":6}

      at EvidenceOrchestrator.logPassStart (src/orchestration/evidenceOrchestrator.ts:791:13)

    console.log
      {"timestamp":"2026-03-13T19:15:36.398Z","level":"INFO","event":"ORCHESTRATOR_STAGED_EXECUTION_START","service":"evidenceOrchestrator","pass_number":1,"query_count":6,"orchestration_method_used":"
stagedExecution","fix_version":"production_retrieval_efficiency_v3"}

      at EvidenceOrchestrator.executePass (src/orchestration/evidenceOrchestrator.ts:115:17)

    console.log
      {"timestamp":"2026-03-13T19:15:36.398Z","level":"INFO","event":"ORCHESTRATOR_STAGE_1_START","service":"evidenceOrchestrator","pass_number":1,"stage":1,"query":"rq&}}f$/z%qg query 
0","provider":"mediastack"}

      at EvidenceOrchestrator.executePass (src/orchestration/evidenceOrchestrator.ts:160:19)

    console.log
      {"timestamp":"2026-03-13T19:15:36.399Z","level":"INFO","service":"evidenceOrchestrator","event":"orchestration_start","query_count":7,"max_passes":3}

      at EvidenceOrchestrator.logOrchestrationStart (src/orchestration/evidenceOrchestrator.ts:775:13)

    console.log
      {"timestamp":"2026-03-13T19:15:36.399Z","level":"INFO","service":"evidenceOrchestrator","event":"pass_start","pass_number":1,"query_count":4}

      at EvidenceOrchestrator.logPassStart (src/orchestration/evidenceOrchestrator.ts:791:13)

    console.log
      {"timestamp":"2026-03-13T19:15:36.399Z","level":"INFO","event":"ORCHESTRATOR_STAGED_EXECUTION_START","service":"evidenceOrchestrator","pass_number":1,"query_count":4,"orchestration_method_used":"
stagedExecution","fix_version":"production_retrieval_efficiency_v3"}

      at EvidenceOrchestrator.executePass (src/orchestration/evidenceOrchestrator.ts:115:17)

    console.log
      {"timestamp":"2026-03-13T19:15:36.399Z","level":"INFO","event":"ORCHESTRATOR_STAGE_1_START","service":"evidenceOrchestrator","pass_number":1,"stage":1,"query":"__lookupGet query 
0","provider":"mediastack"}

      at EvidenceOrchestrator.executePass (src/orchestration/evidenceOrchestrator.ts:160:19)

    console.log
      {"timestamp":"2026-03-13T19:15:36.400Z","level":"INFO","service":"evidenceOrchestrator","event":"orchestration_start","query_count":7,"max_passes":3}

      at EvidenceOrchestrator.logOrchestrationStart (src/orchestration/evidenceOrchestrator.ts:775:13)

    console.log
      {"timestamp":"2026-03-13T19:15:36.400Z","level":"INFO","service":"evidenceOrchestrator","event":"pass_start","pass_number":1,"query_count":4}

      at EvidenceOrchestrator.logPassStart (src/orchestration/evidenceOrchestrator.ts:791:13)

    console.log
      {"timestamp":"2026-03-13T19:15:36.400Z","level":"INFO","event":"ORCHESTRATOR_STAGED_EXECUTION_START","service":"evidenceOrchestrator","pass_number":1,"query_count":4,"orchestration_method_used":"
stagedExecution","fix_version":"production_retrieval_efficiency_v3"}

      at EvidenceOrchestrator.executePass (src/orchestration/evidenceOrchestrator.ts:115:17)

    console.log
      {"timestamp":"2026-03-13T19:15:36.400Z","level":"INFO","event":"ORCHESTRATOR_STAGE_1_START","service":"evidenceOrchestrator","pass_number":1,"stage":1,"query":"oW>9# ou#]G9*pj query 
0","provider":"mediastack"}

      at EvidenceOrchestrator.executePass (src/orchestration/evidenceOrchestrator.ts:160:19)

    console.log
      {"timestamp":"2026-03-13T19:15:36.401Z","level":"INFO","service":"evidenceOrchestrator","event":"orchestration_start","query_count":7,"max_passes":3}

      at EvidenceOrchestrator.logOrchestrationStart (src/orchestration/evidenceOrchestrator.ts:775:13)

    console.log
      {"timestamp":"2026-03-13T19:15:36.401Z","level":"INFO","service":"evidenceOrchestrator","event":"pass_start","pass_number":1,"query_count":4}

      at EvidenceOrchestrator.logPassStart (src/orchestration/evidenceOrchestrator.ts:791:13)

    console.log
      {"timestamp":"2026-03-13T19:15:36.401Z","level":"INFO","event":"ORCHESTRATOR_STAGED_EXECUTION_START","service":"evidenceOrchestrator","pass_number":1,"query_count":4,"orchestration_method_used":"
stagedExecution","fix_version":"production_retrieval_efficiency_v3"}

      at EvidenceOrchestrator.executePass (src/orchestration/evidenceOrchestrator.ts:115:17)

    console.log
      {"timestamp":"2026-03-13T19:15:36.401Z","level":"INFO","event":"ORCHESTRATOR_STAGE_1_START","service":"evidenceOrchestrator","pass_number":1,"stage":1,"query":"9ZLQ=FRV<Pt#Y query 
0","provider":"mediastack"}

      at EvidenceOrchestrator.executePass (src/orchestration/evidenceOrchestrator.ts:160:19)

PASS src/lambda.orchestration.test.ts
  ΓùÅ Console

    console.log
      {"timestamp":"2026-03-13T19:15:36.324Z","level":"INFO","event":"LAMBDA_HANDLER_STARTUP_V4","build_fix_version":"v6","handler_file":"lambda.ts","orchestration_method_used":"multiQuery","ground_met
hod_used":"groundTextOnly","grounding_path":"multi_query_provider_pipeline","fix_description":"Orchestrator uses groundTextOnly() for multi-query provider pipeline"}

      at handler (src/lambda.ts:29:11)

    console.log
      {"timestamp":"2026-03-13T19:15:36.327Z","level":"INFO","event":"analyze_request_received","demo_mode":false,"is_text_only":true,"text_length":30}

      at handler (src/lambda.ts:196:15)

    console.warn
      ΓÜá∩╕Å  MEDIASTACK_API_KEY not set - Mediastack provider will not be available

    [0m [90m 125 |[39m       availableProviders[33m.[39mpush([32m'Mediastack'[39m)[33m;[39m
     [90m 126 |[39m     } [36melse[39m {
    [31m[1m>[22m[39m[90m 127 |[39m       console[33m.[39mwarn([32m'ΓÜá∩╕Å  MEDIASTACK_API_KEY not set - Mediastack provider will not be available'[39m)[33m;[39m
     [90m     |[39m               [31m[1m^[22m[39m
     [90m 128 |[39m     }
     [90m 129 |[39m     
     [90m 130 |[39m     [36mif[39m (parsed[33m.[39m[33mBING_NEWS_KEY[39m) {[0m

      at validateEnv (src/utils/envValidation.ts:127:15)
      at getEnv (src/utils/envValidation.ts:149:10)
      at handler (src/lambda.ts:232:27)
      at Object.<anonymous> (src/lambda.orchestration.test.ts:135:31)

    console.warn
      ΓÜá∩╕Å  BING_NEWS_KEY not set - Bing News provider will not be available

    [0m [90m 131 |[39m       availableProviders[33m.[39mpush([32m'Bing News'[39m)[33m;[39m
     [90m 132 |[39m     } [36melse[39m {
    [31m[1m>[22m[39m[90m 133 |[39m       console[33m.[39mwarn([32m'ΓÜá∩╕Å  BING_NEWS_KEY not set - Bing News provider will not be available'[39m)[33m;[39m
     [90m     |[39m               [31m[1m^[22m[39m
     [90m 134 |[39m     }
     [90m 135 |[39m     
     [90m 136 |[39m     [90m// GDELT is always available (no API key required)[39m[0m

      at validateEnv (src/utils/envValidation.ts:133:15)
      at getEnv (src/utils/envValidation.ts:149:10)
      at handler (src/lambda.ts:232:27)
      at Object.<anonymous> (src/lambda.orchestration.test.ts:135:31)

    console.log
      Γ£ô Available news providers: GDELT

      at validateEnv (src/utils/envValidation.ts:139:13)

    console.log
      {"timestamp":"2026-03-13T19:15:36.329Z","level":"INFO","event":"analyze_path_selected","path":"legacy_text_grounding","orchestration_enabled":false,"is_text_only":true}

      at handler (src/lambda.ts:236:17)

    console.log
      {"timestamp":"2026-03-13T19:15:36.329Z","level":"INFO","event":"grounding_method_selected","method":"legacy_text_grounding","using_new_orchestrated_grounding":false,"using_legacy_grounding":true}

      at handler (src/lambda.ts:375:19)

    console.log
      {"timestamp":"2026-03-13T19:15:36.332Z","level":"INFO","event":"LAMBDA_HANDLER_STARTUP_V4","build_fix_version":"v6","handler_file":"lambda.ts","orchestration_method_used":"multiQuery","ground_met
hod_used":"groundTextOnly","grounding_path":"multi_query_provider_pipeline","fix_description":"Orchestrator uses groundTextOnly() for multi-query provider pipeline"}

      at handler (src/lambda.ts:29:11)

    console.log
      {"timestamp":"2026-03-13T19:15:36.332Z","level":"INFO","event":"analyze_request_received","demo_mode":false,"is_text_only":true,"text_length":28}

      at handler (src/lambda.ts:196:15)

    console.warn
      ΓÜá∩╕Å  MEDIASTACK_API_KEY not set - Mediastack provider will not be available

    [0m [90m 125 |[39m       availableProviders[33m.[39mpush([32m'Mediastack'[39m)[33m;[39m
     [90m 126 |[39m     } [36melse[39m {
    [31m[1m>[22m[39m[90m 127 |[39m       console[33m.[39mwarn([32m'ΓÜá∩╕Å  MEDIASTACK_API_KEY not set - Mediastack provider will not be available'[39m)[33m;[39m
     [90m     |[39m               [31m[1m^[22m[39m
     [90m 128 |[39m     }
     [90m 129 |[39m     
     [90m 130 |[39m     [36mif[39m (parsed[33m.[39m[33mBING_NEWS_KEY[39m) {[0m

      at validateEnv (src/utils/envValidation.ts:127:15)
      at getEnv (src/utils/envValidation.ts:149:10)
      at handler (src/lambda.ts:232:27)
      at Object.<anonymous> (src/lambda.orchestration.test.ts:177:31)

    console.warn
      ΓÜá∩╕Å  BING_NEWS_KEY not set - Bing News provider will not be available

    [0m [90m 131 |[39m       availableProviders[33m.[39mpush([32m'Bing News'[39m)[33m;[39m
     [90m 132 |[39m     } [36melse[39m {
    [31m[1m>[22m[39m[90m 133 |[39m       console[33m.[39mwarn([32m'ΓÜá∩╕Å  BING_NEWS_KEY not set - Bing News provider will not be available'[39m)[33m;[39m
     [90m     |[39m               [31m[1m^[22m[39m
     [90m 134 |[39m     }
     [90m 135 |[39m     
     [90m 136 |[39m     [90m// GDELT is always available (no API key required)[39m[0m

      at validateEnv (src/utils/envValidation.ts:133:15)
      at getEnv (src/utils/envValidation.ts:149:10)
      at handler (src/lambda.ts:232:27)
      at Object.<anonymous> (src/lambda.orchestration.test.ts:177:31)

    console.log
      Γ£ô Available news providers: GDELT

      at validateEnv (src/utils/envValidation.ts:139:13)

    console.log
      {"timestamp":"2026-03-13T19:15:36.333Z","level":"INFO","event":"analyze_path_selected","path":"orchestrated_grounding","orchestration_enabled":true,"is_text_only":true}

      at handler (src/lambda.ts:236:17)

    console.log
      
{"timestamp":"2026-03-13T19:15:36.333Z","level":"INFO","event":"grounding_method_selected","method":"iterative_orchestration","using_new_orchestrated_grounding":true,"using_legacy_grounding":false}

      at handler (src/lambda.ts:247:19)

    console.log
      {"timestamp":"2026-03-13T19:15:36.333Z","level":"INFO","event":"LAMBDA_FIX_PATH_ACTIVE_V4","handler":"analyze_orchestration","fix_version":"v6","orchestration_method_used":"multiQuery","ground_me
thod_used":"groundTextOnly","grounding_path":"multi_query_provider_pipeline","text_length":28}

      at handler (src/lambda.ts:256:19)

    console.log
      {"timestamp":"2026-03-13T19:15:36.333Z","level":"INFO","event":"ORCHESTRATION_RESULT_RECEIVED_V4","has_queries":true,"queries_count":2,"queries_preview":["test query 1","test query 2"],"subclaim_
count":0,"subclaim_preview":[],"providers_succeeded":["gdelt"],"providers_attempted":["gdelt"],"providers_failed":[],"evidence_count":0,"has_failure_details":false,"failure_details_count":0,"fix_versio
n":"v4"}

      at handler (src/lambda.ts:272:21)

    console.log
      {"timestamp":"2026-03-13T19:15:36.336Z","level":"INFO","event":"LAMBDA_HANDLER_STARTUP_V4","build_fix_version":"v6","handler_file":"lambda.ts","orchestration_method_used":"multiQuery","ground_met
hod_used":"groundTextOnly","grounding_path":"multi_query_provider_pipeline","fix_description":"Orchestrator uses groundTextOnly() for multi-query provider pipeline"}

      at handler (src/lambda.ts:29:11)

    console.log
      {"timestamp":"2026-03-13T19:15:36.336Z","level":"INFO","event":"analyze_request_received","demo_mode":false,"is_text_only":true,"text_length":27}

      at handler (src/lambda.ts:196:15)

    console.warn
      ΓÜá∩╕Å  MEDIASTACK_API_KEY not set - Mediastack provider will not be available

    [0m [90m 125 |[39m       availableProviders[33m.[39mpush([32m'Mediastack'[39m)[33m;[39m
     [90m 126 |[39m     } [36melse[39m {
    [31m[1m>[22m[39m[90m 127 |[39m       console[33m.[39mwarn([32m'ΓÜá∩╕Å  MEDIASTACK_API_KEY not set - Mediastack provider will not be available'[39m)[33m;[39m
     [90m     |[39m               [31m[1m^[22m[39m
     [90m 128 |[39m     }
     [90m 129 |[39m     
     [90m 130 |[39m     [36mif[39m (parsed[33m.[39m[33mBING_NEWS_KEY[39m) {[0m

      at validateEnv (src/utils/envValidation.ts:127:15)
      at getEnv (src/utils/envValidation.ts:149:10)
      at handler (src/lambda.ts:232:27)
      at Object.<anonymous> (src/lambda.orchestration.test.ts:223:31)

    console.warn
      ΓÜá∩╕Å  BING_NEWS_KEY not set - Bing News provider will not be available

    [0m [90m 131 |[39m       availableProviders[33m.[39mpush([32m'Bing News'[39m)[33m;[39m
     [90m 132 |[39m     } [36melse[39m {
    [31m[1m>[22m[39m[90m 133 |[39m       console[33m.[39mwarn([32m'ΓÜá∩╕Å  BING_NEWS_KEY not set - Bing News provider will not be available'[39m)[33m;[39m
     [90m     |[39m               [31m[1m^[22m[39m
     [90m 134 |[39m     }
     [90m 135 |[39m     
     [90m 136 |[39m     [90m// GDELT is always available (no API key required)[39m[0m

      at validateEnv (src/utils/envValidation.ts:133:15)
      at getEnv (src/utils/envValidation.ts:149:10)
      at handler (src/lambda.ts:232:27)
      at Object.<anonymous> (src/lambda.orchestration.test.ts:223:31)

    console.log
      Γ£ô Available news providers: GDELT

      at validateEnv (src/utils/envValidation.ts:139:13)

    console.log
      {"timestamp":"2026-03-13T19:15:36.336Z","level":"INFO","event":"analyze_path_selected","path":"orchestrated_grounding","orchestration_enabled":true,"is_text_only":true}

      at handler (src/lambda.ts:236:17)

    console.log
      
{"timestamp":"2026-03-13T19:15:36.336Z","level":"INFO","event":"grounding_method_selected","method":"iterative_orchestration","using_new_orchestrated_grounding":true,"using_legacy_grounding":false}

      at handler (src/lambda.ts:247:19)

    console.log
      {"timestamp":"2026-03-13T19:15:36.336Z","level":"INFO","event":"LAMBDA_FIX_PATH_ACTIVE_V4","handler":"analyze_orchestration","fix_version":"v6","orchestration_method_used":"multiQuery","ground_me
thod_used":"groundTextOnly","grounding_path":"multi_query_provider_pipeline","text_length":27}

      at handler (src/lambda.ts:256:19)

    console.log
      {"timestamp":"2026-03-13T19:15:36.337Z","level":"INFO","event":"ORCHESTRATION_RESULT_RECEIVED_V4","has_queries":true,"queries_count":2,"queries_preview":["test query 1","test query 2"],"subclaim_
count":0,"subclaim_preview":[],"providers_succeeded":["gdelt"],"providers_attempted":["gdelt"],"providers_failed":[],"evidence_count":0,"has_failure_details":false,"failure_details_count":0,"fix_versio
n":"v4"}

      at handler (src/lambda.ts:272:21)

    console.log
      {"timestamp":"2026-03-13T19:15:36.338Z","level":"INFO","event":"LAMBDA_HANDLER_STARTUP_V4","build_fix_version":"v6","handler_file":"lambda.ts","orchestration_method_used":"multiQuery","ground_met
hod_used":"groundTextOnly","grounding_path":"multi_query_provider_pipeline","fix_description":"Orchestrator uses groundTextOnly() for multi-query provider pipeline"}

      at handler (src/lambda.ts:29:11)

    console.log
      {"timestamp":"2026-03-13T19:15:36.338Z","level":"INFO","event":"LAMBDA_HANDLER_STARTUP_V4","build_fix_version":"v6","handler_file":"lambda.ts","orchestration_method_used":"multiQuery","ground_met
hod_used":"groundTextOnly","grounding_path":"multi_query_provider_pipeline","fix_description":"Orchestrator uses groundTextOnly() for multi-query provider pipeline"}

      at handler (src/lambda.ts:29:11)

    console.error
      Error analyzing content: SyntaxError: Unexpected token 'i', "invalid json{" is not valid JSON
          at JSON.parse (<anonymous>)
          at handler (C:\dev\fakenewsoff\backend\src\lambda.ts:176:38)
          at Object.<anonymous> (C:\dev\fakenewsoff\backend\src\lambda.orchestration.test.ts:298:31)
          at processTicksAndRejections (node:internal/process/task_queues:103:5)

    [0m [90m 477 |[39m       }
     [90m 478 |[39m     } [36mcatch[39m (error[33m:[39m any) {
    [31m[1m>[22m[39m[90m 479 |[39m       console[33m.[39merror([32m'Error analyzing content:'[39m[33m,[39m error)[33m;[39m
     [90m     |[39m               [31m[1m^[22m[39m
     [90m 480 |[39m
     [90m 481 |[39m       [36mif[39m (error [36minstanceof[39m [33mSyntaxError[39m) {
     [90m 482 |[39m         [36mreturn[39m {[0m

      at handler (src/lambda.ts:479:15)
      at Object.<anonymous> (src/lambda.orchestration.test.ts:298:31)

    console.log
      {"timestamp":"2026-03-13T19:15:36.347Z","level":"INFO","event":"LAMBDA_HANDLER_STARTUP_V4","build_fix_version":"v6","handler_file":"lambda.ts","orchestration_method_used":"multiQuery","ground_met
hod_used":"groundTextOnly","grounding_path":"multi_query_provider_pipeline","fix_description":"Orchestrator uses groundTextOnly() for multi-query provider pipeline"}

      at handler (src/lambda.ts:29:11)

    console.log
      {"timestamp":"2026-03-13T19:15:36.348Z","level":"INFO","event":"analyze_request_received","demo_mode":false,"is_text_only":true,"text_length":9}

      at handler (src/lambda.ts:196:15)

    console.warn
      ΓÜá∩╕Å  MEDIASTACK_API_KEY not set - Mediastack provider will not be available

    [0m [90m 125 |[39m       availableProviders[33m.[39mpush([32m'Mediastack'[39m)[33m;[39m
     [90m 126 |[39m     } [36melse[39m {
    [31m[1m>[22m[39m[90m 127 |[39m       console[33m.[39mwarn([32m'ΓÜá∩╕Å  MEDIASTACK_API_KEY not set - Mediastack provider will not be available'[39m)[33m;[39m
     [90m     |[39m               [31m[1m^[22m[39m
     [90m 128 |[39m     }
     [90m 129 |[39m     
     [90m 130 |[39m     [36mif[39m (parsed[33m.[39m[33mBING_NEWS_KEY[39m) {[0m

      at validateEnv (src/utils/envValidation.ts:127:15)
      at getEnv (src/utils/envValidation.ts:149:10)
      at handler (src/lambda.ts:232:27)
      at Object.<anonymous> (src/lambda.orchestration.test.ts:328:31)

    console.warn
      ΓÜá∩╕Å  BING_NEWS_KEY not set - Bing News provider will not be available

    [0m [90m 131 |[39m       availableProviders[33m.[39mpush([32m'Bing News'[39m)[33m;[39m
     [90m 132 |[39m     } [36melse[39m {
    [31m[1m>[22m[39m[90m 133 |[39m       console[33m.[39mwarn([32m'ΓÜá∩╕Å  BING_NEWS_KEY not set - Bing News provider will not be available'[39m)[33m;[39m
     [90m     |[39m               [31m[1m^[22m[39m
     [90m 134 |[39m     }
     [90m 135 |[39m     
     [90m 136 |[39m     [90m// GDELT is always available (no API key required)[39m[0m

      at validateEnv (src/utils/envValidation.ts:133:15)
      at getEnv (src/utils/envValidation.ts:149:10)
      at handler (src/lambda.ts:232:27)
      at Object.<anonymous> (src/lambda.orchestration.test.ts:328:31)

    console.log
      Γ£ô Available news providers: GDELT

      at validateEnv (src/utils/envValidation.ts:139:13)

    console.log
      {"timestamp":"2026-03-13T19:15:36.348Z","level":"INFO","event":"analyze_path_selected","path":"legacy_text_grounding","orchestration_enabled":false,"is_text_only":true}

      at handler (src/lambda.ts:236:17)

    console.log
      {"timestamp":"2026-03-13T19:15:36.348Z","level":"INFO","event":"grounding_method_selected","method":"legacy_text_grounding","using_new_orchestrated_grounding":false,"using_legacy_grounding":true}

      at handler (src/lambda.ts:375:19)

PASS src/services/fetchService.property.test.ts
PASS src/services/fetchService.test.ts (6.872 s)
PASS src/__tests__/smoke.test.ts
  ΓùÅ Console

    console.log
      {"event":"bedrock_invocation","model":"amazon.nova-lite-v1:0","provider":"AWS Bedrock","request_id":"d094ed5b-d024-42b0-8357-e7e440c26246","timestamp":"2026-03-13T19:15:36.369Z"}

      at invokeNova (src/services/novaClient.ts:313:11)

    console.log
      {"event":"bedrock_invocation","model":"amazon.nova-lite-v1:0","provider":"AWS Bedrock","request_id":"8a753a66-3083-4ee9-bfff-9af682c727f1","timestamp":"2026-03-13T19:15:36.387Z"}

      at invokeNova (src/services/novaClient.ts:313:11)

    console.log
      {"timestamp":"2026-03-13T19:15:36.388Z","level":"INFO","service":"novaClient","event":"evidence_synthesis_success","claim_count":1,"source_count":1,"chunk_count":0,"evidence_strength":"strong"}

      at logStructured (src/services/novaClient.ts:957:11)

    console.log
      {"event":"bedrock_invocation","model":"amazon.nova-lite-v1:0","provider":"AWS Bedrock","request_id":"61215abb-62d8-4ba4-9aaf-68cab77266fb","timestamp":"2026-03-13T19:15:36.389Z"}

      at invokeNova (src/services/novaClient.ts:313:11)

    console.log
      {"timestamp":"2026-03-13T19:15:36.389Z","level":"INFO","service":"novaClient","event":"label_determination_success","status_label":"Supported","confidence_score":85,"misinformation_type":null}

      at logStructured (src/services/novaClient.ts:957:11)

    console.log
      {"event":"bedrock_invocation","model":"amazon.nova-lite-v1:0","provider":"AWS Bedrock","request_id":"ddd44a88-11e0-43dc-a6d3-b2b5a2e37463","timestamp":"2026-03-13T19:15:36.644Z"}

      at invokeNova (src/services/novaClient.ts:313:11)

    console.log
      {"event":"bedrock_invocation","model":"amazon.nova-lite-v1:0","provider":"AWS Bedrock","request_id":"ffd2f0a7-907b-4971-b862-cbce47c6c070","timestamp":"2026-03-13T19:15:36.644Z"}

      at invokeNova (src/services/novaClient.ts:313:11)

    console.log
      {"timestamp":"2026-03-13T19:15:36.645Z","level":"INFO","service":"novaClient","event":"evidence_synthesis_success","claim_count":1,"source_count":0,"chunk_count":0,"evidence_strength":"moderate"}

      at logStructured (src/services/novaClient.ts:957:11)

    console.log
      {"event":"bedrock_invocation","model":"amazon.nova-lite-v1:0","provider":"AWS Bedrock","request_id":"48720c2f-5bd1-4588-b3e8-a0c1d11200ec","timestamp":"2026-03-13T19:15:36.646Z"}

      at invokeNova (src/services/novaClient.ts:313:11)

    console.log
      {"timestamp":"2026-03-13T19:15:36.646Z","level":"INFO","service":"novaClient","event":"label_determination_success","status_label":"Unverified","confidence_score":50,"misinformation_type":null}

      at logStructured (src/services/novaClient.ts:957:11)

PASS src/lambda.test.ts
  ΓùÅ Console

    console.log
      {"timestamp":"2026-03-13T19:15:36.437Z","level":"INFO","event":"LAMBDA_HANDLER_STARTUP_V4","build_fix_version":"v6","handler_file":"lambda.ts","orchestration_method_used":"multiQuery","ground_met
hod_used":"groundTextOnly","grounding_path":"multi_query_provider_pipeline","fix_description":"Orchestrator uses groundTextOnly() for multi-query provider pipeline"}

      at handler (src/lambda.ts:29:11)

    console.warn
      ΓÜá∩╕Å  MEDIASTACK_API_KEY not set - Mediastack provider will not be available

    [0m [90m 125 |[39m       availableProviders[33m.[39mpush([32m'Mediastack'[39m)[33m;[39m
     [90m 126 |[39m     } [36melse[39m {
    [31m[1m>[22m[39m[90m 127 |[39m       console[33m.[39mwarn([32m'ΓÜá∩╕Å  MEDIASTACK_API_KEY not set - Mediastack provider will not be available'[39m)[33m;[39m
     [90m     |[39m               [31m[1m^[22m[39m
     [90m 128 |[39m     }
     [90m 129 |[39m     
     [90m 130 |[39m     [36mif[39m (parsed[33m.[39m[33mBING_NEWS_KEY[39m) {[0m

      at validateEnv (src/utils/envValidation.ts:127:15)
      at getEnv (src/utils/envValidation.ts:149:10)
      at handler (src/lambda.ts:66:25)
      at Object.<anonymous> (src/lambda.test.ts:124:37)

    console.warn
      ΓÜá∩╕Å  BING_NEWS_KEY not set - Bing News provider will not be available

    [0m [90m 131 |[39m       availableProviders[33m.[39mpush([32m'Bing News'[39m)[33m;[39m
     [90m 132 |[39m     } [36melse[39m {
    [31m[1m>[22m[39m[90m 133 |[39m       console[33m.[39mwarn([32m'ΓÜá∩╕Å  BING_NEWS_KEY not set - Bing News provider will not be available'[39m)[33m;[39m
     [90m     |[39m               [31m[1m^[22m[39m
     [90m 134 |[39m     }
     [90m 135 |[39m     
     [90m 136 |[39m     [90m// GDELT is always available (no API key required)[39m[0m

      at validateEnv (src/utils/envValidation.ts:133:15)
      at getEnv (src/utils/envValidation.ts:149:10)
      at handler (src/lambda.ts:66:25)
      at Object.<anonymous> (src/lambda.test.ts:124:37)

    console.log
      Γ£ô Available news providers: GDELT

      at validateEnv (src/utils/envValidation.ts:139:13)

    console.log
      {"timestamp":"2026-03-13T19:15:36.444Z","level":"INFO","event":"LAMBDA_HANDLER_STARTUP_V4","build_fix_version":"v6","handler_file":"lambda.ts","orchestration_method_used":"multiQuery","ground_met
hod_used":"groundTextOnly","grounding_path":"multi_query_provider_pipeline","fix_description":"Orchestrator uses groundTextOnly() for multi-query provider pipeline"}

      at handler (src/lambda.ts:29:11)

    console.log
      {"timestamp":"2026-03-13T19:15:36.445Z","level":"INFO","event":"LAMBDA_HANDLER_STARTUP_V4","build_fix_version":"v6","handler_file":"lambda.ts","orchestration_method_used":"multiQuery","ground_met
hod_used":"groundTextOnly","grounding_path":"multi_query_provider_pipeline","fix_description":"Orchestrator uses groundTextOnly() for multi-query provider pipeline"}

      at handler (src/lambda.ts:29:11)

    console.log
      {"timestamp":"2026-03-13T19:15:36.445Z","level":"INFO","event":"analyze_request_received","demo_mode":false,"is_text_only":true,"text_length":12}

      at handler (src/lambda.ts:196:15)

    console.warn
      ΓÜá∩╕Å  MEDIASTACK_API_KEY not set - Mediastack provider will not be available

    [0m [90m 125 |[39m       availableProviders[33m.[39mpush([32m'Mediastack'[39m)[33m;[39m
     [90m 126 |[39m     } [36melse[39m {
    [31m[1m>[22m[39m[90m 127 |[39m       console[33m.[39mwarn([32m'ΓÜá∩╕Å  MEDIASTACK_API_KEY not set - Mediastack provider will not be available'[39m)[33m;[39m
     [90m     |[39m               [31m[1m^[22m[39m
     [90m 128 |[39m     }
     [90m 129 |[39m     
     [90m 130 |[39m     [36mif[39m (parsed[33m.[39m[33mBING_NEWS_KEY[39m) {[0m

      at validateEnv (src/utils/envValidation.ts:127:15)
      at getEnv (src/utils/envValidation.ts:149:10)
      at handler (src/lambda.ts:232:27)
      at Object.<anonymous> (src/lambda.test.ts:165:37)

    console.warn
      ΓÜá∩╕Å  BING_NEWS_KEY not set - Bing News provider will not be available

    [0m [90m 131 |[39m       availableProviders[33m.[39mpush([32m'Bing News'[39m)[33m;[39m
     [90m 132 |[39m     } [36melse[39m {
    [31m[1m>[22m[39m[90m 133 |[39m       console[33m.[39mwarn([32m'ΓÜá∩╕Å  BING_NEWS_KEY not set - Bing News provider will not be available'[39m)[33m;[39m
     [90m     |[39m               [31m[1m^[22m[39m
     [90m 134 |[39m     }
     [90m 135 |[39m     
     [90m 136 |[39m     [90m// GDELT is always available (no API key required)[39m[0m

      at validateEnv (src/utils/envValidation.ts:133:15)
      at getEnv (src/utils/envValidation.ts:149:10)
      at handler (src/lambda.ts:232:27)
      at Object.<anonymous> (src/lambda.test.ts:165:37)

    console.log
      Γ£ô Available news providers: GDELT

      at validateEnv (src/utils/envValidation.ts:139:13)

    console.log
      {"timestamp":"2026-03-13T19:15:36.447Z","level":"INFO","event":"analyze_path_selected","path":"legacy_text_grounding","orchestration_enabled":false,"is_text_only":true}

      at handler (src/lambda.ts:236:17)

    console.log
      {"timestamp":"2026-03-13T19:15:36.447Z","level":"INFO","event":"grounding_method_selected","method":"legacy_text_grounding","using_new_orchestrated_grounding":false,"using_legacy_grounding":true}

      at handler (src/lambda.ts:375:19)

    console.log
      {"timestamp":"2026-03-13T19:15:36.448Z","level":"INFO","event":"LAMBDA_HANDLER_STARTUP_V4","build_fix_version":"v6","handler_file":"lambda.ts","orchestration_method_used":"multiQuery","ground_met
hod_used":"groundTextOnly","grounding_path":"multi_query_provider_pipeline","fix_description":"Orchestrator uses groundTextOnly() for multi-query provider pipeline"}

      at handler (src/lambda.ts:29:11)

    console.log
      {"timestamp":"2026-03-13T19:15:36.448Z","level":"INFO","event":"analyze_request_received","demo_mode":false,"is_text_only":true,"text_length":12}

      at handler (src/lambda.ts:196:15)

    console.warn
      ΓÜá∩╕Å  MEDIASTACK_API_KEY not set - Mediastack provider will not be available

    [0m [90m 125 |[39m       availableProviders[33m.[39mpush([32m'Mediastack'[39m)[33m;[39m
     [90m 126 |[39m     } [36melse[39m {
    [31m[1m>[22m[39m[90m 127 |[39m       console[33m.[39mwarn([32m'ΓÜá∩╕Å  MEDIASTACK_API_KEY not set - Mediastack provider will not be available'[39m)[33m;[39m
     [90m     |[39m               [31m[1m^[22m[39m
     [90m 128 |[39m     }
     [90m 129 |[39m     
     [90m 130 |[39m     [36mif[39m (parsed[33m.[39m[33mBING_NEWS_KEY[39m) {[0m

      at validateEnv (src/utils/envValidation.ts:127:15)
      at getEnv (src/utils/envValidation.ts:149:10)
      at handler (src/lambda.ts:232:27)
      at Object.<anonymous> (src/lambda.test.ts:188:37)

    console.warn
      ΓÜá∩╕Å  BING_NEWS_KEY not set - Bing News provider will not be available

    [0m [90m 131 |[39m       availableProviders[33m.[39mpush([32m'Bing News'[39m)[33m;[39m
     [90m 132 |[39m     } [36melse[39m {
    [31m[1m>[22m[39m[90m 133 |[39m       console[33m.[39mwarn([32m'ΓÜá∩╕Å  BING_NEWS_KEY not set - Bing News provider will not be available'[39m)[33m;[39m
     [90m     |[39m               [31m[1m^[22m[39m
     [90m 134 |[39m     }
     [90m 135 |[39m     
     [90m 136 |[39m     [90m// GDELT is always available (no API key required)[39m[0m

      at validateEnv (src/utils/envValidation.ts:133:15)
      at getEnv (src/utils/envValidation.ts:149:10)
      at handler (src/lambda.ts:232:27)
      at Object.<anonymous> (src/lambda.test.ts:188:37)

    console.log
      Γ£ô Available news providers: GDELT

      at validateEnv (src/utils/envValidation.ts:139:13)

    console.log
      {"timestamp":"2026-03-13T19:15:36.458Z","level":"INFO","event":"analyze_path_selected","path":"legacy_text_grounding","orchestration_enabled":false,"is_text_only":true}

      at handler (src/lambda.ts:236:17)

    console.log
      {"timestamp":"2026-03-13T19:15:36.458Z","level":"INFO","event":"grounding_method_selected","method":"legacy_text_grounding","using_new_orchestrated_grounding":false,"using_legacy_grounding":true}

      at handler (src/lambda.ts:375:19)

    console.log
      {"timestamp":"2026-03-13T19:15:36.459Z","level":"INFO","event":"LAMBDA_HANDLER_STARTUP_V4","build_fix_version":"v6","handler_file":"lambda.ts","orchestration_method_used":"multiQuery","ground_met
hod_used":"groundTextOnly","grounding_path":"multi_query_provider_pipeline","fix_description":"Orchestrator uses groundTextOnly() for multi-query provider pipeline"}

      at handler (src/lambda.ts:29:11)

    console.log
      {"timestamp":"2026-03-13T19:15:36.460Z","level":"INFO","event":"analyze_request_received","demo_mode":true,"is_text_only":true,"text_length":12}

      at handler (src/lambda.ts:196:15)

    console.log
      {"timestamp":"2026-03-13T19:15:36.462Z","level":"INFO","event":"LAMBDA_HANDLER_STARTUP_V4","build_fix_version":"v6","handler_file":"lambda.ts","orchestration_method_used":"multiQuery","ground_met
hod_used":"groundTextOnly","grounding_path":"multi_query_provider_pipeline","fix_description":"Orchestrator uses groundTextOnly() for multi-query provider pipeline"}

      at handler (src/lambda.ts:29:11)

    console.log
      {"timestamp":"2026-03-13T19:15:36.462Z","level":"INFO","event":"analyze_request_received","demo_mode":false,"is_text_only":true,"text_length":12}

      at handler (src/lambda.ts:196:15)

    console.warn
      ΓÜá∩╕Å  MEDIASTACK_API_KEY not set - Mediastack provider will not be available

    [0m [90m 125 |[39m       availableProviders[33m.[39mpush([32m'Mediastack'[39m)[33m;[39m
     [90m 126 |[39m     } [36melse[39m {
    [31m[1m>[22m[39m[90m 127 |[39m       console[33m.[39mwarn([32m'ΓÜá∩╕Å  MEDIASTACK_API_KEY not set - Mediastack provider will not be available'[39m)[33m;[39m
     [90m     |[39m               [31m[1m^[22m[39m
     [90m 128 |[39m     }
     [90m 129 |[39m     
     [90m 130 |[39m     [36mif[39m (parsed[33m.[39m[33mBING_NEWS_KEY[39m) {[0m

      at validateEnv (src/utils/envValidation.ts:127:15)
      at getEnv (src/utils/envValidation.ts:149:10)
      at handler (src/lambda.ts:232:27)
      at Object.<anonymous> (src/lambda.test.ts:234:37)

    console.warn
      ΓÜá∩╕Å  BING_NEWS_KEY not set - Bing News provider will not be available

    [0m [90m 131 |[39m       availableProviders[33m.[39mpush([32m'Bing News'[39m)[33m;[39m
     [90m 132 |[39m     } [36melse[39m {
    [31m[1m>[22m[39m[90m 133 |[39m       console[33m.[39mwarn([32m'ΓÜá∩╕Å  BING_NEWS_KEY not set - Bing News provider will not be available'[39m)[33m;[39m
     [90m     |[39m               [31m[1m^[22m[39m
     [90m 134 |[39m     }
     [90m 135 |[39m     
     [90m 136 |[39m     [90m// GDELT is always available (no API key required)[39m[0m

      at validateEnv (src/utils/envValidation.ts:133:15)
      at getEnv (src/utils/envValidation.ts:149:10)
      at handler (src/lambda.ts:232:27)
      at Object.<anonymous> (src/lambda.test.ts:234:37)

    console.log
      Γ£ô Available news providers: GDELT

      at validateEnv (src/utils/envValidation.ts:139:13)

    console.log
      {"timestamp":"2026-03-13T19:15:36.464Z","level":"INFO","event":"analyze_path_selected","path":"legacy_text_grounding","orchestration_enabled":false,"is_text_only":true}

      at handler (src/lambda.ts:236:17)

    console.log
      {"timestamp":"2026-03-13T19:15:36.464Z","level":"INFO","event":"grounding_method_selected","method":"legacy_text_grounding","using_new_orchestrated_grounding":false,"using_legacy_grounding":true}

      at handler (src/lambda.ts:375:19)

    console.log
      {"timestamp":"2026-03-13T19:15:36.465Z","level":"INFO","event":"LAMBDA_HANDLER_STARTUP_V4","build_fix_version":"v6","handler_file":"lambda.ts","orchestration_method_used":"multiQuery","ground_met
hod_used":"groundTextOnly","grounding_path":"multi_query_provider_pipeline","fix_description":"Orchestrator uses groundTextOnly() for multi-query provider pipeline"}

      at handler (src/lambda.ts:29:11)

    console.log
      {"timestamp":"2026-03-13T19:15:36.465Z","level":"INFO","event":"analyze_request_received","demo_mode":true,"is_text_only":true,"text_length":12}

      at handler (src/lambda.ts:196:15)

    console.log
      {"timestamp":"2026-03-13T19:15:36.466Z","level":"INFO","event":"LAMBDA_HANDLER_STARTUP_V4","build_fix_version":"v6","handler_file":"lambda.ts","orchestration_method_used":"multiQuery","ground_met
hod_used":"groundTextOnly","grounding_path":"multi_query_provider_pipeline","fix_description":"Orchestrator uses groundTextOnly() for multi-query provider pipeline"}

      at handler (src/lambda.ts:29:11)

    console.log
      {"timestamp":"2026-03-13T19:15:36.466Z","level":"INFO","event":"analyze_request_received","demo_mode":false,"is_text_only":true,"text_length":12}

      at handler (src/lambda.ts:196:15)

    console.warn
      ΓÜá∩╕Å  MEDIASTACK_API_KEY not set - Mediastack provider will not be available

    [0m [90m 125 |[39m       availableProviders[33m.[39mpush([32m'Mediastack'[39m)[33m;[39m
     [90m 126 |[39m     } [36melse[39m {
    [31m[1m>[22m[39m[90m 127 |[39m       console[33m.[39mwarn([32m'ΓÜá∩╕Å  MEDIASTACK_API_KEY not set - Mediastack provider will not be available'[39m)[33m;[39m
     [90m     |[39m               [31m[1m^[22m[39m
     [90m 128 |[39m     }
     [90m 129 |[39m     
     [90m 130 |[39m     [36mif[39m (parsed[33m.[39m[33mBING_NEWS_KEY[39m) {[0m

      at validateEnv (src/utils/envValidation.ts:127:15)
      at getEnv (src/utils/envValidation.ts:149:10)
      at handler (src/lambda.ts:232:27)
      at Object.<anonymous> (src/lambda.test.ts:258:39)

    console.warn
      ΓÜá∩╕Å  BING_NEWS_KEY not set - Bing News provider will not be available

    [0m [90m 131 |[39m       availableProviders[33m.[39mpush([32m'Bing News'[39m)[33m;[39m
     [90m 132 |[39m     } [36melse[39m {
    [31m[1m>[22m[39m[90m 133 |[39m       console[33m.[39mwarn([32m'ΓÜá∩╕Å  BING_NEWS_KEY not set - Bing News provider will not be available'[39m)[33m;[39m
     [90m     |[39m               [31m[1m^[22m[39m
     [90m 134 |[39m     }
     [90m 135 |[39m     
     [90m 136 |[39m     [90m// GDELT is always available (no API key required)[39m[0m

      at validateEnv (src/utils/envValidation.ts:133:15)
      at getEnv (src/utils/envValidation.ts:149:10)
      at handler (src/lambda.ts:232:27)
      at Object.<anonymous> (src/lambda.test.ts:258:39)

    console.log
      Γ£ô Available news providers: GDELT

      at validateEnv (src/utils/envValidation.ts:139:13)

    console.log
      {"timestamp":"2026-03-13T19:15:36.466Z","level":"INFO","event":"analyze_path_selected","path":"legacy_text_grounding","orchestration_enabled":false,"is_text_only":true}

      at handler (src/lambda.ts:236:17)

    console.log
      {"timestamp":"2026-03-13T19:15:36.466Z","level":"INFO","event":"grounding_method_selected","method":"legacy_text_grounding","using_new_orchestrated_grounding":false,"using_legacy_grounding":true}

      at handler (src/lambda.ts:375:19)

    console.log
      {"timestamp":"2026-03-13T19:15:36.467Z","level":"INFO","event":"LAMBDA_HANDLER_STARTUP_V4","build_fix_version":"v6","handler_file":"lambda.ts","orchestration_method_used":"multiQuery","ground_met
hod_used":"groundTextOnly","grounding_path":"multi_query_provider_pipeline","fix_description":"Orchestrator uses groundTextOnly() for multi-query provider pipeline"}

      at handler (src/lambda.ts:29:11)

    console.log
      {"timestamp":"2026-03-13T19:15:36.467Z","level":"INFO","event":"analyze_request_received","demo_mode":false,"is_text_only":true,"text_length":12}

      at handler (src/lambda.ts:196:15)

    console.warn
      ΓÜá∩╕Å  MEDIASTACK_API_KEY not set - Mediastack provider will not be available

    [0m [90m 125 |[39m       availableProviders[33m.[39mpush([32m'Mediastack'[39m)[33m;[39m
     [90m 126 |[39m     } [36melse[39m {
    [31m[1m>[22m[39m[90m 127 |[39m       console[33m.[39mwarn([32m'ΓÜá∩╕Å  MEDIASTACK_API_KEY not set - Mediastack provider will not be available'[39m)[33m;[39m
     [90m     |[39m               [31m[1m^[22m[39m
     [90m 128 |[39m     }
     [90m 129 |[39m     
     [90m 130 |[39m     [36mif[39m (parsed[33m.[39m[33mBING_NEWS_KEY[39m) {[0m

      at validateEnv (src/utils/envValidation.ts:127:15)
      at getEnv (src/utils/envValidation.ts:149:10)
      at handler (src/lambda.ts:232:27)
      at Object.<anonymous> (src/lambda.test.ts:258:39)

    console.warn
      ΓÜá∩╕Å  BING_NEWS_KEY not set - Bing News provider will not be available

    [0m [90m 131 |[39m       availableProviders[33m.[39mpush([32m'Bing News'[39m)[33m;[39m
     [90m 132 |[39m     } [36melse[39m {
    [31m[1m>[22m[39m[90m 133 |[39m       console[33m.[39mwarn([32m'ΓÜá∩╕Å  BING_NEWS_KEY not set - Bing News provider will not be available'[39m)[33m;[39m
     [90m     |[39m               [31m[1m^[22m[39m
     [90m 134 |[39m     }
     [90m 135 |[39m     
     [90m 136 |[39m     [90m// GDELT is always available (no API key required)[39m[0m

      at validateEnv (src/utils/envValidation.ts:133:15)
      at getEnv (src/utils/envValidation.ts:149:10)
      at handler (src/lambda.ts:232:27)
      at Object.<anonymous> (src/lambda.test.ts:258:39)

    console.log
      Γ£ô Available news providers: GDELT

      at validateEnv (src/utils/envValidation.ts:139:13)

    console.log
      {"timestamp":"2026-03-13T19:15:36.467Z","level":"INFO","event":"analyze_path_selected","path":"legacy_text_grounding","orchestration_enabled":false,"is_text_only":true}

      at handler (src/lambda.ts:236:17)

    console.log
      {"timestamp":"2026-03-13T19:15:36.467Z","level":"INFO","event":"grounding_method_selected","method":"legacy_text_grounding","using_new_orchestrated_grounding":false,"using_legacy_grounding":true}

      at handler (src/lambda.ts:375:19)

    console.log
      {"timestamp":"2026-03-13T19:15:36.468Z","level":"INFO","event":"LAMBDA_HANDLER_STARTUP_V4","build_fix_version":"v6","handler_file":"lambda.ts","orchestration_method_used":"multiQuery","ground_met
hod_used":"groundTextOnly","grounding_path":"multi_query_provider_pipeline","fix_description":"Orchestrator uses groundTextOnly() for multi-query provider pipeline"}

      at handler (src/lambda.ts:29:11)

    console.log
      {"timestamp":"2026-03-13T19:15:36.468Z","level":"INFO","event":"analyze_request_received","demo_mode":true,"is_text_only":true,"text_length":12}

      at handler (src/lambda.ts:196:15)

    console.log
      {"timestamp":"2026-03-13T19:15:36.469Z","level":"INFO","event":"LAMBDA_HANDLER_STARTUP_V4","build_fix_version":"v6","handler_file":"lambda.ts","orchestration_method_used":"multiQuery","ground_met
hod_used":"groundTextOnly","grounding_path":"multi_query_provider_pipeline","fix_description":"Orchestrator uses groundTextOnly() for multi-query provider pipeline"}

      at handler (src/lambda.ts:29:11)

    console.log
      {"timestamp":"2026-03-13T19:15:36.469Z","level":"INFO","event":"LAMBDA_HANDLER_STARTUP_V4","build_fix_version":"v6","handler_file":"lambda.ts","orchestration_method_used":"multiQuery","ground_met
hod_used":"groundTextOnly","grounding_path":"multi_query_provider_pipeline","fix_description":"Orchestrator uses groundTextOnly() for multi-query provider pipeline"}

      at handler (src/lambda.ts:29:11)

    console.log
      {"timestamp":"2026-03-13T19:15:36.470Z","level":"INFO","event":"LAMBDA_HANDLER_STARTUP_V4","build_fix_version":"v6","handler_file":"lambda.ts","orchestration_method_used":"multiQuery","ground_met
hod_used":"groundTextOnly","grounding_path":"multi_query_provider_pipeline","fix_description":"Orchestrator uses groundTextOnly() for multi-query provider pipeline"}

      at handler (src/lambda.ts:29:11)

    console.log
      {"timestamp":"2026-03-13T19:15:36.470Z","level":"INFO","event":"LAMBDA_HANDLER_STARTUP_V4","build_fix_version":"v6","handler_file":"lambda.ts","orchestration_method_used":"multiQuery","ground_met
hod_used":"groundTextOnly","grounding_path":"multi_query_provider_pipeline","fix_description":"Orchestrator uses groundTextOnly() for multi-query provider pipeline"}

      at handler (src/lambda.ts:29:11)

    console.error
      Error analyzing content: SyntaxError: Unexpected token 'i', "invalid json{" is not valid JSON
          at JSON.parse (<anonymous>)
          at handler (C:\dev\fakenewsoff\backend\src\lambda.ts:176:38)
          at Object.<anonymous> (C:\dev\fakenewsoff\backend\src\lambda.test.ts:364:37)
          at Promise.then.completed (C:\dev\fakenewsoff\backend\node_modules\jest-circus\build\utils.js:298:28)
          at new Promise (<anonymous>)
          at callAsyncCircusFn (C:\dev\fakenewsoff\backend\node_modules\jest-circus\build\utils.js:231:10)
          at _callCircusTest (C:\dev\fakenewsoff\backend\node_modules\jest-circus\build\run.js:316:40)
          at processTicksAndRejections (node:internal/process/task_queues:103:5)
          at _runTest (C:\dev\fakenewsoff\backend\node_modules\jest-circus\build\run.js:252:3)
          at _runTestsForDescribeBlock (C:\dev\fakenewsoff\backend\node_modules\jest-circus\build\run.js:126:9)
          at _runTestsForDescribeBlock (C:\dev\fakenewsoff\backend\node_modules\jest-circus\build\run.js:121:9)
          at _runTestsForDescribeBlock (C:\dev\fakenewsoff\backend\node_modules\jest-circus\build\run.js:121:9)
          at run (C:\dev\fakenewsoff\backend\node_modules\jest-circus\build\run.js:71:3)
          at runAndTransformResultsToJestFormat (C:\dev\fakenewsoff\backend\node_modules\jest-circus\build\legacy-code-todo-rewrite\jestAdapterInit.js:122:21)
          at jestAdapter (C:\dev\fakenewsoff\backend\node_modules\jest-circus\build\legacy-code-todo-rewrite\jestAdapter.js:79:19)
          at runTestInternal (C:\dev\fakenewsoff\backend\node_modules\jest-runner\build\runTest.js:367:16)
          at runTest (C:\dev\fakenewsoff\backend\node_modules\jest-runner\build\runTest.js:444:34)
          at Object.worker (C:\dev\fakenewsoff\backend\node_modules\jest-runner\build\testWorker.js:106:12)

    [0m [90m 477 |[39m       }
     [90m 478 |[39m     } [36mcatch[39m (error[33m:[39m any) {
    [31m[1m>[22m[39m[90m 479 |[39m       console[33m.[39merror([32m'Error analyzing content:'[39m[33m,[39m error)[33m;[39m
     [90m     |[39m               [31m[1m^[22m[39m
     [90m 480 |[39m
     [90m 481 |[39m       [36mif[39m (error [36minstanceof[39m [33mSyntaxError[39m) {
     [90m 482 |[39m         [36mreturn[39m {[0m

      at handler (src/lambda.ts:479:15)
      at Object.<anonymous> (src/lambda.test.ts:364:37)

    console.log
      {"timestamp":"2026-03-13T19:15:36.484Z","level":"INFO","event":"LAMBDA_HANDLER_STARTUP_V4","build_fix_version":"v6","handler_file":"lambda.ts","orchestration_method_used":"multiQuery","ground_met
hod_used":"groundTextOnly","grounding_path":"multi_query_provider_pipeline","fix_description":"Orchestrator uses groundTextOnly() for multi-query provider pipeline"}

      at handler (src/lambda.ts:29:11)

    console.log
      {"timestamp":"2026-03-13T19:15:36.484Z","level":"INFO","event":"LAMBDA_HANDLER_STARTUP_V4","build_fix_version":"v6","handler_file":"lambda.ts","orchestration_method_used":"multiQuery","ground_met
hod_used":"groundTextOnly","grounding_path":"multi_query_provider_pipeline","fix_description":"Orchestrator uses groundTextOnly() for multi-query provider pipeline"}

      at handler (src/lambda.ts:29:11)

    console.log
      {"timestamp":"2026-03-13T19:15:36.484Z","level":"INFO","event":"analyze_request_received","demo_mode":false,"is_text_only":true,"text_length":33}

      at handler (src/lambda.ts:196:15)

    console.warn
      ΓÜá∩╕Å  MEDIASTACK_API_KEY not set - Mediastack provider will not be available

    [0m [90m 125 |[39m       availableProviders[33m.[39mpush([32m'Mediastack'[39m)[33m;[39m
     [90m 126 |[39m     } [36melse[39m {
    [31m[1m>[22m[39m[90m 127 |[39m       console[33m.[39mwarn([32m'ΓÜá∩╕Å  MEDIASTACK_API_KEY not set - Mediastack provider will not be available'[39m)[33m;[39m
     [90m     |[39m               [31m[1m^[22m[39m
     [90m 128 |[39m     }
     [90m 129 |[39m     
     [90m 130 |[39m     [36mif[39m (parsed[33m.[39m[33mBING_NEWS_KEY[39m) {[0m

      at validateEnv (src/utils/envValidation.ts:127:15)
      at getEnv (src/utils/envValidation.ts:149:10)
      at handler (src/lambda.ts:232:27)
      at Object.<anonymous> (src/lambda.test.ts:509:37)

    console.warn
      ΓÜá∩╕Å  BING_NEWS_KEY not set - Bing News provider will not be available

    [0m [90m 131 |[39m       availableProviders[33m.[39mpush([32m'Bing News'[39m)[33m;[39m
     [90m 132 |[39m     } [36melse[39m {
    [31m[1m>[22m[39m[90m 133 |[39m       console[33m.[39mwarn([32m'ΓÜá∩╕Å  BING_NEWS_KEY not set - Bing News provider will not be available'[39m)[33m;[39m
     [90m     |[39m               [31m[1m^[22m[39m
     [90m 134 |[39m     }
     [90m 135 |[39m     
     [90m 136 |[39m     [90m// GDELT is always available (no API key required)[39m[0m

      at validateEnv (src/utils/envValidation.ts:133:15)
      at getEnv (src/utils/envValidation.ts:149:10)
      at handler (src/lambda.ts:232:27)
      at Object.<anonymous> (src/lambda.test.ts:509:37)

    console.log
      Γ£ô Available news providers: GDELT

      at validateEnv (src/utils/envValidation.ts:139:13)

    console.log
      {"timestamp":"2026-03-13T19:15:36.485Z","level":"INFO","event":"analyze_path_selected","path":"orchestrated_grounding","orchestration_enabled":true,"is_text_only":true}

      at handler (src/lambda.ts:236:17)

    console.log
      
{"timestamp":"2026-03-13T19:15:36.486Z","level":"INFO","event":"grounding_method_selected","method":"iterative_orchestration","using_new_orchestrated_grounding":true,"using_legacy_grounding":false}

      at handler (src/lambda.ts:247:19)

    console.log
      {"timestamp":"2026-03-13T19:15:36.486Z","level":"INFO","event":"LAMBDA_FIX_PATH_ACTIVE_V4","handler":"analyze_orchestration","fix_version":"v6","orchestration_method_used":"multiQuery","ground_me
thod_used":"groundTextOnly","grounding_path":"multi_query_provider_pipeline","text_length":33}

      at handler (src/lambda.ts:256:19)

    console.log
      {"timestamp":"2026-03-13T19:15:36.486Z","level":"INFO","event":"ORCHESTRATION_RESULT_RECEIVED_V4","has_queries":true,"queries_count":2,"queries_preview":["Test query 1","Test query 
2"],"subclaim_count":1,"subclaim_preview":["Test actor"],"providers_succeeded":[],"providers_attempted":["mediastack","gdelt"],"providers_failed":["mediastack","gdelt"],"evidence_count":0,"has_failure_
details":true,"failure_details_count":2,"fix_version":"v4"}

      at handler (src/lambda.ts:272:21)

    console.log
      {"timestamp":"2026-03-13T19:15:36.487Z","level":"INFO","event":"LAMBDA_HANDLER_STARTUP_V4","build_fix_version":"v6","handler_file":"lambda.ts","orchestration_method_used":"multiQuery","ground_met
hod_used":"groundTextOnly","grounding_path":"multi_query_provider_pipeline","fix_description":"Orchestrator uses groundTextOnly() for multi-query provider pipeline"}

      at handler (src/lambda.ts:29:11)

    console.log
      {"timestamp":"2026-03-13T19:15:36.487Z","level":"INFO","event":"analyze_request_received","demo_mode":false,"is_text_only":true,"text_length":36}

      at handler (src/lambda.ts:196:15)

    console.warn
      ΓÜá∩╕Å  MEDIASTACK_API_KEY not set - Mediastack provider will not be available

    [0m [90m 125 |[39m       availableProviders[33m.[39mpush([32m'Mediastack'[39m)[33m;[39m
     [90m 126 |[39m     } [36melse[39m {
    [31m[1m>[22m[39m[90m 127 |[39m       console[33m.[39mwarn([32m'ΓÜá∩╕Å  MEDIASTACK_API_KEY not set - Mediastack provider will not be available'[39m)[33m;[39m
     [90m     |[39m               [31m[1m^[22m[39m
     [90m 128 |[39m     }
     [90m 129 |[39m     
     [90m 130 |[39m     [36mif[39m (parsed[33m.[39m[33mBING_NEWS_KEY[39m) {[0m

      at validateEnv (src/utils/envValidation.ts:127:15)
      at getEnv (src/utils/envValidation.ts:149:10)
      at handler (src/lambda.ts:232:27)
      at Object.<anonymous> (src/lambda.test.ts:649:37)

    console.warn
      ΓÜá∩╕Å  BING_NEWS_KEY not set - Bing News provider will not be available

    [0m [90m 131 |[39m       availableProviders[33m.[39mpush([32m'Bing News'[39m)[33m;[39m
     [90m 132 |[39m     } [36melse[39m {
    [31m[1m>[22m[39m[90m 133 |[39m       console[33m.[39mwarn([32m'ΓÜá∩╕Å  BING_NEWS_KEY not set - Bing News provider will not be available'[39m)[33m;[39m
     [90m     |[39m               [31m[1m^[22m[39m
     [90m 134 |[39m     }
     [90m 135 |[39m     
     [90m 136 |[39m     [90m// GDELT is always available (no API key required)[39m[0m

      at validateEnv (src/utils/envValidation.ts:133:15)
      at getEnv (src/utils/envValidation.ts:149:10)
      at handler (src/lambda.ts:232:27)
      at Object.<anonymous> (src/lambda.test.ts:649:37)

    console.log
      Γ£ô Available news providers: GDELT

      at validateEnv (src/utils/envValidation.ts:139:13)

    console.log
      {"timestamp":"2026-03-13T19:15:36.488Z","level":"INFO","event":"analyze_path_selected","path":"orchestrated_grounding","orchestration_enabled":true,"is_text_only":true}

      at handler (src/lambda.ts:236:17)

    console.log
      
{"timestamp":"2026-03-13T19:15:36.488Z","level":"INFO","event":"grounding_method_selected","method":"iterative_orchestration","using_new_orchestrated_grounding":true,"using_legacy_grounding":false}

      at handler (src/lambda.ts:247:19)

    console.log
      {"timestamp":"2026-03-13T19:15:36.488Z","level":"INFO","event":"LAMBDA_FIX_PATH_ACTIVE_V4","handler":"analyze_orchestration","fix_version":"v6","orchestration_method_used":"multiQuery","ground_me
thod_used":"groundTextOnly","grounding_path":"multi_query_provider_pipeline","text_length":36}

      at handler (src/lambda.ts:256:19)

    console.log
      {"timestamp":"2026-03-13T19:15:36.489Z","level":"INFO","event":"ORCHESTRATION_RESULT_RECEIVED_V4","has_queries":true,"queries_count":1,"queries_preview":["Test query 
1"],"subclaim_count":1,"subclaim_preview":["Test 
actor"],"providers_succeeded":["mediastack"],"providers_attempted":["mediastack"],"providers_failed":[],"evidence_count":1,"has_failure_details":true,"failure_details_count":0,"fix_version":"v4"}

      at handler (src/lambda.ts:272:21)

PASS src/orchestration/evidenceOrchestrator.integration.test.ts
  ΓùÅ Console

    console.log
      {"timestamp":"2026-03-13T19:15:36.694Z","level":"INFO","service":"evidenceOrchestrator","event":"orchestration_start","query_count":2,"max_passes":1}

      at EvidenceOrchestrator.logOrchestrationStart (src/orchestration/evidenceOrchestrator.ts:775:13)

    console.log
      {"timestamp":"2026-03-13T19:15:36.700Z","level":"INFO","service":"evidenceOrchestrator","event":"pass_start","pass_number":1,"query_count":2}

      at EvidenceOrchestrator.logPassStart (src/orchestration/evidenceOrchestrator.ts:791:13)

    console.log
      {"timestamp":"2026-03-13T19:15:36.700Z","level":"INFO","event":"ORCHESTRATOR_STAGED_EXECUTION_START","service":"evidenceOrchestrator","pass_number":1,"query_count":2,"orchestration_method_used":"
stagedExecution","fix_version":"production_retrieval_efficiency_v3"}

      at EvidenceOrchestrator.executePass (src/orchestration/evidenceOrchestrator.ts:115:17)

    console.log
      {"timestamp":"2026-03-13T19:15:36.701Z","level":"INFO","event":"ORCHESTRATOR_STAGE_1_START","service":"evidenceOrchestrator","pass_number":1,"stage":1,"query":"Test query for 
mediastack","provider":"mediastack"}

      at EvidenceOrchestrator.executePass (src/orchestration/evidenceOrchestrator.ts:160:19)

    console.log
      {"timestamp":"2026-03-13T19:15:36.701Z","level":"WARN","event":"ORCHESTRATOR_STAGE_1_FAILED","service":"evidenceOrchestrator","pass_number":1,"stage":1,"provider":"mediastack","error":"API quota 
exceeded for current billing period","latency_ms":0}

      at EvidenceOrchestrator.executePass (src/orchestration/evidenceOrchestrator.ts:247:23)

    console.log
      {"timestamp":"2026-03-13T19:15:36.701Z","level":"INFO","event":"ORCHESTRATOR_STAGE_2_START","service":"evidenceOrchestrator","pass_number":1,"stage":2,"query":"Test query for 
mediastack","provider":"gdelt"}

      at EvidenceOrchestrator.executePass (src/orchestration/evidenceOrchestrator.ts:280:19)

    console.log
      {"timestamp":"2026-03-13T19:15:36.702Z","level":"WARN","event":"ORCHESTRATOR_STAGE_2_FAILED","service":"evidenceOrchestrator","pass_number":1,"stage":2,"provider":"gdelt","error":"Rate limit 
exceeded, please try again later","latency_ms":1}

      at EvidenceOrchestrator.executePass (src/orchestration/evidenceOrchestrator.ts:367:23)

    console.log
      {"timestamp":"2026-03-13T19:15:36.702Z","level":"INFO","event":"ORCHESTRATOR_STAGE_3_START","service":"evidenceOrchestrator","pass_number":1,"stage":3,"query":"Test query for 
gdelt","provider":"mediastack"}

      at EvidenceOrchestrator.executePass (src/orchestration/evidenceOrchestrator.ts:415:21)

    console.log
      {"timestamp":"2026-03-13T19:15:36.702Z","level":"WARN","event":"ORCHESTRATOR_STAGE_3_FAILED","service":"evidenceOrchestrator","pass_number":1,"stage":3,"provider":"mediastack","error":"Cannot 
read properties of undefined (reading 'cacheHit')","latency_ms":0}

      at EvidenceOrchestrator.executePass (src/orchestration/evidenceOrchestrator.ts:499:23)

    console.log
      {"timestamp":"2026-03-13T19:15:36.702Z","level":"INFO","event":"ORCHESTRATOR_STAGED_EXECUTION_COMPLETE","service":"evidenceOrchestrator","pass_number":1,"sources_retrieved":0,"max_stage_reached":
3,"provider_budget_used":{"mediastack":1,"gdelt":0,"bing":0},"provider_cooldowns_active":[],"cache_hits":0}

      at EvidenceOrchestrator.executePass (src/orchestration/evidenceOrchestrator.ts:551:17)

    console.log
      {"timestamp":"2026-03-13T19:15:36.703Z","level":"INFO","service":"evidenceOrchestrator","event":"pass_complete","pass_number":1,"evidence_count":0,"source_classes":[],"average_quality":0,"thresho
ld_met":false}

      at EvidenceOrchestrator.logPassComplete (src/orchestration/evidenceOrchestrator.ts:807:13)

    console.log
      {"timestamp":"2026-03-13T19:15:36.703Z","level":"INFO","service":"evidenceOrchestrator","event":"orchestration_complete","passes_executed":1,"total_evidence":0,"source_classes":[],"average_qualit
y":0,"threshold_met":false}

      at EvidenceOrchestrator.logOrchestrationComplete (src/orchestration/evidenceOrchestrator.ts:826:13)

    console.log
      {"timestamp":"2026-03-13T19:15:36.710Z","level":"INFO","service":"evidenceOrchestrator","event":"orchestration_start","query_count":3,"max_passes":1}

      at EvidenceOrchestrator.logOrchestrationStart (src/orchestration/evidenceOrchestrator.ts:775:13)

    console.log
      {"timestamp":"2026-03-13T19:15:36.713Z","level":"INFO","service":"evidenceOrchestrator","event":"pass_start","pass_number":1,"query_count":3}

      at EvidenceOrchestrator.logPassStart (src/orchestration/evidenceOrchestrator.ts:791:13)

    console.log
      {"timestamp":"2026-03-13T19:15:36.713Z","level":"INFO","event":"ORCHESTRATOR_STAGED_EXECUTION_START","service":"evidenceOrchestrator","pass_number":1,"query_count":3,"orchestration_method_used":"
stagedExecution","fix_version":"production_retrieval_efficiency_v3"}

      at EvidenceOrchestrator.executePass (src/orchestration/evidenceOrchestrator.ts:115:17)

    console.log
      {"timestamp":"2026-03-13T19:15:36.714Z","level":"INFO","event":"ORCHESTRATOR_STAGE_1_START","service":"evidenceOrchestrator","pass_number":1,"stage":1,"query":"Query 1","provider":"mediastack"}

      at EvidenceOrchestrator.executePass (src/orchestration/evidenceOrchestrator.ts:160:19)

    console.log
      {"timestamp":"2026-03-13T19:15:36.714Z","level":"WARN","event":"ORCHESTRATOR_STAGE_1_FAILED","service":"evidenceOrchestrator","pass_number":1,"stage":1,"provider":"mediastack","error":"API quota 
exceeded","latency_ms":0}

      at EvidenceOrchestrator.executePass (src/orchestration/evidenceOrchestrator.ts:247:23)

    console.log
      {"timestamp":"2026-03-13T19:15:36.714Z","level":"INFO","event":"ORCHESTRATOR_STAGE_2_START","service":"evidenceOrchestrator","pass_number":1,"stage":2,"query":"Query 1","provider":"gdelt"}

      at EvidenceOrchestrator.executePass (src/orchestration/evidenceOrchestrator.ts:280:19)

    console.log
      {"timestamp":"2026-03-13T19:15:36.714Z","level":"WARN","event":"ORCHESTRATOR_STAGE_2_FAILED","service":"evidenceOrchestrator","pass_number":1,"stage":2,"provider":"gdelt","error":"Rate limit 
exceeded","latency_ms":0}

      at EvidenceOrchestrator.executePass (src/orchestration/evidenceOrchestrator.ts:367:23)

    console.log
      {"timestamp":"2026-03-13T19:15:36.715Z","level":"INFO","event":"ORCHESTRATOR_STAGE_3_START","service":"evidenceOrchestrator","pass_number":1,"stage":3,"query":"Query 2","provider":"mediastack"}

      at EvidenceOrchestrator.executePass (src/orchestration/evidenceOrchestrator.ts:415:21)

    console.log
      {"timestamp":"2026-03-13T19:15:36.715Z","level":"WARN","event":"ORCHESTRATOR_STAGE_3_FAILED","service":"evidenceOrchestrator","pass_number":1,"stage":3,"provider":"mediastack","error":"Request 
timeout","latency_ms":0}

      at EvidenceOrchestrator.executePass (src/orchestration/evidenceOrchestrator.ts:499:23)

    console.log
      {"timestamp":"2026-03-13T19:15:36.715Z","level":"INFO","event":"ORCHESTRATOR_STAGED_EXECUTION_COMPLETE","service":"evidenceOrchestrator","pass_number":1,"sources_retrieved":0,"max_stage_reached":
3,"provider_budget_used":{"mediastack":0,"gdelt":0,"bing":0},"provider_cooldowns_active":[],"cache_hits":0}

      at EvidenceOrchestrator.executePass (src/orchestration/evidenceOrchestrator.ts:551:17)

    console.log
      {"timestamp":"2026-03-13T19:15:36.715Z","level":"INFO","service":"evidenceOrchestrator","event":"pass_complete","pass_number":1,"evidence_count":0,"source_classes":[],"average_quality":0,"thresho
ld_met":false}

      at EvidenceOrchestrator.logPassComplete (src/orchestration/evidenceOrchestrator.ts:807:13)

    console.log
      {"timestamp":"2026-03-13T19:15:36.715Z","level":"INFO","service":"evidenceOrchestrator","event":"orchestration_complete","passes_executed":1,"total_evidence":0,"source_classes":[],"average_qualit
y":0,"threshold_met":false}

      at EvidenceOrchestrator.logOrchestrationComplete (src/orchestration/evidenceOrchestrator.ts:826:13)

    console.log
      {"timestamp":"2026-03-13T19:15:36.716Z","level":"INFO","service":"evidenceOrchestrator","event":"orchestration_start","query_count":1,"max_passes":1}

      at EvidenceOrchestrator.logOrchestrationStart (src/orchestration/evidenceOrchestrator.ts:775:13)

    console.log
      {"timestamp":"2026-03-13T19:15:36.717Z","level":"INFO","service":"evidenceOrchestrator","event":"pass_start","pass_number":1,"query_count":1}

      at EvidenceOrchestrator.logPassStart (src/orchestration/evidenceOrchestrator.ts:791:13)

    console.log
      {"timestamp":"2026-03-13T19:15:36.717Z","level":"INFO","event":"ORCHESTRATOR_STAGED_EXECUTION_START","service":"evidenceOrchestrator","pass_number":1,"query_count":1,"orchestration_method_used":"
stagedExecution","fix_version":"production_retrieval_efficiency_v3"}

      at EvidenceOrchestrator.executePass (src/orchestration/evidenceOrchestrator.ts:115:17)

    console.log
      {"timestamp":"2026-03-13T19:15:36.717Z","level":"INFO","event":"ORCHESTRATOR_STAGE_1_START","service":"evidenceOrchestrator","pass_number":1,"stage":1,"query":"Successful 
query","provider":"mediastack"}

      at EvidenceOrchestrator.executePass (src/orchestration/evidenceOrchestrator.ts:160:19)

    console.log
      {"timestamp":"2026-03-13T19:15:36.717Z","level":"INFO","event":"ORCHESTRATOR_STAGE_1_COMPLETE","service":"evidenceOrchestrator","pass_number":1,"stage":1,"provider":["mediastack"],"sources_retrie
ved":1,"cache_hit":false,"latency_ms":0}

      at EvidenceOrchestrator.executePass (src/orchestration/evidenceOrchestrator.ts:219:23)

    console.log
      {"timestamp":"2026-03-13T19:15:36.718Z","level":"INFO","event":"ORCHESTRATOR_STAGED_EXECUTION_COMPLETE","service":"evidenceOrchestrator","pass_number":1,"sources_retrieved":1,"max_stage_reached":
1,"provider_budget_used":{"mediastack":1,"gdelt":0,"bing":0},"provider_cooldowns_active":[],"cache_hits":0}

      at EvidenceOrchestrator.executePass (src/orchestration/evidenceOrchestrator.ts:551:17)

    console.log
      {"timestamp":"2026-03-13T19:15:36.718Z","level":"INFO","service":"evidenceOrchestrator","event":"pass_complete","pass_number":1,"evidence_count":1,"source_classes":["major_international"],"averag
e_quality":0,"threshold_met":false}

      at EvidenceOrchestrator.logPassComplete (src/orchestration/evidenceOrchestrator.ts:807:13)

    console.log
      {"timestamp":"2026-03-13T19:15:36.718Z","level":"INFO","service":"evidenceOrchestrator","event":"orchestration_complete","passes_executed":1,"total_evidence":1,"source_classes":["major_internatio
nal"],"average_quality":0,"threshold_met":false}

      at EvidenceOrchestrator.logOrchestrationComplete (src/orchestration/evidenceOrchestrator.ts:826:13)

PASS src/services/groundingService.errorClassification.test.ts
  ΓùÅ Console

    console.warn
      ΓÜá∩╕Å  MEDIASTACK_API_KEY not set - Mediastack provider will not be available

    [0m [90m 125 |[39m       availableProviders[33m.[39mpush([32m'Mediastack'[39m)[33m;[39m
     [90m 126 |[39m     } [36melse[39m {
    [31m[1m>[22m[39m[90m 127 |[39m       console[33m.[39mwarn([32m'ΓÜá∩╕Å  MEDIASTACK_API_KEY not set - Mediastack provider will not be available'[39m)[33m;[39m
     [90m     |[39m               [31m[1m^[22m[39m
     [90m 128 |[39m     }
     [90m 129 |[39m     
     [90m 130 |[39m     [36mif[39m (parsed[33m.[39m[33mBING_NEWS_KEY[39m) {[0m

      at validateEnv (src/utils/envValidation.ts:127:15)
      at getEnv (src/utils/envValidation.ts:149:10)
      at new GroundingCache (src/services/groundingCache.ts:21:23)
      at getGroundingCache (src/services/groundingCache.ts:105:21)
      at new GroundingService (src/services/groundingService.ts:38:36)
      at getGroundingService (src/services/groundingService.ts:1782:23)
      at Object.<anonymous> (src/services/groundingService.errorClassification.test.ts:17:42)

    console.warn
      ΓÜá∩╕Å  BING_NEWS_KEY not set - Bing News provider will not be available

    [0m [90m 131 |[39m       availableProviders[33m.[39mpush([32m'Bing News'[39m)[33m;[39m
     [90m 132 |[39m     } [36melse[39m {
    [31m[1m>[22m[39m[90m 133 |[39m       console[33m.[39mwarn([32m'ΓÜá∩╕Å  BING_NEWS_KEY not set - Bing News provider will not be available'[39m)[33m;[39m
     [90m     |[39m               [31m[1m^[22m[39m
     [90m 134 |[39m     }
     [90m 135 |[39m     
     [90m 136 |[39m     [90m// GDELT is always available (no API key required)[39m[0m

      at validateEnv (src/utils/envValidation.ts:133:15)
      at getEnv (src/utils/envValidation.ts:149:10)
      at new GroundingCache (src/services/groundingCache.ts:21:23)
      at getGroundingCache (src/services/groundingCache.ts:105:21)
      at new GroundingService (src/services/groundingService.ts:38:36)
      at getGroundingService (src/services/groundingService.ts:1782:23)
      at Object.<anonymous> (src/services/groundingService.errorClassification.test.ts:17:42)

    console.log
      Γ£ô Available news providers: GDELT

      at validateEnv (src/utils/envValidation.ts:139:13)

    console.warn
      ΓÜá∩╕Å  MEDIASTACK_API_KEY not set - Mediastack provider will not be available

    [0m [90m 125 |[39m       availableProviders[33m.[39mpush([32m'Mediastack'[39m)[33m;[39m
     [90m 126 |[39m     } [36melse[39m {
    [31m[1m>[22m[39m[90m 127 |[39m       console[33m.[39mwarn([32m'ΓÜá∩╕Å  MEDIASTACK_API_KEY not set - Mediastack provider will not be available'[39m)[33m;[39m
     [90m     |[39m               [31m[1m^[22m[39m
     [90m 128 |[39m     }
     [90m 129 |[39m     
     [90m 130 |[39m     [36mif[39m (parsed[33m.[39m[33mBING_NEWS_KEY[39m) {[0m

      at validateEnv (src/utils/envValidation.ts:127:15)
      at getEnv (src/utils/envValidation.ts:149:10)
      at new GroundingService (src/services/groundingService.ts:44:23)
      at getGroundingService (src/services/groundingService.ts:1782:23)
      at Object.<anonymous> (src/services/groundingService.errorClassification.test.ts:17:42)

    console.warn
      ΓÜá∩╕Å  BING_NEWS_KEY not set - Bing News provider will not be available

    [0m [90m 131 |[39m       availableProviders[33m.[39mpush([32m'Bing News'[39m)[33m;[39m
     [90m 132 |[39m     } [36melse[39m {
    [31m[1m>[22m[39m[90m 133 |[39m       console[33m.[39mwarn([32m'ΓÜá∩╕Å  BING_NEWS_KEY not set - Bing News provider will not be available'[39m)[33m;[39m
     [90m     |[39m               [31m[1m^[22m[39m
     [90m 134 |[39m     }
     [90m 135 |[39m     
     [90m 136 |[39m     [90m// GDELT is always available (no API key required)[39m[0m

      at validateEnv (src/utils/envValidation.ts:133:15)
      at getEnv (src/utils/envValidation.ts:149:10)
      at new GroundingService (src/services/groundingService.ts:44:23)
      at getGroundingService (src/services/groundingService.ts:1782:23)
      at Object.<anonymous> (src/services/groundingService.errorClassification.test.ts:17:42)

    console.log
      Γ£ô Available news providers: GDELT

      at validateEnv (src/utils/envValidation.ts:139:13)

    console.log
      {"timestamp":"2026-03-13T19:15:36.761Z","level":"info","service":"fakenewsoff-backend","message":"Initializing 
GroundingService","event":"grounding_service_init","enabled":true,"provider_order_configured":["bing","gdelt"]}

      at Logger.log (src/utils/logger.ts:69:13)

    console.warn
      ΓÜá∩╕Å  MEDIASTACK_API_KEY not set - Mediastack provider will not be available

    [0m [90m 125 |[39m       availableProviders[33m.[39mpush([32m'Mediastack'[39m)[33m;[39m
     [90m 126 |[39m     } [36melse[39m {
    [31m[1m>[22m[39m[90m 127 |[39m       console[33m.[39mwarn([32m'ΓÜá∩╕Å  MEDIASTACK_API_KEY not set - Mediastack provider will not be available'[39m)[33m;[39m
     [90m     |[39m               [31m[1m^[22m[39m
     [90m 128 |[39m     }
     [90m 129 |[39m     
     [90m 130 |[39m     [36mif[39m (parsed[33m.[39m[33mBING_NEWS_KEY[39m) {[0m

      at validateEnv (src/utils/envValidation.ts:127:15)
      at getEnv (src/utils/envValidation.ts:149:10)
      at new BingNewsClient (src/clients/bingNewsClient.ts:37:23)
      at new GroundingService (src/services/groundingService.ts:63:25)
      at getGroundingService (src/services/groundingService.ts:1782:23)
      at Object.<anonymous> (src/services/groundingService.errorClassification.test.ts:17:42)

    console.warn
      ΓÜá∩╕Å  BING_NEWS_KEY not set - Bing News provider will not be available

    [0m [90m 131 |[39m       availableProviders[33m.[39mpush([32m'Bing News'[39m)[33m;[39m
     [90m 132 |[39m     } [36melse[39m {
    [31m[1m>[22m[39m[90m 133 |[39m       console[33m.[39mwarn([32m'ΓÜá∩╕Å  BING_NEWS_KEY not set - Bing News provider will not be available'[39m)[33m;[39m
     [90m     |[39m               [31m[1m^[22m[39m
     [90m 134 |[39m     }
     [90m 135 |[39m     
     [90m 136 |[39m     [90m// GDELT is always available (no API key required)[39m[0m

      at validateEnv (src/utils/envValidation.ts:133:15)
      at getEnv (src/utils/envValidation.ts:149:10)
      at new BingNewsClient (src/clients/bingNewsClient.ts:37:23)
      at new GroundingService (src/services/groundingService.ts:63:25)
      at getGroundingService (src/services/groundingService.ts:1782:23)
      at Object.<anonymous> (src/services/groundingService.errorClassification.test.ts:17:42)

    console.log
      Γ£ô Available news providers: GDELT

      at validateEnv (src/utils/envValidation.ts:139:13)

    console.log
      {"timestamp":"2026-03-13T19:15:36.764Z","level":"info","service":"fakenewsoff-backend","message":"Bing News client not available (no API 
key)","event":"provider_init_skipped","provider":"bing","reason":"missing_api_key"}

      at Logger.log (src/utils/logger.ts:69:13)

    console.warn
      ΓÜá∩╕Å  MEDIASTACK_API_KEY not set - Mediastack provider will not be available

    [0m [90m 125 |[39m       availableProviders[33m.[39mpush([32m'Mediastack'[39m)[33m;[39m
     [90m 126 |[39m     } [36melse[39m {
    [31m[1m>[22m[39m[90m 127 |[39m       console[33m.[39mwarn([32m'ΓÜá∩╕Å  MEDIASTACK_API_KEY not set - Mediastack provider will not be available'[39m)[33m;[39m
     [90m     |[39m               [31m[1m^[22m[39m
     [90m 128 |[39m     }
     [90m 129 |[39m     
     [90m 130 |[39m     [36mif[39m (parsed[33m.[39m[33mBING_NEWS_KEY[39m) {[0m

      at validateEnv (src/utils/envValidation.ts:127:15)
      at getEnv (src/utils/envValidation.ts:149:10)
      at new BingWebClient (src/clients/bingWebClient.ts:65:23)
      at new GroundingService (src/services/groundingService.ts:80:28)
      at getGroundingService (src/services/groundingService.ts:1782:23)
      at Object.<anonymous> (src/services/groundingService.errorClassification.test.ts:17:42)

    console.warn
      ΓÜá∩╕Å  BING_NEWS_KEY not set - Bing News provider will not be available

    [0m [90m 131 |[39m       availableProviders[33m.[39mpush([32m'Bing News'[39m)[33m;[39m
     [90m 132 |[39m     } [36melse[39m {
    [31m[1m>[22m[39m[90m 133 |[39m       console[33m.[39mwarn([32m'ΓÜá∩╕Å  BING_NEWS_KEY not set - Bing News provider will not be available'[39m)[33m;[39m
     [90m     |[39m               [31m[1m^[22m[39m
     [90m 134 |[39m     }
     [90m 135 |[39m     
     [90m 136 |[39m     [90m// GDELT is always available (no API key required)[39m[0m

      at validateEnv (src/utils/envValidation.ts:133:15)
      at getEnv (src/utils/envValidation.ts:149:10)
      at new BingWebClient (src/clients/bingWebClient.ts:65:23)
      at new GroundingService (src/services/groundingService.ts:80:28)
      at getGroundingService (src/services/groundingService.ts:1782:23)
      at Object.<anonymous> (src/services/groundingService.errorClassification.test.ts:17:42)

    console.log
      Γ£ô Available news providers: GDELT

      at validateEnv (src/utils/envValidation.ts:139:13)

    console.log
      {"timestamp":"2026-03-13T19:15:36.766Z","level":"info","service":"fakenewsoff-backend","message":"Bing Web Search client not available (no API 
key)","event":"provider_init_skipped","provider":"bing_web","reason":"missing_api_key"}

      at Logger.log (src/utils/logger.ts:69:13)

    console.warn
      ΓÜá∩╕Å  MEDIASTACK_API_KEY not set - Mediastack provider will not be available

    [0m [90m 125 |[39m       availableProviders[33m.[39mpush([32m'Mediastack'[39m)[33m;[39m
     [90m 126 |[39m     } [36melse[39m {
    [31m[1m>[22m[39m[90m 127 |[39m       console[33m.[39mwarn([32m'ΓÜá∩╕Å  MEDIASTACK_API_KEY not set - Mediastack provider will not be available'[39m)[33m;[39m
     [90m     |[39m               [31m[1m^[22m[39m
     [90m 128 |[39m     }
     [90m 129 |[39m     
     [90m 130 |[39m     [36mif[39m (parsed[33m.[39m[33mBING_NEWS_KEY[39m) {[0m

      at validateEnv (src/utils/envValidation.ts:127:15)
      at getEnv (src/utils/envValidation.ts:149:10)
      at new MediastackClient (src/clients/mediastackClient.ts:66:23)
      at new GroundingService (src/services/groundingService.ts:97:31)
      at getGroundingService (src/services/groundingService.ts:1782:23)
      at Object.<anonymous> (src/services/groundingService.errorClassification.test.ts:17:42)

    console.warn
      ΓÜá∩╕Å  BING_NEWS_KEY not set - Bing News provider will not be available

    [0m [90m 131 |[39m       availableProviders[33m.[39mpush([32m'Bing News'[39m)[33m;[39m
     [90m 132 |[39m     } [36melse[39m {
    [31m[1m>[22m[39m[90m 133 |[39m       console[33m.[39mwarn([32m'ΓÜá∩╕Å  BING_NEWS_KEY not set - Bing News provider will not be available'[39m)[33m;[39m
     [90m     |[39m               [31m[1m^[22m[39m
     [90m 134 |[39m     }
     [90m 135 |[39m     
     [90m 136 |[39m     [90m// GDELT is always available (no API key required)[39m[0m

      at validateEnv (src/utils/envValidation.ts:133:15)
      at getEnv (src/utils/envValidation.ts:149:10)
      at new MediastackClient (src/clients/mediastackClient.ts:66:23)
      at new GroundingService (src/services/groundingService.ts:97:31)
      at getGroundingService (src/services/groundingService.ts:1782:23)
      at Object.<anonymous> (src/services/groundingService.errorClassification.test.ts:17:42)

    console.log
      Γ£ô Available news providers: GDELT

      at validateEnv (src/utils/envValidation.ts:139:13)

    console.log
      {"timestamp":"2026-03-13T19:15:36.767Z","level":"info","service":"fakenewsoff-backend","message":"Mediastack client not available (no API 
key)","event":"provider_init_skipped","provider":"mediastack","reason":"missing_api_key"}

      at Logger.log (src/utils/logger.ts:69:13)

    console.warn
      ΓÜá∩╕Å  MEDIASTACK_API_KEY not set - Mediastack provider will not be available

    [0m [90m 125 |[39m       availableProviders[33m.[39mpush([32m'Mediastack'[39m)[33m;[39m
     [90m 126 |[39m     } [36melse[39m {
    [31m[1m>[22m[39m[90m 127 |[39m       console[33m.[39mwarn([32m'ΓÜá∩╕Å  MEDIASTACK_API_KEY not set - Mediastack provider will not be available'[39m)[33m;[39m
     [90m     |[39m               [31m[1m^[22m[39m
     [90m 128 |[39m     }
     [90m 129 |[39m     
     [90m 130 |[39m     [36mif[39m (parsed[33m.[39m[33mBING_NEWS_KEY[39m) {[0m

      at validateEnv (src/utils/envValidation.ts:127:15)
      at getEnv (src/utils/envValidation.ts:149:10)
      at new GDELTClient (src/clients/gdeltClient.ts:36:23)
      at new GroundingService (src/services/groundingService.ts:113:24)
      at getGroundingService (src/services/groundingService.ts:1782:23)
      at Object.<anonymous> (src/services/groundingService.errorClassification.test.ts:17:42)

    console.warn
      ΓÜá∩╕Å  BING_NEWS_KEY not set - Bing News provider will not be available

    [0m [90m 131 |[39m       availableProviders[33m.[39mpush([32m'Bing News'[39m)[33m;[39m
     [90m 132 |[39m     } [36melse[39m {
    [31m[1m>[22m[39m[90m 133 |[39m       console[33m.[39mwarn([32m'ΓÜá∩╕Å  BING_NEWS_KEY not set - Bing News provider will not be available'[39m)[33m;[39m
     [90m     |[39m               [31m[1m^[22m[39m
     [90m 134 |[39m     }
     [90m 135 |[39m     
     [90m 136 |[39m     [90m// GDELT is always available (no API key required)[39m[0m

      at validateEnv (src/utils/envValidation.ts:133:15)
      at getEnv (src/utils/envValidation.ts:149:10)
      at new GDELTClient (src/clients/gdeltClient.ts:36:23)
      at new GroundingService (src/services/groundingService.ts:113:24)
      at getGroundingService (src/services/groundingService.ts:1782:23)
      at Object.<anonymous> (src/services/groundingService.errorClassification.test.ts:17:42)

    console.log
      Γ£ô Available news providers: GDELT

      at validateEnv (src/utils/envValidation.ts:139:13)

    console.log
      {"timestamp":"2026-03-13T19:15:36.769Z","level":"info","service":"fakenewsoff-backend","message":"GDELT client initialized","event":"provider_init_success","provider":"gdelt"}

      at Logger.log (src/utils/logger.ts:69:13)

    console.log
      {"timestamp":"2026-03-13T19:15:36.769Z","level":"info","service":"fakenewsoff-backend","message":"GroundingService initialization 
complete","event":"grounding_service_ready","enabled":true,"provider_order_configured":["bing","gdelt"],"providers_available":["gdelt"],"max_results":10}

      at Logger.log (src/utils/logger.ts:69:13)

PASS src/utils/traceCollector.test.ts
PASS src/utils/traceSanitizer.test.ts
PASS src/utils/storagePolicy.test.ts
PASS src/utils/llmJson.test.ts
PASS src/utils/hash.test.ts
PASS src/orchestration/evidenceOrchestrator.queryRanking.test.ts
PASS src/utils/queryBuilder.test.ts
PASS src/utils/envValidation.test.ts
  ΓùÅ Console

    console.warn
      ΓÜá∩╕Å  MEDIASTACK_API_KEY not set - Mediastack provider will not be available

    [0m [90m 125 |[39m       availableProviders[33m.[39mpush([32m'Mediastack'[39m)[33m;[39m
     [90m 126 |[39m     } [36melse[39m {
    [31m[1m>[22m[39m[90m 127 |[39m       console[33m.[39mwarn([32m'ΓÜá∩╕Å  MEDIASTACK_API_KEY not set - Mediastack provider will not be available'[39m)[33m;[39m
     [90m     |[39m               [31m[1m^[22m[39m
     [90m 128 |[39m     }
     [90m 129 |[39m     
     [90m 130 |[39m     [36mif[39m (parsed[33m.[39m[33mBING_NEWS_KEY[39m) {[0m

      at validateEnv (src/utils/envValidation.ts:127:15)
      at src/utils/envValidation.test.ts:21:29
      at Object.<anonymous> (node_modules/expect/build/toThrowMatchers.js:74:11)
      at Object.throwingMatcher [as toThrow] (node_modules/expect/build/index.js:320:21)
      at Object.<anonymous> (src/utils/envValidation.test.ts:21:37)

    console.warn
      ΓÜá∩╕Å  BING_NEWS_KEY not set - Bing News provider will not be available

    [0m [90m 131 |[39m       availableProviders[33m.[39mpush([32m'Bing News'[39m)[33m;[39m
     [90m 132 |[39m     } [36melse[39m {
    [31m[1m>[22m[39m[90m 133 |[39m       console[33m.[39mwarn([32m'ΓÜá∩╕Å  BING_NEWS_KEY not set - Bing News provider will not be available'[39m)[33m;[39m
     [90m     |[39m               [31m[1m^[22m[39m
     [90m 134 |[39m     }
     [90m 135 |[39m     
     [90m 136 |[39m     [90m// GDELT is always available (no API key required)[39m[0m

      at validateEnv (src/utils/envValidation.ts:133:15)
      at src/utils/envValidation.test.ts:21:29
      at Object.<anonymous> (node_modules/expect/build/toThrowMatchers.js:74:11)
      at Object.throwingMatcher [as toThrow] (node_modules/expect/build/index.js:320:21)
      at Object.<anonymous> (src/utils/envValidation.test.ts:21:37)

    console.log
      Γ£ô Available news providers: GDELT

      at validateEnv (src/utils/envValidation.ts:139:13)

    console.warn
      ΓÜá∩╕Å  MEDIASTACK_API_KEY not set - Mediastack provider will not be available

    [0m [90m 125 |[39m       availableProviders[33m.[39mpush([32m'Mediastack'[39m)[33m;[39m
     [90m 126 |[39m     } [36melse[39m {
    [31m[1m>[22m[39m[90m 127 |[39m       console[33m.[39mwarn([32m'ΓÜá∩╕Å  MEDIASTACK_API_KEY not set - Mediastack provider will not be available'[39m)[33m;[39m
     [90m     |[39m               [31m[1m^[22m[39m
     [90m 128 |[39m     }
     [90m 129 |[39m     
     [90m 130 |[39m     [36mif[39m (parsed[33m.[39m[33mBING_NEWS_KEY[39m) {[0m

      at validateEnv (src/utils/envValidation.ts:127:15)
      at getEnv (src/utils/envValidation.ts:149:10)
      at Object.<anonymous> (src/utils/envValidation.test.ts:30:23)

    console.warn
      ΓÜá∩╕Å  BING_NEWS_KEY not set - Bing News provider will not be available

    [0m [90m 131 |[39m       availableProviders[33m.[39mpush([32m'Bing News'[39m)[33m;[39m
     [90m 132 |[39m     } [36melse[39m {
    [31m[1m>[22m[39m[90m 133 |[39m       console[33m.[39mwarn([32m'ΓÜá∩╕Å  BING_NEWS_KEY not set - Bing News provider will not be available'[39m)[33m;[39m
     [90m     |[39m               [31m[1m^[22m[39m
     [90m 134 |[39m     }
     [90m 135 |[39m     
     [90m 136 |[39m     [90m// GDELT is always available (no API key required)[39m[0m

      at validateEnv (src/utils/envValidation.ts:133:15)
      at getEnv (src/utils/envValidation.ts:149:10)
      at Object.<anonymous> (src/utils/envValidation.test.ts:30:23)

    console.log
      Γ£ô Available news providers: GDELT

      at validateEnv (src/utils/envValidation.ts:139:13)

PASS src/utils/resilience.test.ts
PASS src/services/groundingCache.test.ts
PASS src/utils/demoMode.test.ts
PASS src/utils/scoreNormalizer.test.ts
PASS src/utils/logger.test.ts
PASS src/services/ragService.test.ts
PASS src/orchestration/iterativeOrchestrationPipeline.test.ts (10.647 s)
  ΓùÅ Console

    console.warn
      ΓÜá∩╕Å  MEDIASTACK_API_KEY not set - Mediastack provider will not be available

    [0m [90m 125 |[39m       availableProviders[33m.[39mpush([32m'Mediastack'[39m)[33m;[39m
     [90m 126 |[39m     } [36melse[39m {
    [31m[1m>[22m[39m[90m 127 |[39m       console[33m.[39mwarn([32m'ΓÜá∩╕Å  MEDIASTACK_API_KEY not set - Mediastack provider will not be available'[39m)[33m;[39m
     [90m     |[39m               [31m[1m^[22m[39m
     [90m 128 |[39m     }
     [90m 129 |[39m     
     [90m 130 |[39m     [36mif[39m (parsed[33m.[39m[33mBING_NEWS_KEY[39m) {[0m

      at validateEnv (src/utils/envValidation.ts:127:15)
      at getEnv (src/utils/envValidation.ts:149:10)
      at new GroundingCache (src/services/groundingCache.ts:21:23)
      at getGroundingCache (src/services/groundingCache.ts:105:21)
      at new GroundingService (src/services/groundingService.ts:38:36)
      at getGroundingService (src/services/groundingService.ts:1782:23)
      at analyzeWithIterativeOrchestration (src/orchestration/iterativeOrchestrationPipeline.ts:64:49)
      at Object.<anonymous> (src/orchestration/iterativeOrchestrationPipeline.test.ts:14:61)

    console.warn
      ΓÜá∩╕Å  BING_NEWS_KEY not set - Bing News provider will not be available

    [0m [90m 131 |[39m       availableProviders[33m.[39mpush([32m'Bing News'[39m)[33m;[39m
     [90m 132 |[39m     } [36melse[39m {
    [31m[1m>[22m[39m[90m 133 |[39m       console[33m.[39mwarn([32m'ΓÜá∩╕Å  BING_NEWS_KEY not set - Bing News provider will not be available'[39m)[33m;[39m
     [90m     |[39m               [31m[1m^[22m[39m
     [90m 134 |[39m     }
     [90m 135 |[39m     
     [90m 136 |[39m     [90m// GDELT is always available (no API key required)[39m[0m

      at validateEnv (src/utils/envValidation.ts:133:15)
      at getEnv (src/utils/envValidation.ts:149:10)
      at new GroundingCache (src/services/groundingCache.ts:21:23)
      at getGroundingCache (src/services/groundingCache.ts:105:21)
      at new GroundingService (src/services/groundingService.ts:38:36)
      at getGroundingService (src/services/groundingService.ts:1782:23)
      at analyzeWithIterativeOrchestration (src/orchestration/iterativeOrchestrationPipeline.ts:64:49)
      at Object.<anonymous> (src/orchestration/iterativeOrchestrationPipeline.test.ts:14:61)

    console.log
      Γ£ô Available news providers: GDELT

      at validateEnv (src/utils/envValidation.ts:139:13)

    console.warn
      ΓÜá∩╕Å  MEDIASTACK_API_KEY not set - Mediastack provider will not be available

    [0m [90m 125 |[39m       availableProviders[33m.[39mpush([32m'Mediastack'[39m)[33m;[39m
     [90m 126 |[39m     } [36melse[39m {
    [31m[1m>[22m[39m[90m 127 |[39m       console[33m.[39mwarn([32m'ΓÜá∩╕Å  MEDIASTACK_API_KEY not set - Mediastack provider will not be available'[39m)[33m;[39m
     [90m     |[39m               [31m[1m^[22m[39m
     [90m 128 |[39m     }
     [90m 129 |[39m     
     [90m 130 |[39m     [36mif[39m (parsed[33m.[39m[33mBING_NEWS_KEY[39m) {[0m

      at validateEnv (src/utils/envValidation.ts:127:15)
      at getEnv (src/utils/envValidation.ts:149:10)
      at new GroundingService (src/services/groundingService.ts:44:23)
      at getGroundingService (src/services/groundingService.ts:1782:23)
      at analyzeWithIterativeOrchestration (src/orchestration/iterativeOrchestrationPipeline.ts:64:49)
      at Object.<anonymous> (src/orchestration/iterativeOrchestrationPipeline.test.ts:14:61)

    console.warn
      ΓÜá∩╕Å  BING_NEWS_KEY not set - Bing News provider will not be available

    [0m [90m 131 |[39m       availableProviders[33m.[39mpush([32m'Bing News'[39m)[33m;[39m
     [90m 132 |[39m     } [36melse[39m {
    [31m[1m>[22m[39m[90m 133 |[39m       console[33m.[39mwarn([32m'ΓÜá∩╕Å  BING_NEWS_KEY not set - Bing News provider will not be available'[39m)[33m;[39m
     [90m     |[39m               [31m[1m^[22m[39m
     [90m 134 |[39m     }
     [90m 135 |[39m     
     [90m 136 |[39m     [90m// GDELT is always available (no API key required)[39m[0m

      at validateEnv (src/utils/envValidation.ts:133:15)
      at getEnv (src/utils/envValidation.ts:149:10)
      at new GroundingService (src/services/groundingService.ts:44:23)
      at getGroundingService (src/services/groundingService.ts:1782:23)
      at analyzeWithIterativeOrchestration (src/orchestration/iterativeOrchestrationPipeline.ts:64:49)
      at Object.<anonymous> (src/orchestration/iterativeOrchestrationPipeline.test.ts:14:61)

    console.log
      Γ£ô Available news providers: GDELT

      at validateEnv (src/utils/envValidation.ts:139:13)

    console.log
      {"timestamp":"2026-03-13T19:15:35.217Z","level":"info","service":"fakenewsoff-backend","message":"Initializing 
GroundingService","event":"grounding_service_init","enabled":true,"provider_order_configured":["bing","gdelt"]}

      at Logger.log (src/utils/logger.ts:69:13)

    console.warn
      ΓÜá∩╕Å  MEDIASTACK_API_KEY not set - Mediastack provider will not be available

    [0m [90m 125 |[39m       availableProviders[33m.[39mpush([32m'Mediastack'[39m)[33m;[39m
     [90m 126 |[39m     } [36melse[39m {
    [31m[1m>[22m[39m[90m 127 |[39m       console[33m.[39mwarn([32m'ΓÜá∩╕Å  MEDIASTACK_API_KEY not set - Mediastack provider will not be available'[39m)[33m;[39m
     [90m     |[39m               [31m[1m^[22m[39m
     [90m 128 |[39m     }
     [90m 129 |[39m     
     [90m 130 |[39m     [36mif[39m (parsed[33m.[39m[33mBING_NEWS_KEY[39m) {[0m

      at validateEnv (src/utils/envValidation.ts:127:15)
      at getEnv (src/utils/envValidation.ts:149:10)
      at new BingNewsClient (src/clients/bingNewsClient.ts:37:23)
      at new GroundingService (src/services/groundingService.ts:63:25)
      at getGroundingService (src/services/groundingService.ts:1782:23)
      at analyzeWithIterativeOrchestration (src/orchestration/iterativeOrchestrationPipeline.ts:64:49)
      at Object.<anonymous> (src/orchestration/iterativeOrchestrationPipeline.test.ts:14:61)

    console.warn
      ΓÜá∩╕Å  BING_NEWS_KEY not set - Bing News provider will not be available

    [0m [90m 131 |[39m       availableProviders[33m.[39mpush([32m'Bing News'[39m)[33m;[39m
     [90m 132 |[39m     } [36melse[39m {
    [31m[1m>[22m[39m[90m 133 |[39m       console[33m.[39mwarn([32m'ΓÜá∩╕Å  BING_NEWS_KEY not set - Bing News provider will not be available'[39m)[33m;[39m
     [90m     |[39m               [31m[1m^[22m[39m
     [90m 134 |[39m     }
     [90m 135 |[39m     
     [90m 136 |[39m     [90m// GDELT is always available (no API key required)[39m[0m

      at validateEnv (src/utils/envValidation.ts:133:15)
      at getEnv (src/utils/envValidation.ts:149:10)
      at new BingNewsClient (src/clients/bingNewsClient.ts:37:23)
      at new GroundingService (src/services/groundingService.ts:63:25)
      at getGroundingService (src/services/groundingService.ts:1782:23)
      at analyzeWithIterativeOrchestration (src/orchestration/iterativeOrchestrationPipeline.ts:64:49)
      at Object.<anonymous> (src/orchestration/iterativeOrchestrationPipeline.test.ts:14:61)

    console.log
      Γ£ô Available news providers: GDELT

      at validateEnv (src/utils/envValidation.ts:139:13)

    console.log
      {"timestamp":"2026-03-13T19:15:35.223Z","level":"info","service":"fakenewsoff-backend","message":"Bing News client not available (no API 
key)","event":"provider_init_skipped","provider":"bing","reason":"missing_api_key"}

      at Logger.log (src/utils/logger.ts:69:13)

    console.warn
      ΓÜá∩╕Å  MEDIASTACK_API_KEY not set - Mediastack provider will not be available

    [0m [90m 125 |[39m       availableProviders[33m.[39mpush([32m'Mediastack'[39m)[33m;[39m
     [90m 126 |[39m     } [36melse[39m {
    [31m[1m>[22m[39m[90m 127 |[39m       console[33m.[39mwarn([32m'ΓÜá∩╕Å  MEDIASTACK_API_KEY not set - Mediastack provider will not be available'[39m)[33m;[39m
     [90m     |[39m               [31m[1m^[22m[39m
     [90m 128 |[39m     }
     [90m 129 |[39m     
     [90m 130 |[39m     [36mif[39m (parsed[33m.[39m[33mBING_NEWS_KEY[39m) {[0m

      at validateEnv (src/utils/envValidation.ts:127:15)
      at getEnv (src/utils/envValidation.ts:149:10)
      at new BingWebClient (src/clients/bingWebClient.ts:65:23)
      at new GroundingService (src/services/groundingService.ts:80:28)
      at getGroundingService (src/services/groundingService.ts:1782:23)
      at analyzeWithIterativeOrchestration (src/orchestration/iterativeOrchestrationPipeline.ts:64:49)
      at Object.<anonymous> (src/orchestration/iterativeOrchestrationPipeline.test.ts:14:61)

    console.warn
      ΓÜá∩╕Å  BING_NEWS_KEY not set - Bing News provider will not be available

    [0m [90m 131 |[39m       availableProviders[33m.[39mpush([32m'Bing News'[39m)[33m;[39m
     [90m 132 |[39m     } [36melse[39m {
    [31m[1m>[22m[39m[90m 133 |[39m       console[33m.[39mwarn([32m'ΓÜá∩╕Å  BING_NEWS_KEY not set - Bing News provider will not be available'[39m)[33m;[39m
     [90m     |[39m               [31m[1m^[22m[39m
     [90m 134 |[39m     }
     [90m 135 |[39m     
     [90m 136 |[39m     [90m// GDELT is always available (no API key required)[39m[0m

      at validateEnv (src/utils/envValidation.ts:133:15)
      at getEnv (src/utils/envValidation.ts:149:10)
      at new BingWebClient (src/clients/bingWebClient.ts:65:23)
      at new GroundingService (src/services/groundingService.ts:80:28)
      at getGroundingService (src/services/groundingService.ts:1782:23)
      at analyzeWithIterativeOrchestration (src/orchestration/iterativeOrchestrationPipeline.ts:64:49)
      at Object.<anonymous> (src/orchestration/iterativeOrchestrationPipeline.test.ts:14:61)

    console.log
      Γ£ô Available news providers: GDELT

      at validateEnv (src/utils/envValidation.ts:139:13)

    console.log
      {"timestamp":"2026-03-13T19:15:35.227Z","level":"info","service":"fakenewsoff-backend","message":"Bing Web Search client not available (no API 
key)","event":"provider_init_skipped","provider":"bing_web","reason":"missing_api_key"}

      at Logger.log (src/utils/logger.ts:69:13)

    console.warn
      ΓÜá∩╕Å  MEDIASTACK_API_KEY not set - Mediastack provider will not be available

    [0m [90m 125 |[39m       availableProviders[33m.[39mpush([32m'Mediastack'[39m)[33m;[39m
     [90m 126 |[39m     } [36melse[39m {
    [31m[1m>[22m[39m[90m 127 |[39m       console[33m.[39mwarn([32m'ΓÜá∩╕Å  MEDIASTACK_API_KEY not set - Mediastack provider will not be available'[39m)[33m;[39m
     [90m     |[39m               [31m[1m^[22m[39m
     [90m 128 |[39m     }
     [90m 129 |[39m     
     [90m 130 |[39m     [36mif[39m (parsed[33m.[39m[33mBING_NEWS_KEY[39m) {[0m

      at validateEnv (src/utils/envValidation.ts:127:15)
      at getEnv (src/utils/envValidation.ts:149:10)
      at new MediastackClient (src/clients/mediastackClient.ts:66:23)
      at new GroundingService (src/services/groundingService.ts:97:31)
      at getGroundingService (src/services/groundingService.ts:1782:23)
      at analyzeWithIterativeOrchestration (src/orchestration/iterativeOrchestrationPipeline.ts:64:49)
      at Object.<anonymous> (src/orchestration/iterativeOrchestrationPipeline.test.ts:14:61)

    console.warn
      ΓÜá∩╕Å  BING_NEWS_KEY not set - Bing News provider will not be available

    [0m [90m 131 |[39m       availableProviders[33m.[39mpush([32m'Bing News'[39m)[33m;[39m
     [90m 132 |[39m     } [36melse[39m {
    [31m[1m>[22m[39m[90m 133 |[39m       console[33m.[39mwarn([32m'ΓÜá∩╕Å  BING_NEWS_KEY not set - Bing News provider will not be available'[39m)[33m;[39m
     [90m     |[39m               [31m[1m^[22m[39m
     [90m 134 |[39m     }
     [90m 135 |[39m     
     [90m 136 |[39m     [90m// GDELT is always available (no API key required)[39m[0m

      at validateEnv (src/utils/envValidation.ts:133:15)
      at getEnv (src/utils/envValidation.ts:149:10)
      at new MediastackClient (src/clients/mediastackClient.ts:66:23)
      at new GroundingService (src/services/groundingService.ts:97:31)
      at getGroundingService (src/services/groundingService.ts:1782:23)
      at analyzeWithIterativeOrchestration (src/orchestration/iterativeOrchestrationPipeline.ts:64:49)
      at Object.<anonymous> (src/orchestration/iterativeOrchestrationPipeline.test.ts:14:61)

    console.log
      Γ£ô Available news providers: GDELT

      at validateEnv (src/utils/envValidation.ts:139:13)

    console.log
      {"timestamp":"2026-03-13T19:15:35.230Z","level":"info","service":"fakenewsoff-backend","message":"Mediastack client not available (no API 
key)","event":"provider_init_skipped","provider":"mediastack","reason":"missing_api_key"}

      at Logger.log (src/utils/logger.ts:69:13)

    console.warn
      ΓÜá∩╕Å  MEDIASTACK_API_KEY not set - Mediastack provider will not be available

    [0m [90m 125 |[39m       availableProviders[33m.[39mpush([32m'Mediastack'[39m)[33m;[39m
     [90m 126 |[39m     } [36melse[39m {
    [31m[1m>[22m[39m[90m 127 |[39m       console[33m.[39mwarn([32m'ΓÜá∩╕Å  MEDIASTACK_API_KEY not set - Mediastack provider will not be available'[39m)[33m;[39m
     [90m     |[39m               [31m[1m^[22m[39m
     [90m 128 |[39m     }
     [90m 129 |[39m     
     [90m 130 |[39m     [36mif[39m (parsed[33m.[39m[33mBING_NEWS_KEY[39m) {[0m

      at validateEnv (src/utils/envValidation.ts:127:15)
      at getEnv (src/utils/envValidation.ts:149:10)
      at new GDELTClient (src/clients/gdeltClient.ts:36:23)
      at new GroundingService (src/services/groundingService.ts:113:24)
      at getGroundingService (src/services/groundingService.ts:1782:23)
      at analyzeWithIterativeOrchestration (src/orchestration/iterativeOrchestrationPipeline.ts:64:49)
      at Object.<anonymous> (src/orchestration/iterativeOrchestrationPipeline.test.ts:14:61)

    console.warn
      ΓÜá∩╕Å  BING_NEWS_KEY not set - Bing News provider will not be available

    [0m [90m 131 |[39m       availableProviders[33m.[39mpush([32m'Bing News'[39m)[33m;[39m
     [90m 132 |[39m     } [36melse[39m {
    [31m[1m>[22m[39m[90m 133 |[39m       console[33m.[39mwarn([32m'ΓÜá∩╕Å  BING_NEWS_KEY not set - Bing News provider will not be available'[39m)[33m;[39m
     [90m     |[39m               [31m[1m^[22m[39m
     [90m 134 |[39m     }
     [90m 135 |[39m     
     [90m 136 |[39m     [90m// GDELT is always available (no API key required)[39m[0m

      at validateEnv (src/utils/envValidation.ts:133:15)
      at getEnv (src/utils/envValidation.ts:149:10)
      at new GDELTClient (src/clients/gdeltClient.ts:36:23)
      at new GroundingService (src/services/groundingService.ts:113:24)
      at getGroundingService (src/services/groundingService.ts:1782:23)
      at analyzeWithIterativeOrchestration (src/orchestration/iterativeOrchestrationPipeline.ts:64:49)
      at Object.<anonymous> (src/orchestration/iterativeOrchestrationPipeline.test.ts:14:61)

    console.log
      Γ£ô Available news providers: GDELT

      at validateEnv (src/utils/envValidation.ts:139:13)

    console.log
      {"timestamp":"2026-03-13T19:15:35.234Z","level":"info","service":"fakenewsoff-backend","message":"GDELT client initialized","event":"provider_init_success","provider":"gdelt"}

      at Logger.log (src/utils/logger.ts:69:13)

    console.log
      {"timestamp":"2026-03-13T19:15:35.235Z","level":"info","service":"fakenewsoff-backend","message":"GroundingService initialization 
complete","event":"grounding_service_ready","enabled":true,"provider_order_configured":["bing","gdelt"],"providers_available":["gdelt"],"max_results":10}

      at Logger.log (src/utils/logger.ts:69:13)

    console.log
      {"timestamp":"2026-03-13T19:15:35.235Z","level":"INFO","service":"claimDecomposer","event":"decomposition_start","claim_length":15}

      at ClaimDecomposer.logDecompositionStart (src/orchestration/claimDecomposer.ts:52:13)

    console.log
      {"event":"bedrock_invocation","model":"amazon.nova-lite-v1:0","provider":"AWS Bedrock","request_id":"c59ab5a8-24d4-4b92-ae61-d614944a2fc9","timestamp":"2026-03-13T19:15:35.243Z"}

      at invokeNova (src/services/novaClient.ts:313:11)

    console.error
      {"event":"bedrock_error","reason":"Unknown error","request_id":"c59ab5a8-24d4-4b92-ae61-d614944a2fc9","timestamp":"2026-03-13T19:15:35.257Z"}

    [0m [90m 360 |[39m
     [90m 361 |[39m     [90m// Log Bedrock error[39m
    [31m[1m>[22m[39m[90m 362 |[39m     console[33m.[39merror([33mJSON[39m[33m.[39mstringify({
     [90m     |[39m             [31m[1m^[22m[39m
     [90m 363 |[39m       event[33m:[39m [32m'bedrock_error'[39m[33m,[39m
     [90m 364 |[39m       reason[33m:[39m error [36minstanceof[39m [33mError[39m [33m?[39m error[33m.[39mmessage [33m:[39m [32m'Unknown error'[39m[33m,[39m
     [90m 365 |[39m       request_id[33m:[39m requestId[33m,[39m[0m

      at invokeNova (src/services/novaClient.ts:362:13)
      at decomposeClaimToSubclaims (src/services/novaClient.ts:568:22)
      at ClaimDecomposer.decompose (src/orchestration/claimDecomposer.ts:25:29)
      at analyzeWithIterativeOrchestration (src/orchestration/iterativeOrchestrationPipeline.ts:93:27)
      at Object.<anonymous> (src/orchestration/iterativeOrchestrationPipeline.test.ts:14:22)

    console.log
      {"timestamp":"2026-03-13T19:15:35.257Z","level":"INFO","service":"claimDecomposer","event":"decomposition_success","subclaim_count":1,"subclaim_types":["action"],"subclaim_texts":["The sky is 
blue"]}

      at ClaimDecomposer.logDecompositionSuccess (src/orchestration/claimDecomposer.ts:67:13)

    console.log
      {"timestamp":"2026-03-13T19:15:35.258Z","level":"INFO","service":"queryGenerator","event":"generation_start","original_claim":"The sky is blue","subclaim_count":1}

      at QueryGenerator.logGenerationStart (src/orchestration/queryGenerator.ts:119:13)

    console.log
      {"timestamp":"2026-03-13T19:15:35.261Z","level":"INFO","service":"queryGenerator","event":"query_variants_generated","queries_before_dedup":["The sky is blue","sky blue","what is sky 
blue"],"queries_count":3,"entities_extracted":[],"key_phrases_extracted":["sky","blue"]}

      at QueryGenerator.generateQueries (src/orchestration/queryGenerator.ts:28:13)

    console.log
      {"timestamp":"2026-03-13T19:15:35.261Z","level":"INFO","service":"queryGenerator","event":"orchestrator_queries_finalized","queries_after_dedup":["The sky is blue","sky blue","what is sky 
blue"],"queries_count":3,"query_types":["exact","regional","fact_check"]}

      at QueryGenerator.generateQueries (src/orchestration/queryGenerator.ts:68:13)

    console.log
      {"timestamp":"2026-03-13T19:15:35.261Z","level":"INFO","service":"queryGenerator","event":"generation_success","query_count":3,"query_types":["exact","regional","fact_check"],"query_texts":["The 
sky is blue","sky blue","what is sky blue"]}

      at QueryGenerator.logGenerationSuccess (src/orchestration/queryGenerator.ts:135:13)

    console.log
      {"timestamp":"2026-03-13T19:15:35.262Z","level":"INFO","service":"evidenceOrchestrator","event":"orchestration_start","query_count":3,"max_passes":3}

      at EvidenceOrchestrator.logOrchestrationStart (src/orchestration/evidenceOrchestrator.ts:775:13)

    console.log
      {"timestamp":"2026-03-13T19:15:35.266Z","level":"INFO","service":"evidenceOrchestrator","event":"pass_start","pass_number":1,"query_count":1}

      at EvidenceOrchestrator.logPassStart (src/orchestration/evidenceOrchestrator.ts:791:13)

    console.log
      {"timestamp":"2026-03-13T19:15:35.267Z","level":"INFO","event":"ORCHESTRATOR_STAGED_EXECUTION_START","service":"evidenceOrchestrator","pass_number":1,"query_count":1,"orchestration_method_used":"
stagedExecution","fix_version":"production_retrieval_efficiency_v3"}

      at EvidenceOrchestrator.executePass (src/orchestration/evidenceOrchestrator.ts:115:17)

    console.log
      {"timestamp":"2026-03-13T19:15:35.267Z","level":"INFO","event":"ORCHESTRATOR_STAGE_1_START","service":"evidenceOrchestrator","pass_number":1,"stage":1,"query":"The sky is 
blue","provider":"mediastack"}

      at EvidenceOrchestrator.executePass (src/orchestration/evidenceOrchestrator.ts:160:19)

    console.log
      {"timestamp":"2026-03-13T19:15:35.272Z","level":"info","service":"fakenewsoff-backend","message":"Grounding request started","event":"grounding_start","query_terms":"sky 
blue","provider_order":["bing","gdelt"],"demo_mode":false}

      at Logger.log (src/utils/logger.ts:69:13)

    console.log
      {"timestamp":"2026-03-13T19:15:35.272Z","level":"info","service":"fakenewsoff-backend","message":"Grounding cache miss","event":"grounding_cache_miss","query":"sky blue"}

      at Logger.log (src/utils/logger.ts:69:13)

    console.log
      {"timestamp":"2026-03-13T19:15:35.273Z","level":"info","service":"fakenewsoff-backend","message":"Starting adaptive freshness cascade with historical 
detection","event":"adaptive_freshness_start","is_historical":false,"confidence":0,"retrieval_mode":"news_recent","strategies":["7d","30d","web"],"timeout_budget_ms":5000}

      at Logger.log (src/utils/logger.ts:69:13)

    console.log
      {"timestamp":"2026-03-13T19:15:35.273Z","level":"info","service":"fakenewsoff-backend","message":"Trying freshness 
strategy","event":"adaptive_freshness_retry","strategy":"7d","retry_count":0,"elapsed_ms":0}

      at Logger.log (src/utils/logger.ts:69:13)

    console.log
      {"timestamp":"2026-03-13T19:15:35.274Z","level":"info","service":"fakenewsoff-backend","message":"Trying providers with freshness 
strategy","event":"adaptive_freshness_attempt","freshness_strategy":"7d","bing_freshness":"Week","gdelt_timespan":"7d"}

      at Logger.log (src/utils/logger.ts:69:13)

    console.log
      {"timestamp":"2026-03-13T19:15:35.275Z","level":"info","service":"fakenewsoff-backend","message":"Skipping Bing News provider (client not 
initialized)","event":"provider_attempt_skipped","provider":"bing","freshness":"7d","reason":"client_not_initialized"}

      at Logger.log (src/utils/logger.ts:69:13)

    console.warn
      ΓÜá∩╕Å  MEDIASTACK_API_KEY not set - Mediastack provider will not be available

    [0m [90m 125 |[39m       availableProviders[33m.[39mpush([32m'Mediastack'[39m)[33m;[39m
     [90m 126 |[39m     } [36melse[39m {
    [31m[1m>[22m[39m[90m 127 |[39m       console[33m.[39mwarn([32m'ΓÜá∩╕Å  MEDIASTACK_API_KEY not set - Mediastack provider will not be available'[39m)[33m;[39m
     [90m     |[39m               [31m[1m^[22m[39m
     [90m 128 |[39m     }
     [90m 129 |[39m     
     [90m 130 |[39m     [36mif[39m (parsed[33m.[39m[33mBING_NEWS_KEY[39m) {[0m

      at validateEnv (src/utils/envValidation.ts:127:15)
      at getEnv (src/utils/envValidation.ts:149:10)
      at new GDELTThrottle (src/services/gdeltThrottle.ts:27:23)
      at getGDELTThrottle (src/services/gdeltThrottle.ts:86:24)
      at GroundingService.tryProvidersWithFreshness (src/services/groundingService.ts:1261:42)
      at GroundingService.tryProvidersWithAdaptiveFreshness (src/services/groundingService.ts:1560:29)
      at GroundingService.ground (src/services/groundingService.ts:245:31)
      at EvidenceOrchestrator.executePass (src/orchestration/evidenceOrchestrator.ts:177:30)
      at EvidenceOrchestrator.orchestrate (src/orchestration/evidenceOrchestrator.ts:62:28)
      at analyzeWithIterativeOrchestration (src/orchestration/iterativeOrchestrationPipeline.ts:138:27)
      at Object.<anonymous> (src/orchestration/iterativeOrchestrationPipeline.test.ts:14:22)

    console.warn
      ΓÜá∩╕Å  BING_NEWS_KEY not set - Bing News provider will not be available

    [0m [90m 131 |[39m       availableProviders[33m.[39mpush([32m'Bing News'[39m)[33m;[39m
     [90m 132 |[39m     } [36melse[39m {
    [31m[1m>[22m[39m[90m 133 |[39m       console[33m.[39mwarn([32m'ΓÜá∩╕Å  BING_NEWS_KEY not set - Bing News provider will not be available'[39m)[33m;[39m
     [90m     |[39m               [31m[1m^[22m[39m
     [90m 134 |[39m     }
     [90m 135 |[39m     
     [90m 136 |[39m     [90m// GDELT is always available (no API key required)[39m[0m

      at validateEnv (src/utils/envValidation.ts:133:15)
      at getEnv (src/utils/envValidation.ts:149:10)
      at new GDELTThrottle (src/services/gdeltThrottle.ts:27:23)
      at getGDELTThrottle (src/services/gdeltThrottle.ts:86:24)
      at GroundingService.tryProvidersWithFreshness (src/services/groundingService.ts:1261:42)
      at GroundingService.tryProvidersWithAdaptiveFreshness (src/services/groundingService.ts:1560:29)
      at GroundingService.ground (src/services/groundingService.ts:245:31)
      at EvidenceOrchestrator.executePass (src/orchestration/evidenceOrchestrator.ts:177:30)
      at EvidenceOrchestrator.orchestrate (src/orchestration/evidenceOrchestrator.ts:62:28)
      at analyzeWithIterativeOrchestration (src/orchestration/iterativeOrchestrationPipeline.ts:138:27)
      at Object.<anonymous> (src/orchestration/iterativeOrchestrationPipeline.test.ts:14:22)

    console.log
      Γ£ô Available news providers: GDELT

      at validateEnv (src/utils/envValidation.ts:139:13)

    console.log
      {"timestamp":"2026-03-13T19:15:35.277Z","level":"info","service":"fakenewsoff-backend","message":"Attempting GDELT provider with 
timespan","event":"provider_attempt","provider":"gdelt","timespan":"7d"}

      at Logger.log (src/utils/logger.ts:69:13)

    console.log
      {"timestamp":"2026-03-13T19:15:37.615Z","level":"warn","service":"fakenewsoff-backend","message":"GDELT API error response","event":"gdelt_error","status":429,"attempt":1,"max_attempts":2}

      at Logger.log (src/utils/logger.ts:69:13)

    console.log
      {"timestamp":"2026-03-13T19:15:37.615Z","level":"warn","service":"fakenewsoff-backend","message":"GDELT API network error","event":"gdelt_network_error","error_message":"GDELT API error: 429 Too 
Many Requests - Please limit requests to one every 5 seconds or contact kalev.leetaru5@gmail.com for larger queries.\n\n","attempt":1,"max_attempts":2,"will_retry":true}

      at Logger.log (src/utils/logger.ts:69:13)

    console.log
      {"timestamp":"2026-03-13T19:15:39.772Z","level":"warn","service":"fakenewsoff-backend","message":"GDELT API error response","event":"gdelt_error","status":429,"attempt":2,"max_attempts":2}

      at Logger.log (src/utils/logger.ts:69:13)

    console.log
      {"timestamp":"2026-03-13T19:15:39.772Z","level":"warn","service":"fakenewsoff-backend","message":"GDELT API network error","event":"gdelt_network_error","error_message":"GDELT API error: 429 Too 
Many Requests - Please limit requests to one every 5 seconds or contact kalev.leetaru5@gmail.com for larger queries.\n\n","attempt":2,"max_attempts":2,"will_retry":false}

      at Logger.log (src/utils/logger.ts:69:13)

    console.log
      {"timestamp":"2026-03-13T19:15:39.772Z","level":"info","service":"fakenewsoff-backend","message":"Provider cooldown 
set","event":"provider_cooldown_set","provider":"gdelt","reason":"rate_limit","duration_ms":300000,"until_timestamp":1773429639772}

      at Logger.log (src/utils/logger.ts:69:13)

    console.log
      {"timestamp":"2026-03-13T19:15:39.773Z","level":"warn","service":"fakenewsoff-backend","message":"GDELT provider failed with 
timespan","event":"provider_failure","provider":"gdelt","timespan":"7d","latency_ms":4495,"error":"GDELT API network error: GDELT API error: 429 Too Many Requests - Please limit requests to one every"}

      at Logger.log (src/utils/logger.ts:69:13)

    console.log
      {"timestamp":"2026-03-13T19:15:39.773Z","level":"info","service":"fakenewsoff-backend","message":"Freshness strategy returned zero 
results","event":"adaptive_freshness_strategy_failed","strategy":"7d","retry_count":0}

      at Logger.log (src/utils/logger.ts:69:13)

    console.log
      {"timestamp":"2026-03-13T19:15:39.773Z","level":"info","service":"fakenewsoff-backend","message":"Trying freshness 
strategy","event":"adaptive_freshness_retry","strategy":"30d","retry_count":1,"elapsed_ms":4500}

      at Logger.log (src/utils/logger.ts:69:13)

    console.log
      {"timestamp":"2026-03-13T19:15:39.773Z","level":"info","service":"fakenewsoff-backend","message":"Trying providers with freshness 
strategy","event":"adaptive_freshness_attempt","freshness_strategy":"30d","bing_freshness":"Month","gdelt_timespan":"30d"}

      at Logger.log (src/utils/logger.ts:69:13)

    console.log
      {"timestamp":"2026-03-13T19:15:39.773Z","level":"info","service":"fakenewsoff-backend","message":"Skipping Bing News provider (client not 
initialized)","event":"provider_attempt_skipped","provider":"bing","freshness":"30d","reason":"client_not_initialized"}

      at Logger.log (src/utils/logger.ts:69:13)

    console.log
      {"timestamp":"2026-03-13T19:15:39.773Z","level":"info","service":"fakenewsoff-backend","message":"Skipping GDELT provider (cooldown 
active)","event":"provider_attempt_skipped","provider":"gdelt","freshness":"30d","reason":"cooldown_active","cooldown_reason":"rate_limit","remaining_ms":299999}

      at Logger.log (src/utils/logger.ts:69:13)

    console.log
      {"timestamp":"2026-03-13T19:15:39.773Z","level":"info","service":"fakenewsoff-backend","message":"Freshness strategy returned zero 
results","event":"adaptive_freshness_strategy_failed","strategy":"30d","retry_count":1}

      at Logger.log (src/utils/logger.ts:69:13)

    console.log
      {"timestamp":"2026-03-13T19:15:39.774Z","level":"info","service":"fakenewsoff-backend","message":"Trying freshness 
strategy","event":"adaptive_freshness_retry","strategy":"web","retry_count":2,"elapsed_ms":4501}

      at Logger.log (src/utils/logger.ts:69:13)

    console.log
      {"timestamp":"2026-03-13T19:15:39.774Z","level":"warn","service":"fakenewsoff-backend","message":"Web search not available","event":"web_search_unavailable"}

      at Logger.log (src/utils/logger.ts:69:13)

    console.log
      {"timestamp":"2026-03-13T19:15:39.774Z","level":"info","service":"fakenewsoff-backend","message":"Freshness strategy returned zero 
results","event":"adaptive_freshness_strategy_failed","strategy":"web","retry_count":2}

      at Logger.log (src/utils/logger.ts:69:13)

    console.log
      {"timestamp":"2026-03-13T19:15:39.774Z","level":"warn","service":"fakenewsoff-backend","message":"All adaptive freshness strategies 
exhausted","event":"adaptive_freshness_exhausted","strategies_tried":3,"total_elapsed_ms":4501}

      at Logger.log (src/utils/logger.ts:69:13)

    console.log
      {"timestamp":"2026-03-13T19:15:39.774Z","level":"info","service":"fakenewsoff-backend","message":"Grounding request 
completed","event":"grounding_done","provider_used":"none","total_latency_ms":4501,"sources_returned":0,"sources_raw":0,"attempted_providers":["bing","gdelt","web"],"had_errors":true}

      at Logger.log (src/utils/logger.ts:69:13)

    console.log
      {"timestamp":"2026-03-13T19:15:39.775Z","level":"INFO","event":"ORCHESTRATOR_STAGE_1_COMPLETE","service":"evidenceOrchestrator","pass_number":1,"stage":1,"provider":"none","sources_retrieved":0,"
cache_hit":false,"latency_ms":4508}

      at EvidenceOrchestrator.executePass (src/orchestration/evidenceOrchestrator.ts:219:23)

    console.log
      {"timestamp":"2026-03-13T19:15:39.775Z","level":"INFO","event":"ORCHESTRATOR_STAGE_2_START","service":"evidenceOrchestrator","pass_number":1,"stage":2,"query":"The sky is 
blue","provider":"gdelt"}

      at EvidenceOrchestrator.executePass (src/orchestration/evidenceOrchestrator.ts:280:19)

    console.log
      {"timestamp":"2026-03-13T19:15:39.775Z","level":"INFO","event":"ORCHESTRATOR_STAGE_2_SKIPPED","service":"evidenceOrchestrator","pass_number":1,"stage":2,"provider":"gdelt","reason":"cooldown_acti
ve","cooldown_reason":"rate_limit","remaining_ms":299997}

      at EvidenceOrchestrator.executePass (src/orchestration/evidenceOrchestrator.ts:380:21)

    console.log
      {"timestamp":"2026-03-13T19:15:39.775Z","level":"INFO","event":"ORCHESTRATOR_STAGED_EXECUTION_COMPLETE","service":"evidenceOrchestrator","pass_number":1,"sources_retrieved":0,"max_stage_reached":
2,"provider_budget_used":{"mediastack":1,"gdelt":0,"bing":0},"provider_cooldowns_active":["gdelt"],"cache_hits":0}

      at EvidenceOrchestrator.executePass (src/orchestration/evidenceOrchestrator.ts:551:17)

    console.log
      {"timestamp":"2026-03-13T19:15:39.775Z","level":"INFO","service":"evidenceFilter","event":"filter_start","candidate_count":0}

      at EvidenceFilter.logFilterStart (src/orchestration/evidenceFilter.ts:193:13)

    console.log
      {"timestamp":"2026-03-13T19:15:39.776Z","level":"INFO","service":"evidenceFilter","event":"filter_complete","total_candidates":0,"passed_count":0,"rejected_count":0,"pass_rate":0}

      at EvidenceFilter.logFilterComplete (src/orchestration/evidenceFilter.ts:208:13)

    console.log
      {"timestamp":"2026-03-13T19:15:39.776Z","level":"INFO","service":"evidenceOrchestrator","event":"pass_complete","pass_number":1,"evidence_count":0,"source_classes":[],"average_quality":0,"thresho
ld_met":false}

      at EvidenceOrchestrator.logPassComplete (src/orchestration/evidenceOrchestrator.ts:807:13)

    console.log
      {"timestamp":"2026-03-13T19:15:39.776Z","level":"INFO","service":"evidenceOrchestrator","event":"pass_start","pass_number":2,"query_count":2}

      at EvidenceOrchestrator.logPassStart (src/orchestration/evidenceOrchestrator.ts:791:13)

    console.log
      {"timestamp":"2026-03-13T19:15:39.776Z","level":"INFO","event":"ORCHESTRATOR_STAGED_EXECUTION_START","service":"evidenceOrchestrator","pass_number":2,"query_count":2,"orchestration_method_used":"
stagedExecution","fix_version":"production_retrieval_efficiency_v3"}

      at EvidenceOrchestrator.executePass (src/orchestration/evidenceOrchestrator.ts:115:17)

    console.log
      {"timestamp":"2026-03-13T19:15:39.776Z","level":"INFO","event":"ORCHESTRATOR_STAGE_1_START","service":"evidenceOrchestrator","pass_number":2,"stage":1,"query":"sky blue","provider":"mediastack"}

      at EvidenceOrchestrator.executePass (src/orchestration/evidenceOrchestrator.ts:160:19)

    console.log
      {"timestamp":"2026-03-13T19:15:39.776Z","level":"info","service":"fakenewsoff-backend","message":"Grounding request started","event":"grounding_start","query_terms":"sky 
blue","provider_order":["bing","gdelt"],"demo_mode":false}

      at Logger.log (src/utils/logger.ts:69:13)

    console.log
      {"timestamp":"2026-03-13T19:15:39.777Z","level":"info","service":"fakenewsoff-backend","message":"Grounding cache hit","event":"grounding_cache_hit","query":"sky blue","sources_count":0}

      at Logger.log (src/utils/logger.ts:69:13)

    console.log
      {"timestamp":"2026-03-13T19:15:39.777Z","level":"INFO","event":"ORCHESTRATOR_STAGE_1_COMPLETE","service":"evidenceOrchestrator","pass_number":2,"stage":1,"provider":"none","sources_retrieved":0,"
cache_hit":true,"latency_ms":1}

      at EvidenceOrchestrator.executePass (src/orchestration/evidenceOrchestrator.ts:219:23)

    console.log
      {"timestamp":"2026-03-13T19:15:39.777Z","level":"INFO","event":"ORCHESTRATOR_STAGE_2_START","service":"evidenceOrchestrator","pass_number":2,"stage":2,"query":"sky blue","provider":"gdelt"}

      at EvidenceOrchestrator.executePass (src/orchestration/evidenceOrchestrator.ts:280:19)

    console.log
      {"timestamp":"2026-03-13T19:15:39.777Z","level":"INFO","event":"ORCHESTRATOR_STAGE_2_SKIPPED","service":"evidenceOrchestrator","pass_number":2,"stage":2,"provider":"gdelt","reason":"cooldown_acti
ve","cooldown_reason":"rate_limit","remaining_ms":299995}

      at EvidenceOrchestrator.executePass (src/orchestration/evidenceOrchestrator.ts:380:21)

    console.log
      {"timestamp":"2026-03-13T19:15:39.777Z","level":"INFO","event":"ORCHESTRATOR_STAGE_3_START","service":"evidenceOrchestrator","pass_number":2,"stage":3,"query":"what is sky 
blue","provider":"mediastack"}

      at EvidenceOrchestrator.executePass (src/orchestration/evidenceOrchestrator.ts:415:21)

    console.log
      {"timestamp":"2026-03-13T19:15:39.777Z","level":"info","service":"fakenewsoff-backend","message":"Grounding request started","event":"grounding_start","query_terms":"what sky 
blue","provider_order":["bing","gdelt"],"demo_mode":false}

      at Logger.log (src/utils/logger.ts:69:13)

    console.log
      {"timestamp":"2026-03-13T19:15:39.778Z","level":"info","service":"fakenewsoff-backend","message":"Grounding cache miss","event":"grounding_cache_miss","query":"what sky blue"}

      at Logger.log (src/utils/logger.ts:69:13)

    console.log
      {"timestamp":"2026-03-13T19:15:39.778Z","level":"info","service":"fakenewsoff-backend","message":"Starting adaptive freshness cascade with historical 
detection","event":"adaptive_freshness_start","is_historical":false,"confidence":0,"retrieval_mode":"news_recent","strategies":["7d","30d","web"],"timeout_budget_ms":5000}

      at Logger.log (src/utils/logger.ts:69:13)

    console.log
      {"timestamp":"2026-03-13T19:15:39.778Z","level":"info","service":"fakenewsoff-backend","message":"Trying freshness 
strategy","event":"adaptive_freshness_retry","strategy":"7d","retry_count":0,"elapsed_ms":0}

      at Logger.log (src/utils/logger.ts:69:13)

    console.log
      {"timestamp":"2026-03-13T19:15:39.778Z","level":"info","service":"fakenewsoff-backend","message":"Trying providers with freshness 
strategy","event":"adaptive_freshness_attempt","freshness_strategy":"7d","bing_freshness":"Week","gdelt_timespan":"7d"}

      at Logger.log (src/utils/logger.ts:69:13)

    console.log
      {"timestamp":"2026-03-13T19:15:39.778Z","level":"info","service":"fakenewsoff-backend","message":"Skipping Bing News provider (client not 
initialized)","event":"provider_attempt_skipped","provider":"bing","freshness":"7d","reason":"client_not_initialized"}

      at Logger.log (src/utils/logger.ts:69:13)

    console.log
      {"timestamp":"2026-03-13T19:15:39.778Z","level":"info","service":"fakenewsoff-backend","message":"Skipping GDELT provider (cooldown 
active)","event":"provider_attempt_skipped","provider":"gdelt","freshness":"7d","reason":"cooldown_active","cooldown_reason":"rate_limit","remaining_ms":299994}

      at Logger.log (src/utils/logger.ts:69:13)

    console.log
      {"timestamp":"2026-03-13T19:15:39.778Z","level":"info","service":"fakenewsoff-backend","message":"Freshness strategy returned zero 
results","event":"adaptive_freshness_strategy_failed","strategy":"7d","retry_count":0}

      at Logger.log (src/utils/logger.ts:69:13)

    console.log
      {"timestamp":"2026-03-13T19:15:39.779Z","level":"info","service":"fakenewsoff-backend","message":"Trying freshness 
strategy","event":"adaptive_freshness_retry","strategy":"30d","retry_count":1,"elapsed_ms":1}

      at Logger.log (src/utils/logger.ts:69:13)

    console.log
      {"timestamp":"2026-03-13T19:15:39.779Z","level":"info","service":"fakenewsoff-backend","message":"Trying providers with freshness 
strategy","event":"adaptive_freshness_attempt","freshness_strategy":"30d","bing_freshness":"Month","gdelt_timespan":"30d"}

      at Logger.log (src/utils/logger.ts:69:13)

    console.log
      {"timestamp":"2026-03-13T19:15:39.779Z","level":"info","service":"fakenewsoff-backend","message":"Skipping Bing News provider (client not 
initialized)","event":"provider_attempt_skipped","provider":"bing","freshness":"30d","reason":"client_not_initialized"}

      at Logger.log (src/utils/logger.ts:69:13)

    console.log
      {"timestamp":"2026-03-13T19:15:39.779Z","level":"info","service":"fakenewsoff-backend","message":"Skipping GDELT provider (cooldown 
active)","event":"provider_attempt_skipped","provider":"gdelt","freshness":"30d","reason":"cooldown_active","cooldown_reason":"rate_limit","remaining_ms":299993}

      at Logger.log (src/utils/logger.ts:69:13)

    console.log
      {"timestamp":"2026-03-13T19:15:39.780Z","level":"info","service":"fakenewsoff-backend","message":"Freshness strategy returned zero 
results","event":"adaptive_freshness_strategy_failed","strategy":"30d","retry_count":1}

      at Logger.log (src/utils/logger.ts:69:13)

    console.log
      {"timestamp":"2026-03-13T19:15:39.780Z","level":"info","service":"fakenewsoff-backend","message":"Trying freshness 
strategy","event":"adaptive_freshness_retry","strategy":"web","retry_count":2,"elapsed_ms":2}

      at Logger.log (src/utils/logger.ts:69:13)

    console.log
      {"timestamp":"2026-03-13T19:15:39.780Z","level":"warn","service":"fakenewsoff-backend","message":"Web search not available","event":"web_search_unavailable"}

      at Logger.log (src/utils/logger.ts:69:13)

    console.log
      {"timestamp":"2026-03-13T19:15:39.780Z","level":"info","service":"fakenewsoff-backend","message":"Freshness strategy returned zero 
results","event":"adaptive_freshness_strategy_failed","strategy":"web","retry_count":2}

      at Logger.log (src/utils/logger.ts:69:13)

    console.log
      {"timestamp":"2026-03-13T19:15:39.780Z","level":"warn","service":"fakenewsoff-backend","message":"All adaptive freshness strategies 
exhausted","event":"adaptive_freshness_exhausted","strategies_tried":3,"total_elapsed_ms":2}

      at Logger.log (src/utils/logger.ts:69:13)

    console.log
      {"timestamp":"2026-03-13T19:15:39.781Z","level":"info","service":"fakenewsoff-backend","message":"Grounding request 
completed","event":"grounding_done","provider_used":"none","total_latency_ms":3,"sources_returned":0,"sources_raw":0,"attempted_providers":["bing","gdelt","web"],"had_errors":true}

      at Logger.log (src/utils/logger.ts:69:13)

    console.log
      {"timestamp":"2026-03-13T19:15:39.781Z","level":"INFO","event":"ORCHESTRATOR_STAGE_3_COMPLETE","service":"evidenceOrchestrator","pass_number":2,"stage":3,"provider":"none","sources_retrieved":0,"
cache_hit":false,"latency_ms":4}

      at EvidenceOrchestrator.executePass (src/orchestration/evidenceOrchestrator.ts:471:23)

    console.log
      {"timestamp":"2026-03-13T19:15:39.781Z","level":"INFO","event":"ORCHESTRATOR_STAGED_EXECUTION_COMPLETE","service":"evidenceOrchestrator","pass_number":2,"sources_retrieved":0,"max_stage_reached":
3,"provider_budget_used":{"mediastack":2,"gdelt":0,"bing":0},"provider_cooldowns_active":["gdelt"],"cache_hits":1}

      at EvidenceOrchestrator.executePass (src/orchestration/evidenceOrchestrator.ts:551:17)

    console.log
      {"timestamp":"2026-03-13T19:15:39.781Z","level":"INFO","service":"evidenceFilter","event":"filter_start","candidate_count":0}

      at EvidenceFilter.logFilterStart (src/orchestration/evidenceFilter.ts:193:13)

    console.log
      {"timestamp":"2026-03-13T19:15:39.781Z","level":"INFO","service":"evidenceFilter","event":"filter_complete","total_candidates":0,"passed_count":0,"rejected_count":0,"pass_rate":0}

      at EvidenceFilter.logFilterComplete (src/orchestration/evidenceFilter.ts:208:13)

    console.log
      {"timestamp":"2026-03-13T19:15:39.781Z","level":"INFO","service":"evidenceOrchestrator","event":"pass_complete","pass_number":2,"evidence_count":0,"source_classes":[],"average_quality":0,"thresho
ld_met":false}

      at EvidenceOrchestrator.logPassComplete (src/orchestration/evidenceOrchestrator.ts:807:13)

    console.log
      {"timestamp":"2026-03-13T19:15:39.781Z","level":"INFO","service":"evidenceOrchestrator","event":"orchestration_complete","passes_executed":2,"total_evidence":0,"source_classes":[],"average_qualit
y":0,"threshold_met":false}

      at EvidenceOrchestrator.logOrchestrationComplete (src/orchestration/evidenceOrchestrator.ts:826:13)

    console.log
      {"timestamp":"2026-03-13T19:15:39.782Z","level":"INFO","service":"contradictionSearcher","event":"search_start","query_count":0}

      at ContradictionSearcher.logSearchStart (src/orchestration/contradictionSearcher.ts:142:13)

    console.log
      {"timestamp":"2026-03-13T19:15:39.783Z","level":"INFO","service":"verdictSynthesizer","event":"synthesis_start","supporting_count":0,"contradicting_count":0}

      at VerdictSynthesizer.logSynthesisStart (src/orchestration/verdictSynthesizer.ts:118:13)

    console.log
      {"event":"bedrock_invocation","model":"amazon.nova-lite-v1:0","provider":"AWS Bedrock","request_id":"813c2297-c8da-4ae9-92e3-c3165067a4ba","timestamp":"2026-03-13T19:15:39.783Z"}

      at invokeNova (src/services/novaClient.ts:313:11)

    console.error
      {"event":"bedrock_error","reason":"Unknown error","request_id":"813c2297-c8da-4ae9-92e3-c3165067a4ba","timestamp":"2026-03-13T19:15:39.784Z"}

    [0m [90m 360 |[39m
     [90m 361 |[39m     [90m// Log Bedrock error[39m
    [31m[1m>[22m[39m[90m 362 |[39m     console[33m.[39merror([33mJSON[39m[33m.[39mstringify({
     [90m     |[39m             [31m[1m^[22m[39m
     [90m 363 |[39m       event[33m:[39m [32m'bedrock_error'[39m[33m,[39m
     [90m 364 |[39m       reason[33m:[39m error [36minstanceof[39m [33mError[39m [33m?[39m error[33m.[39mmessage [33m:[39m [32m'Unknown error'[39m[33m,[39m
     [90m 365 |[39m       request_id[33m:[39m requestId[33m,[39m[0m

      at invokeNova (src/services/novaClient.ts:362:13)
      at synthesizeVerdict (src/services/novaClient.ts:902:22)
      at VerdictSynthesizer.synthesize (src/orchestration/verdictSynthesizer.ts:42:23)
      at analyzeWithIterativeOrchestration (src/orchestration/iterativeOrchestrationPipeline.ts:236:21)
      at Object.<anonymous> (src/orchestration/iterativeOrchestrationPipeline.test.ts:14:22)

    console.log
      {"timestamp":"2026-03-13T19:15:39.784Z","level":"INFO","service":"verdictSynthesizer","event":"synthesis_success","classification":"unverified","confidence":0.3,"supported_subclaims":0,"unsupport
ed_subclaims":1}

      at VerdictSynthesizer.logSynthesisSuccess (src/orchestration/verdictSynthesizer.ts:134:13)

    console.log
      {"timestamp":"2026-03-13T19:15:39.784Z","level":"info","service":"fakenewsoff-backend","message":"Provider failure details 
propagated","event":"PROVIDER_FAILURE_DETAILS_PROPAGATED","requestId":"41f8e327-6ea1-48ca-9cdb-165788d439d0","entry_count":2,"providers":["gdelt"]}

      at Logger.log (src/utils/logger.ts:69:13)

    console.log
      {"timestamp":"2026-03-13T19:15:39.788Z","level":"INFO","service":"claimDecomposer","event":"decomposition_start","claim_length":0}

      at ClaimDecomposer.logDecompositionStart (src/orchestration/claimDecomposer.ts:52:13)

    console.log
      {"event":"bedrock_invocation","model":"amazon.nova-lite-v1:0","provider":"AWS Bedrock","request_id":"7a5b6b80-94b2-4dab-9010-a0291764ef52","timestamp":"2026-03-13T19:15:39.789Z"}

      at invokeNova (src/services/novaClient.ts:313:11)

    console.error
      {"event":"bedrock_error","reason":"Unknown error","request_id":"7a5b6b80-94b2-4dab-9010-a0291764ef52","timestamp":"2026-03-13T19:15:39.789Z"}

    [0m [90m 360 |[39m
     [90m 361 |[39m     [90m// Log Bedrock error[39m
    [31m[1m>[22m[39m[90m 362 |[39m     console[33m.[39merror([33mJSON[39m[33m.[39mstringify({
     [90m     |[39m             [31m[1m^[22m[39m
     [90m 363 |[39m       event[33m:[39m [32m'bedrock_error'[39m[33m,[39m
     [90m 364 |[39m       reason[33m:[39m error [36minstanceof[39m [33mError[39m [33m?[39m error[33m.[39mmessage [33m:[39m [32m'Unknown error'[39m[33m,[39m
     [90m 365 |[39m       request_id[33m:[39m requestId[33m,[39m[0m

      at invokeNova (src/services/novaClient.ts:362:13)
      at decomposeClaimToSubclaims (src/services/novaClient.ts:568:22)
      at ClaimDecomposer.decompose (src/orchestration/claimDecomposer.ts:25:29)
      at analyzeWithIterativeOrchestration (src/orchestration/iterativeOrchestrationPipeline.ts:93:27)
      at Object.<anonymous> (src/orchestration/iterativeOrchestrationPipeline.test.ts:83:22)

    console.log
      {"timestamp":"2026-03-13T19:15:39.789Z","level":"INFO","service":"claimDecomposer","event":"decomposition_success","subclaim_count":1,"subclaim_types":["action"],"subclaim_texts":[""]}

      at ClaimDecomposer.logDecompositionSuccess (src/orchestration/claimDecomposer.ts:67:13)

    console.log
      {"timestamp":"2026-03-13T19:15:39.789Z","level":"INFO","service":"queryGenerator","event":"generation_start","original_claim":"","subclaim_count":1}

      at QueryGenerator.logGenerationStart (src/orchestration/queryGenerator.ts:119:13)

    console.log
      {"timestamp":"2026-03-13T19:15:39.790Z","level":"INFO","service":"queryGenerator","event":"query_variants_generated","queries_before_dedup":[""],"queries_count":1,"entities_extracted":[],"key_phr
ases_extracted":[]}

      at QueryGenerator.generateQueries (src/orchestration/queryGenerator.ts:28:13)

    console.log
      {"timestamp":"2026-03-13T19:15:39.790Z","level":"INFO","service":"queryGenerator","event":"orchestrator_queries_finalized","queries_after_dedup":[""],"queries_count":1,"query_types":["exact"]}

      at QueryGenerator.generateQueries (src/orchestration/queryGenerator.ts:68:13)

    console.log
      {"timestamp":"2026-03-13T19:15:39.790Z","level":"INFO","service":"queryGenerator","event":"generation_success","query_count":1,"query_types":["exact"],"query_texts":[""]}

      at QueryGenerator.logGenerationSuccess (src/orchestration/queryGenerator.ts:135:13)

    console.log
      {"timestamp":"2026-03-13T19:15:39.790Z","level":"INFO","service":"evidenceOrchestrator","event":"orchestration_start","query_count":1,"max_passes":3}

      at EvidenceOrchestrator.logOrchestrationStart (src/orchestration/evidenceOrchestrator.ts:775:13)

    console.log
      {"timestamp":"2026-03-13T19:15:39.790Z","level":"INFO","service":"evidenceOrchestrator","event":"pass_start","pass_number":1,"query_count":1}

      at EvidenceOrchestrator.logPassStart (src/orchestration/evidenceOrchestrator.ts:791:13)

    console.log
      {"timestamp":"2026-03-13T19:15:39.790Z","level":"INFO","event":"ORCHESTRATOR_STAGED_EXECUTION_START","service":"evidenceOrchestrator","pass_number":1,"query_count":1,"orchestration_method_used":"
stagedExecution","fix_version":"production_retrieval_efficiency_v3"}

      at EvidenceOrchestrator.executePass (src/orchestration/evidenceOrchestrator.ts:115:17)

    console.log
      {"timestamp":"2026-03-13T19:15:39.790Z","level":"INFO","event":"ORCHESTRATOR_STAGE_1_START","service":"evidenceOrchestrator","pass_number":1,"stage":1,"query":"","provider":"mediastack"}

      at EvidenceOrchestrator.executePass (src/orchestration/evidenceOrchestrator.ts:160:19)

    console.log
      {"timestamp":"2026-03-13T19:15:39.790Z","level":"info","service":"fakenewsoff-backend","message":"Grounding request 
started","event":"grounding_start","query_terms":"(empty)","provider_order":["bing","gdelt"],"demo_mode":false}

      at Logger.log (src/utils/logger.ts:69:13)

    console.log
      {"timestamp":"2026-03-13T19:15:39.790Z","level":"warn","service":"fakenewsoff-backend","message":"Empty query after normalization","event":"grounding_empty_query"}

      at Logger.log (src/utils/logger.ts:69:13)

    console.log
      {"timestamp":"2026-03-13T19:15:39.790Z","level":"INFO","event":"ORCHESTRATOR_STAGE_1_COMPLETE","service":"evidenceOrchestrator","pass_number":1,"stage":1,"provider":"none","sources_retrieved":0,"
latency_ms":0}

      at EvidenceOrchestrator.executePass (src/orchestration/evidenceOrchestrator.ts:219:23)

    console.log
      {"timestamp":"2026-03-13T19:15:39.790Z","level":"INFO","event":"ORCHESTRATOR_STAGE_2_START","service":"evidenceOrchestrator","pass_number":1,"stage":2,"query":"","provider":"gdelt"}

      at EvidenceOrchestrator.executePass (src/orchestration/evidenceOrchestrator.ts:280:19)

    console.log
      {"timestamp":"2026-03-13T19:15:39.791Z","level":"INFO","event":"ORCHESTRATOR_STAGE_2_SKIPPED","service":"evidenceOrchestrator","pass_number":1,"stage":2,"provider":"gdelt","reason":"cooldown_acti
ve","cooldown_reason":"rate_limit","remaining_ms":299981}

      at EvidenceOrchestrator.executePass (src/orchestration/evidenceOrchestrator.ts:380:21)

    console.log
      {"timestamp":"2026-03-13T19:15:39.791Z","level":"INFO","event":"ORCHESTRATOR_STAGED_EXECUTION_COMPLETE","service":"evidenceOrchestrator","pass_number":1,"sources_retrieved":0,"max_stage_reached":
2,"provider_budget_used":{"mediastack":1,"gdelt":0,"bing":0},"provider_cooldowns_active":["gdelt"],"cache_hits":0}

      at EvidenceOrchestrator.executePass (src/orchestration/evidenceOrchestrator.ts:551:17)

    console.log
      {"timestamp":"2026-03-13T19:15:39.791Z","level":"INFO","service":"evidenceFilter","event":"filter_start","candidate_count":0}

      at EvidenceFilter.logFilterStart (src/orchestration/evidenceFilter.ts:193:13)

    console.log
      {"timestamp":"2026-03-13T19:15:39.791Z","level":"INFO","service":"evidenceFilter","event":"filter_complete","total_candidates":0,"passed_count":0,"rejected_count":0,"pass_rate":0}

      at EvidenceFilter.logFilterComplete (src/orchestration/evidenceFilter.ts:208:13)

    console.log
      {"timestamp":"2026-03-13T19:15:39.791Z","level":"INFO","service":"evidenceOrchestrator","event":"pass_complete","pass_number":1,"evidence_count":0,"source_classes":[],"average_quality":0,"thresho
ld_met":false}

      at EvidenceOrchestrator.logPassComplete (src/orchestration/evidenceOrchestrator.ts:807:13)

    console.log
      {"timestamp":"2026-03-13T19:15:39.791Z","level":"INFO","service":"evidenceOrchestrator","event":"pass_start","pass_number":2,"query_count":0}

      at EvidenceOrchestrator.logPassStart (src/orchestration/evidenceOrchestrator.ts:791:13)

    console.log
      {"timestamp":"2026-03-13T19:15:39.791Z","level":"INFO","event":"ORCHESTRATOR_STAGED_EXECUTION_START","service":"evidenceOrchestrator","pass_number":2,"query_count":0,"orchestration_method_used":"
stagedExecution","fix_version":"production_retrieval_efficiency_v3"}

      at EvidenceOrchestrator.executePass (src/orchestration/evidenceOrchestrator.ts:115:17)

    console.log
      {"timestamp":"2026-03-13T19:15:39.791Z","level":"INFO","event":"ORCHESTRATOR_STAGED_EXECUTION_COMPLETE","service":"evidenceOrchestrator","pass_number":2,"sources_retrieved":0,"max_stage_reached":
0,"provider_budget_used":{"mediastack":0,"gdelt":0,"bing":0},"provider_cooldowns_active":["gdelt"],"cache_hits":0}

      at EvidenceOrchestrator.executePass (src/orchestration/evidenceOrchestrator.ts:551:17)

    console.log
      {"timestamp":"2026-03-13T19:15:39.791Z","level":"INFO","service":"evidenceFilter","event":"filter_start","candidate_count":0}

      at EvidenceFilter.logFilterStart (src/orchestration/evidenceFilter.ts:193:13)

    console.log
      {"timestamp":"2026-03-13T19:15:39.791Z","level":"INFO","service":"evidenceFilter","event":"filter_complete","total_candidates":0,"passed_count":0,"rejected_count":0,"pass_rate":0}

      at EvidenceFilter.logFilterComplete (src/orchestration/evidenceFilter.ts:208:13)

    console.log
      {"timestamp":"2026-03-13T19:15:39.791Z","level":"INFO","service":"evidenceOrchestrator","event":"pass_complete","pass_number":2,"evidence_count":0,"source_classes":[],"average_quality":0,"thresho
ld_met":false}

      at EvidenceOrchestrator.logPassComplete (src/orchestration/evidenceOrchestrator.ts:807:13)

    console.log
      {"timestamp":"2026-03-13T19:15:39.791Z","level":"INFO","service":"evidenceOrchestrator","event":"orchestration_complete","passes_executed":2,"total_evidence":0,"source_classes":[],"average_qualit
y":0,"threshold_met":false}

      at EvidenceOrchestrator.logOrchestrationComplete (src/orchestration/evidenceOrchestrator.ts:826:13)

    console.log
      {"timestamp":"2026-03-13T19:15:39.792Z","level":"INFO","service":"contradictionSearcher","event":"search_start","query_count":0}

      at ContradictionSearcher.logSearchStart (src/orchestration/contradictionSearcher.ts:142:13)

    console.log
      {"timestamp":"2026-03-13T19:15:39.792Z","level":"INFO","service":"verdictSynthesizer","event":"synthesis_start","supporting_count":0,"contradicting_count":0}

      at VerdictSynthesizer.logSynthesisStart (src/orchestration/verdictSynthesizer.ts:118:13)

    console.log
      {"event":"bedrock_invocation","model":"amazon.nova-lite-v1:0","provider":"AWS Bedrock","request_id":"e3eb0e68-f801-49bc-a4e4-f72fb44bb774","timestamp":"2026-03-13T19:15:39.792Z"}

      at invokeNova (src/services/novaClient.ts:313:11)

    console.error
      {"event":"bedrock_error","reason":"Unknown error","request_id":"e3eb0e68-f801-49bc-a4e4-f72fb44bb774","timestamp":"2026-03-13T19:15:39.792Z"}

    [0m [90m 360 |[39m
     [90m 361 |[39m     [90m// Log Bedrock error[39m
    [31m[1m>[22m[39m[90m 362 |[39m     console[33m.[39merror([33mJSON[39m[33m.[39mstringify({
     [90m     |[39m             [31m[1m^[22m[39m
     [90m 363 |[39m       event[33m:[39m [32m'bedrock_error'[39m[33m,[39m
     [90m 364 |[39m       reason[33m:[39m error [36minstanceof[39m [33mError[39m [33m?[39m error[33m.[39mmessage [33m:[39m [32m'Unknown error'[39m[33m,[39m
     [90m 365 |[39m       request_id[33m:[39m requestId[33m,[39m[0m

      at invokeNova (src/services/novaClient.ts:362:13)
      at synthesizeVerdict (src/services/novaClient.ts:902:22)
      at VerdictSynthesizer.synthesize (src/orchestration/verdictSynthesizer.ts:42:23)
      at analyzeWithIterativeOrchestration (src/orchestration/iterativeOrchestrationPipeline.ts:236:21)
      at Object.<anonymous> (src/orchestration/iterativeOrchestrationPipeline.test.ts:83:22)

    console.log
      {"timestamp":"2026-03-13T19:15:39.792Z","level":"INFO","service":"verdictSynthesizer","event":"synthesis_success","classification":"unverified","confidence":0.3,"supported_subclaims":0,"unsupport
ed_subclaims":1}

      at VerdictSynthesizer.logSynthesisSuccess (src/orchestration/verdictSynthesizer.ts:134:13)

    console.log
      {"timestamp":"2026-03-13T19:15:39.793Z","level":"INFO","service":"claimDecomposer","event":"decomposition_start","claim_length":30}

      at ClaimDecomposer.logDecompositionStart (src/orchestration/claimDecomposer.ts:52:13)

    console.log
      {"event":"bedrock_invocation","model":"amazon.nova-lite-v1:0","provider":"AWS Bedrock","request_id":"8c255f3c-46d4-44a7-bf68-bb6b64ae8d7c","timestamp":"2026-03-13T19:15:39.793Z"}

      at invokeNova (src/services/novaClient.ts:313:11)

    console.error
      {"event":"bedrock_error","reason":"Unknown error","request_id":"8c255f3c-46d4-44a7-bf68-bb6b64ae8d7c","timestamp":"2026-03-13T19:15:39.793Z"}

    [0m [90m 360 |[39m
     [90m 361 |[39m     [90m// Log Bedrock error[39m
    [31m[1m>[22m[39m[90m 362 |[39m     console[33m.[39merror([33mJSON[39m[33m.[39mstringify({
     [90m     |[39m             [31m[1m^[22m[39m
     [90m 363 |[39m       event[33m:[39m [32m'bedrock_error'[39m[33m,[39m
     [90m 364 |[39m       reason[33m:[39m error [36minstanceof[39m [33mError[39m [33m?[39m error[33m.[39mmessage [33m:[39m [32m'Unknown error'[39m[33m,[39m
     [90m 365 |[39m       request_id[33m:[39m requestId[33m,[39m[0m

      at invokeNova (src/services/novaClient.ts:362:13)
      at decomposeClaimToSubclaims (src/services/novaClient.ts:568:22)
      at ClaimDecomposer.decompose (src/orchestration/claimDecomposer.ts:25:29)
      at analyzeWithIterativeOrchestration (src/orchestration/iterativeOrchestrationPipeline.ts:93:27)
      at Object.<anonymous> (src/orchestration/iterativeOrchestrationPipeline.test.ts:95:22)

    console.log
      {"timestamp":"2026-03-13T19:15:39.793Z","level":"INFO","service":"claimDecomposer","event":"decomposition_success","subclaim_count":1,"subclaim_types":["action"],"subclaim_texts":["Breaking news 
about technology"]}

      at ClaimDecomposer.logDecompositionSuccess (src/orchestration/claimDecomposer.ts:67:13)

    console.log
      {"timestamp":"2026-03-13T19:15:39.793Z","level":"INFO","service":"queryGenerator","event":"generation_start","original_claim":"Breaking news about technology","subclaim_count":1}

      at QueryGenerator.logGenerationStart (src/orchestration/queryGenerator.ts:119:13)

    console.log
      {"timestamp":"2026-03-13T19:15:39.794Z","level":"INFO","service":"queryGenerator","event":"query_variants_generated","queries_before_dedup":["Breaking news about technology","Breaking latest 
news","Breaking updates","breaking news about technology this week","Breaking Reuters BBC AP","what is breaking news 
about"],"queries_count":6,"entities_extracted":["Breaking"],"key_phrases_extracted":["breaking","news","about","technology"]}

      at QueryGenerator.generateQueries (src/orchestration/queryGenerator.ts:28:13)

    console.log
      {"timestamp":"2026-03-13T19:15:39.794Z","level":"INFO","service":"queryGenerator","event":"orchestrator_queries_finalized","queries_after_dedup":["Breaking news about technology","Breaking 
latest news","Breaking updates","breaking news about technology this week","Breaking Reuters BBC AP","what is breaking news 
about"],"queries_count":6,"query_types":["exact","date_sensitive","entity_action","date_sensitive","official_confirmation","date_sensitive"]}

      at QueryGenerator.generateQueries (src/orchestration/queryGenerator.ts:68:13)

    console.log
      {"timestamp":"2026-03-13T19:15:39.794Z","level":"INFO","service":"queryGenerator","event":"generation_success","query_count":6,"query_types":["exact","date_sensitive","entity_action","date_sensit
ive","official_confirmation","date_sensitive"],"query_texts":["Breaking news about technology","Breaking latest news","Breaking updates","breaking news about technology this week","Breaking Reuters 
BBC AP","what is breaking news about"]}

      at QueryGenerator.logGenerationSuccess (src/orchestration/queryGenerator.ts:135:13)

    console.log
      {"timestamp":"2026-03-13T19:15:39.794Z","level":"INFO","service":"evidenceOrchestrator","event":"orchestration_start","query_count":6,"max_passes":3}

      at EvidenceOrchestrator.logOrchestrationStart (src/orchestration/evidenceOrchestrator.ts:775:13)

    console.log
      {"timestamp":"2026-03-13T19:15:39.794Z","level":"INFO","service":"evidenceOrchestrator","event":"pass_start","pass_number":1,"query_count":5}

      at EvidenceOrchestrator.logPassStart (src/orchestration/evidenceOrchestrator.ts:791:13)

    console.log
      {"timestamp":"2026-03-13T19:15:39.794Z","level":"INFO","event":"ORCHESTRATOR_STAGED_EXECUTION_START","service":"evidenceOrchestrator","pass_number":1,"query_count":5,"orchestration_method_used":"
stagedExecution","fix_version":"production_retrieval_efficiency_v3"}

      at EvidenceOrchestrator.executePass (src/orchestration/evidenceOrchestrator.ts:115:17)

    console.log
      {"timestamp":"2026-03-13T19:15:39.795Z","level":"INFO","event":"ORCHESTRATOR_STAGE_1_START","service":"evidenceOrchestrator","pass_number":1,"stage":1,"query":"Breaking news about 
technology","provider":"mediastack"}

      at EvidenceOrchestrator.executePass (src/orchestration/evidenceOrchestrator.ts:160:19)

    console.log
      {"timestamp":"2026-03-13T19:15:39.795Z","level":"info","service":"fakenewsoff-backend","message":"Grounding request started","event":"grounding_start","query_terms":"breaking news 
technology","provider_order":["bing","gdelt"],"demo_mode":false}

      at Logger.log (src/utils/logger.ts:69:13)

    console.log
      {"timestamp":"2026-03-13T19:15:39.795Z","level":"info","service":"fakenewsoff-backend","message":"Grounding cache miss","event":"grounding_cache_miss","query":"breaking news technology"}

      at Logger.log (src/utils/logger.ts:69:13)

    console.log
      {"timestamp":"2026-03-13T19:15:39.795Z","level":"info","service":"fakenewsoff-backend","message":"Starting adaptive freshness cascade with historical 
detection","event":"adaptive_freshness_start","is_historical":false,"confidence":0,"retrieval_mode":"news_recent","strategies":["7d","30d","web"],"timeout_budget_ms":5000}

      at Logger.log (src/utils/logger.ts:69:13)

    console.log
      {"timestamp":"2026-03-13T19:15:39.795Z","level":"info","service":"fakenewsoff-backend","message":"Trying freshness 
strategy","event":"adaptive_freshness_retry","strategy":"7d","retry_count":0,"elapsed_ms":0}

      at Logger.log (src/utils/logger.ts:69:13)

    console.log
      {"timestamp":"2026-03-13T19:15:39.795Z","level":"info","service":"fakenewsoff-backend","message":"Trying providers with freshness 
strategy","event":"adaptive_freshness_attempt","freshness_strategy":"7d","bing_freshness":"Week","gdelt_timespan":"7d"}

      at Logger.log (src/utils/logger.ts:69:13)

    console.log
      {"timestamp":"2026-03-13T19:15:39.795Z","level":"info","service":"fakenewsoff-backend","message":"Skipping Bing News provider (client not 
initialized)","event":"provider_attempt_skipped","provider":"bing","freshness":"7d","reason":"client_not_initialized"}

      at Logger.log (src/utils/logger.ts:69:13)

    console.log
      {"timestamp":"2026-03-13T19:15:39.796Z","level":"info","service":"fakenewsoff-backend","message":"Skipping GDELT provider (cooldown 
active)","event":"provider_attempt_skipped","provider":"gdelt","freshness":"7d","reason":"cooldown_active","cooldown_reason":"rate_limit","remaining_ms":299976}

      at Logger.log (src/utils/logger.ts:69:13)

    console.log
      {"timestamp":"2026-03-13T19:15:39.796Z","level":"info","service":"fakenewsoff-backend","message":"Freshness strategy returned zero 
results","event":"adaptive_freshness_strategy_failed","strategy":"7d","retry_count":0}

      at Logger.log (src/utils/logger.ts:69:13)

    console.log
      {"timestamp":"2026-03-13T19:15:39.796Z","level":"info","service":"fakenewsoff-backend","message":"Trying freshness 
strategy","event":"adaptive_freshness_retry","strategy":"30d","retry_count":1,"elapsed_ms":1}

      at Logger.log (src/utils/logger.ts:69:13)

    console.log
      {"timestamp":"2026-03-13T19:15:39.796Z","level":"info","service":"fakenewsoff-backend","message":"Trying providers with freshness 
strategy","event":"adaptive_freshness_attempt","freshness_strategy":"30d","bing_freshness":"Month","gdelt_timespan":"30d"}

      at Logger.log (src/utils/logger.ts:69:13)

    console.log
      {"timestamp":"2026-03-13T19:15:39.796Z","level":"info","service":"fakenewsoff-backend","message":"Skipping Bing News provider (client not 
initialized)","event":"provider_attempt_skipped","provider":"bing","freshness":"30d","reason":"client_not_initialized"}

      at Logger.log (src/utils/logger.ts:69:13)

    console.log
      {"timestamp":"2026-03-13T19:15:39.797Z","level":"info","service":"fakenewsoff-backend","message":"Skipping GDELT provider (cooldown 
active)","event":"provider_attempt_skipped","provider":"gdelt","freshness":"30d","reason":"cooldown_active","cooldown_reason":"rate_limit","remaining_ms":299975}

      at Logger.log (src/utils/logger.ts:69:13)

    console.log
      {"timestamp":"2026-03-13T19:15:39.797Z","level":"info","service":"fakenewsoff-backend","message":"Freshness strategy returned zero 
results","event":"adaptive_freshness_strategy_failed","strategy":"30d","retry_count":1}

      at Logger.log (src/utils/logger.ts:69:13)

    console.log
      {"timestamp":"2026-03-13T19:15:39.797Z","level":"info","service":"fakenewsoff-backend","message":"Trying freshness 
strategy","event":"adaptive_freshness_retry","strategy":"web","retry_count":2,"elapsed_ms":2}

      at Logger.log (src/utils/logger.ts:69:13)

    console.log
      {"timestamp":"2026-03-13T19:15:39.797Z","level":"warn","service":"fakenewsoff-backend","message":"Web search not available","event":"web_search_unavailable"}

      at Logger.log (src/utils/logger.ts:69:13)

    console.log
      {"timestamp":"2026-03-13T19:15:39.797Z","level":"info","service":"fakenewsoff-backend","message":"Freshness strategy returned zero 
results","event":"adaptive_freshness_strategy_failed","strategy":"web","retry_count":2}

      at Logger.log (src/utils/logger.ts:69:13)

    console.log
      {"timestamp":"2026-03-13T19:15:39.797Z","level":"warn","service":"fakenewsoff-backend","message":"All adaptive freshness strategies 
exhausted","event":"adaptive_freshness_exhausted","strategies_tried":3,"total_elapsed_ms":2}

      at Logger.log (src/utils/logger.ts:69:13)

    console.log
      {"timestamp":"2026-03-13T19:15:39.797Z","level":"info","service":"fakenewsoff-backend","message":"Grounding request 
completed","event":"grounding_done","provider_used":"none","total_latency_ms":2,"sources_returned":0,"sources_raw":0,"attempted_providers":["bing","gdelt","web"],"had_errors":true}

      at Logger.log (src/utils/logger.ts:69:13)

    console.log
      {"timestamp":"2026-03-13T19:15:39.798Z","level":"INFO","event":"ORCHESTRATOR_STAGE_1_COMPLETE","service":"evidenceOrchestrator","pass_number":1,"stage":1,"provider":"none","sources_retrieved":0,"
cache_hit":false,"latency_ms":3}

      at EvidenceOrchestrator.executePass (src/orchestration/evidenceOrchestrator.ts:219:23)

    console.log
      {"timestamp":"2026-03-13T19:15:39.798Z","level":"INFO","event":"ORCHESTRATOR_STAGE_2_START","service":"evidenceOrchestrator","pass_number":1,"stage":2,"query":"Breaking news about 
technology","provider":"gdelt"}

      at EvidenceOrchestrator.executePass (src/orchestration/evidenceOrchestrator.ts:280:19)

    console.log
      {"timestamp":"2026-03-13T19:15:39.798Z","level":"INFO","event":"ORCHESTRATOR_STAGE_2_SKIPPED","service":"evidenceOrchestrator","pass_number":1,"stage":2,"provider":"gdelt","reason":"cooldown_acti
ve","cooldown_reason":"rate_limit","remaining_ms":299974}

      at EvidenceOrchestrator.executePass (src/orchestration/evidenceOrchestrator.ts:380:21)

    console.log
      {"timestamp":"2026-03-13T19:15:39.798Z","level":"INFO","event":"ORCHESTRATOR_STAGE_3_START","service":"evidenceOrchestrator","pass_number":1,"stage":3,"query":"Breaking 
updates","provider":"mediastack"}

      at EvidenceOrchestrator.executePass (src/orchestration/evidenceOrchestrator.ts:415:21)

    console.log
      {"timestamp":"2026-03-13T19:15:39.798Z","level":"info","service":"fakenewsoff-backend","message":"Grounding request started","event":"grounding_start","query_terms":"breaking 
updates","provider_order":["bing","gdelt"],"demo_mode":false}

      at Logger.log (src/utils/logger.ts:69:13)

    console.log
      {"timestamp":"2026-03-13T19:15:39.798Z","level":"info","service":"fakenewsoff-backend","message":"Grounding cache miss","event":"grounding_cache_miss","query":"breaking updates"}

      at Logger.log (src/utils/logger.ts:69:13)

    console.log
      {"timestamp":"2026-03-13T19:15:39.798Z","level":"info","service":"fakenewsoff-backend","message":"Starting adaptive freshness cascade with historical 
detection","event":"adaptive_freshness_start","is_historical":false,"confidence":0,"retrieval_mode":"news_recent","strategies":["7d","30d","web"],"timeout_budget_ms":5000}

      at Logger.log (src/utils/logger.ts:69:13)

    console.log
      {"timestamp":"2026-03-13T19:15:39.798Z","level":"info","service":"fakenewsoff-backend","message":"Trying freshness 
strategy","event":"adaptive_freshness_retry","strategy":"7d","retry_count":0,"elapsed_ms":0}

      at Logger.log (src/utils/logger.ts:69:13)

    console.log
      {"timestamp":"2026-03-13T19:15:39.799Z","level":"info","service":"fakenewsoff-backend","message":"Trying providers with freshness 
strategy","event":"adaptive_freshness_attempt","freshness_strategy":"7d","bing_freshness":"Week","gdelt_timespan":"7d"}

      at Logger.log (src/utils/logger.ts:69:13)

    console.log
      {"timestamp":"2026-03-13T19:15:39.799Z","level":"info","service":"fakenewsoff-backend","message":"Skipping Bing News provider (client not 
initialized)","event":"provider_attempt_skipped","provider":"bing","freshness":"7d","reason":"client_not_initialized"}

      at Logger.log (src/utils/logger.ts:69:13)

    console.log
      {"timestamp":"2026-03-13T19:15:39.799Z","level":"info","service":"fakenewsoff-backend","message":"Skipping GDELT provider (cooldown 
active)","event":"provider_attempt_skipped","provider":"gdelt","freshness":"7d","reason":"cooldown_active","cooldown_reason":"rate_limit","remaining_ms":299973}

      at Logger.log (src/utils/logger.ts:69:13)

    console.log
      {"timestamp":"2026-03-13T19:15:39.799Z","level":"info","service":"fakenewsoff-backend","message":"Freshness strategy returned zero 
results","event":"adaptive_freshness_strategy_failed","strategy":"7d","retry_count":0}

      at Logger.log (src/utils/logger.ts:69:13)

    console.log
      {"timestamp":"2026-03-13T19:15:39.799Z","level":"info","service":"fakenewsoff-backend","message":"Trying freshness 
strategy","event":"adaptive_freshness_retry","strategy":"30d","retry_count":1,"elapsed_ms":1}

      at Logger.log (src/utils/logger.ts:69:13)

    console.log
      {"timestamp":"2026-03-13T19:15:39.799Z","level":"info","service":"fakenewsoff-backend","message":"Trying providers with freshness 
strategy","event":"adaptive_freshness_attempt","freshness_strategy":"30d","bing_freshness":"Month","gdelt_timespan":"30d"}

      at Logger.log (src/utils/logger.ts:69:13)

    console.log
      {"timestamp":"2026-03-13T19:15:39.799Z","level":"info","service":"fakenewsoff-backend","message":"Skipping Bing News provider (client not 
initialized)","event":"provider_attempt_skipped","provider":"bing","freshness":"30d","reason":"client_not_initialized"}

      at Logger.log (src/utils/logger.ts:69:13)

    console.log
      {"timestamp":"2026-03-13T19:15:39.799Z","level":"info","service":"fakenewsoff-backend","message":"Skipping GDELT provider (cooldown 
active)","event":"provider_attempt_skipped","provider":"gdelt","freshness":"30d","reason":"cooldown_active","cooldown_reason":"rate_limit","remaining_ms":299973}

      at Logger.log (src/utils/logger.ts:69:13)

    console.log
      {"timestamp":"2026-03-13T19:15:39.800Z","level":"info","service":"fakenewsoff-backend","message":"Freshness strategy returned zero 
results","event":"adaptive_freshness_strategy_failed","strategy":"30d","retry_count":1}

      at Logger.log (src/utils/logger.ts:69:13)

    console.log
      {"timestamp":"2026-03-13T19:15:39.800Z","level":"info","service":"fakenewsoff-backend","message":"Trying freshness 
strategy","event":"adaptive_freshness_retry","strategy":"web","retry_count":2,"elapsed_ms":2}

      at Logger.log (src/utils/logger.ts:69:13)

    console.log
      {"timestamp":"2026-03-13T19:15:39.800Z","level":"warn","service":"fakenewsoff-backend","message":"Web search not available","event":"web_search_unavailable"}

      at Logger.log (src/utils/logger.ts:69:13)

    console.log
      {"timestamp":"2026-03-13T19:15:39.800Z","level":"info","service":"fakenewsoff-backend","message":"Freshness strategy returned zero 
results","event":"adaptive_freshness_strategy_failed","strategy":"web","retry_count":2}

      at Logger.log (src/utils/logger.ts:69:13)

    console.log
      {"timestamp":"2026-03-13T19:15:39.800Z","level":"warn","service":"fakenewsoff-backend","message":"All adaptive freshness strategies 
exhausted","event":"adaptive_freshness_exhausted","strategies_tried":3,"total_elapsed_ms":2}

      at Logger.log (src/utils/logger.ts:69:13)

    console.log
      {"timestamp":"2026-03-13T19:15:39.800Z","level":"info","service":"fakenewsoff-backend","message":"Grounding request 
completed","event":"grounding_done","provider_used":"none","total_latency_ms":2,"sources_returned":0,"sources_raw":0,"attempted_providers":["bing","gdelt","web"],"had_errors":true}

      at Logger.log (src/utils/logger.ts:69:13)

    console.log
      {"timestamp":"2026-03-13T19:15:39.801Z","level":"INFO","event":"ORCHESTRATOR_STAGE_3_COMPLETE","service":"evidenceOrchestrator","pass_number":1,"stage":3,"provider":"none","sources_retrieved":0,"
cache_hit":false,"latency_ms":3}

      at EvidenceOrchestrator.executePass (src/orchestration/evidenceOrchestrator.ts:471:23)

    console.log
      {"timestamp":"2026-03-13T19:15:39.801Z","level":"INFO","event":"ORCHESTRATOR_STAGED_EXECUTION_COMPLETE","service":"evidenceOrchestrator","pass_number":1,"sources_retrieved":0,"max_stage_reached":
3,"provider_budget_used":{"mediastack":2,"gdelt":0,"bing":0},"provider_cooldowns_active":["gdelt"],"cache_hits":0}

      at EvidenceOrchestrator.executePass (src/orchestration/evidenceOrchestrator.ts:551:17)

    console.log
      {"timestamp":"2026-03-13T19:15:39.801Z","level":"INFO","service":"evidenceFilter","event":"filter_start","candidate_count":0}

      at EvidenceFilter.logFilterStart (src/orchestration/evidenceFilter.ts:193:13)

    console.log
      {"timestamp":"2026-03-13T19:15:39.801Z","level":"INFO","service":"evidenceFilter","event":"filter_complete","total_candidates":0,"passed_count":0,"rejected_count":0,"pass_rate":0}

      at EvidenceFilter.logFilterComplete (src/orchestration/evidenceFilter.ts:208:13)

    console.log
      {"timestamp":"2026-03-13T19:15:39.801Z","level":"INFO","service":"evidenceOrchestrator","event":"pass_complete","pass_number":1,"evidence_count":0,"source_classes":[],"average_quality":0,"thresho
ld_met":false}

      at EvidenceOrchestrator.logPassComplete (src/orchestration/evidenceOrchestrator.ts:807:13)

    console.log
      {"timestamp":"2026-03-13T19:15:39.801Z","level":"INFO","service":"evidenceOrchestrator","event":"pass_start","pass_number":2,"query_count":1}

      at EvidenceOrchestrator.logPassStart (src/orchestration/evidenceOrchestrator.ts:791:13)

    console.log
      {"timestamp":"2026-03-13T19:15:39.801Z","level":"INFO","event":"ORCHESTRATOR_STAGED_EXECUTION_START","service":"evidenceOrchestrator","pass_number":2,"query_count":1,"orchestration_method_used":"
stagedExecution","fix_version":"production_retrieval_efficiency_v3"}

      at EvidenceOrchestrator.executePass (src/orchestration/evidenceOrchestrator.ts:115:17)

    console.log
      {"timestamp":"2026-03-13T19:15:39.801Z","level":"INFO","event":"ORCHESTRATOR_STAGE_1_START","service":"evidenceOrchestrator","pass_number":2,"stage":1,"query":"Breaking Reuters BBC 
AP","provider":"mediastack"}

      at EvidenceOrchestrator.executePass (src/orchestration/evidenceOrchestrator.ts:160:19)

    console.log
      {"timestamp":"2026-03-13T19:15:39.801Z","level":"info","service":"fakenewsoff-backend","message":"Grounding request started","event":"grounding_start","query_terms":"breaking reuters bbc 
ap","provider_order":["bing","gdelt"],"demo_mode":false}

      at Logger.log (src/utils/logger.ts:69:13)

    console.log
      {"timestamp":"2026-03-13T19:15:39.801Z","level":"info","service":"fakenewsoff-backend","message":"Grounding cache miss","event":"grounding_cache_miss","query":"breaking reuters bbc ap"}

      at Logger.log (src/utils/logger.ts:69:13)

    console.log
      {"timestamp":"2026-03-13T19:15:39.802Z","level":"info","service":"fakenewsoff-backend","message":"Starting adaptive freshness cascade with historical 
detection","event":"adaptive_freshness_start","is_historical":false,"confidence":0,"retrieval_mode":"news_recent","strategies":["7d","30d","web"],"timeout_budget_ms":5000}

      at Logger.log (src/utils/logger.ts:69:13)

    console.log
      {"timestamp":"2026-03-13T19:15:39.802Z","level":"info","service":"fakenewsoff-backend","message":"Trying freshness 
strategy","event":"adaptive_freshness_retry","strategy":"7d","retry_count":0,"elapsed_ms":1}

      at Logger.log (src/utils/logger.ts:69:13)

    console.log
      {"timestamp":"2026-03-13T19:15:39.802Z","level":"info","service":"fakenewsoff-backend","message":"Trying providers with freshness 
strategy","event":"adaptive_freshness_attempt","freshness_strategy":"7d","bing_freshness":"Week","gdelt_timespan":"7d"}

      at Logger.log (src/utils/logger.ts:69:13)

    console.log
      {"timestamp":"2026-03-13T19:15:39.802Z","level":"info","service":"fakenewsoff-backend","message":"Skipping Bing News provider (client not 
initialized)","event":"provider_attempt_skipped","provider":"bing","freshness":"7d","reason":"client_not_initialized"}

      at Logger.log (src/utils/logger.ts:69:13)

    console.log
      {"timestamp":"2026-03-13T19:15:39.802Z","level":"info","service":"fakenewsoff-backend","message":"Skipping GDELT provider (cooldown 
active)","event":"provider_attempt_skipped","provider":"gdelt","freshness":"7d","reason":"cooldown_active","cooldown_reason":"rate_limit","remaining_ms":299970}

      at Logger.log (src/utils/logger.ts:69:13)

    console.log
      {"timestamp":"2026-03-13T19:15:39.802Z","level":"info","service":"fakenewsoff-backend","message":"Freshness strategy returned zero 
results","event":"adaptive_freshness_strategy_failed","strategy":"7d","retry_count":0}

      at Logger.log (src/utils/logger.ts:69:13)

    console.log
      {"timestamp":"2026-03-13T19:15:39.802Z","level":"info","service":"fakenewsoff-backend","message":"Trying freshness 
strategy","event":"adaptive_freshness_retry","strategy":"30d","retry_count":1,"elapsed_ms":1}

      at Logger.log (src/utils/logger.ts:69:13)

    console.log
      {"timestamp":"2026-03-13T19:15:39.802Z","level":"info","service":"fakenewsoff-backend","message":"Trying providers with freshness 
strategy","event":"adaptive_freshness_attempt","freshness_strategy":"30d","bing_freshness":"Month","gdelt_timespan":"30d"}

      at Logger.log (src/utils/logger.ts:69:13)

    console.log
      {"timestamp":"2026-03-13T19:15:39.803Z","level":"info","service":"fakenewsoff-backend","message":"Skipping Bing News provider (client not 
initialized)","event":"provider_attempt_skipped","provider":"bing","freshness":"30d","reason":"client_not_initialized"}

      at Logger.log (src/utils/logger.ts:69:13)

    console.log
      {"timestamp":"2026-03-13T19:15:39.803Z","level":"info","service":"fakenewsoff-backend","message":"Skipping GDELT provider (cooldown 
active)","event":"provider_attempt_skipped","provider":"gdelt","freshness":"30d","reason":"cooldown_active","cooldown_reason":"rate_limit","remaining_ms":299969}

      at Logger.log (src/utils/logger.ts:69:13)

    console.log
      {"timestamp":"2026-03-13T19:15:39.803Z","level":"info","service":"fakenewsoff-backend","message":"Freshness strategy returned zero 
results","event":"adaptive_freshness_strategy_failed","strategy":"30d","retry_count":1}

      at Logger.log (src/utils/logger.ts:69:13)

    console.log
      {"timestamp":"2026-03-13T19:15:39.803Z","level":"info","service":"fakenewsoff-backend","message":"Trying freshness 
strategy","event":"adaptive_freshness_retry","strategy":"web","retry_count":2,"elapsed_ms":2}

      at Logger.log (src/utils/logger.ts:69:13)

    console.log
      {"timestamp":"2026-03-13T19:15:39.803Z","level":"warn","service":"fakenewsoff-backend","message":"Web search not available","event":"web_search_unavailable"}

      at Logger.log (src/utils/logger.ts:69:13)

    console.log
      {"timestamp":"2026-03-13T19:15:39.803Z","level":"info","service":"fakenewsoff-backend","message":"Freshness strategy returned zero 
results","event":"adaptive_freshness_strategy_failed","strategy":"web","retry_count":2}

      at Logger.log (src/utils/logger.ts:69:13)

    console.log
      {"timestamp":"2026-03-13T19:15:39.812Z","level":"warn","service":"fakenewsoff-backend","message":"All adaptive freshness strategies 
exhausted","event":"adaptive_freshness_exhausted","strategies_tried":3,"total_elapsed_ms":11}

      at Logger.log (src/utils/logger.ts:69:13)

    console.log
      {"timestamp":"2026-03-13T19:15:39.812Z","level":"info","service":"fakenewsoff-backend","message":"Grounding request 
completed","event":"grounding_done","provider_used":"none","total_latency_ms":11,"sources_returned":0,"sources_raw":0,"attempted_providers":["bing","gdelt","web"],"had_errors":true}

      at Logger.log (src/utils/logger.ts:69:13)

    console.log
      {"timestamp":"2026-03-13T19:15:39.812Z","level":"INFO","event":"ORCHESTRATOR_STAGE_1_COMPLETE","service":"evidenceOrchestrator","pass_number":2,"stage":1,"provider":"none","sources_retrieved":0,"
cache_hit":false,"latency_ms":11}

      at EvidenceOrchestrator.executePass (src/orchestration/evidenceOrchestrator.ts:219:23)

    console.log
      {"timestamp":"2026-03-13T19:15:39.813Z","level":"INFO","event":"ORCHESTRATOR_STAGE_2_START","service":"evidenceOrchestrator","pass_number":2,"stage":2,"query":"Breaking Reuters BBC 
AP","provider":"gdelt"}

      at EvidenceOrchestrator.executePass (src/orchestration/evidenceOrchestrator.ts:280:19)

    console.log
      {"timestamp":"2026-03-13T19:15:39.813Z","level":"INFO","event":"ORCHESTRATOR_STAGE_2_SKIPPED","service":"evidenceOrchestrator","pass_number":2,"stage":2,"provider":"gdelt","reason":"cooldown_acti
ve","cooldown_reason":"rate_limit","remaining_ms":299959}

      at EvidenceOrchestrator.executePass (src/orchestration/evidenceOrchestrator.ts:380:21)

    console.log
      {"timestamp":"2026-03-13T19:15:39.813Z","level":"INFO","event":"ORCHESTRATOR_STAGED_EXECUTION_COMPLETE","service":"evidenceOrchestrator","pass_number":2,"sources_retrieved":0,"max_stage_reached":
2,"provider_budget_used":{"mediastack":1,"gdelt":0,"bing":0},"provider_cooldowns_active":["gdelt"],"cache_hits":0}

      at EvidenceOrchestrator.executePass (src/orchestration/evidenceOrchestrator.ts:551:17)

    console.log
      {"timestamp":"2026-03-13T19:15:39.813Z","level":"INFO","service":"evidenceFilter","event":"filter_start","candidate_count":0}

      at EvidenceFilter.logFilterStart (src/orchestration/evidenceFilter.ts:193:13)

    console.log
      {"timestamp":"2026-03-13T19:15:39.813Z","level":"INFO","service":"evidenceFilter","event":"filter_complete","total_candidates":0,"passed_count":0,"rejected_count":0,"pass_rate":0}

      at EvidenceFilter.logFilterComplete (src/orchestration/evidenceFilter.ts:208:13)

    console.log
      {"timestamp":"2026-03-13T19:15:39.813Z","level":"INFO","service":"evidenceOrchestrator","event":"pass_complete","pass_number":2,"evidence_count":0,"source_classes":[],"average_quality":0,"thresho
ld_met":false}

      at EvidenceOrchestrator.logPassComplete (src/orchestration/evidenceOrchestrator.ts:807:13)

    console.log
      {"timestamp":"2026-03-13T19:15:39.813Z","level":"INFO","service":"evidenceOrchestrator","event":"orchestration_complete","passes_executed":2,"total_evidence":0,"source_classes":[],"average_qualit
y":0,"threshold_met":false}

      at EvidenceOrchestrator.logOrchestrationComplete (src/orchestration/evidenceOrchestrator.ts:826:13)

    console.log
      {"timestamp":"2026-03-13T19:15:39.813Z","level":"INFO","service":"contradictionSearcher","event":"search_start","query_count":0}

      at ContradictionSearcher.logSearchStart (src/orchestration/contradictionSearcher.ts:142:13)

    console.log
      {"timestamp":"2026-03-13T19:15:39.813Z","level":"INFO","service":"verdictSynthesizer","event":"synthesis_start","supporting_count":0,"contradicting_count":0}

      at VerdictSynthesizer.logSynthesisStart (src/orchestration/verdictSynthesizer.ts:118:13)

    console.log
      {"event":"bedrock_invocation","model":"amazon.nova-lite-v1:0","provider":"AWS Bedrock","request_id":"da6e0c2c-5848-4bed-947a-af0ef511e9c1","timestamp":"2026-03-13T19:15:39.813Z"}

      at invokeNova (src/services/novaClient.ts:313:11)

    console.error
      {"event":"bedrock_error","reason":"Unknown error","request_id":"da6e0c2c-5848-4bed-947a-af0ef511e9c1","timestamp":"2026-03-13T19:15:39.814Z"}

    [0m [90m 360 |[39m
     [90m 361 |[39m     [90m// Log Bedrock error[39m
    [31m[1m>[22m[39m[90m 362 |[39m     console[33m.[39merror([33mJSON[39m[33m.[39mstringify({
     [90m     |[39m             [31m[1m^[22m[39m
     [90m 363 |[39m       event[33m:[39m [32m'bedrock_error'[39m[33m,[39m
     [90m 364 |[39m       reason[33m:[39m error [36minstanceof[39m [33mError[39m [33m?[39m error[33m.[39mmessage [33m:[39m [32m'Unknown error'[39m[33m,[39m
     [90m 365 |[39m       request_id[33m:[39m requestId[33m,[39m[0m

      at invokeNova (src/services/novaClient.ts:362:13)
      at synthesizeVerdict (src/services/novaClient.ts:902:22)
      at VerdictSynthesizer.synthesize (src/orchestration/verdictSynthesizer.ts:42:23)
      at analyzeWithIterativeOrchestration (src/orchestration/iterativeOrchestrationPipeline.ts:236:21)
      at Object.<anonymous> (src/orchestration/iterativeOrchestrationPipeline.test.ts:95:22)

    console.log
      {"timestamp":"2026-03-13T19:15:39.814Z","level":"INFO","service":"verdictSynthesizer","event":"synthesis_success","classification":"unverified","confidence":0.3,"supported_subclaims":0,"unsupport
ed_subclaims":1}

      at VerdictSynthesizer.logSynthesisSuccess (src/orchestration/verdictSynthesizer.ts:134:13)

    console.log
      {"timestamp":"2026-03-13T19:15:39.814Z","level":"info","service":"fakenewsoff-backend","message":"Provider failure details 
propagated","event":"PROVIDER_FAILURE_DETAILS_PROPAGATED","requestId":"1be4ba8e-9344-4de6-9615-2e6cc7daacba","entry_count":1,"providers":["gdelt"]}

      at Logger.log (src/utils/logger.ts:69:13)

    console.log
      {"timestamp":"2026-03-13T19:15:39.815Z","level":"INFO","service":"claimDecomposer","event":"decomposition_start","claim_length":22}

      at ClaimDecomposer.logDecompositionStart (src/orchestration/claimDecomposer.ts:52:13)

    console.log
      {"event":"bedrock_invocation","model":"amazon.nova-lite-v1:0","provider":"AWS Bedrock","request_id":"2ac01ae6-8b3b-4464-bd7c-5b02a2eedc2f","timestamp":"2026-03-13T19:15:39.815Z"}

      at invokeNova (src/services/novaClient.ts:313:11)

    console.error
      {"event":"bedrock_error","reason":"Unknown error","request_id":"2ac01ae6-8b3b-4464-bd7c-5b02a2eedc2f","timestamp":"2026-03-13T19:15:39.815Z"}

    [0m [90m 360 |[39m
     [90m 361 |[39m     [90m// Log Bedrock error[39m
    [31m[1m>[22m[39m[90m 362 |[39m     console[33m.[39merror([33mJSON[39m[33m.[39mstringify({
     [90m     |[39m             [31m[1m^[22m[39m
     [90m 363 |[39m       event[33m:[39m [32m'bedrock_error'[39m[33m,[39m
     [90m 364 |[39m       reason[33m:[39m error [36minstanceof[39m [33mError[39m [33m?[39m error[33m.[39mmessage [33m:[39m [32m'Unknown error'[39m[33m,[39m
     [90m 365 |[39m       request_id[33m:[39m requestId[33m,[39m[0m

      at invokeNova (src/services/novaClient.ts:362:13)
      at decomposeClaimToSubclaims (src/services/novaClient.ts:568:22)
      at ClaimDecomposer.decompose (src/orchestration/claimDecomposer.ts:25:29)
      at analyzeWithIterativeOrchestration (src/orchestration/iterativeOrchestrationPipeline.ts:93:27)
      at Object.<anonymous> (src/orchestration/iterativeOrchestrationPipeline.test.ts:115:22)

    console.log
      {"timestamp":"2026-03-13T19:15:39.815Z","level":"INFO","service":"claimDecomposer","event":"decomposition_success","subclaim_count":1,"subclaim_types":["action"],"subclaim_texts":["Test claim 
for logging"]}

      at ClaimDecomposer.logDecompositionSuccess (src/orchestration/claimDecomposer.ts:67:13)

    console.log
      {"timestamp":"2026-03-13T19:15:39.815Z","level":"INFO","service":"queryGenerator","event":"generation_start","original_claim":"Test claim for logging","subclaim_count":1}

      at QueryGenerator.logGenerationStart (src/orchestration/queryGenerator.ts:119:13)

    console.log
      {"timestamp":"2026-03-13T19:15:39.815Z","level":"INFO","service":"queryGenerator","event":"query_variants_generated","queries_before_dedup":["Test claim for logging","Test news","test claim 
logging","what is test claim logging","Test test claim"],"queries_count":5,"entities_extracted":["Test"],"key_phrases_extracted":["test","claim","logging"]}

      at QueryGenerator.generateQueries (src/orchestration/queryGenerator.ts:28:13)

    console.log
      {"timestamp":"2026-03-13T19:15:39.816Z","level":"INFO","service":"queryGenerator","event":"orchestrator_queries_finalized","queries_after_dedup":["Test claim for logging","Test news","test claim 
logging","what is test claim logging","Test test claim"],"queries_count":5,"query_types":["exact","date_sensitive","regional","fact_check","entity_action"]}

      at QueryGenerator.generateQueries (src/orchestration/queryGenerator.ts:68:13)

    console.log
      {"timestamp":"2026-03-13T19:15:39.816Z","level":"INFO","service":"queryGenerator","event":"generation_success","query_count":5,"query_types":["exact","date_sensitive","regional","fact_check","ent
ity_action"],"query_texts":["Test claim for logging","Test news","test claim logging","what is test claim logging","Test test claim"]}

      at QueryGenerator.logGenerationSuccess (src/orchestration/queryGenerator.ts:135:13)

    console.log
      {"timestamp":"2026-03-13T19:15:39.816Z","level":"INFO","service":"evidenceOrchestrator","event":"orchestration_start","query_count":5,"max_passes":3}

      at EvidenceOrchestrator.logOrchestrationStart (src/orchestration/evidenceOrchestrator.ts:775:13)

    console.log
      {"timestamp":"2026-03-13T19:15:39.816Z","level":"INFO","service":"evidenceOrchestrator","event":"pass_start","pass_number":1,"query_count":3}

      at EvidenceOrchestrator.logPassStart (src/orchestration/evidenceOrchestrator.ts:791:13)

    console.log
      {"timestamp":"2026-03-13T19:15:39.816Z","level":"INFO","event":"ORCHESTRATOR_STAGED_EXECUTION_START","service":"evidenceOrchestrator","pass_number":1,"query_count":3,"orchestration_method_used":"
stagedExecution","fix_version":"production_retrieval_efficiency_v3"}

      at EvidenceOrchestrator.executePass (src/orchestration/evidenceOrchestrator.ts:115:17)

    console.log
      {"timestamp":"2026-03-13T19:15:39.816Z","level":"INFO","event":"ORCHESTRATOR_STAGE_1_START","service":"evidenceOrchestrator","pass_number":1,"stage":1,"query":"Test claim for 
logging","provider":"mediastack"}

      at EvidenceOrchestrator.executePass (src/orchestration/evidenceOrchestrator.ts:160:19)

    console.log
      {"timestamp":"2026-03-13T19:15:39.816Z","level":"info","service":"fakenewsoff-backend","message":"Grounding request started","event":"grounding_start","query_terms":"test claim 
logging","provider_order":["bing","gdelt"],"demo_mode":false}

      at Logger.log (src/utils/logger.ts:69:13)

    console.log
      {"timestamp":"2026-03-13T19:15:39.816Z","level":"info","service":"fakenewsoff-backend","message":"Grounding cache miss","event":"grounding_cache_miss","query":"test claim logging"}

      at Logger.log (src/utils/logger.ts:69:13)

    console.log
      {"timestamp":"2026-03-13T19:15:39.816Z","level":"info","service":"fakenewsoff-backend","message":"Starting adaptive freshness cascade with historical 
detection","event":"adaptive_freshness_start","is_historical":false,"confidence":0,"retrieval_mode":"news_recent","strategies":["7d","30d","web"],"timeout_budget_ms":5000}

      at Logger.log (src/utils/logger.ts:69:13)

    console.log
      {"timestamp":"2026-03-13T19:15:39.816Z","level":"info","service":"fakenewsoff-backend","message":"Trying freshness 
strategy","event":"adaptive_freshness_retry","strategy":"7d","retry_count":0,"elapsed_ms":0}

      at Logger.log (src/utils/logger.ts:69:13)

    console.log
      {"timestamp":"2026-03-13T19:15:39.817Z","level":"info","service":"fakenewsoff-backend","message":"Trying providers with freshness 
strategy","event":"adaptive_freshness_attempt","freshness_strategy":"7d","bing_freshness":"Week","gdelt_timespan":"7d"}

      at Logger.log (src/utils/logger.ts:69:13)

    console.log
      {"timestamp":"2026-03-13T19:15:39.817Z","level":"info","service":"fakenewsoff-backend","message":"Skipping Bing News provider (client not 
initialized)","event":"provider_attempt_skipped","provider":"bing","freshness":"7d","reason":"client_not_initialized"}

      at Logger.log (src/utils/logger.ts:69:13)

    console.log
      {"timestamp":"2026-03-13T19:15:39.817Z","level":"info","service":"fakenewsoff-backend","message":"Skipping GDELT provider (cooldown 
active)","event":"provider_attempt_skipped","provider":"gdelt","freshness":"7d","reason":"cooldown_active","cooldown_reason":"rate_limit","remaining_ms":299955}

      at Logger.log (src/utils/logger.ts:69:13)

    console.log
      {"timestamp":"2026-03-13T19:15:39.817Z","level":"info","service":"fakenewsoff-backend","message":"Freshness strategy returned zero 
results","event":"adaptive_freshness_strategy_failed","strategy":"7d","retry_count":0}

      at Logger.log (src/utils/logger.ts:69:13)

    console.log
      {"timestamp":"2026-03-13T19:15:39.817Z","level":"info","service":"fakenewsoff-backend","message":"Trying freshness 
strategy","event":"adaptive_freshness_retry","strategy":"30d","retry_count":1,"elapsed_ms":1}

      at Logger.log (src/utils/logger.ts:69:13)

    console.log
      {"timestamp":"2026-03-13T19:15:39.817Z","level":"info","service":"fakenewsoff-backend","message":"Trying providers with freshness 
strategy","event":"adaptive_freshness_attempt","freshness_strategy":"30d","bing_freshness":"Month","gdelt_timespan":"30d"}

      at Logger.log (src/utils/logger.ts:69:13)

    console.log
      {"timestamp":"2026-03-13T19:15:39.817Z","level":"info","service":"fakenewsoff-backend","message":"Skipping Bing News provider (client not 
initialized)","event":"provider_attempt_skipped","provider":"bing","freshness":"30d","reason":"client_not_initialized"}

      at Logger.log (src/utils/logger.ts:69:13)

    console.log
      {"timestamp":"2026-03-13T19:15:39.817Z","level":"info","service":"fakenewsoff-backend","message":"Skipping GDELT provider (cooldown 
active)","event":"provider_attempt_skipped","provider":"gdelt","freshness":"30d","reason":"cooldown_active","cooldown_reason":"rate_limit","remaining_ms":299955}

      at Logger.log (src/utils/logger.ts:69:13)

    console.log
      {"timestamp":"2026-03-13T19:15:39.817Z","level":"info","service":"fakenewsoff-backend","message":"Freshness strategy returned zero 
results","event":"adaptive_freshness_strategy_failed","strategy":"30d","retry_count":1}

      at Logger.log (src/utils/logger.ts:69:13)

    console.log
      {"timestamp":"2026-03-13T19:15:39.818Z","level":"info","service":"fakenewsoff-backend","message":"Trying freshness 
strategy","event":"adaptive_freshness_retry","strategy":"web","retry_count":2,"elapsed_ms":2}

      at Logger.log (src/utils/logger.ts:69:13)

    console.log
      {"timestamp":"2026-03-13T19:15:39.818Z","level":"warn","service":"fakenewsoff-backend","message":"Web search not available","event":"web_search_unavailable"}

      at Logger.log (src/utils/logger.ts:69:13)

    console.log
      {"timestamp":"2026-03-13T19:15:39.818Z","level":"info","service":"fakenewsoff-backend","message":"Freshness strategy returned zero 
results","event":"adaptive_freshness_strategy_failed","strategy":"web","retry_count":2}

      at Logger.log (src/utils/logger.ts:69:13)

    console.log
      {"timestamp":"2026-03-13T19:15:39.818Z","level":"warn","service":"fakenewsoff-backend","message":"All adaptive freshness strategies 
exhausted","event":"adaptive_freshness_exhausted","strategies_tried":3,"total_elapsed_ms":2}

      at Logger.log (src/utils/logger.ts:69:13)

    console.log
      {"timestamp":"2026-03-13T19:15:39.818Z","level":"info","service":"fakenewsoff-backend","message":"Grounding request 
completed","event":"grounding_done","provider_used":"none","total_latency_ms":2,"sources_returned":0,"sources_raw":0,"attempted_providers":["bing","gdelt","web"],"had_errors":true}

      at Logger.log (src/utils/logger.ts:69:13)

    console.log
      {"timestamp":"2026-03-13T19:15:39.818Z","level":"INFO","event":"ORCHESTRATOR_STAGE_1_COMPLETE","service":"evidenceOrchestrator","pass_number":1,"stage":1,"provider":"none","sources_retrieved":0,"
cache_hit":false,"latency_ms":2}

      at EvidenceOrchestrator.executePass (src/orchestration/evidenceOrchestrator.ts:219:23)

    console.log
      {"timestamp":"2026-03-13T19:15:39.818Z","level":"INFO","event":"ORCHESTRATOR_STAGE_2_START","service":"evidenceOrchestrator","pass_number":1,"stage":2,"query":"Test claim for 
logging","provider":"gdelt"}

      at EvidenceOrchestrator.executePass (src/orchestration/evidenceOrchestrator.ts:280:19)

    console.log
      {"timestamp":"2026-03-13T19:15:39.818Z","level":"INFO","event":"ORCHESTRATOR_STAGE_2_SKIPPED","service":"evidenceOrchestrator","pass_number":1,"stage":2,"provider":"gdelt","reason":"cooldown_acti
ve","cooldown_reason":"rate_limit","remaining_ms":299954}

      at EvidenceOrchestrator.executePass (src/orchestration/evidenceOrchestrator.ts:380:21)

    console.log
      {"timestamp":"2026-03-13T19:15:39.818Z","level":"INFO","event":"ORCHESTRATOR_STAGE_3_START","service":"evidenceOrchestrator","pass_number":1,"stage":3,"query":"Test test 
claim","provider":"mediastack"}

      at EvidenceOrchestrator.executePass (src/orchestration/evidenceOrchestrator.ts:415:21)

    console.log
      {"timestamp":"2026-03-13T19:15:39.819Z","level":"info","service":"fakenewsoff-backend","message":"Grounding request started","event":"grounding_start","query_terms":"test test 
claim","provider_order":["bing","gdelt"],"demo_mode":false}

      at Logger.log (src/utils/logger.ts:69:13)

    console.log
      {"timestamp":"2026-03-13T19:15:39.819Z","level":"info","service":"fakenewsoff-backend","message":"Grounding cache miss","event":"grounding_cache_miss","query":"test test claim"}

      at Logger.log (src/utils/logger.ts:69:13)

    console.log
      {"timestamp":"2026-03-13T19:15:39.819Z","level":"info","service":"fakenewsoff-backend","message":"Starting adaptive freshness cascade with historical 
detection","event":"adaptive_freshness_start","is_historical":false,"confidence":0,"retrieval_mode":"news_recent","strategies":["7d","30d","web"],"timeout_budget_ms":5000}

      at Logger.log (src/utils/logger.ts:69:13)

    console.log
      {"timestamp":"2026-03-13T19:15:39.819Z","level":"info","service":"fakenewsoff-backend","message":"Trying freshness 
strategy","event":"adaptive_freshness_retry","strategy":"7d","retry_count":0,"elapsed_ms":0}

      at Logger.log (src/utils/logger.ts:69:13)

    console.log
      {"timestamp":"2026-03-13T19:15:39.819Z","level":"info","service":"fakenewsoff-backend","message":"Trying providers with freshness 
strategy","event":"adaptive_freshness_attempt","freshness_strategy":"7d","bing_freshness":"Week","gdelt_timespan":"7d"}

      at Logger.log (src/utils/logger.ts:69:13)

    console.log
      {"timestamp":"2026-03-13T19:15:39.819Z","level":"info","service":"fakenewsoff-backend","message":"Skipping Bing News provider (client not 
initialized)","event":"provider_attempt_skipped","provider":"bing","freshness":"7d","reason":"client_not_initialized"}

      at Logger.log (src/utils/logger.ts:69:13)

    console.log
      {"timestamp":"2026-03-13T19:15:39.819Z","level":"info","service":"fakenewsoff-backend","message":"Skipping GDELT provider (cooldown 
active)","event":"provider_attempt_skipped","provider":"gdelt","freshness":"7d","reason":"cooldown_active","cooldown_reason":"rate_limit","remaining_ms":299953}

      at Logger.log (src/utils/logger.ts:69:13)

    console.log
      {"timestamp":"2026-03-13T19:15:39.819Z","level":"info","service":"fakenewsoff-backend","message":"Freshness strategy returned zero 
results","event":"adaptive_freshness_strategy_failed","strategy":"7d","retry_count":0}

      at Logger.log (src/utils/logger.ts:69:13)

    console.log
      {"timestamp":"2026-03-13T19:15:39.819Z","level":"info","service":"fakenewsoff-backend","message":"Trying freshness 
strategy","event":"adaptive_freshness_retry","strategy":"30d","retry_count":1,"elapsed_ms":0}

      at Logger.log (src/utils/logger.ts:69:13)

    console.log
      {"timestamp":"2026-03-13T19:15:39.820Z","level":"info","service":"fakenewsoff-backend","message":"Trying providers with freshness 
strategy","event":"adaptive_freshness_attempt","freshness_strategy":"30d","bing_freshness":"Month","gdelt_timespan":"30d"}

      at Logger.log (src/utils/logger.ts:69:13)

    console.log
      {"timestamp":"2026-03-13T19:15:39.820Z","level":"info","service":"fakenewsoff-backend","message":"Skipping Bing News provider (client not 
initialized)","event":"provider_attempt_skipped","provider":"bing","freshness":"30d","reason":"client_not_initialized"}

      at Logger.log (src/utils/logger.ts:69:13)

    console.log
      {"timestamp":"2026-03-13T19:15:39.820Z","level":"info","service":"fakenewsoff-backend","message":"Skipping GDELT provider (cooldown 
active)","event":"provider_attempt_skipped","provider":"gdelt","freshness":"30d","reason":"cooldown_active","cooldown_reason":"rate_limit","remaining_ms":299952}

      at Logger.log (src/utils/logger.ts:69:13)

    console.log
      {"timestamp":"2026-03-13T19:15:39.820Z","level":"info","service":"fakenewsoff-backend","message":"Freshness strategy returned zero 
results","event":"adaptive_freshness_strategy_failed","strategy":"30d","retry_count":1}

      at Logger.log (src/utils/logger.ts:69:13)

    console.log
      {"timestamp":"2026-03-13T19:15:39.820Z","level":"info","service":"fakenewsoff-backend","message":"Trying freshness 
strategy","event":"adaptive_freshness_retry","strategy":"web","retry_count":2,"elapsed_ms":1}

      at Logger.log (src/utils/logger.ts:69:13)

    console.log
      {"timestamp":"2026-03-13T19:15:39.820Z","level":"warn","service":"fakenewsoff-backend","message":"Web search not available","event":"web_search_unavailable"}

      at Logger.log (src/utils/logger.ts:69:13)

    console.log
      {"timestamp":"2026-03-13T19:15:39.820Z","level":"info","service":"fakenewsoff-backend","message":"Freshness strategy returned zero 
results","event":"adaptive_freshness_strategy_failed","strategy":"web","retry_count":2}

      at Logger.log (src/utils/logger.ts:69:13)

    console.log
      {"timestamp":"2026-03-13T19:15:39.820Z","level":"warn","service":"fakenewsoff-backend","message":"All adaptive freshness strategies 
exhausted","event":"adaptive_freshness_exhausted","strategies_tried":3,"total_elapsed_ms":1}

      at Logger.log (src/utils/logger.ts:69:13)

    console.log
      {"timestamp":"2026-03-13T19:15:39.820Z","level":"info","service":"fakenewsoff-backend","message":"Grounding request 
completed","event":"grounding_done","provider_used":"none","total_latency_ms":1,"sources_returned":0,"sources_raw":0,"attempted_providers":["bing","gdelt","web"],"had_errors":true}

      at Logger.log (src/utils/logger.ts:69:13)

    console.log
      {"timestamp":"2026-03-13T19:15:39.821Z","level":"INFO","event":"ORCHESTRATOR_STAGE_3_COMPLETE","service":"evidenceOrchestrator","pass_number":1,"stage":3,"provider":"none","sources_retrieved":0,"
cache_hit":false,"latency_ms":3}

      at EvidenceOrchestrator.executePass (src/orchestration/evidenceOrchestrator.ts:471:23)

    console.log
      {"timestamp":"2026-03-13T19:15:39.821Z","level":"INFO","event":"ORCHESTRATOR_STAGED_EXECUTION_COMPLETE","service":"evidenceOrchestrator","pass_number":1,"sources_retrieved":0,"max_stage_reached":
3,"provider_budget_used":{"mediastack":2,"gdelt":0,"bing":0},"provider_cooldowns_active":["gdelt"],"cache_hits":0}

      at EvidenceOrchestrator.executePass (src/orchestration/evidenceOrchestrator.ts:551:17)

    console.log
      {"timestamp":"2026-03-13T19:15:39.821Z","level":"INFO","service":"evidenceFilter","event":"filter_start","candidate_count":0}

      at EvidenceFilter.logFilterStart (src/orchestration/evidenceFilter.ts:193:13)

    console.log
      {"timestamp":"2026-03-13T19:15:39.821Z","level":"INFO","service":"evidenceFilter","event":"filter_complete","total_candidates":0,"passed_count":0,"rejected_count":0,"pass_rate":0}

      at EvidenceFilter.logFilterComplete (src/orchestration/evidenceFilter.ts:208:13)

    console.log
      {"timestamp":"2026-03-13T19:15:39.821Z","level":"INFO","service":"evidenceOrchestrator","event":"pass_complete","pass_number":1,"evidence_count":0,"source_classes":[],"average_quality":0,"thresho
ld_met":false}

      at EvidenceOrchestrator.logPassComplete (src/orchestration/evidenceOrchestrator.ts:807:13)

    console.log
      {"timestamp":"2026-03-13T19:15:39.821Z","level":"INFO","service":"evidenceOrchestrator","event":"pass_start","pass_number":2,"query_count":2}

      at EvidenceOrchestrator.logPassStart (src/orchestration/evidenceOrchestrator.ts:791:13)

    console.log
      {"timestamp":"2026-03-13T19:15:39.821Z","level":"INFO","event":"ORCHESTRATOR_STAGED_EXECUTION_START","service":"evidenceOrchestrator","pass_number":2,"query_count":2,"orchestration_method_used":"
stagedExecution","fix_version":"production_retrieval_efficiency_v3"}

      at EvidenceOrchestrator.executePass (src/orchestration/evidenceOrchestrator.ts:115:17)

    console.log
      {"timestamp":"2026-03-13T19:15:39.821Z","level":"INFO","event":"ORCHESTRATOR_STAGE_1_START","service":"evidenceOrchestrator","pass_number":2,"stage":1,"query":"test claim 
logging","provider":"mediastack"}

      at EvidenceOrchestrator.executePass (src/orchestration/evidenceOrchestrator.ts:160:19)

    console.log
      {"timestamp":"2026-03-13T19:15:39.821Z","level":"info","service":"fakenewsoff-backend","message":"Grounding request started","event":"grounding_start","query_terms":"test claim 
logging","provider_order":["bing","gdelt"],"demo_mode":false}

      at Logger.log (src/utils/logger.ts:69:13)

    console.log
      {"timestamp":"2026-03-13T19:15:39.822Z","level":"info","service":"fakenewsoff-backend","message":"Grounding cache hit","event":"grounding_cache_hit","query":"test claim 
logging","sources_count":0}

      at Logger.log (src/utils/logger.ts:69:13)

    console.log
      {"timestamp":"2026-03-13T19:15:39.822Z","level":"INFO","event":"ORCHESTRATOR_STAGE_1_COMPLETE","service":"evidenceOrchestrator","pass_number":2,"stage":1,"provider":"none","sources_retrieved":0,"
cache_hit":true,"latency_ms":1}

      at EvidenceOrchestrator.executePass (src/orchestration/evidenceOrchestrator.ts:219:23)

    console.log
      {"timestamp":"2026-03-13T19:15:39.822Z","level":"INFO","event":"ORCHESTRATOR_STAGE_2_START","service":"evidenceOrchestrator","pass_number":2,"stage":2,"query":"test claim 
logging","provider":"gdelt"}

      at EvidenceOrchestrator.executePass (src/orchestration/evidenceOrchestrator.ts:280:19)

    console.log
      {"timestamp":"2026-03-13T19:15:39.822Z","level":"INFO","event":"ORCHESTRATOR_STAGE_2_SKIPPED","service":"evidenceOrchestrator","pass_number":2,"stage":2,"provider":"gdelt","reason":"cooldown_acti
ve","cooldown_reason":"rate_limit","remaining_ms":299950}

      at EvidenceOrchestrator.executePass (src/orchestration/evidenceOrchestrator.ts:380:21)

    console.log
      {"timestamp":"2026-03-13T19:15:39.822Z","level":"INFO","event":"ORCHESTRATOR_STAGE_3_START","service":"evidenceOrchestrator","pass_number":2,"stage":3,"query":"what is test claim 
logging","provider":"mediastack"}

      at EvidenceOrchestrator.executePass (src/orchestration/evidenceOrchestrator.ts:415:21)

    console.log
      {"timestamp":"2026-03-13T19:15:39.822Z","level":"info","service":"fakenewsoff-backend","message":"Grounding request started","event":"grounding_start","query_terms":"what test claim 
logging","provider_order":["bing","gdelt"],"demo_mode":false}

      at Logger.log (src/utils/logger.ts:69:13)

    console.log
      {"timestamp":"2026-03-13T19:15:39.822Z","level":"info","service":"fakenewsoff-backend","message":"Grounding cache miss","event":"grounding_cache_miss","query":"what test claim logging"}

      at Logger.log (src/utils/logger.ts:69:13)

    console.log
      {"timestamp":"2026-03-13T19:15:39.822Z","level":"info","service":"fakenewsoff-backend","message":"Starting adaptive freshness cascade with historical 
detection","event":"adaptive_freshness_start","is_historical":false,"confidence":0,"retrieval_mode":"news_recent","strategies":["7d","30d","web"],"timeout_budget_ms":5000}

      at Logger.log (src/utils/logger.ts:69:13)

    console.log
      {"timestamp":"2026-03-13T19:15:39.822Z","level":"info","service":"fakenewsoff-backend","message":"Trying freshness 
strategy","event":"adaptive_freshness_retry","strategy":"7d","retry_count":0,"elapsed_ms":0}

      at Logger.log (src/utils/logger.ts:69:13)

    console.log
      {"timestamp":"2026-03-13T19:15:39.822Z","level":"info","service":"fakenewsoff-backend","message":"Trying providers with freshness 
strategy","event":"adaptive_freshness_attempt","freshness_strategy":"7d","bing_freshness":"Week","gdelt_timespan":"7d"}

      at Logger.log (src/utils/logger.ts:69:13)

    console.log
      {"timestamp":"2026-03-13T19:15:39.823Z","level":"info","service":"fakenewsoff-backend","message":"Skipping Bing News provider (client not 
initialized)","event":"provider_attempt_skipped","provider":"bing","freshness":"7d","reason":"client_not_initialized"}

      at Logger.log (src/utils/logger.ts:69:13)

    console.log
      {"timestamp":"2026-03-13T19:15:39.823Z","level":"info","service":"fakenewsoff-backend","message":"Skipping GDELT provider (cooldown 
active)","event":"provider_attempt_skipped","provider":"gdelt","freshness":"7d","reason":"cooldown_active","cooldown_reason":"rate_limit","remaining_ms":299949}

      at Logger.log (src/utils/logger.ts:69:13)

    console.log
      {"timestamp":"2026-03-13T19:15:39.823Z","level":"info","service":"fakenewsoff-backend","message":"Freshness strategy returned zero 
results","event":"adaptive_freshness_strategy_failed","strategy":"7d","retry_count":0}

      at Logger.log (src/utils/logger.ts:69:13)

    console.log
      {"timestamp":"2026-03-13T19:15:39.823Z","level":"info","service":"fakenewsoff-backend","message":"Trying freshness 
strategy","event":"adaptive_freshness_retry","strategy":"30d","retry_count":1,"elapsed_ms":1}

      at Logger.log (src/utils/logger.ts:69:13)

    console.log
      {"timestamp":"2026-03-13T19:15:39.823Z","level":"info","service":"fakenewsoff-backend","message":"Trying providers with freshness 
strategy","event":"adaptive_freshness_attempt","freshness_strategy":"30d","bing_freshness":"Month","gdelt_timespan":"30d"}

      at Logger.log (src/utils/logger.ts:69:13)

    console.log
      {"timestamp":"2026-03-13T19:15:39.823Z","level":"info","service":"fakenewsoff-backend","message":"Skipping Bing News provider (client not 
initialized)","event":"provider_attempt_skipped","provider":"bing","freshness":"30d","reason":"client_not_initialized"}

      at Logger.log (src/utils/logger.ts:69:13)

    console.log
      {"timestamp":"2026-03-13T19:15:39.823Z","level":"info","service":"fakenewsoff-backend","message":"Skipping GDELT provider (cooldown 
active)","event":"provider_attempt_skipped","provider":"gdelt","freshness":"30d","reason":"cooldown_active","cooldown_reason":"rate_limit","remaining_ms":299949}

      at Logger.log (src/utils/logger.ts:69:13)

    console.log
      {"timestamp":"2026-03-13T19:15:39.823Z","level":"info","service":"fakenewsoff-backend","message":"Freshness strategy returned zero 
results","event":"adaptive_freshness_strategy_failed","strategy":"30d","retry_count":1}

      at Logger.log (src/utils/logger.ts:69:13)

    console.log
      {"timestamp":"2026-03-13T19:15:39.823Z","level":"info","service":"fakenewsoff-backend","message":"Trying freshness 
strategy","event":"adaptive_freshness_retry","strategy":"web","retry_count":2,"elapsed_ms":1}

      at Logger.log (src/utils/logger.ts:69:13)

    console.log
      {"timestamp":"2026-03-13T19:15:39.824Z","level":"warn","service":"fakenewsoff-backend","message":"Web search not available","event":"web_search_unavailable"}

      at Logger.log (src/utils/logger.ts:69:13)

    console.log
      {"timestamp":"2026-03-13T19:15:39.824Z","level":"info","service":"fakenewsoff-backend","message":"Freshness strategy returned zero 
results","event":"adaptive_freshness_strategy_failed","strategy":"web","retry_count":2}

      at Logger.log (src/utils/logger.ts:69:13)

    console.log
      {"timestamp":"2026-03-13T19:15:39.824Z","level":"warn","service":"fakenewsoff-backend","message":"All adaptive freshness strategies 
exhausted","event":"adaptive_freshness_exhausted","strategies_tried":3,"total_elapsed_ms":2}

      at Logger.log (src/utils/logger.ts:69:13)

    console.log
      {"timestamp":"2026-03-13T19:15:39.824Z","level":"info","service":"fakenewsoff-backend","message":"Grounding request 
completed","event":"grounding_done","provider_used":"none","total_latency_ms":2,"sources_returned":0,"sources_raw":0,"attempted_providers":["bing","gdelt","web"],"had_errors":true}

      at Logger.log (src/utils/logger.ts:69:13)

    console.log
      {"timestamp":"2026-03-13T19:15:39.824Z","level":"INFO","event":"ORCHESTRATOR_STAGE_3_COMPLETE","service":"evidenceOrchestrator","pass_number":2,"stage":3,"provider":"none","sources_retrieved":0,"
cache_hit":false,"latency_ms":2}

      at EvidenceOrchestrator.executePass (src/orchestration/evidenceOrchestrator.ts:471:23)

    console.log
      {"timestamp":"2026-03-13T19:15:39.824Z","level":"INFO","event":"ORCHESTRATOR_STAGED_EXECUTION_COMPLETE","service":"evidenceOrchestrator","pass_number":2,"sources_retrieved":0,"max_stage_reached":
3,"provider_budget_used":{"mediastack":2,"gdelt":0,"bing":0},"provider_cooldowns_active":["gdelt"],"cache_hits":1}

      at EvidenceOrchestrator.executePass (src/orchestration/evidenceOrchestrator.ts:551:17)

    console.log
      {"timestamp":"2026-03-13T19:15:39.824Z","level":"INFO","service":"evidenceFilter","event":"filter_start","candidate_count":0}

      at EvidenceFilter.logFilterStart (src/orchestration/evidenceFilter.ts:193:13)

    console.log
      {"timestamp":"2026-03-13T19:15:39.824Z","level":"INFO","service":"evidenceFilter","event":"filter_complete","total_candidates":0,"passed_count":0,"rejected_count":0,"pass_rate":0}

      at EvidenceFilter.logFilterComplete (src/orchestration/evidenceFilter.ts:208:13)

    console.log
      {"timestamp":"2026-03-13T19:15:39.824Z","level":"INFO","service":"evidenceOrchestrator","event":"pass_complete","pass_number":2,"evidence_count":0,"source_classes":[],"average_quality":0,"thresho
ld_met":false}

      at EvidenceOrchestrator.logPassComplete (src/orchestration/evidenceOrchestrator.ts:807:13)

    console.log
      {"timestamp":"2026-03-13T19:15:39.824Z","level":"INFO","service":"evidenceOrchestrator","event":"orchestration_complete","passes_executed":2,"total_evidence":0,"source_classes":[],"average_qualit
y":0,"threshold_met":false}

      at EvidenceOrchestrator.logOrchestrationComplete (src/orchestration/evidenceOrchestrator.ts:826:13)

    console.log
      {"timestamp":"2026-03-13T19:15:39.825Z","level":"INFO","service":"contradictionSearcher","event":"search_start","query_count":0}

      at ContradictionSearcher.logSearchStart (src/orchestration/contradictionSearcher.ts:142:13)

    console.log
      {"timestamp":"2026-03-13T19:15:39.825Z","level":"INFO","service":"verdictSynthesizer","event":"synthesis_start","supporting_count":0,"contradicting_count":0}

      at VerdictSynthesizer.logSynthesisStart (src/orchestration/verdictSynthesizer.ts:118:13)

    console.log
      {"event":"bedrock_invocation","model":"amazon.nova-lite-v1:0","provider":"AWS Bedrock","request_id":"6d454f92-5a78-4af9-99ad-2d9dc0ea1e27","timestamp":"2026-03-13T19:15:39.825Z"}

      at invokeNova (src/services/novaClient.ts:313:11)

    console.error
      {"event":"bedrock_error","reason":"Unknown error","request_id":"6d454f92-5a78-4af9-99ad-2d9dc0ea1e27","timestamp":"2026-03-13T19:15:39.825Z"}

    [0m [90m 360 |[39m
     [90m 361 |[39m     [90m// Log Bedrock error[39m
    [31m[1m>[22m[39m[90m 362 |[39m     console[33m.[39merror([33mJSON[39m[33m.[39mstringify({
     [90m     |[39m             [31m[1m^[22m[39m
     [90m 363 |[39m       event[33m:[39m [32m'bedrock_error'[39m[33m,[39m
     [90m 364 |[39m       reason[33m:[39m error [36minstanceof[39m [33mError[39m [33m?[39m error[33m.[39mmessage [33m:[39m [32m'Unknown error'[39m[33m,[39m
     [90m 365 |[39m       request_id[33m:[39m requestId[33m,[39m[0m

      at invokeNova (src/services/novaClient.ts:362:13)
      at synthesizeVerdict (src/services/novaClient.ts:902:22)
      at VerdictSynthesizer.synthesize (src/orchestration/verdictSynthesizer.ts:42:23)
      at analyzeWithIterativeOrchestration (src/orchestration/iterativeOrchestrationPipeline.ts:236:21)
      at Object.<anonymous> (src/orchestration/iterativeOrchestrationPipeline.test.ts:115:22)

    console.log
      {"timestamp":"2026-03-13T19:15:39.825Z","level":"INFO","service":"verdictSynthesizer","event":"synthesis_success","classification":"unverified","confidence":0.3,"supported_subclaims":0,"unsupport
ed_subclaims":1}

      at VerdictSynthesizer.logSynthesisSuccess (src/orchestration/verdictSynthesizer.ts:134:13)

    console.log
      {"timestamp":"2026-03-13T19:15:39.825Z","level":"info","service":"fakenewsoff-backend","message":"Provider failure details 
propagated","event":"PROVIDER_FAILURE_DETAILS_PROPAGATED","requestId":"a46f394e-6337-406f-996e-defa8c8fcdf9","entry_count":2,"providers":["gdelt"]}

      at Logger.log (src/utils/logger.ts:69:13)

PASS src/orchestration/iterativeOrchestrationPipeline.bugCondition.test.ts (10.64 s)
  ΓùÅ Console

    console.warn
      ΓÜá∩╕Å  MEDIASTACK_API_KEY not set - Mediastack provider will not be available

    [0m [90m 125 |[39m       availableProviders[33m.[39mpush([32m'Mediastack'[39m)[33m;[39m
     [90m 126 |[39m     } [36melse[39m {
    [31m[1m>[22m[39m[90m 127 |[39m       console[33m.[39mwarn([32m'ΓÜá∩╕Å  MEDIASTACK_API_KEY not set - Mediastack provider will not be available'[39m)[33m;[39m
     [90m     |[39m               [31m[1m^[22m[39m
     [90m 128 |[39m     }
     [90m 129 |[39m     
     [90m 130 |[39m     [36mif[39m (parsed[33m.[39m[33mBING_NEWS_KEY[39m) {[0m

      at validateEnv (src/utils/envValidation.ts:127:15)
      at getEnv (src/utils/envValidation.ts:149:10)
      at new GroundingCache (src/services/groundingCache.ts:21:23)
      at getGroundingCache (src/services/groundingCache.ts:105:21)
      at new GroundingService (src/services/groundingService.ts:38:36)
      at getGroundingService (src/services/groundingService.ts:1782:23)
      at analyzeWithIterativeOrchestration (src/orchestration/iterativeOrchestrationPipeline.ts:64:49)
      at Object.<anonymous> (src/orchestration/iterativeOrchestrationPipeline.bugCondition.test.ts:42:59)

    console.warn
      ΓÜá∩╕Å  BING_NEWS_KEY not set - Bing News provider will not be available

    [0m [90m 131 |[39m       availableProviders[33m.[39mpush([32m'Bing News'[39m)[33m;[39m
     [90m 132 |[39m     } [36melse[39m {
    [31m[1m>[22m[39m[90m 133 |[39m       console[33m.[39mwarn([32m'ΓÜá∩╕Å  BING_NEWS_KEY not set - Bing News provider will not be available'[39m)[33m;[39m
     [90m     |[39m               [31m[1m^[22m[39m
     [90m 134 |[39m     }
     [90m 135 |[39m     
     [90m 136 |[39m     [90m// GDELT is always available (no API key required)[39m[0m

      at validateEnv (src/utils/envValidation.ts:133:15)
      at getEnv (src/utils/envValidation.ts:149:10)
      at new GroundingCache (src/services/groundingCache.ts:21:23)
      at getGroundingCache (src/services/groundingCache.ts:105:21)
      at new GroundingService (src/services/groundingService.ts:38:36)
      at getGroundingService (src/services/groundingService.ts:1782:23)
      at analyzeWithIterativeOrchestration (src/orchestration/iterativeOrchestrationPipeline.ts:64:49)
      at Object.<anonymous> (src/orchestration/iterativeOrchestrationPipeline.bugCondition.test.ts:42:59)

    console.log
      Γ£ô Available news providers: GDELT

      at validateEnv (src/utils/envValidation.ts:139:13)

    console.warn
      ΓÜá∩╕Å  MEDIASTACK_API_KEY not set - Mediastack provider will not be available

    [0m [90m 125 |[39m       availableProviders[33m.[39mpush([32m'Mediastack'[39m)[33m;[39m
     [90m 126 |[39m     } [36melse[39m {
    [31m[1m>[22m[39m[90m 127 |[39m       console[33m.[39mwarn([32m'ΓÜá∩╕Å  MEDIASTACK_API_KEY not set - Mediastack provider will not be available'[39m)[33m;[39m
     [90m     |[39m               [31m[1m^[22m[39m
     [90m 128 |[39m     }
     [90m 129 |[39m     
     [90m 130 |[39m     [36mif[39m (parsed[33m.[39m[33mBING_NEWS_KEY[39m) {[0m

      at validateEnv (src/utils/envValidation.ts:127:15)
      at getEnv (src/utils/envValidation.ts:149:10)
      at new GroundingService (src/services/groundingService.ts:44:23)
      at getGroundingService (src/services/groundingService.ts:1782:23)
      at analyzeWithIterativeOrchestration (src/orchestration/iterativeOrchestrationPipeline.ts:64:49)
      at Object.<anonymous> (src/orchestration/iterativeOrchestrationPipeline.bugCondition.test.ts:42:59)

    console.warn
      ΓÜá∩╕Å  BING_NEWS_KEY not set - Bing News provider will not be available

    [0m [90m 131 |[39m       availableProviders[33m.[39mpush([32m'Bing News'[39m)[33m;[39m
     [90m 132 |[39m     } [36melse[39m {
    [31m[1m>[22m[39m[90m 133 |[39m       console[33m.[39mwarn([32m'ΓÜá∩╕Å  BING_NEWS_KEY not set - Bing News provider will not be available'[39m)[33m;[39m
     [90m     |[39m               [31m[1m^[22m[39m
     [90m 134 |[39m     }
     [90m 135 |[39m     
     [90m 136 |[39m     [90m// GDELT is always available (no API key required)[39m[0m

      at validateEnv (src/utils/envValidation.ts:133:15)
      at getEnv (src/utils/envValidation.ts:149:10)
      at new GroundingService (src/services/groundingService.ts:44:23)
      at getGroundingService (src/services/groundingService.ts:1782:23)
      at analyzeWithIterativeOrchestration (src/orchestration/iterativeOrchestrationPipeline.ts:64:49)
      at Object.<anonymous> (src/orchestration/iterativeOrchestrationPipeline.bugCondition.test.ts:42:59)

    console.log
      Γ£ô Available news providers: GDELT

      at validateEnv (src/utils/envValidation.ts:139:13)

    console.log
      {"timestamp":"2026-03-13T19:15:35.319Z","level":"info","service":"fakenewsoff-backend","message":"Initializing 
GroundingService","event":"grounding_service_init","enabled":true,"provider_order_configured":["bing","gdelt"]}

      at Logger.log (src/utils/logger.ts:69:13)

    console.warn
      ΓÜá∩╕Å  MEDIASTACK_API_KEY not set - Mediastack provider will not be available

    [0m [90m 125 |[39m       availableProviders[33m.[39mpush([32m'Mediastack'[39m)[33m;[39m
     [90m 126 |[39m     } [36melse[39m {
    [31m[1m>[22m[39m[90m 127 |[39m       console[33m.[39mwarn([32m'ΓÜá∩╕Å  MEDIASTACK_API_KEY not set - Mediastack provider will not be available'[39m)[33m;[39m
     [90m     |[39m               [31m[1m^[22m[39m
     [90m 128 |[39m     }
     [90m 129 |[39m     
     [90m 130 |[39m     [36mif[39m (parsed[33m.[39m[33mBING_NEWS_KEY[39m) {[0m

      at validateEnv (src/utils/envValidation.ts:127:15)
      at getEnv (src/utils/envValidation.ts:149:10)
      at new BingNewsClient (src/clients/bingNewsClient.ts:37:23)
      at new GroundingService (src/services/groundingService.ts:63:25)
      at getGroundingService (src/services/groundingService.ts:1782:23)
      at analyzeWithIterativeOrchestration (src/orchestration/iterativeOrchestrationPipeline.ts:64:49)
      at Object.<anonymous> (src/orchestration/iterativeOrchestrationPipeline.bugCondition.test.ts:42:59)

    console.warn
      ΓÜá∩╕Å  BING_NEWS_KEY not set - Bing News provider will not be available

    [0m [90m 131 |[39m       availableProviders[33m.[39mpush([32m'Bing News'[39m)[33m;[39m
     [90m 132 |[39m     } [36melse[39m {
    [31m[1m>[22m[39m[90m 133 |[39m       console[33m.[39mwarn([32m'ΓÜá∩╕Å  BING_NEWS_KEY not set - Bing News provider will not be available'[39m)[33m;[39m
     [90m     |[39m               [31m[1m^[22m[39m
     [90m 134 |[39m     }
     [90m 135 |[39m     
     [90m 136 |[39m     [90m// GDELT is always available (no API key required)[39m[0m

      at validateEnv (src/utils/envValidation.ts:133:15)
      at getEnv (src/utils/envValidation.ts:149:10)
      at new BingNewsClient (src/clients/bingNewsClient.ts:37:23)
      at new GroundingService (src/services/groundingService.ts:63:25)
      at getGroundingService (src/services/groundingService.ts:1782:23)
      at analyzeWithIterativeOrchestration (src/orchestration/iterativeOrchestrationPipeline.ts:64:49)
      at Object.<anonymous> (src/orchestration/iterativeOrchestrationPipeline.bugCondition.test.ts:42:59)

    console.log
      Γ£ô Available news providers: GDELT

      at validateEnv (src/utils/envValidation.ts:139:13)

    console.log
      {"timestamp":"2026-03-13T19:15:35.323Z","level":"info","service":"fakenewsoff-backend","message":"Bing News client not available (no API 
key)","event":"provider_init_skipped","provider":"bing","reason":"missing_api_key"}

      at Logger.log (src/utils/logger.ts:69:13)

    console.warn
      ΓÜá∩╕Å  MEDIASTACK_API_KEY not set - Mediastack provider will not be available

    [0m [90m 125 |[39m       availableProviders[33m.[39mpush([32m'Mediastack'[39m)[33m;[39m
     [90m 126 |[39m     } [36melse[39m {
    [31m[1m>[22m[39m[90m 127 |[39m       console[33m.[39mwarn([32m'ΓÜá∩╕Å  MEDIASTACK_API_KEY not set - Mediastack provider will not be available'[39m)[33m;[39m
     [90m     |[39m               [31m[1m^[22m[39m
     [90m 128 |[39m     }
     [90m 129 |[39m     
     [90m 130 |[39m     [36mif[39m (parsed[33m.[39m[33mBING_NEWS_KEY[39m) {[0m

      at validateEnv (src/utils/envValidation.ts:127:15)
      at getEnv (src/utils/envValidation.ts:149:10)
      at new BingWebClient (src/clients/bingWebClient.ts:65:23)
      at new GroundingService (src/services/groundingService.ts:80:28)
      at getGroundingService (src/services/groundingService.ts:1782:23)
      at analyzeWithIterativeOrchestration (src/orchestration/iterativeOrchestrationPipeline.ts:64:49)
      at Object.<anonymous> (src/orchestration/iterativeOrchestrationPipeline.bugCondition.test.ts:42:59)

    console.warn
      ΓÜá∩╕Å  BING_NEWS_KEY not set - Bing News provider will not be available

    [0m [90m 131 |[39m       availableProviders[33m.[39mpush([32m'Bing News'[39m)[33m;[39m
     [90m 132 |[39m     } [36melse[39m {
    [31m[1m>[22m[39m[90m 133 |[39m       console[33m.[39mwarn([32m'ΓÜá∩╕Å  BING_NEWS_KEY not set - Bing News provider will not be available'[39m)[33m;[39m
     [90m     |[39m               [31m[1m^[22m[39m
     [90m 134 |[39m     }
     [90m 135 |[39m     
     [90m 136 |[39m     [90m// GDELT is always available (no API key required)[39m[0m

      at validateEnv (src/utils/envValidation.ts:133:15)
      at getEnv (src/utils/envValidation.ts:149:10)
      at new BingWebClient (src/clients/bingWebClient.ts:65:23)
      at new GroundingService (src/services/groundingService.ts:80:28)
      at getGroundingService (src/services/groundingService.ts:1782:23)
      at analyzeWithIterativeOrchestration (src/orchestration/iterativeOrchestrationPipeline.ts:64:49)
      at Object.<anonymous> (src/orchestration/iterativeOrchestrationPipeline.bugCondition.test.ts:42:59)

    console.log
      Γ£ô Available news providers: GDELT

      at validateEnv (src/utils/envValidation.ts:139:13)

    console.log
      {"timestamp":"2026-03-13T19:15:35.327Z","level":"info","service":"fakenewsoff-backend","message":"Bing Web Search client not available (no API 
key)","event":"provider_init_skipped","provider":"bing_web","reason":"missing_api_key"}

      at Logger.log (src/utils/logger.ts:69:13)

    console.warn
      ΓÜá∩╕Å  MEDIASTACK_API_KEY not set - Mediastack provider will not be available

    [0m [90m 125 |[39m       availableProviders[33m.[39mpush([32m'Mediastack'[39m)[33m;[39m
     [90m 126 |[39m     } [36melse[39m {
    [31m[1m>[22m[39m[90m 127 |[39m       console[33m.[39mwarn([32m'ΓÜá∩╕Å  MEDIASTACK_API_KEY not set - Mediastack provider will not be available'[39m)[33m;[39m
     [90m     |[39m               [31m[1m^[22m[39m
     [90m 128 |[39m     }
     [90m 129 |[39m     
     [90m 130 |[39m     [36mif[39m (parsed[33m.[39m[33mBING_NEWS_KEY[39m) {[0m

      at validateEnv (src/utils/envValidation.ts:127:15)
      at getEnv (src/utils/envValidation.ts:149:10)
      at new MediastackClient (src/clients/mediastackClient.ts:66:23)
      at new GroundingService (src/services/groundingService.ts:97:31)
      at getGroundingService (src/services/groundingService.ts:1782:23)
      at analyzeWithIterativeOrchestration (src/orchestration/iterativeOrchestrationPipeline.ts:64:49)
      at Object.<anonymous> (src/orchestration/iterativeOrchestrationPipeline.bugCondition.test.ts:42:59)

    console.warn
      ΓÜá∩╕Å  BING_NEWS_KEY not set - Bing News provider will not be available

    [0m [90m 131 |[39m       availableProviders[33m.[39mpush([32m'Bing News'[39m)[33m;[39m
     [90m 132 |[39m     } [36melse[39m {
    [31m[1m>[22m[39m[90m 133 |[39m       console[33m.[39mwarn([32m'ΓÜá∩╕Å  BING_NEWS_KEY not set - Bing News provider will not be available'[39m)[33m;[39m
     [90m     |[39m               [31m[1m^[22m[39m
     [90m 134 |[39m     }
     [90m 135 |[39m     
     [90m 136 |[39m     [90m// GDELT is always available (no API key required)[39m[0m

      at validateEnv (src/utils/envValidation.ts:133:15)
      at getEnv (src/utils/envValidation.ts:149:10)
      at new MediastackClient (src/clients/mediastackClient.ts:66:23)
      at new GroundingService (src/services/groundingService.ts:97:31)
      at getGroundingService (src/services/groundingService.ts:1782:23)
      at analyzeWithIterativeOrchestration (src/orchestration/iterativeOrchestrationPipeline.ts:64:49)
      at Object.<anonymous> (src/orchestration/iterativeOrchestrationPipeline.bugCondition.test.ts:42:59)

    console.log
      Γ£ô Available news providers: GDELT

      at validateEnv (src/utils/envValidation.ts:139:13)

    console.log
      {"timestamp":"2026-03-13T19:15:35.332Z","level":"info","service":"fakenewsoff-backend","message":"Mediastack client not available (no API 
key)","event":"provider_init_skipped","provider":"mediastack","reason":"missing_api_key"}

      at Logger.log (src/utils/logger.ts:69:13)

    console.warn
      ΓÜá∩╕Å  MEDIASTACK_API_KEY not set - Mediastack provider will not be available

    [0m [90m 125 |[39m       availableProviders[33m.[39mpush([32m'Mediastack'[39m)[33m;[39m
     [90m 126 |[39m     } [36melse[39m {
    [31m[1m>[22m[39m[90m 127 |[39m       console[33m.[39mwarn([32m'ΓÜá∩╕Å  MEDIASTACK_API_KEY not set - Mediastack provider will not be available'[39m)[33m;[39m
     [90m     |[39m               [31m[1m^[22m[39m
     [90m 128 |[39m     }
     [90m 129 |[39m     
     [90m 130 |[39m     [36mif[39m (parsed[33m.[39m[33mBING_NEWS_KEY[39m) {[0m

      at validateEnv (src/utils/envValidation.ts:127:15)
      at getEnv (src/utils/envValidation.ts:149:10)
      at new GDELTClient (src/clients/gdeltClient.ts:36:23)
      at new GroundingService (src/services/groundingService.ts:113:24)
      at getGroundingService (src/services/groundingService.ts:1782:23)
      at analyzeWithIterativeOrchestration (src/orchestration/iterativeOrchestrationPipeline.ts:64:49)
      at Object.<anonymous> (src/orchestration/iterativeOrchestrationPipeline.bugCondition.test.ts:42:59)

    console.warn
      ΓÜá∩╕Å  BING_NEWS_KEY not set - Bing News provider will not be available

    [0m [90m 131 |[39m       availableProviders[33m.[39mpush([32m'Bing News'[39m)[33m;[39m
     [90m 132 |[39m     } [36melse[39m {
    [31m[1m>[22m[39m[90m 133 |[39m       console[33m.[39mwarn([32m'ΓÜá∩╕Å  BING_NEWS_KEY not set - Bing News provider will not be available'[39m)[33m;[39m
     [90m     |[39m               [31m[1m^[22m[39m
     [90m 134 |[39m     }
     [90m 135 |[39m     
     [90m 136 |[39m     [90m// GDELT is always available (no API key required)[39m[0m

      at validateEnv (src/utils/envValidation.ts:133:15)
      at getEnv (src/utils/envValidation.ts:149:10)
      at new GDELTClient (src/clients/gdeltClient.ts:36:23)
      at new GroundingService (src/services/groundingService.ts:113:24)
      at getGroundingService (src/services/groundingService.ts:1782:23)
      at analyzeWithIterativeOrchestration (src/orchestration/iterativeOrchestrationPipeline.ts:64:49)
      at Object.<anonymous> (src/orchestration/iterativeOrchestrationPipeline.bugCondition.test.ts:42:59)

    console.log
      Γ£ô Available news providers: GDELT

      at validateEnv (src/utils/envValidation.ts:139:13)

    console.log
      {"timestamp":"2026-03-13T19:15:35.336Z","level":"info","service":"fakenewsoff-backend","message":"GDELT client initialized","event":"provider_init_success","provider":"gdelt"}

      at Logger.log (src/utils/logger.ts:69:13)

    console.log
      {"timestamp":"2026-03-13T19:15:35.336Z","level":"info","service":"fakenewsoff-backend","message":"GroundingService initialization 
complete","event":"grounding_service_ready","enabled":true,"provider_order_configured":["bing","gdelt"],"providers_available":["gdelt"],"max_results":10}

      at Logger.log (src/utils/logger.ts:69:13)

    console.log
      {"timestamp":"2026-03-13T19:15:35.337Z","level":"INFO","service":"claimDecomposer","event":"decomposition_start","claim_length":57}

      at ClaimDecomposer.logDecompositionStart (src/orchestration/claimDecomposer.ts:52:13)

    console.log
      {"event":"bedrock_invocation","model":"amazon.nova-lite-v1:0","provider":"AWS Bedrock","request_id":"f6708f57-7e5c-4a5c-8b61-999e02a4b336","timestamp":"2026-03-13T19:15:35.347Z"}

      at invokeNova (src/services/novaClient.ts:313:11)

    console.error
      {"event":"bedrock_error","reason":"Unknown error","request_id":"f6708f57-7e5c-4a5c-8b61-999e02a4b336","timestamp":"2026-03-13T19:15:35.360Z"}

    [0m [90m 360 |[39m
     [90m 361 |[39m     [90m// Log Bedrock error[39m
    [31m[1m>[22m[39m[90m 362 |[39m     console[33m.[39merror([33mJSON[39m[33m.[39mstringify({
     [90m     |[39m             [31m[1m^[22m[39m
     [90m 363 |[39m       event[33m:[39m [32m'bedrock_error'[39m[33m,[39m
     [90m 364 |[39m       reason[33m:[39m error [36minstanceof[39m [33mError[39m [33m?[39m error[33m.[39mmessage [33m:[39m [32m'Unknown error'[39m[33m,[39m
     [90m 365 |[39m       request_id[33m:[39m requestId[33m,[39m[0m

      at invokeNova (src/services/novaClient.ts:362:13)
      at decomposeClaimToSubclaims (src/services/novaClient.ts:568:22)
      at ClaimDecomposer.decompose (src/orchestration/claimDecomposer.ts:25:29)
      at analyzeWithIterativeOrchestration (src/orchestration/iterativeOrchestrationPipeline.ts:93:27)
      at Object.<anonymous> (src/orchestration/iterativeOrchestrationPipeline.bugCondition.test.ts:42:20)

    console.log
      {"timestamp":"2026-03-13T19:15:35.361Z","level":"INFO","service":"claimDecomposer","event":"decomposition_success","subclaim_count":1,"subclaim_types":["action"],"subclaim_texts":["Breaking news 
Russia Ukraine war latest developmen"]}

      at ClaimDecomposer.logDecompositionSuccess (src/orchestration/claimDecomposer.ts:67:13)

    console.log
      {"timestamp":"2026-03-13T19:15:35.362Z","level":"INFO","service":"queryGenerator","event":"generation_start","original_claim":"Breaking news Russia Ukraine war latest developments 
2024","subclaim_count":1}

      at QueryGenerator.logGenerationStart (src/orchestration/queryGenerator.ts:119:13)

    console.log
      {"timestamp":"2026-03-13T19:15:35.365Z","level":"INFO","service":"queryGenerator","event":"query_variants_generated","queries_before_dedup":["Breaking news Russia Ukraine war latest developments 
2024","Breaking Russia Ukraine latest news","Breaking Russia Ukraine updates","breaking news russia ukraine this week","Breaking Russia Ukraine Reuters BBC AP","what is breaking news 
russia"],"queries_count":6,"entities_extracted":["Breaking","Russia Ukraine"],"key_phrases_extracted":["breaking","news","russia","ukraine","war"]}

      at QueryGenerator.generateQueries (src/orchestration/queryGenerator.ts:28:13)

    console.log
      {"timestamp":"2026-03-13T19:15:35.365Z","level":"INFO","service":"queryGenerator","event":"orchestrator_queries_finalized","queries_after_dedup":["Breaking news Russia Ukraine war latest 
developments 2024","Breaking Russia Ukraine latest news","Breaking Russia Ukraine updates","breaking news russia ukraine this week","Breaking Russia Ukraine Reuters BBC AP","what is breaking news 
russia"],"queries_count":6,"query_types":["exact","date_sensitive","entity_action","date_sensitive","official_confirmation","date_sensitive"]}

      at QueryGenerator.generateQueries (src/orchestration/queryGenerator.ts:68:13)

    console.log
      {"timestamp":"2026-03-13T19:15:35.366Z","level":"INFO","service":"queryGenerator","event":"generation_success","query_count":6,"query_types":["exact","date_sensitive","entity_action","date_sensit
ive","official_confirmation","date_sensitive"],"query_texts":["Breaking news Russia Ukraine war latest developments 2024","Breaking Russia Ukraine latest news","Breaking Russia Ukraine 
updates","breaking news russia ukraine this week","Breaking Russia Ukraine Reuters BBC AP","what is breaking news russia"]}

      at QueryGenerator.logGenerationSuccess (src/orchestration/queryGenerator.ts:135:13)

    console.log
      {"timestamp":"2026-03-13T19:15:35.366Z","level":"INFO","service":"evidenceOrchestrator","event":"orchestration_start","query_count":6,"max_passes":3}

      at EvidenceOrchestrator.logOrchestrationStart (src/orchestration/evidenceOrchestrator.ts:775:13)

    console.log
      {"timestamp":"2026-03-13T19:15:35.370Z","level":"INFO","service":"evidenceOrchestrator","event":"pass_start","pass_number":1,"query_count":5}

      at EvidenceOrchestrator.logPassStart (src/orchestration/evidenceOrchestrator.ts:791:13)

    console.log
      {"timestamp":"2026-03-13T19:15:35.371Z","level":"INFO","event":"ORCHESTRATOR_STAGED_EXECUTION_START","service":"evidenceOrchestrator","pass_number":1,"query_count":5,"orchestration_method_used":"
stagedExecution","fix_version":"production_retrieval_efficiency_v3"}

      at EvidenceOrchestrator.executePass (src/orchestration/evidenceOrchestrator.ts:115:17)

    console.log
      {"timestamp":"2026-03-13T19:15:35.371Z","level":"INFO","event":"ORCHESTRATOR_STAGE_1_START","service":"evidenceOrchestrator","pass_number":1,"stage":1,"query":"Breaking news Russia Ukraine war 
latest developments 2024","provider":"mediastack"}

      at EvidenceOrchestrator.executePass (src/orchestration/evidenceOrchestrator.ts:160:19)

    console.log
      {"timestamp":"2026-03-13T19:15:35.374Z","level":"info","service":"fakenewsoff-backend","message":"Grounding request started","event":"grounding_start","query_terms":"breaking news russia ukraine 
war latest developments 2024","provider_order":["bing","gdelt"],"demo_mode":false}

      at Logger.log (src/utils/logger.ts:69:13)

    console.log
      {"timestamp":"2026-03-13T19:15:35.375Z","level":"info","service":"fakenewsoff-backend","message":"Grounding cache miss","event":"grounding_cache_miss","query":"breaking news russia ukraine war 
latest developments 2024"}

      at Logger.log (src/utils/logger.ts:69:13)

    console.log
      {"timestamp":"2026-03-13T19:15:35.377Z","level":"info","service":"fakenewsoff-backend","message":"Starting adaptive freshness cascade with historical 
detection","event":"adaptive_freshness_start","is_historical":false,"confidence":0,"retrieval_mode":"news_recent","strategies":["7d","30d","web"],"timeout_budget_ms":5000}

      at Logger.log (src/utils/logger.ts:69:13)

    console.log
      {"timestamp":"2026-03-13T19:15:35.377Z","level":"info","service":"fakenewsoff-backend","message":"Trying freshness 
strategy","event":"adaptive_freshness_retry","strategy":"7d","retry_count":0,"elapsed_ms":1}

      at Logger.log (src/utils/logger.ts:69:13)

    console.log
      {"timestamp":"2026-03-13T19:15:35.379Z","level":"info","service":"fakenewsoff-backend","message":"Trying providers with freshness 
strategy","event":"adaptive_freshness_attempt","freshness_strategy":"7d","bing_freshness":"Week","gdelt_timespan":"7d"}

      at Logger.log (src/utils/logger.ts:69:13)

    console.log
      {"timestamp":"2026-03-13T19:15:35.380Z","level":"info","service":"fakenewsoff-backend","message":"Skipping Bing News provider (client not 
initialized)","event":"provider_attempt_skipped","provider":"bing","freshness":"7d","reason":"client_not_initialized"}

      at Logger.log (src/utils/logger.ts:69:13)

    console.warn
      ΓÜá∩╕Å  MEDIASTACK_API_KEY not set - Mediastack provider will not be available

    [0m [90m 125 |[39m       availableProviders[33m.[39mpush([32m'Mediastack'[39m)[33m;[39m
     [90m 126 |[39m     } [36melse[39m {
    [31m[1m>[22m[39m[90m 127 |[39m       console[33m.[39mwarn([32m'ΓÜá∩╕Å  MEDIASTACK_API_KEY not set - Mediastack provider will not be available'[39m)[33m;[39m
     [90m     |[39m               [31m[1m^[22m[39m
     [90m 128 |[39m     }
     [90m 129 |[39m     
     [90m 130 |[39m     [36mif[39m (parsed[33m.[39m[33mBING_NEWS_KEY[39m) {[0m

      at validateEnv (src/utils/envValidation.ts:127:15)
      at getEnv (src/utils/envValidation.ts:149:10)
      at new GDELTThrottle (src/services/gdeltThrottle.ts:27:23)
      at getGDELTThrottle (src/services/gdeltThrottle.ts:86:24)
      at GroundingService.tryProvidersWithFreshness (src/services/groundingService.ts:1261:42)
      at GroundingService.tryProvidersWithAdaptiveFreshness (src/services/groundingService.ts:1560:29)
      at GroundingService.ground (src/services/groundingService.ts:245:31)
      at EvidenceOrchestrator.executePass (src/orchestration/evidenceOrchestrator.ts:177:30)
      at EvidenceOrchestrator.orchestrate (src/orchestration/evidenceOrchestrator.ts:62:28)
      at analyzeWithIterativeOrchestration (src/orchestration/iterativeOrchestrationPipeline.ts:138:27)
      at Object.<anonymous> (src/orchestration/iterativeOrchestrationPipeline.bugCondition.test.ts:42:20)

    console.warn
      ΓÜá∩╕Å  BING_NEWS_KEY not set - Bing News provider will not be available

    [0m [90m 131 |[39m       availableProviders[33m.[39mpush([32m'Bing News'[39m)[33m;[39m
     [90m 132 |[39m     } [36melse[39m {
    [31m[1m>[22m[39m[90m 133 |[39m       console[33m.[39mwarn([32m'ΓÜá∩╕Å  BING_NEWS_KEY not set - Bing News provider will not be available'[39m)[33m;[39m
     [90m     |[39m               [31m[1m^[22m[39m
     [90m 134 |[39m     }
     [90m 135 |[39m     
     [90m 136 |[39m     [90m// GDELT is always available (no API key required)[39m[0m

      at validateEnv (src/utils/envValidation.ts:133:15)
      at getEnv (src/utils/envValidation.ts:149:10)
      at new GDELTThrottle (src/services/gdeltThrottle.ts:27:23)
      at getGDELTThrottle (src/services/gdeltThrottle.ts:86:24)
      at GroundingService.tryProvidersWithFreshness (src/services/groundingService.ts:1261:42)
      at GroundingService.tryProvidersWithAdaptiveFreshness (src/services/groundingService.ts:1560:29)
      at GroundingService.ground (src/services/groundingService.ts:245:31)
      at EvidenceOrchestrator.executePass (src/orchestration/evidenceOrchestrator.ts:177:30)
      at EvidenceOrchestrator.orchestrate (src/orchestration/evidenceOrchestrator.ts:62:28)
      at analyzeWithIterativeOrchestration (src/orchestration/iterativeOrchestrationPipeline.ts:138:27)
      at Object.<anonymous> (src/orchestration/iterativeOrchestrationPipeline.bugCondition.test.ts:42:20)

    console.log
      Γ£ô Available news providers: GDELT

      at validateEnv (src/utils/envValidation.ts:139:13)

    console.log
      {"timestamp":"2026-03-13T19:15:35.382Z","level":"info","service":"fakenewsoff-backend","message":"Attempting GDELT provider with 
timespan","event":"provider_attempt","provider":"gdelt","timespan":"7d"}

      at Logger.log (src/utils/logger.ts:69:13)

    console.log
      {"timestamp":"2026-03-13T19:15:37.628Z","level":"warn","service":"fakenewsoff-backend","message":"GDELT API error response","event":"gdelt_error","status":429,"attempt":1,"max_attempts":2}

      at Logger.log (src/utils/logger.ts:69:13)

    console.log
      {"timestamp":"2026-03-13T19:15:37.628Z","level":"warn","service":"fakenewsoff-backend","message":"GDELT API network error","event":"gdelt_network_error","error_message":"GDELT API error: 429 Too 
Many Requests - Please limit requests to one every 5 seconds or contact kalev.leetaru5@gmail.com for larger queries.\n\n","attempt":1,"max_attempts":2,"will_retry":true}

      at Logger.log (src/utils/logger.ts:69:13)

    console.log
      {"timestamp":"2026-03-13T19:15:39.858Z","level":"warn","service":"fakenewsoff-backend","message":"GDELT API error response","event":"gdelt_error","status":429,"attempt":2,"max_attempts":2}

      at Logger.log (src/utils/logger.ts:69:13)

    console.log
      {"timestamp":"2026-03-13T19:15:39.858Z","level":"warn","service":"fakenewsoff-backend","message":"GDELT API network error","event":"gdelt_network_error","error_message":"GDELT API error: 429 Too 
Many Requests - Please limit requests to one every 5 seconds or contact kalev.leetaru5@gmail.com for larger queries.\n\n","attempt":2,"max_attempts":2,"will_retry":false}

      at Logger.log (src/utils/logger.ts:69:13)

    console.log
      {"timestamp":"2026-03-13T19:15:39.859Z","level":"info","service":"fakenewsoff-backend","message":"Provider cooldown 
set","event":"provider_cooldown_set","provider":"gdelt","reason":"rate_limit","duration_ms":300000,"until_timestamp":1773429639859}

      at Logger.log (src/utils/logger.ts:69:13)

    console.log
      {"timestamp":"2026-03-13T19:15:39.859Z","level":"warn","service":"fakenewsoff-backend","message":"GDELT provider failed with 
timespan","event":"provider_failure","provider":"gdelt","timespan":"7d","latency_ms":4476,"error":"GDELT API network error: GDELT API error: 429 Too Many Requests - Please limit requests to one every"}

      at Logger.log (src/utils/logger.ts:69:13)

    console.log
      {"timestamp":"2026-03-13T19:15:39.859Z","level":"info","service":"fakenewsoff-backend","message":"Freshness strategy returned zero 
results","event":"adaptive_freshness_strategy_failed","strategy":"7d","retry_count":0}

      at Logger.log (src/utils/logger.ts:69:13)

    console.log
      {"timestamp":"2026-03-13T19:15:39.859Z","level":"info","service":"fakenewsoff-backend","message":"Trying freshness 
strategy","event":"adaptive_freshness_retry","strategy":"30d","retry_count":1,"elapsed_ms":4483}

      at Logger.log (src/utils/logger.ts:69:13)

    console.log
      {"timestamp":"2026-03-13T19:15:39.859Z","level":"info","service":"fakenewsoff-backend","message":"Trying providers with freshness 
strategy","event":"adaptive_freshness_attempt","freshness_strategy":"30d","bing_freshness":"Month","gdelt_timespan":"30d"}

      at Logger.log (src/utils/logger.ts:69:13)

    console.log
      {"timestamp":"2026-03-13T19:15:39.859Z","level":"info","service":"fakenewsoff-backend","message":"Skipping Bing News provider (client not 
initialized)","event":"provider_attempt_skipped","provider":"bing","freshness":"30d","reason":"client_not_initialized"}

      at Logger.log (src/utils/logger.ts:69:13)

    console.log
      {"timestamp":"2026-03-13T19:15:39.860Z","level":"info","service":"fakenewsoff-backend","message":"Skipping GDELT provider (cooldown 
active)","event":"provider_attempt_skipped","provider":"gdelt","freshness":"30d","reason":"cooldown_active","cooldown_reason":"rate_limit","remaining_ms":299999}

      at Logger.log (src/utils/logger.ts:69:13)

    console.log
      {"timestamp":"2026-03-13T19:15:39.860Z","level":"info","service":"fakenewsoff-backend","message":"Freshness strategy returned zero 
results","event":"adaptive_freshness_strategy_failed","strategy":"30d","retry_count":1}

      at Logger.log (src/utils/logger.ts:69:13)

    console.log
      {"timestamp":"2026-03-13T19:15:39.860Z","level":"info","service":"fakenewsoff-backend","message":"Trying freshness 
strategy","event":"adaptive_freshness_retry","strategy":"web","retry_count":2,"elapsed_ms":4484}

      at Logger.log (src/utils/logger.ts:69:13)

    console.log
      {"timestamp":"2026-03-13T19:15:39.860Z","level":"warn","service":"fakenewsoff-backend","message":"Web search not available","event":"web_search_unavailable"}

      at Logger.log (src/utils/logger.ts:69:13)

    console.log
      {"timestamp":"2026-03-13T19:15:39.861Z","level":"info","service":"fakenewsoff-backend","message":"Freshness strategy returned zero 
results","event":"adaptive_freshness_strategy_failed","strategy":"web","retry_count":2}

      at Logger.log (src/utils/logger.ts:69:13)

    console.log
      {"timestamp":"2026-03-13T19:15:39.861Z","level":"warn","service":"fakenewsoff-backend","message":"All adaptive freshness strategies 
exhausted","event":"adaptive_freshness_exhausted","strategies_tried":3,"total_elapsed_ms":4485}

      at Logger.log (src/utils/logger.ts:69:13)

    console.log
      {"timestamp":"2026-03-13T19:15:39.861Z","level":"info","service":"fakenewsoff-backend","message":"Grounding request 
completed","event":"grounding_done","provider_used":"none","total_latency_ms":4485,"sources_returned":0,"sources_raw":0,"attempted_providers":["bing","gdelt","web"],"had_errors":true}

      at Logger.log (src/utils/logger.ts:69:13)

    console.log
      {"timestamp":"2026-03-13T19:15:39.862Z","level":"INFO","event":"ORCHESTRATOR_STAGE_1_COMPLETE","service":"evidenceOrchestrator","pass_number":1,"stage":1,"provider":"none","sources_retrieved":0,"
cache_hit":false,"latency_ms":4491}

      at EvidenceOrchestrator.executePass (src/orchestration/evidenceOrchestrator.ts:219:23)

    console.log
      {"timestamp":"2026-03-13T19:15:39.862Z","level":"INFO","event":"ORCHESTRATOR_STAGE_2_START","service":"evidenceOrchestrator","pass_number":1,"stage":2,"query":"Breaking news Russia Ukraine war 
latest developments 2024","provider":"gdelt"}

      at EvidenceOrchestrator.executePass (src/orchestration/evidenceOrchestrator.ts:280:19)

    console.log
      {"timestamp":"2026-03-13T19:15:39.862Z","level":"INFO","event":"ORCHESTRATOR_STAGE_2_SKIPPED","service":"evidenceOrchestrator","pass_number":1,"stage":2,"provider":"gdelt","reason":"cooldown_acti
ve","cooldown_reason":"rate_limit","remaining_ms":299997}

      at EvidenceOrchestrator.executePass (src/orchestration/evidenceOrchestrator.ts:380:21)

    console.log
      {"timestamp":"2026-03-13T19:15:39.862Z","level":"INFO","event":"ORCHESTRATOR_STAGE_3_START","service":"evidenceOrchestrator","pass_number":1,"stage":3,"query":"Breaking Russia Ukraine 
updates","provider":"mediastack"}

      at EvidenceOrchestrator.executePass (src/orchestration/evidenceOrchestrator.ts:415:21)

    console.log
      {"timestamp":"2026-03-13T19:15:39.863Z","level":"info","service":"fakenewsoff-backend","message":"Grounding request started","event":"grounding_start","query_terms":"breaking russia ukraine 
updates","provider_order":["bing","gdelt"],"demo_mode":false}

      at Logger.log (src/utils/logger.ts:69:13)

    console.log
      {"timestamp":"2026-03-13T19:15:39.863Z","level":"info","service":"fakenewsoff-backend","message":"Grounding cache miss","event":"grounding_cache_miss","query":"breaking russia ukraine updates"}

      at Logger.log (src/utils/logger.ts:69:13)

    console.log
      {"timestamp":"2026-03-13T19:15:39.863Z","level":"info","service":"fakenewsoff-backend","message":"Starting adaptive freshness cascade with historical 
detection","event":"adaptive_freshness_start","is_historical":false,"confidence":0,"retrieval_mode":"news_recent","strategies":["7d","30d","web"],"timeout_budget_ms":5000}

      at Logger.log (src/utils/logger.ts:69:13)

    console.log
      {"timestamp":"2026-03-13T19:15:39.863Z","level":"info","service":"fakenewsoff-backend","message":"Trying freshness 
strategy","event":"adaptive_freshness_retry","strategy":"7d","retry_count":0,"elapsed_ms":0}

      at Logger.log (src/utils/logger.ts:69:13)

    console.log
      {"timestamp":"2026-03-13T19:15:39.863Z","level":"info","service":"fakenewsoff-backend","message":"Trying providers with freshness 
strategy","event":"adaptive_freshness_attempt","freshness_strategy":"7d","bing_freshness":"Week","gdelt_timespan":"7d"}

      at Logger.log (src/utils/logger.ts:69:13)

    console.log
      {"timestamp":"2026-03-13T19:15:39.864Z","level":"info","service":"fakenewsoff-backend","message":"Skipping Bing News provider (client not 
initialized)","event":"provider_attempt_skipped","provider":"bing","freshness":"7d","reason":"client_not_initialized"}

      at Logger.log (src/utils/logger.ts:69:13)

    console.log
      {"timestamp":"2026-03-13T19:15:39.864Z","level":"info","service":"fakenewsoff-backend","message":"Skipping GDELT provider (cooldown 
active)","event":"provider_attempt_skipped","provider":"gdelt","freshness":"7d","reason":"cooldown_active","cooldown_reason":"rate_limit","remaining_ms":299995}

      at Logger.log (src/utils/logger.ts:69:13)

    console.log
      {"timestamp":"2026-03-13T19:15:39.864Z","level":"info","service":"fakenewsoff-backend","message":"Freshness strategy returned zero 
results","event":"adaptive_freshness_strategy_failed","strategy":"7d","retry_count":0}

      at Logger.log (src/utils/logger.ts:69:13)

    console.log
      {"timestamp":"2026-03-13T19:15:39.864Z","level":"info","service":"fakenewsoff-backend","message":"Trying freshness 
strategy","event":"adaptive_freshness_retry","strategy":"30d","retry_count":1,"elapsed_ms":1}

      at Logger.log (src/utils/logger.ts:69:13)

    console.log
      {"timestamp":"2026-03-13T19:15:39.864Z","level":"info","service":"fakenewsoff-backend","message":"Trying providers with freshness 
strategy","event":"adaptive_freshness_attempt","freshness_strategy":"30d","bing_freshness":"Month","gdelt_timespan":"30d"}

      at Logger.log (src/utils/logger.ts:69:13)

    console.log
      {"timestamp":"2026-03-13T19:15:39.864Z","level":"info","service":"fakenewsoff-backend","message":"Skipping Bing News provider (client not 
initialized)","event":"provider_attempt_skipped","provider":"bing","freshness":"30d","reason":"client_not_initialized"}

      at Logger.log (src/utils/logger.ts:69:13)

    console.log
      {"timestamp":"2026-03-13T19:15:39.865Z","level":"info","service":"fakenewsoff-backend","message":"Skipping GDELT provider (cooldown 
active)","event":"provider_attempt_skipped","provider":"gdelt","freshness":"30d","reason":"cooldown_active","cooldown_reason":"rate_limit","remaining_ms":299994}

      at Logger.log (src/utils/logger.ts:69:13)

    console.log
      {"timestamp":"2026-03-13T19:15:39.865Z","level":"info","service":"fakenewsoff-backend","message":"Freshness strategy returned zero 
results","event":"adaptive_freshness_strategy_failed","strategy":"30d","retry_count":1}

      at Logger.log (src/utils/logger.ts:69:13)

    console.log
      {"timestamp":"2026-03-13T19:15:39.865Z","level":"info","service":"fakenewsoff-backend","message":"Trying freshness 
strategy","event":"adaptive_freshness_retry","strategy":"web","retry_count":2,"elapsed_ms":2}

      at Logger.log (src/utils/logger.ts:69:13)

    console.log
      {"timestamp":"2026-03-13T19:15:39.865Z","level":"warn","service":"fakenewsoff-backend","message":"Web search not available","event":"web_search_unavailable"}

      at Logger.log (src/utils/logger.ts:69:13)

    console.log
      {"timestamp":"2026-03-13T19:15:39.865Z","level":"info","service":"fakenewsoff-backend","message":"Freshness strategy returned zero 
results","event":"adaptive_freshness_strategy_failed","strategy":"web","retry_count":2}

      at Logger.log (src/utils/logger.ts:69:13)

    console.log
      {"timestamp":"2026-03-13T19:15:39.865Z","level":"warn","service":"fakenewsoff-backend","message":"All adaptive freshness strategies 
exhausted","event":"adaptive_freshness_exhausted","strategies_tried":3,"total_elapsed_ms":2}

      at Logger.log (src/utils/logger.ts:69:13)

    console.log
      {"timestamp":"2026-03-13T19:15:39.866Z","level":"info","service":"fakenewsoff-backend","message":"Grounding request 
completed","event":"grounding_done","provider_used":"none","total_latency_ms":2,"sources_returned":0,"sources_raw":0,"attempted_providers":["bing","gdelt","web"],"had_errors":true}

      at Logger.log (src/utils/logger.ts:69:13)

    console.log
      {"timestamp":"2026-03-13T19:15:39.866Z","level":"INFO","event":"ORCHESTRATOR_STAGE_3_COMPLETE","service":"evidenceOrchestrator","pass_number":1,"stage":3,"provider":"none","sources_retrieved":0,"
cache_hit":false,"latency_ms":3}

      at EvidenceOrchestrator.executePass (src/orchestration/evidenceOrchestrator.ts:471:23)

    console.log
      {"timestamp":"2026-03-13T19:15:39.866Z","level":"INFO","event":"ORCHESTRATOR_STAGED_EXECUTION_COMPLETE","service":"evidenceOrchestrator","pass_number":1,"sources_retrieved":0,"max_stage_reached":
3,"provider_budget_used":{"mediastack":2,"gdelt":0,"bing":0},"provider_cooldowns_active":["gdelt"],"cache_hits":0}

      at EvidenceOrchestrator.executePass (src/orchestration/evidenceOrchestrator.ts:551:17)

    console.log
      {"timestamp":"2026-03-13T19:15:39.866Z","level":"INFO","service":"evidenceFilter","event":"filter_start","candidate_count":0}

      at EvidenceFilter.logFilterStart (src/orchestration/evidenceFilter.ts:193:13)

    console.log
      {"timestamp":"2026-03-13T19:15:39.867Z","level":"INFO","service":"evidenceFilter","event":"filter_complete","total_candidates":0,"passed_count":0,"rejected_count":0,"pass_rate":0}

      at EvidenceFilter.logFilterComplete (src/orchestration/evidenceFilter.ts:208:13)

    console.log
      {"timestamp":"2026-03-13T19:15:39.867Z","level":"INFO","service":"evidenceOrchestrator","event":"pass_complete","pass_number":1,"evidence_count":0,"source_classes":[],"average_quality":0,"thresho
ld_met":false}

      at EvidenceOrchestrator.logPassComplete (src/orchestration/evidenceOrchestrator.ts:807:13)

    console.log
      {"timestamp":"2026-03-13T19:15:39.867Z","level":"INFO","service":"evidenceOrchestrator","event":"pass_start","pass_number":2,"query_count":1}

      at EvidenceOrchestrator.logPassStart (src/orchestration/evidenceOrchestrator.ts:791:13)

    console.log
      {"timestamp":"2026-03-13T19:15:39.867Z","level":"INFO","event":"ORCHESTRATOR_STAGED_EXECUTION_START","service":"evidenceOrchestrator","pass_number":2,"query_count":1,"orchestration_method_used":"
stagedExecution","fix_version":"production_retrieval_efficiency_v3"}

      at EvidenceOrchestrator.executePass (src/orchestration/evidenceOrchestrator.ts:115:17)

    console.log
      {"timestamp":"2026-03-13T19:15:39.867Z","level":"INFO","event":"ORCHESTRATOR_STAGE_1_START","service":"evidenceOrchestrator","pass_number":2,"stage":1,"query":"Breaking Russia Ukraine Reuters 
BBC AP","provider":"mediastack"}

      at EvidenceOrchestrator.executePass (src/orchestration/evidenceOrchestrator.ts:160:19)

    console.log
      {"timestamp":"2026-03-13T19:15:39.867Z","level":"info","service":"fakenewsoff-backend","message":"Grounding request started","event":"grounding_start","query_terms":"breaking russia ukraine 
reuters bbc ap","provider_order":["bing","gdelt"],"demo_mode":false}

      at Logger.log (src/utils/logger.ts:69:13)

    console.log
      {"timestamp":"2026-03-13T19:15:39.868Z","level":"info","service":"fakenewsoff-backend","message":"Grounding cache miss","event":"grounding_cache_miss","query":"breaking russia ukraine reuters 
bbc ap"}

      at Logger.log (src/utils/logger.ts:69:13)

    console.log
      {"timestamp":"2026-03-13T19:15:39.868Z","level":"info","service":"fakenewsoff-backend","message":"Starting adaptive freshness cascade with historical 
detection","event":"adaptive_freshness_start","is_historical":false,"confidence":0,"retrieval_mode":"news_recent","strategies":["7d","30d","web"],"timeout_budget_ms":5000}

      at Logger.log (src/utils/logger.ts:69:13)

    console.log
      {"timestamp":"2026-03-13T19:15:39.868Z","level":"info","service":"fakenewsoff-backend","message":"Trying freshness 
strategy","event":"adaptive_freshness_retry","strategy":"7d","retry_count":0,"elapsed_ms":0}

      at Logger.log (src/utils/logger.ts:69:13)

    console.log
      {"timestamp":"2026-03-13T19:15:39.868Z","level":"info","service":"fakenewsoff-backend","message":"Trying providers with freshness 
strategy","event":"adaptive_freshness_attempt","freshness_strategy":"7d","bing_freshness":"Week","gdelt_timespan":"7d"}

      at Logger.log (src/utils/logger.ts:69:13)

    console.log
      {"timestamp":"2026-03-13T19:15:39.868Z","level":"info","service":"fakenewsoff-backend","message":"Skipping Bing News provider (client not 
initialized)","event":"provider_attempt_skipped","provider":"bing","freshness":"7d","reason":"client_not_initialized"}

      at Logger.log (src/utils/logger.ts:69:13)

    console.log
      {"timestamp":"2026-03-13T19:15:39.868Z","level":"info","service":"fakenewsoff-backend","message":"Skipping GDELT provider (cooldown 
active)","event":"provider_attempt_skipped","provider":"gdelt","freshness":"7d","reason":"cooldown_active","cooldown_reason":"rate_limit","remaining_ms":299991}

      at Logger.log (src/utils/logger.ts:69:13)

    console.log
      {"timestamp":"2026-03-13T19:15:39.869Z","level":"info","service":"fakenewsoff-backend","message":"Freshness strategy returned zero 
results","event":"adaptive_freshness_strategy_failed","strategy":"7d","retry_count":0}

      at Logger.log (src/utils/logger.ts:69:13)

    console.log
      {"timestamp":"2026-03-13T19:15:39.869Z","level":"info","service":"fakenewsoff-backend","message":"Trying freshness 
strategy","event":"adaptive_freshness_retry","strategy":"30d","retry_count":1,"elapsed_ms":1}

      at Logger.log (src/utils/logger.ts:69:13)

    console.log
      {"timestamp":"2026-03-13T19:15:39.869Z","level":"info","service":"fakenewsoff-backend","message":"Trying providers with freshness 
strategy","event":"adaptive_freshness_attempt","freshness_strategy":"30d","bing_freshness":"Month","gdelt_timespan":"30d"}

      at Logger.log (src/utils/logger.ts:69:13)

    console.log
      {"timestamp":"2026-03-13T19:15:39.869Z","level":"info","service":"fakenewsoff-backend","message":"Skipping Bing News provider (client not 
initialized)","event":"provider_attempt_skipped","provider":"bing","freshness":"30d","reason":"client_not_initialized"}

      at Logger.log (src/utils/logger.ts:69:13)

    console.log
      {"timestamp":"2026-03-13T19:15:39.869Z","level":"info","service":"fakenewsoff-backend","message":"Skipping GDELT provider (cooldown 
active)","event":"provider_attempt_skipped","provider":"gdelt","freshness":"30d","reason":"cooldown_active","cooldown_reason":"rate_limit","remaining_ms":299990}

      at Logger.log (src/utils/logger.ts:69:13)

    console.log
      {"timestamp":"2026-03-13T19:15:39.869Z","level":"info","service":"fakenewsoff-backend","message":"Freshness strategy returned zero 
results","event":"adaptive_freshness_strategy_failed","strategy":"30d","retry_count":1}

      at Logger.log (src/utils/logger.ts:69:13)

    console.log
      {"timestamp":"2026-03-13T19:15:39.869Z","level":"info","service":"fakenewsoff-backend","message":"Trying freshness 
strategy","event":"adaptive_freshness_retry","strategy":"web","retry_count":2,"elapsed_ms":1}

      at Logger.log (src/utils/logger.ts:69:13)

    console.log
      {"timestamp":"2026-03-13T19:15:39.869Z","level":"warn","service":"fakenewsoff-backend","message":"Web search not available","event":"web_search_unavailable"}

      at Logger.log (src/utils/logger.ts:69:13)

    console.log
      {"timestamp":"2026-03-13T19:15:39.870Z","level":"info","service":"fakenewsoff-backend","message":"Freshness strategy returned zero 
results","event":"adaptive_freshness_strategy_failed","strategy":"web","retry_count":2}

      at Logger.log (src/utils/logger.ts:69:13)

    console.log
      {"timestamp":"2026-03-13T19:15:39.870Z","level":"warn","service":"fakenewsoff-backend","message":"All adaptive freshness strategies 
exhausted","event":"adaptive_freshness_exhausted","strategies_tried":3,"total_elapsed_ms":2}

      at Logger.log (src/utils/logger.ts:69:13)

    console.log
      {"timestamp":"2026-03-13T19:15:39.870Z","level":"info","service":"fakenewsoff-backend","message":"Grounding request 
completed","event":"grounding_done","provider_used":"none","total_latency_ms":2,"sources_returned":0,"sources_raw":0,"attempted_providers":["bing","gdelt","web"],"had_errors":true}

      at Logger.log (src/utils/logger.ts:69:13)

    console.log
      {"timestamp":"2026-03-13T19:15:39.870Z","level":"INFO","event":"ORCHESTRATOR_STAGE_1_COMPLETE","service":"evidenceOrchestrator","pass_number":2,"stage":1,"provider":"none","sources_retrieved":0,"
cache_hit":false,"latency_ms":3}

      at EvidenceOrchestrator.executePass (src/orchestration/evidenceOrchestrator.ts:219:23)

    console.log
      {"timestamp":"2026-03-13T19:15:39.870Z","level":"INFO","event":"ORCHESTRATOR_STAGE_2_START","service":"evidenceOrchestrator","pass_number":2,"stage":2,"query":"Breaking Russia Ukraine Reuters 
BBC AP","provider":"gdelt"}

      at EvidenceOrchestrator.executePass (src/orchestration/evidenceOrchestrator.ts:280:19)

    console.log
      {"timestamp":"2026-03-13T19:15:39.870Z","level":"INFO","event":"ORCHESTRATOR_STAGE_2_SKIPPED","service":"evidenceOrchestrator","pass_number":2,"stage":2,"provider":"gdelt","reason":"cooldown_acti
ve","cooldown_reason":"rate_limit","remaining_ms":299989}

      at EvidenceOrchestrator.executePass (src/orchestration/evidenceOrchestrator.ts:380:21)

    console.log
      {"timestamp":"2026-03-13T19:15:39.870Z","level":"INFO","event":"ORCHESTRATOR_STAGED_EXECUTION_COMPLETE","service":"evidenceOrchestrator","pass_number":2,"sources_retrieved":0,"max_stage_reached":
2,"provider_budget_used":{"mediastack":1,"gdelt":0,"bing":0},"provider_cooldowns_active":["gdelt"],"cache_hits":0}

      at EvidenceOrchestrator.executePass (src/orchestration/evidenceOrchestrator.ts:551:17)

    console.log
      {"timestamp":"2026-03-13T19:15:39.870Z","level":"INFO","service":"evidenceFilter","event":"filter_start","candidate_count":0}

      at EvidenceFilter.logFilterStart (src/orchestration/evidenceFilter.ts:193:13)

    console.log
      {"timestamp":"2026-03-13T19:15:39.870Z","level":"INFO","service":"evidenceFilter","event":"filter_complete","total_candidates":0,"passed_count":0,"rejected_count":0,"pass_rate":0}

      at EvidenceFilter.logFilterComplete (src/orchestration/evidenceFilter.ts:208:13)

    console.log
      {"timestamp":"2026-03-13T19:15:39.871Z","level":"INFO","service":"evidenceOrchestrator","event":"pass_complete","pass_number":2,"evidence_count":0,"source_classes":[],"average_quality":0,"thresho
ld_met":false}

      at EvidenceOrchestrator.logPassComplete (src/orchestration/evidenceOrchestrator.ts:807:13)

    console.log
      {"timestamp":"2026-03-13T19:15:39.871Z","level":"INFO","service":"evidenceOrchestrator","event":"orchestration_complete","passes_executed":2,"total_evidence":0,"source_classes":[],"average_qualit
y":0,"threshold_met":false}

      at EvidenceOrchestrator.logOrchestrationComplete (src/orchestration/evidenceOrchestrator.ts:826:13)

    console.log
      {"timestamp":"2026-03-13T19:15:39.871Z","level":"INFO","service":"contradictionSearcher","event":"search_start","query_count":0}

      at ContradictionSearcher.logSearchStart (src/orchestration/contradictionSearcher.ts:142:13)

    console.log
      {"timestamp":"2026-03-13T19:15:39.872Z","level":"INFO","service":"verdictSynthesizer","event":"synthesis_start","supporting_count":0,"contradicting_count":0}

      at VerdictSynthesizer.logSynthesisStart (src/orchestration/verdictSynthesizer.ts:118:13)

    console.log
      {"event":"bedrock_invocation","model":"amazon.nova-lite-v1:0","provider":"AWS Bedrock","request_id":"50592500-7fd9-4428-b3eb-e8ea2f8df904","timestamp":"2026-03-13T19:15:39.873Z"}

      at invokeNova (src/services/novaClient.ts:313:11)

    console.error
      {"event":"bedrock_error","reason":"Unknown error","request_id":"50592500-7fd9-4428-b3eb-e8ea2f8df904","timestamp":"2026-03-13T19:15:39.874Z"}

    [0m [90m 360 |[39m
     [90m 361 |[39m     [90m// Log Bedrock error[39m
    [31m[1m>[22m[39m[90m 362 |[39m     console[33m.[39merror([33mJSON[39m[33m.[39mstringify({
     [90m     |[39m             [31m[1m^[22m[39m
     [90m 363 |[39m       event[33m:[39m [32m'bedrock_error'[39m[33m,[39m
     [90m 364 |[39m       reason[33m:[39m error [36minstanceof[39m [33mError[39m [33m?[39m error[33m.[39mmessage [33m:[39m [32m'Unknown error'[39m[33m,[39m
     [90m 365 |[39m       request_id[33m:[39m requestId[33m,[39m[0m

      at invokeNova (src/services/novaClient.ts:362:13)
      at synthesizeVerdict (src/services/novaClient.ts:902:22)
      at VerdictSynthesizer.synthesize (src/orchestration/verdictSynthesizer.ts:42:23)
      at analyzeWithIterativeOrchestration (src/orchestration/iterativeOrchestrationPipeline.ts:236:21)
      at Object.<anonymous> (src/orchestration/iterativeOrchestrationPipeline.bugCondition.test.ts:42:20)

    console.log
      {"timestamp":"2026-03-13T19:15:39.874Z","level":"INFO","service":"verdictSynthesizer","event":"synthesis_success","classification":"unverified","confidence":0.3,"supported_subclaims":0,"unsupport
ed_subclaims":1}

      at VerdictSynthesizer.logSynthesisSuccess (src/orchestration/verdictSynthesizer.ts:134:13)

    console.log
      {"timestamp":"2026-03-13T19:15:39.874Z","level":"info","service":"fakenewsoff-backend","message":"Provider failure details 
propagated","event":"PROVIDER_FAILURE_DETAILS_PROPAGATED","requestId":"f5b6493b-1688-4823-af42-fb1ff96bdb7f","entry_count":1,"providers":["gdelt"]}

      at Logger.log (src/utils/logger.ts:69:13)

    console.log
      === RETRIEVAL STATUS ===

      at Object.<anonymous> (src/orchestration/iterativeOrchestrationPipeline.bugCondition.test.ts:45:13)

    console.log
      Mode: degraded

      at Object.<anonymous> (src/orchestration/iterativeOrchestrationPipeline.bugCondition.test.ts:46:13)

    console.log
      Status: failed

      at Object.<anonymous> (src/orchestration/iterativeOrchestrationPipeline.bugCondition.test.ts:47:13)

    console.log
      Providers attempted: [ 'mediastack', 'gdelt' ]

      at Object.<anonymous> (src/orchestration/iterativeOrchestrationPipeline.bugCondition.test.ts:48:13)

    console.log
      Providers succeeded: []

      at Object.<anonymous> (src/orchestration/iterativeOrchestrationPipeline.bugCondition.test.ts:49:13)

    console.log
      Providers failed: [ 'mediastack', 'gdelt' ]

      at Object.<anonymous> (src/orchestration/iterativeOrchestrationPipeline.bugCondition.test.ts:50:13)

    console.log
      Provider failure details: [
        {
          provider: 'gdelt',
          query: 'Breaking Russia Ukraine Reuters BBC AP',
          reason: 'rate_limit',
          stage: 'attempt_failed',
          rawCount: 0,
          normalizedCount: 0,
          acceptedCount: 0,
          errorMessage: 'Provider on cooldown (rate_limit, 300s remaining)'
        }
      ]

      at Object.<anonymous> (src/orchestration/iterativeOrchestrationPipeline.bugCondition.test.ts:51:13)

    console.log
      === BUG CONDITION COUNTEREXAMPLE ===

      at Object.<anonymous> (src/orchestration/iterativeOrchestrationPipeline.bugCondition.test.ts:71:15)

    console.log
      Providers failed: 2

      at Object.<anonymous> (src/orchestration/iterativeOrchestrationPipeline.bugCondition.test.ts:72:15)

    console.log
      Failure details count: 1

      at Object.<anonymous> (src/orchestration/iterativeOrchestrationPipeline.bugCondition.test.ts:73:15)

    console.log
      Failure details: [
        {
          "provider": "gdelt",
          "query": "Breaking Russia Ukraine Reuters BBC AP",
          "reason": "rate_limit",
          "stage": "attempt_failed",
          "rawCount": 0,
          "normalizedCount": 0,
          "acceptedCount": 0,
          "errorMessage": "Provider on cooldown (rate_limit, 300s remaining)"
        }
      ]

      at Object.<anonymous> (src/orchestration/iterativeOrchestrationPipeline.bugCondition.test.ts:74:15)

    console.log
      {"timestamp":"2026-03-13T19:15:39.878Z","level":"INFO","service":"claimDecomposer","event":"decomposition_start","claim_length":43}

      at ClaimDecomposer.logDecompositionStart (src/orchestration/claimDecomposer.ts:52:13)

    console.log
      {"event":"bedrock_invocation","model":"amazon.nova-lite-v1:0","provider":"AWS Bedrock","request_id":"6d835c13-4bd0-4bc9-a30b-7163b5ef77d9","timestamp":"2026-03-13T19:15:39.878Z"}

      at invokeNova (src/services/novaClient.ts:313:11)

    console.error
      {"event":"bedrock_error","reason":"Unknown error","request_id":"6d835c13-4bd0-4bc9-a30b-7163b5ef77d9","timestamp":"2026-03-13T19:15:39.879Z"}

    [0m [90m 360 |[39m
     [90m 361 |[39m     [90m// Log Bedrock error[39m
    [31m[1m>[22m[39m[90m 362 |[39m     console[33m.[39merror([33mJSON[39m[33m.[39mstringify({
     [90m     |[39m             [31m[1m^[22m[39m
     [90m 363 |[39m       event[33m:[39m [32m'bedrock_error'[39m[33m,[39m
     [90m 364 |[39m       reason[33m:[39m error [36minstanceof[39m [33mError[39m [33m?[39m error[33m.[39mmessage [33m:[39m [32m'Unknown error'[39m[33m,[39m
     [90m 365 |[39m       request_id[33m:[39m requestId[33m,[39m[0m

      at invokeNova (src/services/novaClient.ts:362:13)
      at decomposeClaimToSubclaims (src/services/novaClient.ts:568:22)
      at ClaimDecomposer.decompose (src/orchestration/claimDecomposer.ts:25:29)
      at analyzeWithIterativeOrchestration (src/orchestration/iterativeOrchestrationPipeline.ts:93:27)
      at Object.<anonymous> (src/orchestration/iterativeOrchestrationPipeline.bugCondition.test.ts:98:20)

    console.log
      {"timestamp":"2026-03-13T19:15:39.879Z","level":"INFO","service":"claimDecomposer","event":"decomposition_success","subclaim_count":1,"subclaim_types":["action"],"subclaim_texts":["Test claim 
for provider failure propagation"]}

      at ClaimDecomposer.logDecompositionSuccess (src/orchestration/claimDecomposer.ts:67:13)

    console.log
      {"timestamp":"2026-03-13T19:15:39.879Z","level":"INFO","service":"queryGenerator","event":"generation_start","original_claim":"Test claim for provider failure propagation","subclaim_count":1}

      at QueryGenerator.logGenerationStart (src/orchestration/queryGenerator.ts:119:13)

    console.log
      {"timestamp":"2026-03-13T19:15:39.880Z","level":"INFO","service":"queryGenerator","event":"query_variants_generated","queries_before_dedup":["Test claim for provider failure propagation","Test 
news","test claim provider failure","what is test claim provider","Test test 
claim"],"queries_count":5,"entities_extracted":["Test"],"key_phrases_extracted":["test","claim","provider","failure","propagation"]}

      at QueryGenerator.generateQueries (src/orchestration/queryGenerator.ts:28:13)

    console.log
      {"timestamp":"2026-03-13T19:15:39.880Z","level":"INFO","service":"queryGenerator","event":"orchestrator_queries_finalized","queries_after_dedup":["Test claim for provider failure 
propagation","Test news","test claim provider failure","what is test claim provider","Test test 
claim"],"queries_count":5,"query_types":["exact","date_sensitive","regional","fact_check","entity_action"]}

      at QueryGenerator.generateQueries (src/orchestration/queryGenerator.ts:68:13)

    console.log
      {"timestamp":"2026-03-13T19:15:39.880Z","level":"INFO","service":"queryGenerator","event":"generation_success","query_count":5,"query_types":["exact","date_sensitive","regional","fact_check","ent
ity_action"],"query_texts":["Test claim for provider failure propagation","Test news","test claim provider failure","what is test claim provider","Test test claim"]}

      at QueryGenerator.logGenerationSuccess (src/orchestration/queryGenerator.ts:135:13)

    console.log
      {"timestamp":"2026-03-13T19:15:39.880Z","level":"INFO","service":"evidenceOrchestrator","event":"orchestration_start","query_count":5,"max_passes":3}

      at EvidenceOrchestrator.logOrchestrationStart (src/orchestration/evidenceOrchestrator.ts:775:13)

    console.log
      {"timestamp":"2026-03-13T19:15:39.880Z","level":"INFO","service":"evidenceOrchestrator","event":"pass_start","pass_number":1,"query_count":3}

      at EvidenceOrchestrator.logPassStart (src/orchestration/evidenceOrchestrator.ts:791:13)

    console.log
      {"timestamp":"2026-03-13T19:15:39.881Z","level":"INFO","event":"ORCHESTRATOR_STAGED_EXECUTION_START","service":"evidenceOrchestrator","pass_number":1,"query_count":3,"orchestration_method_used":"
stagedExecution","fix_version":"production_retrieval_efficiency_v3"}

      at EvidenceOrchestrator.executePass (src/orchestration/evidenceOrchestrator.ts:115:17)

    console.log
      {"timestamp":"2026-03-13T19:15:39.881Z","level":"INFO","event":"ORCHESTRATOR_STAGE_1_START","service":"evidenceOrchestrator","pass_number":1,"stage":1,"query":"Test claim for provider failure 
propagation","provider":"mediastack"}

      at EvidenceOrchestrator.executePass (src/orchestration/evidenceOrchestrator.ts:160:19)

    console.log
      {"timestamp":"2026-03-13T19:15:39.881Z","level":"info","service":"fakenewsoff-backend","message":"Grounding request started","event":"grounding_start","query_terms":"test claim provider failure 
propagation","provider_order":["bing","gdelt"],"demo_mode":false}

      at Logger.log (src/utils/logger.ts:69:13)

    console.log
      {"timestamp":"2026-03-13T19:15:39.881Z","level":"info","service":"fakenewsoff-backend","message":"Grounding cache miss","event":"grounding_cache_miss","query":"test claim provider failure 
propagation"}

      at Logger.log (src/utils/logger.ts:69:13)

    console.log
      {"timestamp":"2026-03-13T19:15:39.881Z","level":"info","service":"fakenewsoff-backend","message":"Starting adaptive freshness cascade with historical 
detection","event":"adaptive_freshness_start","is_historical":false,"confidence":0,"retrieval_mode":"news_recent","strategies":["7d","30d","web"],"timeout_budget_ms":5000}

      at Logger.log (src/utils/logger.ts:69:13)

    console.log
      {"timestamp":"2026-03-13T19:15:39.881Z","level":"info","service":"fakenewsoff-backend","message":"Trying freshness 
strategy","event":"adaptive_freshness_retry","strategy":"7d","retry_count":0,"elapsed_ms":0}

      at Logger.log (src/utils/logger.ts:69:13)

    console.log
      {"timestamp":"2026-03-13T19:15:39.881Z","level":"info","service":"fakenewsoff-backend","message":"Trying providers with freshness 
strategy","event":"adaptive_freshness_attempt","freshness_strategy":"7d","bing_freshness":"Week","gdelt_timespan":"7d"}

      at Logger.log (src/utils/logger.ts:69:13)

    console.log
      {"timestamp":"2026-03-13T19:15:39.881Z","level":"info","service":"fakenewsoff-backend","message":"Skipping Bing News provider (client not 
initialized)","event":"provider_attempt_skipped","provider":"bing","freshness":"7d","reason":"client_not_initialized"}

      at Logger.log (src/utils/logger.ts:69:13)

    console.log
      {"timestamp":"2026-03-13T19:15:39.882Z","level":"info","service":"fakenewsoff-backend","message":"Skipping GDELT provider (cooldown 
active)","event":"provider_attempt_skipped","provider":"gdelt","freshness":"7d","reason":"cooldown_active","cooldown_reason":"rate_limit","remaining_ms":299977}

      at Logger.log (src/utils/logger.ts:69:13)

    console.log
      {"timestamp":"2026-03-13T19:15:39.882Z","level":"info","service":"fakenewsoff-backend","message":"Freshness strategy returned zero 
results","event":"adaptive_freshness_strategy_failed","strategy":"7d","retry_count":0}

      at Logger.log (src/utils/logger.ts:69:13)

    console.log
      {"timestamp":"2026-03-13T19:15:39.882Z","level":"info","service":"fakenewsoff-backend","message":"Trying freshness 
strategy","event":"adaptive_freshness_retry","strategy":"30d","retry_count":1,"elapsed_ms":1}

      at Logger.log (src/utils/logger.ts:69:13)

    console.log
      {"timestamp":"2026-03-13T19:15:39.882Z","level":"info","service":"fakenewsoff-backend","message":"Trying providers with freshness 
strategy","event":"adaptive_freshness_attempt","freshness_strategy":"30d","bing_freshness":"Month","gdelt_timespan":"30d"}

      at Logger.log (src/utils/logger.ts:69:13)

    console.log
      {"timestamp":"2026-03-13T19:15:39.882Z","level":"info","service":"fakenewsoff-backend","message":"Skipping Bing News provider (client not 
initialized)","event":"provider_attempt_skipped","provider":"bing","freshness":"30d","reason":"client_not_initialized"}

      at Logger.log (src/utils/logger.ts:69:13)

    console.log
      {"timestamp":"2026-03-13T19:15:39.882Z","level":"info","service":"fakenewsoff-backend","message":"Skipping GDELT provider (cooldown 
active)","event":"provider_attempt_skipped","provider":"gdelt","freshness":"30d","reason":"cooldown_active","cooldown_reason":"rate_limit","remaining_ms":299977}

      at Logger.log (src/utils/logger.ts:69:13)

    console.log
      {"timestamp":"2026-03-13T19:15:39.882Z","level":"info","service":"fakenewsoff-backend","message":"Freshness strategy returned zero 
results","event":"adaptive_freshness_strategy_failed","strategy":"30d","retry_count":1}

      at Logger.log (src/utils/logger.ts:69:13)

    console.log
      {"timestamp":"2026-03-13T19:15:39.882Z","level":"info","service":"fakenewsoff-backend","message":"Trying freshness 
strategy","event":"adaptive_freshness_retry","strategy":"web","retry_count":2,"elapsed_ms":1}

      at Logger.log (src/utils/logger.ts:69:13)

    console.log
      {"timestamp":"2026-03-13T19:15:39.883Z","level":"warn","service":"fakenewsoff-backend","message":"Web search not available","event":"web_search_unavailable"}

      at Logger.log (src/utils/logger.ts:69:13)

    console.log
      {"timestamp":"2026-03-13T19:15:39.883Z","level":"info","service":"fakenewsoff-backend","message":"Freshness strategy returned zero 
results","event":"adaptive_freshness_strategy_failed","strategy":"web","retry_count":2}

      at Logger.log (src/utils/logger.ts:69:13)

    console.log
      {"timestamp":"2026-03-13T19:15:39.883Z","level":"warn","service":"fakenewsoff-backend","message":"All adaptive freshness strategies 
exhausted","event":"adaptive_freshness_exhausted","strategies_tried":3,"total_elapsed_ms":2}

      at Logger.log (src/utils/logger.ts:69:13)

    console.log
      {"timestamp":"2026-03-13T19:15:39.883Z","level":"info","service":"fakenewsoff-backend","message":"Grounding request 
completed","event":"grounding_done","provider_used":"none","total_latency_ms":2,"sources_returned":0,"sources_raw":0,"attempted_providers":["bing","gdelt","web"],"had_errors":true}

      at Logger.log (src/utils/logger.ts:69:13)

    console.log
      {"timestamp":"2026-03-13T19:15:39.883Z","level":"INFO","event":"ORCHESTRATOR_STAGE_1_COMPLETE","service":"evidenceOrchestrator","pass_number":1,"stage":1,"provider":"none","sources_retrieved":0,"
cache_hit":false,"latency_ms":2}

      at EvidenceOrchestrator.executePass (src/orchestration/evidenceOrchestrator.ts:219:23)

    console.log
      {"timestamp":"2026-03-13T19:15:39.883Z","level":"INFO","event":"ORCHESTRATOR_STAGE_2_START","service":"evidenceOrchestrator","pass_number":1,"stage":2,"query":"Test claim for provider failure 
propagation","provider":"gdelt"}

      at EvidenceOrchestrator.executePass (src/orchestration/evidenceOrchestrator.ts:280:19)

    console.log
      {"timestamp":"2026-03-13T19:15:39.883Z","level":"INFO","event":"ORCHESTRATOR_STAGE_2_SKIPPED","service":"evidenceOrchestrator","pass_number":1,"stage":2,"provider":"gdelt","reason":"cooldown_acti
ve","cooldown_reason":"rate_limit","remaining_ms":299976}

      at EvidenceOrchestrator.executePass (src/orchestration/evidenceOrchestrator.ts:380:21)

    console.log
      {"timestamp":"2026-03-13T19:15:39.883Z","level":"INFO","event":"ORCHESTRATOR_STAGE_3_START","service":"evidenceOrchestrator","pass_number":1,"stage":3,"query":"Test test 
claim","provider":"mediastack"}

      at EvidenceOrchestrator.executePass (src/orchestration/evidenceOrchestrator.ts:415:21)

    console.log
      {"timestamp":"2026-03-13T19:15:39.883Z","level":"info","service":"fakenewsoff-backend","message":"Grounding request started","event":"grounding_start","query_terms":"test test 
claim","provider_order":["bing","gdelt"],"demo_mode":false}

      at Logger.log (src/utils/logger.ts:69:13)

    console.log
      {"timestamp":"2026-03-13T19:15:39.884Z","level":"info","service":"fakenewsoff-backend","message":"Grounding cache miss","event":"grounding_cache_miss","query":"test test claim"}

      at Logger.log (src/utils/logger.ts:69:13)

    console.log
      {"timestamp":"2026-03-13T19:15:39.884Z","level":"info","service":"fakenewsoff-backend","message":"Starting adaptive freshness cascade with historical 
detection","event":"adaptive_freshness_start","is_historical":false,"confidence":0,"retrieval_mode":"news_recent","strategies":["7d","30d","web"],"timeout_budget_ms":5000}

      at Logger.log (src/utils/logger.ts:69:13)

    console.log
      {"timestamp":"2026-03-13T19:15:39.884Z","level":"info","service":"fakenewsoff-backend","message":"Trying freshness 
strategy","event":"adaptive_freshness_retry","strategy":"7d","retry_count":0,"elapsed_ms":0}

      at Logger.log (src/utils/logger.ts:69:13)

    console.log
      {"timestamp":"2026-03-13T19:15:39.884Z","level":"info","service":"fakenewsoff-backend","message":"Trying providers with freshness 
strategy","event":"adaptive_freshness_attempt","freshness_strategy":"7d","bing_freshness":"Week","gdelt_timespan":"7d"}

      at Logger.log (src/utils/logger.ts:69:13)

    console.log
      {"timestamp":"2026-03-13T19:15:39.884Z","level":"info","service":"fakenewsoff-backend","message":"Skipping Bing News provider (client not 
initialized)","event":"provider_attempt_skipped","provider":"bing","freshness":"7d","reason":"client_not_initialized"}

      at Logger.log (src/utils/logger.ts:69:13)

    console.log
      {"timestamp":"2026-03-13T19:15:39.884Z","level":"info","service":"fakenewsoff-backend","message":"Skipping GDELT provider (cooldown 
active)","event":"provider_attempt_skipped","provider":"gdelt","freshness":"7d","reason":"cooldown_active","cooldown_reason":"rate_limit","remaining_ms":299975}

      at Logger.log (src/utils/logger.ts:69:13)

    console.log
      {"timestamp":"2026-03-13T19:15:39.884Z","level":"info","service":"fakenewsoff-backend","message":"Freshness strategy returned zero 
results","event":"adaptive_freshness_strategy_failed","strategy":"7d","retry_count":0}

      at Logger.log (src/utils/logger.ts:69:13)

    console.log
      {"timestamp":"2026-03-13T19:15:39.884Z","level":"info","service":"fakenewsoff-backend","message":"Trying freshness 
strategy","event":"adaptive_freshness_retry","strategy":"30d","retry_count":1,"elapsed_ms":0}

      at Logger.log (src/utils/logger.ts:69:13)

    console.log
      {"timestamp":"2026-03-13T19:15:39.885Z","level":"info","service":"fakenewsoff-backend","message":"Trying providers with freshness 
strategy","event":"adaptive_freshness_attempt","freshness_strategy":"30d","bing_freshness":"Month","gdelt_timespan":"30d"}

      at Logger.log (src/utils/logger.ts:69:13)

    console.log
      {"timestamp":"2026-03-13T19:15:39.885Z","level":"info","service":"fakenewsoff-backend","message":"Skipping Bing News provider (client not 
initialized)","event":"provider_attempt_skipped","provider":"bing","freshness":"30d","reason":"client_not_initialized"}

      at Logger.log (src/utils/logger.ts:69:13)

    console.log
      {"timestamp":"2026-03-13T19:15:39.885Z","level":"info","service":"fakenewsoff-backend","message":"Skipping GDELT provider (cooldown 
active)","event":"provider_attempt_skipped","provider":"gdelt","freshness":"30d","reason":"cooldown_active","cooldown_reason":"rate_limit","remaining_ms":299974}

      at Logger.log (src/utils/logger.ts:69:13)

    console.log
      {"timestamp":"2026-03-13T19:15:39.885Z","level":"info","service":"fakenewsoff-backend","message":"Freshness strategy returned zero 
results","event":"adaptive_freshness_strategy_failed","strategy":"30d","retry_count":1}

      at Logger.log (src/utils/logger.ts:69:13)

    console.log
      {"timestamp":"2026-03-13T19:15:39.885Z","level":"info","service":"fakenewsoff-backend","message":"Trying freshness 
strategy","event":"adaptive_freshness_retry","strategy":"web","retry_count":2,"elapsed_ms":1}

      at Logger.log (src/utils/logger.ts:69:13)

    console.log
      {"timestamp":"2026-03-13T19:15:39.885Z","level":"warn","service":"fakenewsoff-backend","message":"Web search not available","event":"web_search_unavailable"}

      at Logger.log (src/utils/logger.ts:69:13)

    console.log
      {"timestamp":"2026-03-13T19:15:39.885Z","level":"info","service":"fakenewsoff-backend","message":"Freshness strategy returned zero 
results","event":"adaptive_freshness_strategy_failed","strategy":"web","retry_count":2}

      at Logger.log (src/utils/logger.ts:69:13)

    console.log
      {"timestamp":"2026-03-13T19:15:39.885Z","level":"warn","service":"fakenewsoff-backend","message":"All adaptive freshness strategies 
exhausted","event":"adaptive_freshness_exhausted","strategies_tried":3,"total_elapsed_ms":1}

      at Logger.log (src/utils/logger.ts:69:13)

    console.log
      {"timestamp":"2026-03-13T19:15:39.886Z","level":"info","service":"fakenewsoff-backend","message":"Grounding request 
completed","event":"grounding_done","provider_used":"none","total_latency_ms":1,"sources_returned":0,"sources_raw":0,"attempted_providers":["bing","gdelt","web"],"had_errors":true}

      at Logger.log (src/utils/logger.ts:69:13)

    console.log
      {"timestamp":"2026-03-13T19:15:39.886Z","level":"INFO","event":"ORCHESTRATOR_STAGE_3_COMPLETE","service":"evidenceOrchestrator","pass_number":1,"stage":3,"provider":"none","sources_retrieved":0,"
cache_hit":false,"latency_ms":3}

      at EvidenceOrchestrator.executePass (src/orchestration/evidenceOrchestrator.ts:471:23)

    console.log
      {"timestamp":"2026-03-13T19:15:39.886Z","level":"INFO","event":"ORCHESTRATOR_STAGED_EXECUTION_COMPLETE","service":"evidenceOrchestrator","pass_number":1,"sources_retrieved":0,"max_stage_reached":
3,"provider_budget_used":{"mediastack":2,"gdelt":0,"bing":0},"provider_cooldowns_active":["gdelt"],"cache_hits":0}

      at EvidenceOrchestrator.executePass (src/orchestration/evidenceOrchestrator.ts:551:17)

    console.log
      {"timestamp":"2026-03-13T19:15:39.886Z","level":"INFO","service":"evidenceFilter","event":"filter_start","candidate_count":0}

      at EvidenceFilter.logFilterStart (src/orchestration/evidenceFilter.ts:193:13)

    console.log
      {"timestamp":"2026-03-13T19:15:39.886Z","level":"INFO","service":"evidenceFilter","event":"filter_complete","total_candidates":0,"passed_count":0,"rejected_count":0,"pass_rate":0}

      at EvidenceFilter.logFilterComplete (src/orchestration/evidenceFilter.ts:208:13)

    console.log
      {"timestamp":"2026-03-13T19:15:39.886Z","level":"INFO","service":"evidenceOrchestrator","event":"pass_complete","pass_number":1,"evidence_count":0,"source_classes":[],"average_quality":0,"thresho
ld_met":false}

      at EvidenceOrchestrator.logPassComplete (src/orchestration/evidenceOrchestrator.ts:807:13)

    console.log
      {"timestamp":"2026-03-13T19:15:39.886Z","level":"INFO","service":"evidenceOrchestrator","event":"pass_start","pass_number":2,"query_count":2}

      at EvidenceOrchestrator.logPassStart (src/orchestration/evidenceOrchestrator.ts:791:13)

    console.log
      {"timestamp":"2026-03-13T19:15:39.886Z","level":"INFO","event":"ORCHESTRATOR_STAGED_EXECUTION_START","service":"evidenceOrchestrator","pass_number":2,"query_count":2,"orchestration_method_used":"
stagedExecution","fix_version":"production_retrieval_efficiency_v3"}

      at EvidenceOrchestrator.executePass (src/orchestration/evidenceOrchestrator.ts:115:17)

    console.log
      {"timestamp":"2026-03-13T19:15:39.886Z","level":"INFO","event":"ORCHESTRATOR_STAGE_1_START","service":"evidenceOrchestrator","pass_number":2,"stage":1,"query":"test claim provider 
failure","provider":"mediastack"}

      at EvidenceOrchestrator.executePass (src/orchestration/evidenceOrchestrator.ts:160:19)

    console.log
      {"timestamp":"2026-03-13T19:15:39.886Z","level":"info","service":"fakenewsoff-backend","message":"Grounding request started","event":"grounding_start","query_terms":"test claim provider 
failure","provider_order":["bing","gdelt"],"demo_mode":false}

      at Logger.log (src/utils/logger.ts:69:13)

    console.log
      {"timestamp":"2026-03-13T19:15:39.886Z","level":"info","service":"fakenewsoff-backend","message":"Grounding cache miss","event":"grounding_cache_miss","query":"test claim provider failure"}

      at Logger.log (src/utils/logger.ts:69:13)

    console.log
      {"timestamp":"2026-03-13T19:15:39.887Z","level":"info","service":"fakenewsoff-backend","message":"Starting adaptive freshness cascade with historical 
detection","event":"adaptive_freshness_start","is_historical":false,"confidence":0,"retrieval_mode":"news_recent","strategies":["7d","30d","web"],"timeout_budget_ms":5000}

      at Logger.log (src/utils/logger.ts:69:13)

    console.log
      {"timestamp":"2026-03-13T19:15:39.887Z","level":"info","service":"fakenewsoff-backend","message":"Trying freshness 
strategy","event":"adaptive_freshness_retry","strategy":"7d","retry_count":0,"elapsed_ms":0}

      at Logger.log (src/utils/logger.ts:69:13)

    console.log
      {"timestamp":"2026-03-13T19:15:39.887Z","level":"info","service":"fakenewsoff-backend","message":"Trying providers with freshness 
strategy","event":"adaptive_freshness_attempt","freshness_strategy":"7d","bing_freshness":"Week","gdelt_timespan":"7d"}

      at Logger.log (src/utils/logger.ts:69:13)

    console.log
      {"timestamp":"2026-03-13T19:15:39.887Z","level":"info","service":"fakenewsoff-backend","message":"Skipping Bing News provider (client not 
initialized)","event":"provider_attempt_skipped","provider":"bing","freshness":"7d","reason":"client_not_initialized"}

      at Logger.log (src/utils/logger.ts:69:13)

    console.log
      {"timestamp":"2026-03-13T19:15:39.887Z","level":"info","service":"fakenewsoff-backend","message":"Skipping GDELT provider (cooldown 
active)","event":"provider_attempt_skipped","provider":"gdelt","freshness":"7d","reason":"cooldown_active","cooldown_reason":"rate_limit","remaining_ms":299972}

      at Logger.log (src/utils/logger.ts:69:13)

    console.log
      {"timestamp":"2026-03-13T19:15:39.887Z","level":"info","service":"fakenewsoff-backend","message":"Freshness strategy returned zero 
results","event":"adaptive_freshness_strategy_failed","strategy":"7d","retry_count":0}

      at Logger.log (src/utils/logger.ts:69:13)

    console.log
      {"timestamp":"2026-03-13T19:15:39.887Z","level":"info","service":"fakenewsoff-backend","message":"Trying freshness 
strategy","event":"adaptive_freshness_retry","strategy":"30d","retry_count":1,"elapsed_ms":0}

      at Logger.log (src/utils/logger.ts:69:13)

    console.log
      {"timestamp":"2026-03-13T19:15:39.887Z","level":"info","service":"fakenewsoff-backend","message":"Trying providers with freshness 
strategy","event":"adaptive_freshness_attempt","freshness_strategy":"30d","bing_freshness":"Month","gdelt_timespan":"30d"}

      at Logger.log (src/utils/logger.ts:69:13)

    console.log
      {"timestamp":"2026-03-13T19:15:39.888Z","level":"info","service":"fakenewsoff-backend","message":"Skipping Bing News provider (client not 
initialized)","event":"provider_attempt_skipped","provider":"bing","freshness":"30d","reason":"client_not_initialized"}

      at Logger.log (src/utils/logger.ts:69:13)

    console.log
      {"timestamp":"2026-03-13T19:15:39.888Z","level":"info","service":"fakenewsoff-backend","message":"Skipping GDELT provider (cooldown 
active)","event":"provider_attempt_skipped","provider":"gdelt","freshness":"30d","reason":"cooldown_active","cooldown_reason":"rate_limit","remaining_ms":299971}

      at Logger.log (src/utils/logger.ts:69:13)

    console.log
      {"timestamp":"2026-03-13T19:15:39.888Z","level":"info","service":"fakenewsoff-backend","message":"Freshness strategy returned zero 
results","event":"adaptive_freshness_strategy_failed","strategy":"30d","retry_count":1}

      at Logger.log (src/utils/logger.ts:69:13)

    console.log
      {"timestamp":"2026-03-13T19:15:39.888Z","level":"info","service":"fakenewsoff-backend","message":"Trying freshness 
strategy","event":"adaptive_freshness_retry","strategy":"web","retry_count":2,"elapsed_ms":1}

      at Logger.log (src/utils/logger.ts:69:13)

    console.log
      {"timestamp":"2026-03-13T19:15:39.888Z","level":"warn","service":"fakenewsoff-backend","message":"Web search not available","event":"web_search_unavailable"}

      at Logger.log (src/utils/logger.ts:69:13)

    console.log
      {"timestamp":"2026-03-13T19:15:39.888Z","level":"info","service":"fakenewsoff-backend","message":"Freshness strategy returned zero 
results","event":"adaptive_freshness_strategy_failed","strategy":"web","retry_count":2}

      at Logger.log (src/utils/logger.ts:69:13)

    console.log
      {"timestamp":"2026-03-13T19:15:39.888Z","level":"warn","service":"fakenewsoff-backend","message":"All adaptive freshness strategies 
exhausted","event":"adaptive_freshness_exhausted","strategies_tried":3,"total_elapsed_ms":1}

      at Logger.log (src/utils/logger.ts:69:13)

    console.log
      {"timestamp":"2026-03-13T19:15:39.888Z","level":"info","service":"fakenewsoff-backend","message":"Grounding request 
completed","event":"grounding_done","provider_used":"none","total_latency_ms":1,"sources_returned":0,"sources_raw":0,"attempted_providers":["bing","gdelt","web"],"had_errors":true}

      at Logger.log (src/utils/logger.ts:69:13)

    console.log
      {"timestamp":"2026-03-13T19:15:39.888Z","level":"INFO","event":"ORCHESTRATOR_STAGE_1_COMPLETE","service":"evidenceOrchestrator","pass_number":2,"stage":1,"provider":"none","sources_retrieved":0,"
cache_hit":false,"latency_ms":2}

      at EvidenceOrchestrator.executePass (src/orchestration/evidenceOrchestrator.ts:219:23)

    console.log
      {"timestamp":"2026-03-13T19:15:39.889Z","level":"INFO","event":"ORCHESTRATOR_STAGE_2_START","service":"evidenceOrchestrator","pass_number":2,"stage":2,"query":"test claim provider 
failure","provider":"gdelt"}

      at EvidenceOrchestrator.executePass (src/orchestration/evidenceOrchestrator.ts:280:19)

    console.log
      {"timestamp":"2026-03-13T19:15:39.889Z","level":"INFO","event":"ORCHESTRATOR_STAGE_2_SKIPPED","service":"evidenceOrchestrator","pass_number":2,"stage":2,"provider":"gdelt","reason":"cooldown_acti
ve","cooldown_reason":"rate_limit","remaining_ms":299970}

      at EvidenceOrchestrator.executePass (src/orchestration/evidenceOrchestrator.ts:380:21)

    console.log
      {"timestamp":"2026-03-13T19:15:39.889Z","level":"INFO","event":"ORCHESTRATOR_STAGE_3_START","service":"evidenceOrchestrator","pass_number":2,"stage":3,"query":"what is test claim 
provider","provider":"mediastack"}

      at EvidenceOrchestrator.executePass (src/orchestration/evidenceOrchestrator.ts:415:21)

    console.log
      {"timestamp":"2026-03-13T19:15:39.889Z","level":"info","service":"fakenewsoff-backend","message":"Grounding request started","event":"grounding_start","query_terms":"what test claim 
provider","provider_order":["bing","gdelt"],"demo_mode":false}

      at Logger.log (src/utils/logger.ts:69:13)

    console.log
      {"timestamp":"2026-03-13T19:15:39.889Z","level":"info","service":"fakenewsoff-backend","message":"Grounding cache miss","event":"grounding_cache_miss","query":"what test claim provider"}

      at Logger.log (src/utils/logger.ts:69:13)

    console.log
      {"timestamp":"2026-03-13T19:15:39.889Z","level":"info","service":"fakenewsoff-backend","message":"Starting adaptive freshness cascade with historical 
detection","event":"adaptive_freshness_start","is_historical":false,"confidence":0,"retrieval_mode":"news_recent","strategies":["7d","30d","web"],"timeout_budget_ms":5000}

      at Logger.log (src/utils/logger.ts:69:13)

    console.log
      {"timestamp":"2026-03-13T19:15:39.889Z","level":"info","service":"fakenewsoff-backend","message":"Trying freshness 
strategy","event":"adaptive_freshness_retry","strategy":"7d","retry_count":0,"elapsed_ms":0}

      at Logger.log (src/utils/logger.ts:69:13)

    console.log
      {"timestamp":"2026-03-13T19:15:39.889Z","level":"info","service":"fakenewsoff-backend","message":"Trying providers with freshness 
strategy","event":"adaptive_freshness_attempt","freshness_strategy":"7d","bing_freshness":"Week","gdelt_timespan":"7d"}

      at Logger.log (src/utils/logger.ts:69:13)

    console.log
      {"timestamp":"2026-03-13T19:15:39.889Z","level":"info","service":"fakenewsoff-backend","message":"Skipping Bing News provider (client not 
initialized)","event":"provider_attempt_skipped","provider":"bing","freshness":"7d","reason":"client_not_initialized"}

      at Logger.log (src/utils/logger.ts:69:13)

    console.log
      {"timestamp":"2026-03-13T19:15:39.890Z","level":"info","service":"fakenewsoff-backend","message":"Skipping GDELT provider (cooldown 
active)","event":"provider_attempt_skipped","provider":"gdelt","freshness":"7d","reason":"cooldown_active","cooldown_reason":"rate_limit","remaining_ms":299970}

      at Logger.log (src/utils/logger.ts:69:13)

    console.log
      {"timestamp":"2026-03-13T19:15:39.890Z","level":"info","service":"fakenewsoff-backend","message":"Freshness strategy returned zero 
results","event":"adaptive_freshness_strategy_failed","strategy":"7d","retry_count":0}

      at Logger.log (src/utils/logger.ts:69:13)

    console.log
      {"timestamp":"2026-03-13T19:15:39.890Z","level":"info","service":"fakenewsoff-backend","message":"Trying freshness 
strategy","event":"adaptive_freshness_retry","strategy":"30d","retry_count":1,"elapsed_ms":1}

      at Logger.log (src/utils/logger.ts:69:13)

    console.log
      {"timestamp":"2026-03-13T19:15:39.890Z","level":"info","service":"fakenewsoff-backend","message":"Trying providers with freshness 
strategy","event":"adaptive_freshness_attempt","freshness_strategy":"30d","bing_freshness":"Month","gdelt_timespan":"30d"}

      at Logger.log (src/utils/logger.ts:69:13)

    console.log
      {"timestamp":"2026-03-13T19:15:39.890Z","level":"info","service":"fakenewsoff-backend","message":"Skipping Bing News provider (client not 
initialized)","event":"provider_attempt_skipped","provider":"bing","freshness":"30d","reason":"client_not_initialized"}

      at Logger.log (src/utils/logger.ts:69:13)

    console.log
      {"timestamp":"2026-03-13T19:15:39.890Z","level":"info","service":"fakenewsoff-backend","message":"Skipping GDELT provider (cooldown 
active)","event":"provider_attempt_skipped","provider":"gdelt","freshness":"30d","reason":"cooldown_active","cooldown_reason":"rate_limit","remaining_ms":299969}

      at Logger.log (src/utils/logger.ts:69:13)

    console.log
      {"timestamp":"2026-03-13T19:15:39.890Z","level":"info","service":"fakenewsoff-backend","message":"Freshness strategy returned zero 
results","event":"adaptive_freshness_strategy_failed","strategy":"30d","retry_count":1}

      at Logger.log (src/utils/logger.ts:69:13)

    console.log
      {"timestamp":"2026-03-13T19:15:39.890Z","level":"info","service":"fakenewsoff-backend","message":"Trying freshness 
strategy","event":"adaptive_freshness_retry","strategy":"web","retry_count":2,"elapsed_ms":1}

      at Logger.log (src/utils/logger.ts:69:13)

    console.log
      {"timestamp":"2026-03-13T19:15:39.890Z","level":"warn","service":"fakenewsoff-backend","message":"Web search not available","event":"web_search_unavailable"}

      at Logger.log (src/utils/logger.ts:69:13)

    console.log
      {"timestamp":"2026-03-13T19:15:39.891Z","level":"info","service":"fakenewsoff-backend","message":"Freshness strategy returned zero 
results","event":"adaptive_freshness_strategy_failed","strategy":"web","retry_count":2}

      at Logger.log (src/utils/logger.ts:69:13)

    console.log
      {"timestamp":"2026-03-13T19:15:39.891Z","level":"warn","service":"fakenewsoff-backend","message":"All adaptive freshness strategies 
exhausted","event":"adaptive_freshness_exhausted","strategies_tried":3,"total_elapsed_ms":2}

      at Logger.log (src/utils/logger.ts:69:13)

    console.log
      {"timestamp":"2026-03-13T19:15:39.891Z","level":"info","service":"fakenewsoff-backend","message":"Grounding request 
completed","event":"grounding_done","provider_used":"none","total_latency_ms":2,"sources_returned":0,"sources_raw":0,"attempted_providers":["bing","gdelt","web"],"had_errors":true}

      at Logger.log (src/utils/logger.ts:69:13)

    console.log
      {"timestamp":"2026-03-13T19:15:39.891Z","level":"INFO","event":"ORCHESTRATOR_STAGE_3_COMPLETE","service":"evidenceOrchestrator","pass_number":2,"stage":3,"provider":"none","sources_retrieved":0,"
cache_hit":false,"latency_ms":2}

      at EvidenceOrchestrator.executePass (src/orchestration/evidenceOrchestrator.ts:471:23)

    console.log
      {"timestamp":"2026-03-13T19:15:39.891Z","level":"INFO","event":"ORCHESTRATOR_STAGED_EXECUTION_COMPLETE","service":"evidenceOrchestrator","pass_number":2,"sources_retrieved":0,"max_stage_reached":
3,"provider_budget_used":{"mediastack":2,"gdelt":0,"bing":0},"provider_cooldowns_active":["gdelt"],"cache_hits":0}

      at EvidenceOrchestrator.executePass (src/orchestration/evidenceOrchestrator.ts:551:17)

    console.log
      {"timestamp":"2026-03-13T19:15:39.891Z","level":"INFO","service":"evidenceFilter","event":"filter_start","candidate_count":0}

      at EvidenceFilter.logFilterStart (src/orchestration/evidenceFilter.ts:193:13)

    console.log
      {"timestamp":"2026-03-13T19:15:39.891Z","level":"INFO","service":"evidenceFilter","event":"filter_complete","total_candidates":0,"passed_count":0,"rejected_count":0,"pass_rate":0}

      at EvidenceFilter.logFilterComplete (src/orchestration/evidenceFilter.ts:208:13)

    console.log
      {"timestamp":"2026-03-13T19:15:39.891Z","level":"INFO","service":"evidenceOrchestrator","event":"pass_complete","pass_number":2,"evidence_count":0,"source_classes":[],"average_quality":0,"thresho
ld_met":false}

      at EvidenceOrchestrator.logPassComplete (src/orchestration/evidenceOrchestrator.ts:807:13)

    console.log
      {"timestamp":"2026-03-13T19:15:39.891Z","level":"INFO","service":"evidenceOrchestrator","event":"orchestration_complete","passes_executed":2,"total_evidence":0,"source_classes":[],"average_qualit
y":0,"threshold_met":false}

      at EvidenceOrchestrator.logOrchestrationComplete (src/orchestration/evidenceOrchestrator.ts:826:13)

    console.log
      {"timestamp":"2026-03-13T19:15:39.891Z","level":"INFO","service":"contradictionSearcher","event":"search_start","query_count":0}

      at ContradictionSearcher.logSearchStart (src/orchestration/contradictionSearcher.ts:142:13)

    console.log
      {"timestamp":"2026-03-13T19:15:39.892Z","level":"INFO","service":"verdictSynthesizer","event":"synthesis_start","supporting_count":0,"contradicting_count":0}

      at VerdictSynthesizer.logSynthesisStart (src/orchestration/verdictSynthesizer.ts:118:13)

    console.log
      {"event":"bedrock_invocation","model":"amazon.nova-lite-v1:0","provider":"AWS Bedrock","request_id":"4f097351-0687-43c0-b844-ebd3d3eb4a74","timestamp":"2026-03-13T19:15:39.892Z"}

      at invokeNova (src/services/novaClient.ts:313:11)

    console.error
      {"event":"bedrock_error","reason":"Unknown error","request_id":"4f097351-0687-43c0-b844-ebd3d3eb4a74","timestamp":"2026-03-13T19:15:39.892Z"}

    [0m [90m 360 |[39m
     [90m 361 |[39m     [90m// Log Bedrock error[39m
    [31m[1m>[22m[39m[90m 362 |[39m     console[33m.[39merror([33mJSON[39m[33m.[39mstringify({
     [90m     |[39m             [31m[1m^[22m[39m
     [90m 363 |[39m       event[33m:[39m [32m'bedrock_error'[39m[33m,[39m
     [90m 364 |[39m       reason[33m:[39m error [36minstanceof[39m [33mError[39m [33m?[39m error[33m.[39mmessage [33m:[39m [32m'Unknown error'[39m[33m,[39m
     [90m 365 |[39m       request_id[33m:[39m requestId[33m,[39m[0m

      at invokeNova (src/services/novaClient.ts:362:13)
      at synthesizeVerdict (src/services/novaClient.ts:902:22)
      at VerdictSynthesizer.synthesize (src/orchestration/verdictSynthesizer.ts:42:23)
      at analyzeWithIterativeOrchestration (src/orchestration/iterativeOrchestrationPipeline.ts:236:21)
      at Object.<anonymous> (src/orchestration/iterativeOrchestrationPipeline.bugCondition.test.ts:98:20)

    console.log
      {"timestamp":"2026-03-13T19:15:39.892Z","level":"INFO","service":"verdictSynthesizer","event":"synthesis_success","classification":"unverified","confidence":0.3,"supported_subclaims":0,"unsupport
ed_subclaims":1}

      at VerdictSynthesizer.logSynthesisSuccess (src/orchestration/verdictSynthesizer.ts:134:13)

    console.log
      {"timestamp":"2026-03-13T19:15:39.892Z","level":"info","service":"fakenewsoff-backend","message":"Provider failure details 
propagated","event":"PROVIDER_FAILURE_DETAILS_PROPAGATED","requestId":"12923e4b-f8f4-4630-bad7-6ce75b1974b9","entry_count":2,"providers":["gdelt"]}

      at Logger.log (src/utils/logger.ts:69:13)

    console.log
      === FIELD EXISTENCE CHECK ===

      at Object.<anonymous> (src/orchestration/iterativeOrchestrationPipeline.bugCondition.test.ts:104:13)

    console.log
      retrievalStatus keys: [
        'mode',
        'status',
        'source',
        'cacheHit',
        'providersAttempted',
        'providersSucceeded',
        'providersFailed',
        'warnings',
        'providerFailureDetails'
      ]

      at Object.<anonymous> (src/orchestration/iterativeOrchestrationPipeline.bugCondition.test.ts:105:13)

    console.log
      providerFailureDetails present: true

      at Object.<anonymous> (src/orchestration/iterativeOrchestrationPipeline.bugCondition.test.ts:106:13)

    console.log
      providerFailureDetails value: [
        {
          provider: 'gdelt',
          query: 'test claim provider failure',
          reason: 'rate_limit',
          stage: 'attempt_failed',
          rawCount: 0,
          normalizedCount: 0,
          acceptedCount: 0,
          errorMessage: 'Provider on cooldown (rate_limit, 300s remaining)'
        },
        {
          provider: 'gdelt',
          query: 'what is test claim provider',
          reason: 'rate_limit',
          stage: 'attempt_failed',
          rawCount: 0,
          normalizedCount: 0,
          acceptedCount: 0,
          errorMessage: 'Provider on cooldown (rate_limit, 300s remaining)'
        }
      ]

      at Object.<anonymous> (src/orchestration/iterativeOrchestrationPipeline.bugCondition.test.ts:107:13)

FAIL src/services/groundingService.preservation.test.ts (11.262 s)
  ΓùÅ Console

    console.warn
      ΓÜá∩╕Å  MEDIASTACK_API_KEY not set - Mediastack provider will not be available

    [0m [90m 125 |[39m       availableProviders[33m.[39mpush([32m'Mediastack'[39m)[33m;[39m
     [90m 126 |[39m     } [36melse[39m {
    [31m[1m>[22m[39m[90m 127 |[39m       console[33m.[39mwarn([32m'ΓÜá∩╕Å  MEDIASTACK_API_KEY not set - Mediastack provider will not be available'[39m)[33m;[39m
     [90m     |[39m               [31m[1m^[22m[39m
     [90m 128 |[39m     }
     [90m 129 |[39m     
     [90m 130 |[39m     [36mif[39m (parsed[33m.[39m[33mBING_NEWS_KEY[39m) {[0m

      at validateEnv (src/utils/envValidation.ts:127:15)
      at getEnv (src/utils/envValidation.ts:149:10)
      at src/services/groundingService.preservation.test.ts:20:21
      at Object.<anonymous> (src/services/groundingService.preservation.test.ts:18:1)

    console.warn
      ΓÜá∩╕Å  BING_NEWS_KEY not set - Bing News provider will not be available

    [0m [90m 131 |[39m       availableProviders[33m.[39mpush([32m'Bing News'[39m)[33m;[39m
     [90m 132 |[39m     } [36melse[39m {
    [31m[1m>[22m[39m[90m 133 |[39m       console[33m.[39mwarn([32m'ΓÜá∩╕Å  BING_NEWS_KEY not set - Bing News provider will not be available'[39m)[33m;[39m
     [90m     |[39m               [31m[1m^[22m[39m
     [90m 134 |[39m     }
     [90m 135 |[39m     
     [90m 136 |[39m     [90m// GDELT is always available (no API key required)[39m[0m

      at validateEnv (src/utils/envValidation.ts:133:15)
      at getEnv (src/utils/envValidation.ts:149:10)
      at src/services/groundingService.preservation.test.ts:20:21
      at Object.<anonymous> (src/services/groundingService.preservation.test.ts:18:1)

    console.log
      Γ£ô Available news providers: GDELT

      at validateEnv (src/utils/envValidation.ts:139:13)

    console.log
      {"timestamp":"2026-03-13T19:15:34.405Z","level":"info","service":"fakenewsoff-backend","message":"Claim cache miss","event":"claim_cache_miss","requestId":"preservation-test-1"}

      at Logger.log (src/utils/logger.ts:69:13)

    console.log
      {"timestamp":"2026-03-13T19:15:34.420Z","level":"info","service":"fakenewsoff-backend","message":"Query generation 
complete","event":"query_generation_complete","requestId":"preservation-test-1","queries_generated":3,"queries":["breaking news today","breaking news today today","what is breaking news 
today"],"has_recency_hint":true,"entities_extracted":[],"key_phrases_extracted":"[REDACTED]"}

      at Logger.log (src/utils/logger.ts:69:13)

    console.warn
      ΓÜá∩╕Å  MEDIASTACK_API_KEY not set - Mediastack provider will not be available

    [0m [90m 125 |[39m       availableProviders[33m.[39mpush([32m'Mediastack'[39m)[33m;[39m
     [90m 126 |[39m     } [36melse[39m {
    [31m[1m>[22m[39m[90m 127 |[39m       console[33m.[39mwarn([32m'ΓÜá∩╕Å  MEDIASTACK_API_KEY not set - Mediastack provider will not be available'[39m)[33m;[39m
     [90m     |[39m               [31m[1m^[22m[39m
     [90m 128 |[39m     }
     [90m 129 |[39m     
     [90m 130 |[39m     [36mif[39m (parsed[33m.[39m[33mBING_NEWS_KEY[39m) {[0m

      at validateEnv (src/utils/envValidation.ts:127:15)
      at getEnv (src/utils/envValidation.ts:149:10)
      at new GroundingCache (src/services/groundingCache.ts:21:23)
      at getGroundingCache (src/services/groundingCache.ts:105:21)
      at new GroundingService (src/services/groundingService.ts:38:36)
      at getGroundingService (src/services/groundingService.ts:1782:23)
      at groundTextOnly (src/services/groundingService.ts:1998:19)
      at Object.<anonymous> (src/services/groundingService.preservation.test.ts:34:22)

    console.warn
      ΓÜá∩╕Å  BING_NEWS_KEY not set - Bing News provider will not be available

    [0m [90m 131 |[39m       availableProviders[33m.[39mpush([32m'Bing News'[39m)[33m;[39m
     [90m 132 |[39m     } [36melse[39m {
    [31m[1m>[22m[39m[90m 133 |[39m       console[33m.[39mwarn([32m'ΓÜá∩╕Å  BING_NEWS_KEY not set - Bing News provider will not be available'[39m)[33m;[39m
     [90m     |[39m               [31m[1m^[22m[39m
     [90m 134 |[39m     }
     [90m 135 |[39m     
     [90m 136 |[39m     [90m// GDELT is always available (no API key required)[39m[0m

      at validateEnv (src/utils/envValidation.ts:133:15)
      at getEnv (src/utils/envValidation.ts:149:10)
      at new GroundingCache (src/services/groundingCache.ts:21:23)
      at getGroundingCache (src/services/groundingCache.ts:105:21)
      at new GroundingService (src/services/groundingService.ts:38:36)
      at getGroundingService (src/services/groundingService.ts:1782:23)
      at groundTextOnly (src/services/groundingService.ts:1998:19)
      at Object.<anonymous> (src/services/groundingService.preservation.test.ts:34:22)

    console.log
      Γ£ô Available news providers: GDELT

      at validateEnv (src/utils/envValidation.ts:139:13)

    console.warn
      ΓÜá∩╕Å  MEDIASTACK_API_KEY not set - Mediastack provider will not be available

    [0m [90m 125 |[39m       availableProviders[33m.[39mpush([32m'Mediastack'[39m)[33m;[39m
     [90m 126 |[39m     } [36melse[39m {
    [31m[1m>[22m[39m[90m 127 |[39m       console[33m.[39mwarn([32m'ΓÜá∩╕Å  MEDIASTACK_API_KEY not set - Mediastack provider will not be available'[39m)[33m;[39m
     [90m     |[39m               [31m[1m^[22m[39m
     [90m 128 |[39m     }
     [90m 129 |[39m     
     [90m 130 |[39m     [36mif[39m (parsed[33m.[39m[33mBING_NEWS_KEY[39m) {[0m

      at validateEnv (src/utils/envValidation.ts:127:15)
      at getEnv (src/utils/envValidation.ts:149:10)
      at new GroundingService (src/services/groundingService.ts:44:23)
      at getGroundingService (src/services/groundingService.ts:1782:23)
      at groundTextOnly (src/services/groundingService.ts:1998:19)
      at Object.<anonymous> (src/services/groundingService.preservation.test.ts:34:22)

    console.warn
      ΓÜá∩╕Å  BING_NEWS_KEY not set - Bing News provider will not be available

    [0m [90m 131 |[39m       availableProviders[33m.[39mpush([32m'Bing News'[39m)[33m;[39m
     [90m 132 |[39m     } [36melse[39m {
    [31m[1m>[22m[39m[90m 133 |[39m       console[33m.[39mwarn([32m'ΓÜá∩╕Å  BING_NEWS_KEY not set - Bing News provider will not be available'[39m)[33m;[39m
     [90m     |[39m               [31m[1m^[22m[39m
     [90m 134 |[39m     }
     [90m 135 |[39m     
     [90m 136 |[39m     [90m// GDELT is always available (no API key required)[39m[0m

      at validateEnv (src/utils/envValidation.ts:133:15)
      at getEnv (src/utils/envValidation.ts:149:10)
      at new GroundingService (src/services/groundingService.ts:44:23)
      at getGroundingService (src/services/groundingService.ts:1782:23)
      at groundTextOnly (src/services/groundingService.ts:1998:19)
      at Object.<anonymous> (src/services/groundingService.preservation.test.ts:34:22)

    console.log
      Γ£ô Available news providers: GDELT

      at validateEnv (src/utils/envValidation.ts:139:13)

    console.log
      {"timestamp":"2026-03-13T19:15:34.426Z","level":"info","service":"fakenewsoff-backend","message":"Initializing 
GroundingService","event":"grounding_service_init","enabled":true,"provider_order_configured":["bing","gdelt"]}

      at Logger.log (src/utils/logger.ts:69:13)

    console.warn
      ΓÜá∩╕Å  MEDIASTACK_API_KEY not set - Mediastack provider will not be available

    [0m [90m 125 |[39m       availableProviders[33m.[39mpush([32m'Mediastack'[39m)[33m;[39m
     [90m 126 |[39m     } [36melse[39m {
    [31m[1m>[22m[39m[90m 127 |[39m       console[33m.[39mwarn([32m'ΓÜá∩╕Å  MEDIASTACK_API_KEY not set - Mediastack provider will not be available'[39m)[33m;[39m
     [90m     |[39m               [31m[1m^[22m[39m
     [90m 128 |[39m     }
     [90m 129 |[39m     
     [90m 130 |[39m     [36mif[39m (parsed[33m.[39m[33mBING_NEWS_KEY[39m) {[0m

      at validateEnv (src/utils/envValidation.ts:127:15)
      at getEnv (src/utils/envValidation.ts:149:10)
      at new BingNewsClient (src/clients/bingNewsClient.ts:37:23)
      at new GroundingService (src/services/groundingService.ts:63:25)
      at getGroundingService (src/services/groundingService.ts:1782:23)
      at groundTextOnly (src/services/groundingService.ts:1998:19)
      at Object.<anonymous> (src/services/groundingService.preservation.test.ts:34:22)

    console.warn
      ΓÜá∩╕Å  BING_NEWS_KEY not set - Bing News provider will not be available

    [0m [90m 131 |[39m       availableProviders[33m.[39mpush([32m'Bing News'[39m)[33m;[39m
     [90m 132 |[39m     } [36melse[39m {
    [31m[1m>[22m[39m[90m 133 |[39m       console[33m.[39mwarn([32m'ΓÜá∩╕Å  BING_NEWS_KEY not set - Bing News provider will not be available'[39m)[33m;[39m
     [90m     |[39m               [31m[1m^[22m[39m
     [90m 134 |[39m     }
     [90m 135 |[39m     
     [90m 136 |[39m     [90m// GDELT is always available (no API key required)[39m[0m

      at validateEnv (src/utils/envValidation.ts:133:15)
      at getEnv (src/utils/envValidation.ts:149:10)
      at new BingNewsClient (src/clients/bingNewsClient.ts:37:23)
      at new GroundingService (src/services/groundingService.ts:63:25)
      at getGroundingService (src/services/groundingService.ts:1782:23)
      at groundTextOnly (src/services/groundingService.ts:1998:19)
      at Object.<anonymous> (src/services/groundingService.preservation.test.ts:34:22)

    console.log
      Γ£ô Available news providers: GDELT

      at validateEnv (src/utils/envValidation.ts:139:13)

    console.log
      {"timestamp":"2026-03-13T19:15:34.435Z","level":"info","service":"fakenewsoff-backend","message":"Bing News client not available (no API 
key)","event":"provider_init_skipped","provider":"bing","reason":"missing_api_key"}

      at Logger.log (src/utils/logger.ts:69:13)

    console.warn
      ΓÜá∩╕Å  MEDIASTACK_API_KEY not set - Mediastack provider will not be available

    [0m [90m 125 |[39m       availableProviders[33m.[39mpush([32m'Mediastack'[39m)[33m;[39m
     [90m 126 |[39m     } [36melse[39m {
    [31m[1m>[22m[39m[90m 127 |[39m       console[33m.[39mwarn([32m'ΓÜá∩╕Å  MEDIASTACK_API_KEY not set - Mediastack provider will not be available'[39m)[33m;[39m
     [90m     |[39m               [31m[1m^[22m[39m
     [90m 128 |[39m     }
     [90m 129 |[39m     
     [90m 130 |[39m     [36mif[39m (parsed[33m.[39m[33mBING_NEWS_KEY[39m) {[0m

      at validateEnv (src/utils/envValidation.ts:127:15)
      at getEnv (src/utils/envValidation.ts:149:10)
      at new BingWebClient (src/clients/bingWebClient.ts:65:23)
      at new GroundingService (src/services/groundingService.ts:80:28)
      at getGroundingService (src/services/groundingService.ts:1782:23)
      at groundTextOnly (src/services/groundingService.ts:1998:19)
      at Object.<anonymous> (src/services/groundingService.preservation.test.ts:34:22)

    console.warn
      ΓÜá∩╕Å  BING_NEWS_KEY not set - Bing News provider will not be available

    [0m [90m 131 |[39m       availableProviders[33m.[39mpush([32m'Bing News'[39m)[33m;[39m
     [90m 132 |[39m     } [36melse[39m {
    [31m[1m>[22m[39m[90m 133 |[39m       console[33m.[39mwarn([32m'ΓÜá∩╕Å  BING_NEWS_KEY not set - Bing News provider will not be available'[39m)[33m;[39m
     [90m     |[39m               [31m[1m^[22m[39m
     [90m 134 |[39m     }
     [90m 135 |[39m     
     [90m 136 |[39m     [90m// GDELT is always available (no API key required)[39m[0m

      at validateEnv (src/utils/envValidation.ts:133:15)
      at getEnv (src/utils/envValidation.ts:149:10)
      at new BingWebClient (src/clients/bingWebClient.ts:65:23)
      at new GroundingService (src/services/groundingService.ts:80:28)
      at getGroundingService (src/services/groundingService.ts:1782:23)
      at groundTextOnly (src/services/groundingService.ts:1998:19)
      at Object.<anonymous> (src/services/groundingService.preservation.test.ts:34:22)

    console.log
      Γ£ô Available news providers: GDELT

      at validateEnv (src/utils/envValidation.ts:139:13)

    console.log
      {"timestamp":"2026-03-13T19:15:34.438Z","level":"info","service":"fakenewsoff-backend","message":"Bing Web Search client not available (no API 
key)","event":"provider_init_skipped","provider":"bing_web","reason":"missing_api_key"}

      at Logger.log (src/utils/logger.ts:69:13)

    console.warn
      ΓÜá∩╕Å  MEDIASTACK_API_KEY not set - Mediastack provider will not be available

    [0m [90m 125 |[39m       availableProviders[33m.[39mpush([32m'Mediastack'[39m)[33m;[39m
     [90m 126 |[39m     } [36melse[39m {
    [31m[1m>[22m[39m[90m 127 |[39m       console[33m.[39mwarn([32m'ΓÜá∩╕Å  MEDIASTACK_API_KEY not set - Mediastack provider will not be available'[39m)[33m;[39m
     [90m     |[39m               [31m[1m^[22m[39m
     [90m 128 |[39m     }
     [90m 129 |[39m     
     [90m 130 |[39m     [36mif[39m (parsed[33m.[39m[33mBING_NEWS_KEY[39m) {[0m

      at validateEnv (src/utils/envValidation.ts:127:15)
      at getEnv (src/utils/envValidation.ts:149:10)
      at new MediastackClient (src/clients/mediastackClient.ts:66:23)
      at new GroundingService (src/services/groundingService.ts:97:31)
      at getGroundingService (src/services/groundingService.ts:1782:23)
      at groundTextOnly (src/services/groundingService.ts:1998:19)
      at Object.<anonymous> (src/services/groundingService.preservation.test.ts:34:22)

    console.warn
      ΓÜá∩╕Å  BING_NEWS_KEY not set - Bing News provider will not be available

    [0m [90m 131 |[39m       availableProviders[33m.[39mpush([32m'Bing News'[39m)[33m;[39m
     [90m 132 |[39m     } [36melse[39m {
    [31m[1m>[22m[39m[90m 133 |[39m       console[33m.[39mwarn([32m'ΓÜá∩╕Å  BING_NEWS_KEY not set - Bing News provider will not be available'[39m)[33m;[39m
     [90m     |[39m               [31m[1m^[22m[39m
     [90m 134 |[39m     }
     [90m 135 |[39m     
     [90m 136 |[39m     [90m// GDELT is always available (no API key required)[39m[0m

      at validateEnv (src/utils/envValidation.ts:133:15)
      at getEnv (src/utils/envValidation.ts:149:10)
      at new MediastackClient (src/clients/mediastackClient.ts:66:23)
      at new GroundingService (src/services/groundingService.ts:97:31)
      at getGroundingService (src/services/groundingService.ts:1782:23)
      at groundTextOnly (src/services/groundingService.ts:1998:19)
      at Object.<anonymous> (src/services/groundingService.preservation.test.ts:34:22)

    console.log
      Γ£ô Available news providers: GDELT

      at validateEnv (src/utils/envValidation.ts:139:13)

    console.log
      {"timestamp":"2026-03-13T19:15:34.441Z","level":"info","service":"fakenewsoff-backend","message":"Mediastack client not available (no API 
key)","event":"provider_init_skipped","provider":"mediastack","reason":"missing_api_key"}

      at Logger.log (src/utils/logger.ts:69:13)

    console.warn
      ΓÜá∩╕Å  MEDIASTACK_API_KEY not set - Mediastack provider will not be available

    [0m [90m 125 |[39m       availableProviders[33m.[39mpush([32m'Mediastack'[39m)[33m;[39m
     [90m 126 |[39m     } [36melse[39m {
    [31m[1m>[22m[39m[90m 127 |[39m       console[33m.[39mwarn([32m'ΓÜá∩╕Å  MEDIASTACK_API_KEY not set - Mediastack provider will not be available'[39m)[33m;[39m
     [90m     |[39m               [31m[1m^[22m[39m
     [90m 128 |[39m     }
     [90m 129 |[39m     
     [90m 130 |[39m     [36mif[39m (parsed[33m.[39m[33mBING_NEWS_KEY[39m) {[0m

      at validateEnv (src/utils/envValidation.ts:127:15)
      at getEnv (src/utils/envValidation.ts:149:10)
      at new GDELTClient (src/clients/gdeltClient.ts:36:23)
      at new GroundingService (src/services/groundingService.ts:113:24)
      at getGroundingService (src/services/groundingService.ts:1782:23)
      at groundTextOnly (src/services/groundingService.ts:1998:19)
      at Object.<anonymous> (src/services/groundingService.preservation.test.ts:34:22)

    console.warn
      ΓÜá∩╕Å  BING_NEWS_KEY not set - Bing News provider will not be available

    [0m [90m 131 |[39m       availableProviders[33m.[39mpush([32m'Bing News'[39m)[33m;[39m
     [90m 132 |[39m     } [36melse[39m {
    [31m[1m>[22m[39m[90m 133 |[39m       console[33m.[39mwarn([32m'ΓÜá∩╕Å  BING_NEWS_KEY not set - Bing News provider will not be available'[39m)[33m;[39m
     [90m     |[39m               [31m[1m^[22m[39m
     [90m 134 |[39m     }
     [90m 135 |[39m     
     [90m 136 |[39m     [90m// GDELT is always available (no API key required)[39m[0m

      at validateEnv (src/utils/envValidation.ts:133:15)
      at getEnv (src/utils/envValidation.ts:149:10)
      at new GDELTClient (src/clients/gdeltClient.ts:36:23)
      at new GroundingService (src/services/groundingService.ts:113:24)
      at getGroundingService (src/services/groundingService.ts:1782:23)
      at groundTextOnly (src/services/groundingService.ts:1998:19)
      at Object.<anonymous> (src/services/groundingService.preservation.test.ts:34:22)

    console.log
      Γ£ô Available news providers: GDELT

      at validateEnv (src/utils/envValidation.ts:139:13)

    console.log
      {"timestamp":"2026-03-13T19:15:34.443Z","level":"info","service":"fakenewsoff-backend","message":"GDELT client initialized","event":"provider_init_success","provider":"gdelt"}

      at Logger.log (src/utils/logger.ts:69:13)

    console.log
      {"timestamp":"2026-03-13T19:15:34.444Z","level":"info","service":"fakenewsoff-backend","message":"GroundingService initialization 
complete","event":"grounding_service_ready","enabled":true,"provider_order_configured":["bing","gdelt"],"providers_available":["gdelt"],"max_results":10}

      at Logger.log (src/utils/logger.ts:69:13)

    console.log
      {"timestamp":"2026-03-13T19:15:34.447Z","level":"info","service":"fakenewsoff-backend","message":"Grounding request 
started","event":"grounding_start","requestId":"preservation-test-1","query_terms":"breaking news today","provider_order":["bing","gdelt"],"demo_mode":false}

      at Logger.log (src/utils/logger.ts:69:13)
          at async Promise.all (index 0)

    console.log
      {"timestamp":"2026-03-13T19:15:34.448Z","level":"info","service":"fakenewsoff-backend","message":"Grounding cache 
miss","event":"grounding_cache_miss","requestId":"preservation-test-1","query":"breaking news today"}

      at Logger.log (src/utils/logger.ts:69:13)
          at async Promise.all (index 0)

    console.log
      {"timestamp":"2026-03-13T19:15:34.449Z","level":"info","service":"fakenewsoff-backend","message":"Starting adaptive freshness cascade with historical detection","event":"adaptive_freshness_start"
,"requestId":"preservation-test-1","is_historical":false,"confidence":0,"retrieval_mode":"news_recent","strategies":["7d","30d","web"],"timeout_budget_ms":5000}

      at Logger.log (src/utils/logger.ts:69:13)
          at async Promise.all (index 0)

    console.log
      {"timestamp":"2026-03-13T19:15:34.449Z","level":"info","service":"fakenewsoff-backend","message":"Trying freshness 
strategy","event":"adaptive_freshness_retry","requestId":"preservation-test-1","strategy":"7d","retry_count":0,"elapsed_ms":1}

      at Logger.log (src/utils/logger.ts:69:13)
          at async Promise.all (index 0)

    console.log
      {"timestamp":"2026-03-13T19:15:34.450Z","level":"info","service":"fakenewsoff-backend","message":"Trying providers with freshness 
strategy","event":"adaptive_freshness_attempt","requestId":"preservation-test-1","freshness_strategy":"7d","bing_freshness":"Week","gdelt_timespan":"7d"}

      at Logger.log (src/utils/logger.ts:69:13)
          at async Promise.all (index 0)

    console.log
      {"timestamp":"2026-03-13T19:15:34.450Z","level":"info","service":"fakenewsoff-backend","message":"Skipping Bing News provider (client not 
initialized)","event":"provider_attempt_skipped","requestId":"preservation-test-1","provider":"bing","freshness":"7d","reason":"client_not_initialized"}

      at Logger.log (src/utils/logger.ts:69:13)
          at async Promise.all (index 0)

    console.warn
      ΓÜá∩╕Å  MEDIASTACK_API_KEY not set - Mediastack provider will not be available

    [0m [90m 125 |[39m       availableProviders[33m.[39mpush([32m'Mediastack'[39m)[33m;[39m
     [90m 126 |[39m     } [36melse[39m {
    [31m[1m>[22m[39m[90m 127 |[39m       console[33m.[39mwarn([32m'ΓÜá∩╕Å  MEDIASTACK_API_KEY not set - Mediastack provider will not be available'[39m)[33m;[39m
     [90m     |[39m               [31m[1m^[22m[39m
     [90m 128 |[39m     }
     [90m 129 |[39m     
     [90m 130 |[39m     [36mif[39m (parsed[33m.[39m[33mBING_NEWS_KEY[39m) {[0m

      at validateEnv (src/utils/envValidation.ts:127:15)
      at getEnv (src/utils/envValidation.ts:149:10)
      at new GDELTThrottle (src/services/gdeltThrottle.ts:27:23)
      at getGDELTThrottle (src/services/gdeltThrottle.ts:86:24)
      at GroundingService.tryProvidersWithFreshness (src/services/groundingService.ts:1261:42)
      at GroundingService.tryProvidersWithAdaptiveFreshness (src/services/groundingService.ts:1560:29)
      at GroundingService.ground (src/services/groundingService.ts:245:31)
          at async Promise.all (index 0)
      at groundTextOnly (src/services/groundingService.ts:2023:24)
      at Object.<anonymous> (src/services/groundingService.preservation.test.ts:34:22)

    console.warn
      ΓÜá∩╕Å  BING_NEWS_KEY not set - Bing News provider will not be available

    [0m [90m 131 |[39m       availableProviders[33m.[39mpush([32m'Bing News'[39m)[33m;[39m
     [90m 132 |[39m     } [36melse[39m {
    [31m[1m>[22m[39m[90m 133 |[39m       console[33m.[39mwarn([32m'ΓÜá∩╕Å  BING_NEWS_KEY not set - Bing News provider will not be available'[39m)[33m;[39m
     [90m     |[39m               [31m[1m^[22m[39m
     [90m 134 |[39m     }
     [90m 135 |[39m     
     [90m 136 |[39m     [90m// GDELT is always available (no API key required)[39m[0m

      at validateEnv (src/utils/envValidation.ts:133:15)
      at getEnv (src/utils/envValidation.ts:149:10)
      at new GDELTThrottle (src/services/gdeltThrottle.ts:27:23)
      at getGDELTThrottle (src/services/gdeltThrottle.ts:86:24)
      at GroundingService.tryProvidersWithFreshness (src/services/groundingService.ts:1261:42)
      at GroundingService.tryProvidersWithAdaptiveFreshness (src/services/groundingService.ts:1560:29)
      at GroundingService.ground (src/services/groundingService.ts:245:31)
          at async Promise.all (index 0)
      at groundTextOnly (src/services/groundingService.ts:2023:24)
      at Object.<anonymous> (src/services/groundingService.preservation.test.ts:34:22)

    console.log
      Γ£ô Available news providers: GDELT

      at validateEnv (src/utils/envValidation.ts:139:13)
          at async Promise.all (index 0)

    console.log
      {"timestamp":"2026-03-13T19:15:34.453Z","level":"info","service":"fakenewsoff-backend","message":"Attempting GDELT provider with 
timespan","event":"provider_attempt","requestId":"preservation-test-1","provider":"gdelt","timespan":"7d"}

      at Logger.log (src/utils/logger.ts:69:13)
          at async Promise.all (index 0)

    console.log
      {"timestamp":"2026-03-13T19:15:34.507Z","level":"info","service":"fakenewsoff-backend","message":"Grounding request 
started","event":"grounding_start","requestId":"preservation-test-1","query_terms":"breaking news today today","provider_order":["bing","gdelt"],"demo_mode":false}

      at Logger.log (src/utils/logger.ts:69:13)
          at async Promise.all (index 1)

    console.log
      {"timestamp":"2026-03-13T19:15:34.511Z","level":"info","service":"fakenewsoff-backend","message":"Grounding cache 
miss","event":"grounding_cache_miss","requestId":"preservation-test-1","query":"breaking news today today"}

      at Logger.log (src/utils/logger.ts:69:13)
          at async Promise.all (index 1)

    console.log
      {"timestamp":"2026-03-13T19:15:34.511Z","level":"info","service":"fakenewsoff-backend","message":"Starting adaptive freshness cascade with historical detection","event":"adaptive_freshness_start"
,"requestId":"preservation-test-1","is_historical":false,"confidence":0,"retrieval_mode":"news_recent","strategies":["7d","30d","web"],"timeout_budget_ms":5000}

      at Logger.log (src/utils/logger.ts:69:13)
          at async Promise.all (index 1)

    console.log
      {"timestamp":"2026-03-13T19:15:34.514Z","level":"info","service":"fakenewsoff-backend","message":"Trying freshness 
strategy","event":"adaptive_freshness_retry","requestId":"preservation-test-1","strategy":"7d","retry_count":0,"elapsed_ms":3}

      at Logger.log (src/utils/logger.ts:69:13)
          at async Promise.all (index 1)

    console.log
      {"timestamp":"2026-03-13T19:15:34.514Z","level":"info","service":"fakenewsoff-backend","message":"Trying providers with freshness 
strategy","event":"adaptive_freshness_attempt","requestId":"preservation-test-1","freshness_strategy":"7d","bing_freshness":"Week","gdelt_timespan":"7d"}

      at Logger.log (src/utils/logger.ts:69:13)
          at async Promise.all (index 1)

    console.log
      {"timestamp":"2026-03-13T19:15:34.515Z","level":"info","service":"fakenewsoff-backend","message":"Skipping Bing News provider (client not 
initialized)","event":"provider_attempt_skipped","requestId":"preservation-test-1","provider":"bing","freshness":"7d","reason":"client_not_initialized"}

      at Logger.log (src/utils/logger.ts:69:13)
          at async Promise.all (index 1)

    console.log
      {"timestamp":"2026-03-13T19:15:34.516Z","level":"info","service":"fakenewsoff-backend","message":"Attempting GDELT provider with 
timespan","event":"provider_attempt","requestId":"preservation-test-1","provider":"gdelt","timespan":"7d"}

      at Logger.log (src/utils/logger.ts:69:13)
          at async Promise.all (index 1)

    console.log
      {"timestamp":"2026-03-13T19:15:34.519Z","level":"info","service":"fakenewsoff-backend","message":"Grounding request 
started","event":"grounding_start","requestId":"preservation-test-1","query_terms":"what breaking news today","provider_order":["bing","gdelt"],"demo_mode":false}

      at Logger.log (src/utils/logger.ts:69:13)
          at async Promise.all (index 2)

    console.log
      {"timestamp":"2026-03-13T19:15:34.520Z","level":"info","service":"fakenewsoff-backend","message":"Grounding cache 
miss","event":"grounding_cache_miss","requestId":"preservation-test-1","query":"what breaking news today"}

      at Logger.log (src/utils/logger.ts:69:13)
          at async Promise.all (index 2)

    console.log
      {"timestamp":"2026-03-13T19:15:34.520Z","level":"info","service":"fakenewsoff-backend","message":"Starting adaptive freshness cascade with historical detection","event":"adaptive_freshness_start"
,"requestId":"preservation-test-1","is_historical":false,"confidence":0,"retrieval_mode":"news_recent","strategies":["7d","30d","web"],"timeout_budget_ms":5000}

      at Logger.log (src/utils/logger.ts:69:13)
          at async Promise.all (index 2)

    console.log
      {"timestamp":"2026-03-13T19:15:34.520Z","level":"info","service":"fakenewsoff-backend","message":"Trying freshness 
strategy","event":"adaptive_freshness_retry","requestId":"preservation-test-1","strategy":"7d","retry_count":0,"elapsed_ms":0}

      at Logger.log (src/utils/logger.ts:69:13)
          at async Promise.all (index 2)

    console.log
      {"timestamp":"2026-03-13T19:15:34.522Z","level":"info","service":"fakenewsoff-backend","message":"Trying providers with freshness 
strategy","event":"adaptive_freshness_attempt","requestId":"preservation-test-1","freshness_strategy":"7d","bing_freshness":"Week","gdelt_timespan":"7d"}

      at Logger.log (src/utils/logger.ts:69:13)
          at async Promise.all (index 2)

    console.log
      {"timestamp":"2026-03-13T19:15:34.522Z","level":"info","service":"fakenewsoff-backend","message":"Skipping Bing News provider (client not 
initialized)","event":"provider_attempt_skipped","requestId":"preservation-test-1","provider":"bing","freshness":"7d","reason":"client_not_initialized"}

      at Logger.log (src/utils/logger.ts:69:13)
          at async Promise.all (index 2)

    console.log
      {"timestamp":"2026-03-13T19:15:34.523Z","level":"info","service":"fakenewsoff-backend","message":"Attempting GDELT provider with 
timespan","event":"provider_attempt","requestId":"preservation-test-1","provider":"gdelt","timespan":"7d"}

      at Logger.log (src/utils/logger.ts:69:13)
          at async Promise.all (index 2)

    console.log
      {"timestamp":"2026-03-13T19:15:36.699Z","level":"warn","service":"fakenewsoff-backend","message":"GDELT API error response","event":"gdelt_error","status":429,"attempt":1,"max_attempts":2}

      at Logger.log (src/utils/logger.ts:69:13)
          at async Promise.all (index 2)

    console.log
      {"timestamp":"2026-03-13T19:15:36.700Z","level":"warn","service":"fakenewsoff-backend","message":"GDELT API network error","event":"gdelt_network_error","error_message":"GDELT API error: 429 Too 
Many Requests - Please limit requests to one every 5 seconds or contact kalev.leetaru5@gmail.com for larger queries.\n\n","attempt":1,"max_attempts":2,"will_retry":true}

      at Logger.log (src/utils/logger.ts:69:13)
          at async Promise.all (index 2)

    console.log
      {"timestamp":"2026-03-13T19:15:36.733Z","level":"warn","service":"fakenewsoff-backend","message":"GDELT API error response","event":"gdelt_error","status":429,"attempt":1,"max_attempts":2}

      at Logger.log (src/utils/logger.ts:69:13)
          at async Promise.all (index 0)

    console.log
      {"timestamp":"2026-03-13T19:15:36.733Z","level":"warn","service":"fakenewsoff-backend","message":"GDELT API network error","event":"gdelt_network_error","error_message":"GDELT API error: 429 Too 
Many Requests - Please limit requests to one every 5 seconds or contact kalev.leetaru5@gmail.com for larger queries.\n\n","attempt":1,"max_attempts":2,"will_retry":true}

      at Logger.log (src/utils/logger.ts:69:13)
          at async Promise.all (index 0)

    console.log
      {"timestamp":"2026-03-13T19:15:36.818Z","level":"warn","service":"fakenewsoff-backend","message":"GDELT API error response","event":"gdelt_error","status":429,"attempt":1,"max_attempts":2}

      at Logger.log (src/utils/logger.ts:69:13)
          at async Promise.all (index 1)

    console.log
      {"timestamp":"2026-03-13T19:15:36.819Z","level":"warn","service":"fakenewsoff-backend","message":"GDELT API network error","event":"gdelt_network_error","error_message":"GDELT API error: 429 Too 
Many Requests - Please limit requests to one every 5 seconds or contact kalev.leetaru5@gmail.com for larger queries.\n\n","attempt":1,"max_attempts":2,"will_retry":true}

      at Logger.log (src/utils/logger.ts:69:13)
          at async Promise.all (index 1)

    console.log
      {"timestamp":"2026-03-13T19:15:39.208Z","level":"warn","service":"fakenewsoff-backend","message":"GDELT API error response","event":"gdelt_error","status":429,"attempt":2,"max_attempts":2}

      at Logger.log (src/utils/logger.ts:69:13)
          at async Promise.all (index 1)

    console.log
      {"timestamp":"2026-03-13T19:15:39.208Z","level":"warn","service":"fakenewsoff-backend","message":"GDELT API network error","event":"gdelt_network_error","error_message":"GDELT API error: 429 Too 
Many Requests - Please limit requests to one every 5 seconds or contact kalev.leetaru5@gmail.com for larger queries.\n\n","attempt":2,"max_attempts":2,"will_retry":false}

      at Logger.log (src/utils/logger.ts:69:13)
          at async Promise.all (index 1)

    console.log
      {"timestamp":"2026-03-13T19:15:39.209Z","level":"info","service":"fakenewsoff-backend","message":"Provider cooldown 
set","event":"provider_cooldown_set","provider":"gdelt","reason":"rate_limit","duration_ms":300000,"until_timestamp":1773429639209}

      at Logger.log (src/utils/logger.ts:69:13)
          at async Promise.all (index 1)

    console.log
      {"timestamp":"2026-03-13T19:15:39.209Z","level":"warn","service":"fakenewsoff-backend","message":"GDELT provider failed with 
timespan","event":"provider_failure","requestId":"preservation-test-1","provider":"gdelt","timespan":"7d","latency_ms":4692,"error":"GDELT API network error: GDELT API error: 429 Too Many Requests - 
Please limit requests to one every"}

      at Logger.log (src/utils/logger.ts:69:13)
          at async Promise.all (index 1)

    console.log
      {"timestamp":"2026-03-13T19:15:39.209Z","level":"info","service":"fakenewsoff-backend","message":"Freshness strategy returned zero 
results","event":"adaptive_freshness_strategy_failed","requestId":"preservation-test-1","strategy":"7d","retry_count":0}

      at Logger.log (src/utils/logger.ts:69:13)
          at async Promise.all (index 1)

    console.log
      {"timestamp":"2026-03-13T19:15:39.209Z","level":"info","service":"fakenewsoff-backend","message":"Trying freshness 
strategy","event":"adaptive_freshness_retry","requestId":"preservation-test-1","strategy":"30d","retry_count":1,"elapsed_ms":4698}

      at Logger.log (src/utils/logger.ts:69:13)
          at async Promise.all (index 1)

    console.log
      {"timestamp":"2026-03-13T19:15:39.209Z","level":"info","service":"fakenewsoff-backend","message":"Trying providers with freshness 
strategy","event":"adaptive_freshness_attempt","requestId":"preservation-test-1","freshness_strategy":"30d","bing_freshness":"Month","gdelt_timespan":"30d"}

      at Logger.log (src/utils/logger.ts:69:13)
          at async Promise.all (index 1)

    console.log
      {"timestamp":"2026-03-13T19:15:39.209Z","level":"info","service":"fakenewsoff-backend","message":"Skipping Bing News provider (client not 
initialized)","event":"provider_attempt_skipped","requestId":"preservation-test-1","provider":"bing","freshness":"30d","reason":"client_not_initialized"}

      at Logger.log (src/utils/logger.ts:69:13)
          at async Promise.all (index 1)

    console.log
      {"timestamp":"2026-03-13T19:15:39.209Z","level":"info","service":"fakenewsoff-backend","message":"Skipping GDELT provider (cooldown 
active)","event":"provider_attempt_skipped","requestId":"preservation-test-1","provider":"gdelt","freshness":"30d","reason":"cooldown_active","cooldown_reason":"rate_limit","remaining_ms":300000}

      at Logger.log (src/utils/logger.ts:69:13)
          at async Promise.all (index 1)

    console.log
      {"timestamp":"2026-03-13T19:15:39.209Z","level":"info","service":"fakenewsoff-backend","message":"Freshness strategy returned zero 
results","event":"adaptive_freshness_strategy_failed","requestId":"preservation-test-1","strategy":"30d","retry_count":1}

      at Logger.log (src/utils/logger.ts:69:13)
          at async Promise.all (index 1)

    console.log
      {"timestamp":"2026-03-13T19:15:39.210Z","level":"info","service":"fakenewsoff-backend","message":"Trying freshness 
strategy","event":"adaptive_freshness_retry","requestId":"preservation-test-1","strategy":"web","retry_count":2,"elapsed_ms":4699}

      at Logger.log (src/utils/logger.ts:69:13)
          at async Promise.all (index 1)

    console.log
      {"timestamp":"2026-03-13T19:15:39.210Z","level":"warn","service":"fakenewsoff-backend","message":"Web search not available","event":"web_search_unavailable","requestId":"preservation-test-1"}

      at Logger.log (src/utils/logger.ts:69:13)
          at async Promise.all (index 1)

    console.log
      {"timestamp":"2026-03-13T19:15:39.210Z","level":"info","service":"fakenewsoff-backend","message":"Freshness strategy returned zero 
results","event":"adaptive_freshness_strategy_failed","requestId":"preservation-test-1","strategy":"web","retry_count":2}

      at Logger.log (src/utils/logger.ts:69:13)
          at async Promise.all (index 1)

    console.log
      {"timestamp":"2026-03-13T19:15:39.210Z","level":"warn","service":"fakenewsoff-backend","message":"All adaptive freshness strategies 
exhausted","event":"adaptive_freshness_exhausted","requestId":"preservation-test-1","strategies_tried":3,"total_elapsed_ms":4699}

      at Logger.log (src/utils/logger.ts:69:13)
          at async Promise.all (index 1)

    console.log
      {"timestamp":"2026-03-13T19:15:39.210Z","level":"info","service":"fakenewsoff-backend","message":"Grounding request completed","event":"grounding_done","requestId":"preservation-test-1","provider
_used":"none","total_latency_ms":4699,"sources_returned":0,"sources_raw":0,"attempted_providers":["bing","gdelt","web"],"had_errors":true}

      at Logger.log (src/utils/logger.ts:69:13)
          at async Promise.all (index 1)

    console.log
      {"timestamp":"2026-03-13T19:15:40.412Z","level":"warn","service":"fakenewsoff-backend","message":"GDELT API 
timeout","event":"gdelt_timeout","timeout_ms":3500,"attempt":2,"max_attempts":2,"will_retry":false}

      at Logger.log (src/utils/logger.ts:69:13)
          at async Promise.all (index 2)

    console.log
      {"timestamp":"2026-03-13T19:15:40.412Z","level":"warn","service":"fakenewsoff-backend","message":"GDELT provider failed with 
timespan","event":"provider_failure","requestId":"preservation-test-1","provider":"gdelt","timespan":"7d","latency_ms":5889,"error":"GDELT API timeout after 3500ms"}

      at Logger.log (src/utils/logger.ts:69:13)
          at async Promise.all (index 2)

    console.log
      {"timestamp":"2026-03-13T19:15:40.412Z","level":"info","service":"fakenewsoff-backend","message":"Freshness strategy returned zero 
results","event":"adaptive_freshness_strategy_failed","requestId":"preservation-test-1","strategy":"7d","retry_count":0}

      at Logger.log (src/utils/logger.ts:69:13)
          at async Promise.all (index 2)

    console.log
      {"timestamp":"2026-03-13T19:15:40.413Z","level":"warn","service":"fakenewsoff-backend","message":"Adaptive freshness timeout budget 
exceeded","event":"adaptive_freshness_timeout","requestId":"preservation-test-1","elapsed_ms":5893,"budget_ms":5000,"strategies_tried":1}

      at Logger.log (src/utils/logger.ts:69:13)
          at async Promise.all (index 2)

    console.log
      {"timestamp":"2026-03-13T19:15:40.413Z","level":"warn","service":"fakenewsoff-backend","message":"All adaptive freshness strategies 
exhausted","event":"adaptive_freshness_exhausted","requestId":"preservation-test-1","strategies_tried":3,"total_elapsed_ms":5893}

      at Logger.log (src/utils/logger.ts:69:13)
          at async Promise.all (index 2)

    console.log
      {"timestamp":"2026-03-13T19:15:40.413Z","level":"info","service":"fakenewsoff-backend","message":"Grounding request completed","event":"grounding_done","requestId":"preservation-test-1","provider
_used":"none","total_latency_ms":5893,"sources_returned":0,"sources_raw":0,"attempted_providers":["bing","gdelt","web"],"had_errors":true}

      at Logger.log (src/utils/logger.ts:69:13)
          at async Promise.all (index 2)

    console.log
      {"timestamp":"2026-03-13T19:15:40.460Z","level":"warn","service":"fakenewsoff-backend","message":"GDELT API 
timeout","event":"gdelt_timeout","timeout_ms":3500,"attempt":2,"max_attempts":2,"will_retry":false}

      at Logger.log (src/utils/logger.ts:69:13)
          at async Promise.all (index 0)

    console.log
      {"timestamp":"2026-03-13T19:15:40.460Z","level":"warn","service":"fakenewsoff-backend","message":"GDELT provider failed with 
timespan","event":"provider_failure","requestId":"preservation-test-1","provider":"gdelt","timespan":"7d","latency_ms":6007,"error":"GDELT API timeout after 3500ms"}

      at Logger.log (src/utils/logger.ts:69:13)
          at async Promise.all (index 0)

    console.log
      {"timestamp":"2026-03-13T19:15:40.460Z","level":"info","service":"fakenewsoff-backend","message":"Freshness strategy returned zero 
results","event":"adaptive_freshness_strategy_failed","requestId":"preservation-test-1","strategy":"7d","retry_count":0}

      at Logger.log (src/utils/logger.ts:69:13)
          at async Promise.all (index 0)

    console.log
      {"timestamp":"2026-03-13T19:15:40.460Z","level":"warn","service":"fakenewsoff-backend","message":"Adaptive freshness timeout budget 
exceeded","event":"adaptive_freshness_timeout","requestId":"preservation-test-1","elapsed_ms":6012,"budget_ms":5000,"strategies_tried":1}

      at Logger.log (src/utils/logger.ts:69:13)
          at async Promise.all (index 0)

    console.log
      {"timestamp":"2026-03-13T19:15:40.460Z","level":"warn","service":"fakenewsoff-backend","message":"All adaptive freshness strategies 
exhausted","event":"adaptive_freshness_exhausted","requestId":"preservation-test-1","strategies_tried":3,"total_elapsed_ms":6012}

      at Logger.log (src/utils/logger.ts:69:13)
          at async Promise.all (index 0)

    console.log
      {"timestamp":"2026-03-13T19:15:40.460Z","level":"info","service":"fakenewsoff-backend","message":"Grounding request completed","event":"grounding_done","requestId":"preservation-test-1","provider
_used":"none","total_latency_ms":6012,"sources_returned":0,"sources_raw":0,"attempted_providers":["bing","gdelt","web"],"had_errors":true}

      at Logger.log (src/utils/logger.ts:69:13)
          at async Promise.all (index 0)

    console.log
      {"timestamp":"2026-03-13T19:15:40.461Z","level":"info","service":"fakenewsoff-backend","message":"Query result 
received","event":"query_result_received","requestId":"preservation-test-1","query_index":0,"query":"breaking news today","provider_used":"none","sources_count":0,"cache_hit":false,"had_errors":true}

      at Logger.log (src/utils/logger.ts:69:13)
          at Array.forEach (<anonymous>)

    console.log
      {"timestamp":"2026-03-13T19:15:40.461Z","level":"info","service":"fakenewsoff-backend","message":"Query result 
received","event":"query_result_received","requestId":"preservation-test-1","query_index":1,"query":"breaking news today 
today","provider_used":"none","sources_count":0,"cache_hit":false,"had_errors":true}

      at Logger.log (src/utils/logger.ts:69:13)
          at Array.forEach (<anonymous>)

    console.log
      {"timestamp":"2026-03-13T19:15:40.461Z","level":"info","service":"fakenewsoff-backend","message":"Query result 
received","event":"query_result_received","requestId":"preservation-test-1","query_index":2,"query":"what is breaking news 
today","provider_used":"none","sources_count":0,"cache_hit":false,"had_errors":true}

      at Logger.log (src/utils/logger.ts:69:13)
          at Array.forEach (<anonymous>)

    console.log
      {"timestamp":"2026-03-13T19:15:40.461Z","level":"info","service":"fakenewsoff-backend","message":"Text grounding queries 
completed","event":"text_grounding_queries_done","requestId":"preservation-test-1","queries_executed":3,"sources_raw":0,"providers_used":["none"]}

      at Logger.log (src/utils/logger.ts:69:13)

    console.log
      {"timestamp":"2026-03-13T19:15:40.461Z","level":"warn","service":"fakenewsoff-backend","message":"Text grounding returned zero 
results","event":"text_grounding_zero_results","requestId":"preservation-test-1","reason_codes":["ERROR"],"errors":["GDELT (7d): GDELT API timeout after 3500ms","GDELT (7d): GDELT API network error: 
GDELT API error: 429 Too Many Requests - Please limit requests to one every 5 seconds or contact kalev.leetaru5@gmail.com for larger queries.\n\n","Web search client not configured","GDELT (7d): GDELT 
API timeout after 3500ms"]}

      at Logger.log (src/utils/logger.ts:69:13)

    console.log
      Preservation Test 1 - Recent breaking news:

      at Object.<anonymous> (src/services/groundingService.preservation.test.ts:37:15)

    console.log
        Sources found: 0

      at Object.<anonymous> (src/services/groundingService.preservation.test.ts:38:15)

    console.log
        Provider used: none

      at Object.<anonymous> (src/services/groundingService.preservation.test.ts:39:15)

    console.log
        Latency: 6057ms

      at Object.<anonymous> (src/services/groundingService.preservation.test.ts:40:15)

    console.log
      {"timestamp":"2026-03-13T19:15:40.468Z","level":"info","service":"fakenewsoff-backend","message":"Claim cache miss","event":"claim_cache_miss","requestId":"preservation-test-2"}

      at Logger.log (src/utils/logger.ts:69:13)

    console.log
      {"timestamp":"2026-03-13T19:15:40.468Z","level":"info","service":"fakenewsoff-backend","message":"Query generation 
complete","event":"query_generation_complete","requestId":"preservation-test-2","queries_generated":3,"queries":["current events","current events today","what is current 
events"],"has_recency_hint":true,"entities_extracted":[],"key_phrases_extracted":"[REDACTED]"}

      at Logger.log (src/utils/logger.ts:69:13)

    console.log
      {"timestamp":"2026-03-13T19:15:40.469Z","level":"info","service":"fakenewsoff-backend","message":"Grounding request 
started","event":"grounding_start","requestId":"preservation-test-2","query_terms":"current events","provider_order":["bing","gdelt"],"demo_mode":false}

      at Logger.log (src/utils/logger.ts:69:13)
          at async Promise.all (index 0)

    console.log
      {"timestamp":"2026-03-13T19:15:40.469Z","level":"info","service":"fakenewsoff-backend","message":"Grounding cache 
miss","event":"grounding_cache_miss","requestId":"preservation-test-2","query":"current events"}

      at Logger.log (src/utils/logger.ts:69:13)
          at async Promise.all (index 0)

    console.log
      {"timestamp":"2026-03-13T19:15:40.469Z","level":"info","service":"fakenewsoff-backend","message":"Starting adaptive freshness cascade with historical detection","event":"adaptive_freshness_start"
,"requestId":"preservation-test-2","is_historical":false,"confidence":0,"retrieval_mode":"news_recent","strategies":["7d","30d","web"],"timeout_budget_ms":5000}

      at Logger.log (src/utils/logger.ts:69:13)
          at async Promise.all (index 0)

    console.log
      {"timestamp":"2026-03-13T19:15:40.469Z","level":"info","service":"fakenewsoff-backend","message":"Trying freshness 
strategy","event":"adaptive_freshness_retry","requestId":"preservation-test-2","strategy":"7d","retry_count":0,"elapsed_ms":0}

      at Logger.log (src/utils/logger.ts:69:13)
          at async Promise.all (index 0)

    console.log
      {"timestamp":"2026-03-13T19:15:40.469Z","level":"info","service":"fakenewsoff-backend","message":"Trying providers with freshness 
strategy","event":"adaptive_freshness_attempt","requestId":"preservation-test-2","freshness_strategy":"7d","bing_freshness":"Week","gdelt_timespan":"7d"}

      at Logger.log (src/utils/logger.ts:69:13)
          at async Promise.all (index 0)

    console.log
      {"timestamp":"2026-03-13T19:15:40.469Z","level":"info","service":"fakenewsoff-backend","message":"Skipping Bing News provider (client not 
initialized)","event":"provider_attempt_skipped","requestId":"preservation-test-2","provider":"bing","freshness":"7d","reason":"client_not_initialized"}

      at Logger.log (src/utils/logger.ts:69:13)
          at async Promise.all (index 0)

    console.log
      {"timestamp":"2026-03-13T19:15:40.469Z","level":"info","service":"fakenewsoff-backend","message":"Skipping GDELT provider (cooldown 
active)","event":"provider_attempt_skipped","requestId":"preservation-test-2","provider":"gdelt","freshness":"7d","reason":"cooldown_active","cooldown_reason":"rate_limit","remaining_ms":298740}

      at Logger.log (src/utils/logger.ts:69:13)
          at async Promise.all (index 0)

    console.log
      {"timestamp":"2026-03-13T19:15:40.470Z","level":"info","service":"fakenewsoff-backend","message":"Grounding request 
started","event":"grounding_start","requestId":"preservation-test-2","query_terms":"current events today","provider_order":["bing","gdelt"],"demo_mode":false}

      at Logger.log (src/utils/logger.ts:69:13)
          at async Promise.all (index 1)

    console.log
      {"timestamp":"2026-03-13T19:15:40.470Z","level":"info","service":"fakenewsoff-backend","message":"Grounding cache 
miss","event":"grounding_cache_miss","requestId":"preservation-test-2","query":"current events today"}

      at Logger.log (src/utils/logger.ts:69:13)
          at async Promise.all (index 1)

    console.log
      {"timestamp":"2026-03-13T19:15:40.470Z","level":"info","service":"fakenewsoff-backend","message":"Starting adaptive freshness cascade with historical detection","event":"adaptive_freshness_start"
,"requestId":"preservation-test-2","is_historical":false,"confidence":0,"retrieval_mode":"news_recent","strategies":["7d","30d","web"],"timeout_budget_ms":5000}

      at Logger.log (src/utils/logger.ts:69:13)
          at async Promise.all (index 1)

    console.log
      {"timestamp":"2026-03-13T19:15:40.470Z","level":"info","service":"fakenewsoff-backend","message":"Trying freshness 
strategy","event":"adaptive_freshness_retry","requestId":"preservation-test-2","strategy":"7d","retry_count":0,"elapsed_ms":0}

      at Logger.log (src/utils/logger.ts:69:13)
          at async Promise.all (index 1)

    console.log
      {"timestamp":"2026-03-13T19:15:40.470Z","level":"info","service":"fakenewsoff-backend","message":"Trying providers with freshness 
strategy","event":"adaptive_freshness_attempt","requestId":"preservation-test-2","freshness_strategy":"7d","bing_freshness":"Week","gdelt_timespan":"7d"}

      at Logger.log (src/utils/logger.ts:69:13)
          at async Promise.all (index 1)

    console.log
      {"timestamp":"2026-03-13T19:15:40.470Z","level":"info","service":"fakenewsoff-backend","message":"Skipping Bing News provider (client not 
initialized)","event":"provider_attempt_skipped","requestId":"preservation-test-2","provider":"bing","freshness":"7d","reason":"client_not_initialized"}

      at Logger.log (src/utils/logger.ts:69:13)
          at async Promise.all (index 1)

    console.log
      {"timestamp":"2026-03-13T19:15:40.470Z","level":"info","service":"fakenewsoff-backend","message":"Skipping GDELT provider (cooldown 
active)","event":"provider_attempt_skipped","requestId":"preservation-test-2","provider":"gdelt","freshness":"7d","reason":"cooldown_active","cooldown_reason":"rate_limit","remaining_ms":298739}

      at Logger.log (src/utils/logger.ts:69:13)
          at async Promise.all (index 1)

    console.log
      {"timestamp":"2026-03-13T19:15:40.470Z","level":"info","service":"fakenewsoff-backend","message":"Grounding request 
started","event":"grounding_start","requestId":"preservation-test-2","query_terms":"what current events","provider_order":["bing","gdelt"],"demo_mode":false}

      at Logger.log (src/utils/logger.ts:69:13)
          at async Promise.all (index 2)

    console.log
      {"timestamp":"2026-03-13T19:15:40.470Z","level":"info","service":"fakenewsoff-backend","message":"Grounding cache 
miss","event":"grounding_cache_miss","requestId":"preservation-test-2","query":"what current events"}

      at Logger.log (src/utils/logger.ts:69:13)
          at async Promise.all (index 2)

    console.log
      {"timestamp":"2026-03-13T19:15:40.470Z","level":"info","service":"fakenewsoff-backend","message":"Starting adaptive freshness cascade with historical detection","event":"adaptive_freshness_start"
,"requestId":"preservation-test-2","is_historical":false,"confidence":0,"retrieval_mode":"news_recent","strategies":["7d","30d","web"],"timeout_budget_ms":5000}

      at Logger.log (src/utils/logger.ts:69:13)
          at async Promise.all (index 2)

    console.log
      {"timestamp":"2026-03-13T19:15:40.471Z","level":"info","service":"fakenewsoff-backend","message":"Trying freshness 
strategy","event":"adaptive_freshness_retry","requestId":"preservation-test-2","strategy":"7d","retry_count":0,"elapsed_ms":1}

      at Logger.log (src/utils/logger.ts:69:13)
          at async Promise.all (index 2)

    console.log
      {"timestamp":"2026-03-13T19:15:40.471Z","level":"info","service":"fakenewsoff-backend","message":"Trying providers with freshness 
strategy","event":"adaptive_freshness_attempt","requestId":"preservation-test-2","freshness_strategy":"7d","bing_freshness":"Week","gdelt_timespan":"7d"}

      at Logger.log (src/utils/logger.ts:69:13)
          at async Promise.all (index 2)

    console.log
      {"timestamp":"2026-03-13T19:15:40.471Z","level":"info","service":"fakenewsoff-backend","message":"Skipping Bing News provider (client not 
initialized)","event":"provider_attempt_skipped","requestId":"preservation-test-2","provider":"bing","freshness":"7d","reason":"client_not_initialized"}

      at Logger.log (src/utils/logger.ts:69:13)
          at async Promise.all (index 2)

    console.log
      {"timestamp":"2026-03-13T19:15:40.471Z","level":"info","service":"fakenewsoff-backend","message":"Skipping GDELT provider (cooldown 
active)","event":"provider_attempt_skipped","requestId":"preservation-test-2","provider":"gdelt","freshness":"7d","reason":"cooldown_active","cooldown_reason":"rate_limit","remaining_ms":298738}

      at Logger.log (src/utils/logger.ts:69:13)
          at async Promise.all (index 2)

    console.log
      {"timestamp":"2026-03-13T19:15:40.471Z","level":"info","service":"fakenewsoff-backend","message":"Freshness strategy returned zero 
results","event":"adaptive_freshness_strategy_failed","requestId":"preservation-test-2","strategy":"7d","retry_count":0}

      at Logger.log (src/utils/logger.ts:69:13)
          at async Promise.all (index 0)

    console.log
      {"timestamp":"2026-03-13T19:15:40.471Z","level":"info","service":"fakenewsoff-backend","message":"Trying freshness 
strategy","event":"adaptive_freshness_retry","requestId":"preservation-test-2","strategy":"30d","retry_count":1,"elapsed_ms":2}

      at Logger.log (src/utils/logger.ts:69:13)
          at async Promise.all (index 0)

    console.log
      {"timestamp":"2026-03-13T19:15:40.471Z","level":"info","service":"fakenewsoff-backend","message":"Trying providers with freshness 
strategy","event":"adaptive_freshness_attempt","requestId":"preservation-test-2","freshness_strategy":"30d","bing_freshness":"Month","gdelt_timespan":"30d"}

      at Logger.log (src/utils/logger.ts:69:13)
          at async Promise.all (index 0)

    console.log
      {"timestamp":"2026-03-13T19:15:40.471Z","level":"info","service":"fakenewsoff-backend","message":"Skipping Bing News provider (client not 
initialized)","event":"provider_attempt_skipped","requestId":"preservation-test-2","provider":"bing","freshness":"30d","reason":"client_not_initialized"}

      at Logger.log (src/utils/logger.ts:69:13)
          at async Promise.all (index 0)

    console.log
      {"timestamp":"2026-03-13T19:15:40.471Z","level":"info","service":"fakenewsoff-backend","message":"Skipping GDELT provider (cooldown 
active)","event":"provider_attempt_skipped","requestId":"preservation-test-2","provider":"gdelt","freshness":"30d","reason":"cooldown_active","cooldown_reason":"rate_limit","remaining_ms":298738}

      at Logger.log (src/utils/logger.ts:69:13)
          at async Promise.all (index 0)

    console.log
      {"timestamp":"2026-03-13T19:15:40.472Z","level":"info","service":"fakenewsoff-backend","message":"Freshness strategy returned zero 
results","event":"adaptive_freshness_strategy_failed","requestId":"preservation-test-2","strategy":"7d","retry_count":0}

      at Logger.log (src/utils/logger.ts:69:13)
          at async Promise.all (index 1)

    console.log
      {"timestamp":"2026-03-13T19:15:40.472Z","level":"info","service":"fakenewsoff-backend","message":"Trying freshness 
strategy","event":"adaptive_freshness_retry","requestId":"preservation-test-2","strategy":"30d","retry_count":1,"elapsed_ms":2}

      at Logger.log (src/utils/logger.ts:69:13)
          at async Promise.all (index 1)

    console.log
      {"timestamp":"2026-03-13T19:15:40.472Z","level":"info","service":"fakenewsoff-backend","message":"Trying providers with freshness 
strategy","event":"adaptive_freshness_attempt","requestId":"preservation-test-2","freshness_strategy":"30d","bing_freshness":"Month","gdelt_timespan":"30d"}

      at Logger.log (src/utils/logger.ts:69:13)
          at async Promise.all (index 1)

    console.log
      {"timestamp":"2026-03-13T19:15:40.472Z","level":"info","service":"fakenewsoff-backend","message":"Skipping Bing News provider (client not 
initialized)","event":"provider_attempt_skipped","requestId":"preservation-test-2","provider":"bing","freshness":"30d","reason":"client_not_initialized"}

      at Logger.log (src/utils/logger.ts:69:13)
          at async Promise.all (index 1)

    console.log
      {"timestamp":"2026-03-13T19:15:40.472Z","level":"info","service":"fakenewsoff-backend","message":"Skipping GDELT provider (cooldown 
active)","event":"provider_attempt_skipped","requestId":"preservation-test-2","provider":"gdelt","freshness":"30d","reason":"cooldown_active","cooldown_reason":"rate_limit","remaining_ms":298737}

      at Logger.log (src/utils/logger.ts:69:13)
          at async Promise.all (index 1)

    console.log
      {"timestamp":"2026-03-13T19:15:40.472Z","level":"info","service":"fakenewsoff-backend","message":"Freshness strategy returned zero 
results","event":"adaptive_freshness_strategy_failed","requestId":"preservation-test-2","strategy":"7d","retry_count":0}

      at Logger.log (src/utils/logger.ts:69:13)
          at async Promise.all (index 2)

    console.log
      {"timestamp":"2026-03-13T19:15:40.472Z","level":"info","service":"fakenewsoff-backend","message":"Trying freshness 
strategy","event":"adaptive_freshness_retry","requestId":"preservation-test-2","strategy":"30d","retry_count":1,"elapsed_ms":2}

      at Logger.log (src/utils/logger.ts:69:13)
          at async Promise.all (index 2)

    console.log
      {"timestamp":"2026-03-13T19:15:40.472Z","level":"info","service":"fakenewsoff-backend","message":"Trying providers with freshness 
strategy","event":"adaptive_freshness_attempt","requestId":"preservation-test-2","freshness_strategy":"30d","bing_freshness":"Month","gdelt_timespan":"30d"}

      at Logger.log (src/utils/logger.ts:69:13)
          at async Promise.all (index 2)

    console.log
      {"timestamp":"2026-03-13T19:15:40.473Z","level":"info","service":"fakenewsoff-backend","message":"Skipping Bing News provider (client not 
initialized)","event":"provider_attempt_skipped","requestId":"preservation-test-2","provider":"bing","freshness":"30d","reason":"client_not_initialized"}

      at Logger.log (src/utils/logger.ts:69:13)
          at async Promise.all (index 2)

    console.log
      {"timestamp":"2026-03-13T19:15:40.473Z","level":"info","service":"fakenewsoff-backend","message":"Skipping GDELT provider (cooldown 
active)","event":"provider_attempt_skipped","requestId":"preservation-test-2","provider":"gdelt","freshness":"30d","reason":"cooldown_active","cooldown_reason":"rate_limit","remaining_ms":298736}

      at Logger.log (src/utils/logger.ts:69:13)
          at async Promise.all (index 2)

    console.log
      {"timestamp":"2026-03-13T19:15:40.473Z","level":"info","service":"fakenewsoff-backend","message":"Freshness strategy returned zero 
results","event":"adaptive_freshness_strategy_failed","requestId":"preservation-test-2","strategy":"30d","retry_count":1}

      at Logger.log (src/utils/logger.ts:69:13)
          at async Promise.all (index 0)

    console.log
      {"timestamp":"2026-03-13T19:15:40.473Z","level":"info","service":"fakenewsoff-backend","message":"Trying freshness 
strategy","event":"adaptive_freshness_retry","requestId":"preservation-test-2","strategy":"web","retry_count":2,"elapsed_ms":4}

      at Logger.log (src/utils/logger.ts:69:13)
          at async Promise.all (index 0)

    console.log
      {"timestamp":"2026-03-13T19:15:40.473Z","level":"warn","service":"fakenewsoff-backend","message":"Web search not available","event":"web_search_unavailable","requestId":"preservation-test-2"}

      at Logger.log (src/utils/logger.ts:69:13)
          at async Promise.all (index 0)

    console.log
      {"timestamp":"2026-03-13T19:15:40.473Z","level":"info","service":"fakenewsoff-backend","message":"Freshness strategy returned zero 
results","event":"adaptive_freshness_strategy_failed","requestId":"preservation-test-2","strategy":"30d","retry_count":1}

      at Logger.log (src/utils/logger.ts:69:13)
          at async Promise.all (index 1)

    console.log
      {"timestamp":"2026-03-13T19:15:40.473Z","level":"info","service":"fakenewsoff-backend","message":"Trying freshness 
strategy","event":"adaptive_freshness_retry","requestId":"preservation-test-2","strategy":"web","retry_count":2,"elapsed_ms":3}

      at Logger.log (src/utils/logger.ts:69:13)
          at async Promise.all (index 1)

    console.log
      {"timestamp":"2026-03-13T19:15:40.473Z","level":"warn","service":"fakenewsoff-backend","message":"Web search not available","event":"web_search_unavailable","requestId":"preservation-test-2"}

      at Logger.log (src/utils/logger.ts:69:13)
          at async Promise.all (index 1)

    console.log
      {"timestamp":"2026-03-13T19:15:40.473Z","level":"info","service":"fakenewsoff-backend","message":"Freshness strategy returned zero 
results","event":"adaptive_freshness_strategy_failed","requestId":"preservation-test-2","strategy":"30d","retry_count":1}

      at Logger.log (src/utils/logger.ts:69:13)
          at async Promise.all (index 2)

    console.log
      {"timestamp":"2026-03-13T19:15:40.473Z","level":"info","service":"fakenewsoff-backend","message":"Trying freshness 
strategy","event":"adaptive_freshness_retry","requestId":"preservation-test-2","strategy":"web","retry_count":2,"elapsed_ms":3}

      at Logger.log (src/utils/logger.ts:69:13)
          at async Promise.all (index 2)

    console.log
      {"timestamp":"2026-03-13T19:15:40.474Z","level":"warn","service":"fakenewsoff-backend","message":"Web search not available","event":"web_search_unavailable","requestId":"preservation-test-2"}

      at Logger.log (src/utils/logger.ts:69:13)
          at async Promise.all (index 2)

    console.log
      {"timestamp":"2026-03-13T19:15:40.474Z","level":"info","service":"fakenewsoff-backend","message":"Freshness strategy returned zero 
results","event":"adaptive_freshness_strategy_failed","requestId":"preservation-test-2","strategy":"web","retry_count":2}

      at Logger.log (src/utils/logger.ts:69:13)
          at async Promise.all (index 0)

    console.log
      {"timestamp":"2026-03-13T19:15:40.474Z","level":"warn","service":"fakenewsoff-backend","message":"All adaptive freshness strategies 
exhausted","event":"adaptive_freshness_exhausted","requestId":"preservation-test-2","strategies_tried":3,"total_elapsed_ms":5}

      at Logger.log (src/utils/logger.ts:69:13)
          at async Promise.all (index 0)

    console.log
      {"timestamp":"2026-03-13T19:15:40.474Z","level":"info","service":"fakenewsoff-backend","message":"Freshness strategy returned zero 
results","event":"adaptive_freshness_strategy_failed","requestId":"preservation-test-2","strategy":"web","retry_count":2}

      at Logger.log (src/utils/logger.ts:69:13)
          at async Promise.all (index 1)

    console.log
      {"timestamp":"2026-03-13T19:15:40.474Z","level":"warn","service":"fakenewsoff-backend","message":"All adaptive freshness strategies 
exhausted","event":"adaptive_freshness_exhausted","requestId":"preservation-test-2","strategies_tried":3,"total_elapsed_ms":4}

      at Logger.log (src/utils/logger.ts:69:13)
          at async Promise.all (index 1)

    console.log
      {"timestamp":"2026-03-13T19:15:40.474Z","level":"info","service":"fakenewsoff-backend","message":"Freshness strategy returned zero 
results","event":"adaptive_freshness_strategy_failed","requestId":"preservation-test-2","strategy":"web","retry_count":2}

      at Logger.log (src/utils/logger.ts:69:13)
          at async Promise.all (index 2)

    console.log
      {"timestamp":"2026-03-13T19:15:40.474Z","level":"warn","service":"fakenewsoff-backend","message":"All adaptive freshness strategies 
exhausted","event":"adaptive_freshness_exhausted","requestId":"preservation-test-2","strategies_tried":3,"total_elapsed_ms":4}

      at Logger.log (src/utils/logger.ts:69:13)
          at async Promise.all (index 2)

    console.log
      {"timestamp":"2026-03-13T19:15:40.474Z","level":"info","service":"fakenewsoff-backend","message":"Grounding request completed","event":"grounding_done","requestId":"preservation-test-2","provider
_used":"none","total_latency_ms":5,"sources_returned":0,"sources_raw":0,"attempted_providers":["bing","gdelt","web"],"had_errors":true}

      at Logger.log (src/utils/logger.ts:69:13)
          at async Promise.all (index 0)

    console.log
      {"timestamp":"2026-03-13T19:15:40.475Z","level":"info","service":"fakenewsoff-backend","message":"Grounding request completed","event":"grounding_done","requestId":"preservation-test-2","provider
_used":"none","total_latency_ms":4,"sources_returned":0,"sources_raw":0,"attempted_providers":["bing","gdelt","web"],"had_errors":true}

      at Logger.log (src/utils/logger.ts:69:13)
          at async Promise.all (index 1)

    console.log
      {"timestamp":"2026-03-13T19:15:40.475Z","level":"info","service":"fakenewsoff-backend","message":"Grounding request completed","event":"grounding_done","requestId":"preservation-test-2","provider
_used":"none","total_latency_ms":4,"sources_returned":0,"sources_raw":0,"attempted_providers":["bing","gdelt","web"],"had_errors":true}

      at Logger.log (src/utils/logger.ts:69:13)
          at async Promise.all (index 2)

    console.log
      {"timestamp":"2026-03-13T19:15:40.475Z","level":"info","service":"fakenewsoff-backend","message":"Query result 
received","event":"query_result_received","requestId":"preservation-test-2","query_index":0,"query":"current events","provider_used":"none","sources_count":0,"cache_hit":false,"had_errors":true}

      at Logger.log (src/utils/logger.ts:69:13)
          at Array.forEach (<anonymous>)

    console.log
      {"timestamp":"2026-03-13T19:15:40.475Z","level":"info","service":"fakenewsoff-backend","message":"Query result 
received","event":"query_result_received","requestId":"preservation-test-2","query_index":1,"query":"current events today","provider_used":"none","sources_count":0,"cache_hit":false,"had_errors":true}

      at Logger.log (src/utils/logger.ts:69:13)
          at Array.forEach (<anonymous>)

    console.log
      {"timestamp":"2026-03-13T19:15:40.475Z","level":"info","service":"fakenewsoff-backend","message":"Query result 
received","event":"query_result_received","requestId":"preservation-test-2","query_index":2,"query":"what is current 
events","provider_used":"none","sources_count":0,"cache_hit":false,"had_errors":true}

      at Logger.log (src/utils/logger.ts:69:13)
          at Array.forEach (<anonymous>)

    console.log
      {"timestamp":"2026-03-13T19:15:40.475Z","level":"info","service":"fakenewsoff-backend","message":"Text grounding queries 
completed","event":"text_grounding_queries_done","requestId":"preservation-test-2","queries_executed":3,"sources_raw":0,"providers_used":["none"]}

      at Logger.log (src/utils/logger.ts:69:13)

    console.log
      {"timestamp":"2026-03-13T19:15:40.475Z","level":"warn","service":"fakenewsoff-backend","message":"Text grounding returned zero 
results","event":"text_grounding_zero_results","requestId":"preservation-test-2","reason_codes":["ERROR"],"errors":["Web search client not configured","Web search client not configured","Web search 
client not configured"]}

      at Logger.log (src/utils/logger.ts:69:13)

    console.log
      Preservation Test 2 - Performance budget:

      at Object.<anonymous> (src/services/groundingService.preservation.test.ts:67:15)

    console.log
        Duration: 7ms

      at Object.<anonymous> (src/services/groundingService.preservation.test.ts:68:15)

    console.log
        Result latency: 7ms

      at Object.<anonymous> (src/services/groundingService.preservation.test.ts:69:15)

    console.log
      {"timestamp":"2026-03-13T19:15:40.476Z","level":"info","service":"fakenewsoff-backend","message":"Demo mode text 
grounding","event":"text_grounding_demo_mode","requestId":"preservation-test-3","sources_count":3}

      at Logger.log (src/utils/logger.ts:69:13)

    console.log
      {"timestamp":"2026-03-13T19:15:40.476Z","level":"info","service":"fakenewsoff-backend","message":"Demo mode text 
grounding","event":"text_grounding_demo_mode","requestId":"preservation-test-3","sources_count":3}

      at Logger.log (src/utils/logger.ts:69:13)

    console.log
      Preservation Test 3 - Demo mode determinism:

      at Object.<anonymous> (src/services/groundingService.preservation.test.ts:90:15)

    console.log
        Sources found (call 1): 3

      at Object.<anonymous> (src/services/groundingService.preservation.test.ts:91:15)

    console.log
        Sources found (call 2): 3

      at Object.<anonymous> (src/services/groundingService.preservation.test.ts:92:15)

    console.log
        Provider used: demo

      at Object.<anonymous> (src/services/groundingService.preservation.test.ts:93:15)

    console.log
      {"timestamp":"2026-03-13T19:15:40.477Z","level":"info","service":"fakenewsoff-backend","message":"Demo mode text 
grounding","event":"text_grounding_demo_mode","requestId":"preservation-test-4","sources_count":3}

      at Logger.log (src/utils/logger.ts:69:13)

    console.log
      Preservation Test 4 - Demo mode no adaptive freshness:

      at Object.<anonymous> (src/services/groundingService.preservation.test.ts:115:15)

    console.log
        Sources found: 3

      at Object.<anonymous> (src/services/groundingService.preservation.test.ts:116:15)

    console.log
        Latency: 0ms

      at Object.<anonymous> (src/services/groundingService.preservation.test.ts:117:15)

    console.log
      {"timestamp":"2026-03-13T19:15:40.478Z","level":"info","service":"fakenewsoff-backend","message":"Claim cache miss","event":"claim_cache_miss","requestId":"preservation-test-5"}

      at Logger.log (src/utils/logger.ts:69:13)

    console.log
      {"timestamp":"2026-03-13T19:15:40.478Z","level":"info","service":"fakenewsoff-backend","message":"Query generation 
complete","event":"query_generation_complete","requestId":"preservation-test-5","queries_generated":3,"queries":["xyzabc123 nonexistent claim that has no evidence anywhere","xyzabc123 nonexistent 
claim evidence","what is xyzabc123 nonexistent claim"],"has_recency_hint":false,"entities_extracted":[],"key_phrases_extracted":"[REDACTED]"}

      at Logger.log (src/utils/logger.ts:69:13)

    console.log
      {"timestamp":"2026-03-13T19:15:40.478Z","level":"info","service":"fakenewsoff-backend","message":"Grounding request 
started","event":"grounding_start","requestId":"preservation-test-5","query_terms":"xyzabc123 nonexistent claim evidence anywhere","provider_order":["bing","gdelt"],"demo_mode":false}

      at Logger.log (src/utils/logger.ts:69:13)
          at async Promise.all (index 0)

    console.log
      {"timestamp":"2026-03-13T19:15:40.478Z","level":"info","service":"fakenewsoff-backend","message":"Grounding cache 
miss","event":"grounding_cache_miss","requestId":"preservation-test-5","query":"xyzabc123 nonexistent claim evidence anywhere"}

      at Logger.log (src/utils/logger.ts:69:13)
          at async Promise.all (index 0)

    console.log
      {"timestamp":"2026-03-13T19:15:40.478Z","level":"info","service":"fakenewsoff-backend","message":"Starting adaptive freshness cascade with historical detection","event":"adaptive_freshness_start"
,"requestId":"preservation-test-5","is_historical":false,"confidence":0,"retrieval_mode":"news_recent","strategies":["7d","30d","web"],"timeout_budget_ms":5000}

      at Logger.log (src/utils/logger.ts:69:13)
          at async Promise.all (index 0)

    console.log
      {"timestamp":"2026-03-13T19:15:40.479Z","level":"info","service":"fakenewsoff-backend","message":"Trying freshness 
strategy","event":"adaptive_freshness_retry","requestId":"preservation-test-5","strategy":"7d","retry_count":0,"elapsed_ms":1}

      at Logger.log (src/utils/logger.ts:69:13)
          at async Promise.all (index 0)

    console.log
      {"timestamp":"2026-03-13T19:15:40.479Z","level":"info","service":"fakenewsoff-backend","message":"Trying providers with freshness 
strategy","event":"adaptive_freshness_attempt","requestId":"preservation-test-5","freshness_strategy":"7d","bing_freshness":"Week","gdelt_timespan":"7d"}

      at Logger.log (src/utils/logger.ts:69:13)
          at async Promise.all (index 0)

    console.log
      {"timestamp":"2026-03-13T19:15:40.479Z","level":"info","service":"fakenewsoff-backend","message":"Skipping Bing News provider (client not 
initialized)","event":"provider_attempt_skipped","requestId":"preservation-test-5","provider":"bing","freshness":"7d","reason":"client_not_initialized"}

      at Logger.log (src/utils/logger.ts:69:13)
          at async Promise.all (index 0)

    console.log
      {"timestamp":"2026-03-13T19:15:40.479Z","level":"info","service":"fakenewsoff-backend","message":"Skipping GDELT provider (cooldown 
active)","event":"provider_attempt_skipped","requestId":"preservation-test-5","provider":"gdelt","freshness":"7d","reason":"cooldown_active","cooldown_reason":"rate_limit","remaining_ms":298730}

      at Logger.log (src/utils/logger.ts:69:13)
          at async Promise.all (index 0)

    console.log
      {"timestamp":"2026-03-13T19:15:40.479Z","level":"info","service":"fakenewsoff-backend","message":"Grounding request 
started","event":"grounding_start","requestId":"preservation-test-5","query_terms":"xyzabc123 nonexistent claim evidence","provider_order":["bing","gdelt"],"demo_mode":false}

      at Logger.log (src/utils/logger.ts:69:13)
          at async Promise.all (index 1)

    console.log
      {"timestamp":"2026-03-13T19:15:40.479Z","level":"info","service":"fakenewsoff-backend","message":"Grounding cache 
miss","event":"grounding_cache_miss","requestId":"preservation-test-5","query":"xyzabc123 nonexistent claim evidence"}

      at Logger.log (src/utils/logger.ts:69:13)
          at async Promise.all (index 1)

    console.log
      {"timestamp":"2026-03-13T19:15:40.479Z","level":"info","service":"fakenewsoff-backend","message":"Starting adaptive freshness cascade with historical detection","event":"adaptive_freshness_start"
,"requestId":"preservation-test-5","is_historical":false,"confidence":0,"retrieval_mode":"news_recent","strategies":["7d","30d","web"],"timeout_budget_ms":5000}

      at Logger.log (src/utils/logger.ts:69:13)
          at async Promise.all (index 1)

    console.log
      {"timestamp":"2026-03-13T19:15:40.479Z","level":"info","service":"fakenewsoff-backend","message":"Trying freshness 
strategy","event":"adaptive_freshness_retry","requestId":"preservation-test-5","strategy":"7d","retry_count":0,"elapsed_ms":0}

      at Logger.log (src/utils/logger.ts:69:13)
          at async Promise.all (index 1)

    console.log
      {"timestamp":"2026-03-13T19:15:40.480Z","level":"info","service":"fakenewsoff-backend","message":"Trying providers with freshness 
strategy","event":"adaptive_freshness_attempt","requestId":"preservation-test-5","freshness_strategy":"7d","bing_freshness":"Week","gdelt_timespan":"7d"}

      at Logger.log (src/utils/logger.ts:69:13)
          at async Promise.all (index 1)

    console.log
      {"timestamp":"2026-03-13T19:15:40.480Z","level":"info","service":"fakenewsoff-backend","message":"Skipping Bing News provider (client not 
initialized)","event":"provider_attempt_skipped","requestId":"preservation-test-5","provider":"bing","freshness":"7d","reason":"client_not_initialized"}

      at Logger.log (src/utils/logger.ts:69:13)
          at async Promise.all (index 1)

    console.log
      {"timestamp":"2026-03-13T19:15:40.480Z","level":"info","service":"fakenewsoff-backend","message":"Skipping GDELT provider (cooldown 
active)","event":"provider_attempt_skipped","requestId":"preservation-test-5","provider":"gdelt","freshness":"7d","reason":"cooldown_active","cooldown_reason":"rate_limit","remaining_ms":298729}

      at Logger.log (src/utils/logger.ts:69:13)
          at async Promise.all (index 1)

    console.log
      {"timestamp":"2026-03-13T19:15:40.480Z","level":"info","service":"fakenewsoff-backend","message":"Grounding request 
started","event":"grounding_start","requestId":"preservation-test-5","query_terms":"what xyzabc123 nonexistent claim","provider_order":["bing","gdelt"],"demo_mode":false}

      at Logger.log (src/utils/logger.ts:69:13)
          at async Promise.all (index 2)

    console.log
      {"timestamp":"2026-03-13T19:15:40.480Z","level":"info","service":"fakenewsoff-backend","message":"Grounding cache 
miss","event":"grounding_cache_miss","requestId":"preservation-test-5","query":"what xyzabc123 nonexistent claim"}

      at Logger.log (src/utils/logger.ts:69:13)
          at async Promise.all (index 2)

    console.log
      {"timestamp":"2026-03-13T19:15:40.480Z","level":"info","service":"fakenewsoff-backend","message":"Starting adaptive freshness cascade with historical detection","event":"adaptive_freshness_start"
,"requestId":"preservation-test-5","is_historical":false,"confidence":0,"retrieval_mode":"news_recent","strategies":["7d","30d","web"],"timeout_budget_ms":5000}

      at Logger.log (src/utils/logger.ts:69:13)
          at async Promise.all (index 2)

    console.log
      {"timestamp":"2026-03-13T19:15:40.480Z","level":"info","service":"fakenewsoff-backend","message":"Trying freshness 
strategy","event":"adaptive_freshness_retry","requestId":"preservation-test-5","strategy":"7d","retry_count":0,"elapsed_ms":0}

      at Logger.log (src/utils/logger.ts:69:13)
          at async Promise.all (index 2)

    console.log
      {"timestamp":"2026-03-13T19:15:40.480Z","level":"info","service":"fakenewsoff-backend","message":"Trying providers with freshness 
strategy","event":"adaptive_freshness_attempt","requestId":"preservation-test-5","freshness_strategy":"7d","bing_freshness":"Week","gdelt_timespan":"7d"}

      at Logger.log (src/utils/logger.ts:69:13)
          at async Promise.all (index 2)

    console.log
      {"timestamp":"2026-03-13T19:15:40.480Z","level":"info","service":"fakenewsoff-backend","message":"Skipping Bing News provider (client not 
initialized)","event":"provider_attempt_skipped","requestId":"preservation-test-5","provider":"bing","freshness":"7d","reason":"client_not_initialized"}

      at Logger.log (src/utils/logger.ts:69:13)
          at async Promise.all (index 2)

    console.log
      {"timestamp":"2026-03-13T19:15:40.481Z","level":"info","service":"fakenewsoff-backend","message":"Skipping GDELT provider (cooldown 
active)","event":"provider_attempt_skipped","requestId":"preservation-test-5","provider":"gdelt","freshness":"7d","reason":"cooldown_active","cooldown_reason":"rate_limit","remaining_ms":298728}

      at Logger.log (src/utils/logger.ts:69:13)
          at async Promise.all (index 2)

    console.log
      {"timestamp":"2026-03-13T19:15:40.481Z","level":"info","service":"fakenewsoff-backend","message":"Freshness strategy returned zero 
results","event":"adaptive_freshness_strategy_failed","requestId":"preservation-test-5","strategy":"7d","retry_count":0}

      at Logger.log (src/utils/logger.ts:69:13)
          at async Promise.all (index 0)

    console.log
      {"timestamp":"2026-03-13T19:15:40.481Z","level":"info","service":"fakenewsoff-backend","message":"Trying freshness 
strategy","event":"adaptive_freshness_retry","requestId":"preservation-test-5","strategy":"30d","retry_count":1,"elapsed_ms":3}

      at Logger.log (src/utils/logger.ts:69:13)
          at async Promise.all (index 0)

    console.log
      {"timestamp":"2026-03-13T19:15:40.481Z","level":"info","service":"fakenewsoff-backend","message":"Trying providers with freshness 
strategy","event":"adaptive_freshness_attempt","requestId":"preservation-test-5","freshness_strategy":"30d","bing_freshness":"Month","gdelt_timespan":"30d"}

      at Logger.log (src/utils/logger.ts:69:13)
          at async Promise.all (index 0)

    console.log
      {"timestamp":"2026-03-13T19:15:40.481Z","level":"info","service":"fakenewsoff-backend","message":"Skipping Bing News provider (client not 
initialized)","event":"provider_attempt_skipped","requestId":"preservation-test-5","provider":"bing","freshness":"30d","reason":"client_not_initialized"}

      at Logger.log (src/utils/logger.ts:69:13)
          at async Promise.all (index 0)

    console.log
      {"timestamp":"2026-03-13T19:15:40.481Z","level":"info","service":"fakenewsoff-backend","message":"Skipping GDELT provider (cooldown 
active)","event":"provider_attempt_skipped","requestId":"preservation-test-5","provider":"gdelt","freshness":"30d","reason":"cooldown_active","cooldown_reason":"rate_limit","remaining_ms":298728}

      at Logger.log (src/utils/logger.ts:69:13)
          at async Promise.all (index 0)

    console.log
      {"timestamp":"2026-03-13T19:15:40.481Z","level":"info","service":"fakenewsoff-backend","message":"Freshness strategy returned zero 
results","event":"adaptive_freshness_strategy_failed","requestId":"preservation-test-5","strategy":"7d","retry_count":0}

      at Logger.log (src/utils/logger.ts:69:13)
          at async Promise.all (index 1)

    console.log
      {"timestamp":"2026-03-13T19:15:40.481Z","level":"info","service":"fakenewsoff-backend","message":"Trying freshness 
strategy","event":"adaptive_freshness_retry","requestId":"preservation-test-5","strategy":"30d","retry_count":1,"elapsed_ms":2}

      at Logger.log (src/utils/logger.ts:69:13)
          at async Promise.all (index 1)

    console.log
      {"timestamp":"2026-03-13T19:15:40.481Z","level":"info","service":"fakenewsoff-backend","message":"Trying providers with freshness 
strategy","event":"adaptive_freshness_attempt","requestId":"preservation-test-5","freshness_strategy":"30d","bing_freshness":"Month","gdelt_timespan":"30d"}

      at Logger.log (src/utils/logger.ts:69:13)
          at async Promise.all (index 1)

    console.log
      {"timestamp":"2026-03-13T19:15:40.481Z","level":"info","service":"fakenewsoff-backend","message":"Skipping Bing News provider (client not 
initialized)","event":"provider_attempt_skipped","requestId":"preservation-test-5","provider":"bing","freshness":"30d","reason":"client_not_initialized"}

      at Logger.log (src/utils/logger.ts:69:13)
          at async Promise.all (index 1)

    console.log
      {"timestamp":"2026-03-13T19:15:40.482Z","level":"info","service":"fakenewsoff-backend","message":"Skipping GDELT provider (cooldown 
active)","event":"provider_attempt_skipped","requestId":"preservation-test-5","provider":"gdelt","freshness":"30d","reason":"cooldown_active","cooldown_reason":"rate_limit","remaining_ms":298727}

      at Logger.log (src/utils/logger.ts:69:13)
          at async Promise.all (index 1)

    console.log
      {"timestamp":"2026-03-13T19:15:40.482Z","level":"info","service":"fakenewsoff-backend","message":"Freshness strategy returned zero 
results","event":"adaptive_freshness_strategy_failed","requestId":"preservation-test-5","strategy":"7d","retry_count":0}

      at Logger.log (src/utils/logger.ts:69:13)
          at async Promise.all (index 2)

    console.log
      {"timestamp":"2026-03-13T19:15:40.482Z","level":"info","service":"fakenewsoff-backend","message":"Trying freshness 
strategy","event":"adaptive_freshness_retry","requestId":"preservation-test-5","strategy":"30d","retry_count":1,"elapsed_ms":2}

      at Logger.log (src/utils/logger.ts:69:13)
          at async Promise.all (index 2)

    console.log
      {"timestamp":"2026-03-13T19:15:40.482Z","level":"info","service":"fakenewsoff-backend","message":"Trying providers with freshness 
strategy","event":"adaptive_freshness_attempt","requestId":"preservation-test-5","freshness_strategy":"30d","bing_freshness":"Month","gdelt_timespan":"30d"}

      at Logger.log (src/utils/logger.ts:69:13)
          at async Promise.all (index 2)

    console.log
      {"timestamp":"2026-03-13T19:15:40.482Z","level":"info","service":"fakenewsoff-backend","message":"Skipping Bing News provider (client not 
initialized)","event":"provider_attempt_skipped","requestId":"preservation-test-5","provider":"bing","freshness":"30d","reason":"client_not_initialized"}

      at Logger.log (src/utils/logger.ts:69:13)
          at async Promise.all (index 2)

    console.log
      {"timestamp":"2026-03-13T19:15:40.482Z","level":"info","service":"fakenewsoff-backend","message":"Skipping GDELT provider (cooldown 
active)","event":"provider_attempt_skipped","requestId":"preservation-test-5","provider":"gdelt","freshness":"30d","reason":"cooldown_active","cooldown_reason":"rate_limit","remaining_ms":298727}

      at Logger.log (src/utils/logger.ts:69:13)
          at async Promise.all (index 2)

    console.log
      {"timestamp":"2026-03-13T19:15:40.482Z","level":"info","service":"fakenewsoff-backend","message":"Freshness strategy returned zero 
results","event":"adaptive_freshness_strategy_failed","requestId":"preservation-test-5","strategy":"30d","retry_count":1}

      at Logger.log (src/utils/logger.ts:69:13)
          at async Promise.all (index 0)

    console.log
      {"timestamp":"2026-03-13T19:15:40.482Z","level":"info","service":"fakenewsoff-backend","message":"Trying freshness 
strategy","event":"adaptive_freshness_retry","requestId":"preservation-test-5","strategy":"web","retry_count":2,"elapsed_ms":4}

      at Logger.log (src/utils/logger.ts:69:13)
          at async Promise.all (index 0)

    console.log
      {"timestamp":"2026-03-13T19:15:40.482Z","level":"warn","service":"fakenewsoff-backend","message":"Web search not available","event":"web_search_unavailable","requestId":"preservation-test-5"}

      at Logger.log (src/utils/logger.ts:69:13)
          at async Promise.all (index 0)

    console.log
      {"timestamp":"2026-03-13T19:15:40.483Z","level":"info","service":"fakenewsoff-backend","message":"Freshness strategy returned zero 
results","event":"adaptive_freshness_strategy_failed","requestId":"preservation-test-5","strategy":"30d","retry_count":1}

      at Logger.log (src/utils/logger.ts:69:13)
          at async Promise.all (index 1)

    console.log
      {"timestamp":"2026-03-13T19:15:40.483Z","level":"info","service":"fakenewsoff-backend","message":"Trying freshness 
strategy","event":"adaptive_freshness_retry","requestId":"preservation-test-5","strategy":"web","retry_count":2,"elapsed_ms":4}

      at Logger.log (src/utils/logger.ts:69:13)
          at async Promise.all (index 1)

    console.log
      {"timestamp":"2026-03-13T19:15:40.483Z","level":"warn","service":"fakenewsoff-backend","message":"Web search not available","event":"web_search_unavailable","requestId":"preservation-test-5"}

      at Logger.log (src/utils/logger.ts:69:13)
          at async Promise.all (index 1)

    console.log
      {"timestamp":"2026-03-13T19:15:40.483Z","level":"info","service":"fakenewsoff-backend","message":"Freshness strategy returned zero 
results","event":"adaptive_freshness_strategy_failed","requestId":"preservation-test-5","strategy":"30d","retry_count":1}

      at Logger.log (src/utils/logger.ts:69:13)
          at async Promise.all (index 2)

    console.log
      {"timestamp":"2026-03-13T19:15:40.483Z","level":"info","service":"fakenewsoff-backend","message":"Trying freshness 
strategy","event":"adaptive_freshness_retry","requestId":"preservation-test-5","strategy":"web","retry_count":2,"elapsed_ms":3}

      at Logger.log (src/utils/logger.ts:69:13)
          at async Promise.all (index 2)

    console.log
      {"timestamp":"2026-03-13T19:15:40.483Z","level":"warn","service":"fakenewsoff-backend","message":"Web search not available","event":"web_search_unavailable","requestId":"preservation-test-5"}

      at Logger.log (src/utils/logger.ts:69:13)
          at async Promise.all (index 2)

    console.log
      {"timestamp":"2026-03-13T19:15:40.483Z","level":"info","service":"fakenewsoff-backend","message":"Freshness strategy returned zero 
results","event":"adaptive_freshness_strategy_failed","requestId":"preservation-test-5","strategy":"web","retry_count":2}

      at Logger.log (src/utils/logger.ts:69:13)
          at async Promise.all (index 0)

    console.log
      {"timestamp":"2026-03-13T19:15:40.483Z","level":"warn","service":"fakenewsoff-backend","message":"All adaptive freshness strategies 
exhausted","event":"adaptive_freshness_exhausted","requestId":"preservation-test-5","strategies_tried":3,"total_elapsed_ms":5}

      at Logger.log (src/utils/logger.ts:69:13)
          at async Promise.all (index 0)

    console.log
      {"timestamp":"2026-03-13T19:15:40.483Z","level":"info","service":"fakenewsoff-backend","message":"Freshness strategy returned zero 
results","event":"adaptive_freshness_strategy_failed","requestId":"preservation-test-5","strategy":"web","retry_count":2}

      at Logger.log (src/utils/logger.ts:69:13)
          at async Promise.all (index 1)

    console.log
      {"timestamp":"2026-03-13T19:15:40.483Z","level":"warn","service":"fakenewsoff-backend","message":"All adaptive freshness strategies 
exhausted","event":"adaptive_freshness_exhausted","requestId":"preservation-test-5","strategies_tried":3,"total_elapsed_ms":4}

      at Logger.log (src/utils/logger.ts:69:13)
          at async Promise.all (index 1)

    console.log
      {"timestamp":"2026-03-13T19:15:40.484Z","level":"info","service":"fakenewsoff-backend","message":"Freshness strategy returned zero 
results","event":"adaptive_freshness_strategy_failed","requestId":"preservation-test-5","strategy":"web","retry_count":2}

      at Logger.log (src/utils/logger.ts:69:13)
          at async Promise.all (index 2)

    console.log
      {"timestamp":"2026-03-13T19:15:40.484Z","level":"warn","service":"fakenewsoff-backend","message":"All adaptive freshness strategies 
exhausted","event":"adaptive_freshness_exhausted","requestId":"preservation-test-5","strategies_tried":3,"total_elapsed_ms":4}

      at Logger.log (src/utils/logger.ts:69:13)
          at async Promise.all (index 2)

    console.log
      {"timestamp":"2026-03-13T19:15:40.484Z","level":"info","service":"fakenewsoff-backend","message":"Grounding request completed","event":"grounding_done","requestId":"preservation-test-5","provider
_used":"none","total_latency_ms":5,"sources_returned":0,"sources_raw":0,"attempted_providers":["bing","gdelt","web"],"had_errors":true}

      at Logger.log (src/utils/logger.ts:69:13)
          at async Promise.all (index 0)

    console.log
      {"timestamp":"2026-03-13T19:15:40.484Z","level":"info","service":"fakenewsoff-backend","message":"Grounding request completed","event":"grounding_done","requestId":"preservation-test-5","provider
_used":"none","total_latency_ms":5,"sources_returned":0,"sources_raw":0,"attempted_providers":["bing","gdelt","web"],"had_errors":true}

      at Logger.log (src/utils/logger.ts:69:13)
          at async Promise.all (index 1)

    console.log
      {"timestamp":"2026-03-13T19:15:40.484Z","level":"info","service":"fakenewsoff-backend","message":"Grounding request completed","event":"grounding_done","requestId":"preservation-test-5","provider
_used":"none","total_latency_ms":4,"sources_returned":0,"sources_raw":0,"attempted_providers":["bing","gdelt","web"],"had_errors":true}

      at Logger.log (src/utils/logger.ts:69:13)
          at async Promise.all (index 2)

    console.log
      {"timestamp":"2026-03-13T19:15:40.484Z","level":"info","service":"fakenewsoff-backend","message":"Query result 
received","event":"query_result_received","requestId":"preservation-test-5","query_index":0,"query":"xyzabc123 nonexistent claim that has no evidence 
anywhere","provider_used":"none","sources_count":0,"cache_hit":false,"had_errors":true}

      at Logger.log (src/utils/logger.ts:69:13)
          at Array.forEach (<anonymous>)

    console.log
      {"timestamp":"2026-03-13T19:15:40.484Z","level":"info","service":"fakenewsoff-backend","message":"Query result 
received","event":"query_result_received","requestId":"preservation-test-5","query_index":1,"query":"xyzabc123 nonexistent claim 
evidence","provider_used":"none","sources_count":0,"cache_hit":false,"had_errors":true}

      at Logger.log (src/utils/logger.ts:69:13)
          at Array.forEach (<anonymous>)

    console.log
      {"timestamp":"2026-03-13T19:15:40.484Z","level":"info","service":"fakenewsoff-backend","message":"Query result 
received","event":"query_result_received","requestId":"preservation-test-5","query_index":2,"query":"what is xyzabc123 nonexistent 
claim","provider_used":"none","sources_count":0,"cache_hit":false,"had_errors":true}

      at Logger.log (src/utils/logger.ts:69:13)
          at Array.forEach (<anonymous>)

    console.log
      {"timestamp":"2026-03-13T19:15:40.484Z","level":"info","service":"fakenewsoff-backend","message":"Text grounding queries 
completed","event":"text_grounding_queries_done","requestId":"preservation-test-5","queries_executed":3,"sources_raw":0,"providers_used":["none"]}

      at Logger.log (src/utils/logger.ts:69:13)

    console.log
      {"timestamp":"2026-03-13T19:15:40.484Z","level":"warn","service":"fakenewsoff-backend","message":"Text grounding returned zero 
results","event":"text_grounding_zero_results","requestId":"preservation-test-5","reason_codes":["ERROR"],"errors":["Web search client not configured","Web search client not configured","Web search 
client not configured"]}

      at Logger.log (src/utils/logger.ts:69:13)

    console.log
      Preservation Test 5 - No evidence available:

      at Object.<anonymous> (src/services/groundingService.preservation.test.ts:134:15)

    console.log
        Sources found: 0

      at Object.<anonymous> (src/services/groundingService.preservation.test.ts:135:15)

    console.log
        Reason codes: ERROR

      at Object.<anonymous> (src/services/groundingService.preservation.test.ts:136:15)

    console.log
      {"timestamp":"2026-03-13T19:15:40.485Z","level":"info","service":"fakenewsoff-backend","message":"Claim cache miss","event":"claim_cache_miss","requestId":"preservation-test-6"}

      at Logger.log (src/utils/logger.ts:69:13)

    console.log
      {"timestamp":"2026-03-13T19:15:40.485Z","level":"info","service":"fakenewsoff-backend","message":"Query generation 
complete","event":"query_generation_complete","requestId":"preservation-test-6","queries_generated":3,"queries":["technology news","technology news recent developments","what is technology 
news"],"has_recency_hint":false,"entities_extracted":[],"key_phrases_extracted":"[REDACTED]"}

      at Logger.log (src/utils/logger.ts:69:13)

    console.log
      {"timestamp":"2026-03-13T19:15:40.486Z","level":"info","service":"fakenewsoff-backend","message":"Grounding request 
started","event":"grounding_start","requestId":"preservation-test-6","query_terms":"technology news","provider_order":["bing","gdelt"],"demo_mode":false}

      at Logger.log (src/utils/logger.ts:69:13)
          at async Promise.all (index 0)

    console.log
      {"timestamp":"2026-03-13T19:15:40.486Z","level":"info","service":"fakenewsoff-backend","message":"Grounding cache 
miss","event":"grounding_cache_miss","requestId":"preservation-test-6","query":"technology news"}

      at Logger.log (src/utils/logger.ts:69:13)
          at async Promise.all (index 0)

    console.log
      {"timestamp":"2026-03-13T19:15:40.486Z","level":"info","service":"fakenewsoff-backend","message":"Starting adaptive freshness cascade with historical detection","event":"adaptive_freshness_start"
,"requestId":"preservation-test-6","is_historical":false,"confidence":0,"retrieval_mode":"news_recent","strategies":["7d","30d","web"],"timeout_budget_ms":5000}

      at Logger.log (src/utils/logger.ts:69:13)
          at async Promise.all (index 0)

    console.log
      {"timestamp":"2026-03-13T19:15:40.486Z","level":"info","service":"fakenewsoff-backend","message":"Trying freshness 
strategy","event":"adaptive_freshness_retry","requestId":"preservation-test-6","strategy":"7d","retry_count":0,"elapsed_ms":0}

      at Logger.log (src/utils/logger.ts:69:13)
          at async Promise.all (index 0)

    console.log
      {"timestamp":"2026-03-13T19:15:40.486Z","level":"info","service":"fakenewsoff-backend","message":"Trying providers with freshness 
strategy","event":"adaptive_freshness_attempt","requestId":"preservation-test-6","freshness_strategy":"7d","bing_freshness":"Week","gdelt_timespan":"7d"}

      at Logger.log (src/utils/logger.ts:69:13)
          at async Promise.all (index 0)

    console.log
      {"timestamp":"2026-03-13T19:15:40.486Z","level":"info","service":"fakenewsoff-backend","message":"Skipping Bing News provider (client not 
initialized)","event":"provider_attempt_skipped","requestId":"preservation-test-6","provider":"bing","freshness":"7d","reason":"client_not_initialized"}

      at Logger.log (src/utils/logger.ts:69:13)
          at async Promise.all (index 0)

    console.log
      {"timestamp":"2026-03-13T19:15:40.486Z","level":"info","service":"fakenewsoff-backend","message":"Skipping GDELT provider (cooldown 
active)","event":"provider_attempt_skipped","requestId":"preservation-test-6","provider":"gdelt","freshness":"7d","reason":"cooldown_active","cooldown_reason":"rate_limit","remaining_ms":298723}

      at Logger.log (src/utils/logger.ts:69:13)
          at async Promise.all (index 0)

    console.log
      {"timestamp":"2026-03-13T19:15:40.486Z","level":"info","service":"fakenewsoff-backend","message":"Grounding request 
started","event":"grounding_start","requestId":"preservation-test-6","query_terms":"technology news recent developments","provider_order":["bing","gdelt"],"demo_mode":false}

      at Logger.log (src/utils/logger.ts:69:13)
          at async Promise.all (index 1)

    console.log
      {"timestamp":"2026-03-13T19:15:40.486Z","level":"info","service":"fakenewsoff-backend","message":"Grounding cache 
miss","event":"grounding_cache_miss","requestId":"preservation-test-6","query":"technology news recent developments"}

      at Logger.log (src/utils/logger.ts:69:13)
          at async Promise.all (index 1)

    console.log
      {"timestamp":"2026-03-13T19:15:40.487Z","level":"info","service":"fakenewsoff-backend","message":"Starting adaptive freshness cascade with historical detection","event":"adaptive_freshness_start"
,"requestId":"preservation-test-6","is_historical":false,"confidence":0,"retrieval_mode":"news_recent","strategies":["7d","30d","web"],"timeout_budget_ms":5000}

      at Logger.log (src/utils/logger.ts:69:13)
          at async Promise.all (index 1)

    console.log
      {"timestamp":"2026-03-13T19:15:40.487Z","level":"info","service":"fakenewsoff-backend","message":"Trying freshness 
strategy","event":"adaptive_freshness_retry","requestId":"preservation-test-6","strategy":"7d","retry_count":0,"elapsed_ms":1}

      at Logger.log (src/utils/logger.ts:69:13)
          at async Promise.all (index 1)

    console.log
      {"timestamp":"2026-03-13T19:15:40.487Z","level":"info","service":"fakenewsoff-backend","message":"Trying providers with freshness 
strategy","event":"adaptive_freshness_attempt","requestId":"preservation-test-6","freshness_strategy":"7d","bing_freshness":"Week","gdelt_timespan":"7d"}

      at Logger.log (src/utils/logger.ts:69:13)
          at async Promise.all (index 1)

    console.log
      {"timestamp":"2026-03-13T19:15:40.487Z","level":"info","service":"fakenewsoff-backend","message":"Skipping Bing News provider (client not 
initialized)","event":"provider_attempt_skipped","requestId":"preservation-test-6","provider":"bing","freshness":"7d","reason":"client_not_initialized"}

      at Logger.log (src/utils/logger.ts:69:13)
          at async Promise.all (index 1)

    console.log
      {"timestamp":"2026-03-13T19:15:40.487Z","level":"info","service":"fakenewsoff-backend","message":"Skipping GDELT provider (cooldown 
active)","event":"provider_attempt_skipped","requestId":"preservation-test-6","provider":"gdelt","freshness":"7d","reason":"cooldown_active","cooldown_reason":"rate_limit","remaining_ms":298722}

      at Logger.log (src/utils/logger.ts:69:13)
          at async Promise.all (index 1)

    console.log
      {"timestamp":"2026-03-13T19:15:40.487Z","level":"info","service":"fakenewsoff-backend","message":"Grounding request 
started","event":"grounding_start","requestId":"preservation-test-6","query_terms":"what technology news","provider_order":["bing","gdelt"],"demo_mode":false}

      at Logger.log (src/utils/logger.ts:69:13)
          at async Promise.all (index 2)

    console.log
      {"timestamp":"2026-03-13T19:15:40.487Z","level":"info","service":"fakenewsoff-backend","message":"Grounding cache 
miss","event":"grounding_cache_miss","requestId":"preservation-test-6","query":"what technology news"}

      at Logger.log (src/utils/logger.ts:69:13)
          at async Promise.all (index 2)

    console.log
      {"timestamp":"2026-03-13T19:15:40.487Z","level":"info","service":"fakenewsoff-backend","message":"Starting adaptive freshness cascade with historical detection","event":"adaptive_freshness_start"
,"requestId":"preservation-test-6","is_historical":false,"confidence":0,"retrieval_mode":"news_recent","strategies":["7d","30d","web"],"timeout_budget_ms":5000}

      at Logger.log (src/utils/logger.ts:69:13)
          at async Promise.all (index 2)

    console.log
      {"timestamp":"2026-03-13T19:15:40.487Z","level":"info","service":"fakenewsoff-backend","message":"Trying freshness 
strategy","event":"adaptive_freshness_retry","requestId":"preservation-test-6","strategy":"7d","retry_count":0,"elapsed_ms":0}

      at Logger.log (src/utils/logger.ts:69:13)
          at async Promise.all (index 2)

    console.log
      {"timestamp":"2026-03-13T19:15:40.487Z","level":"info","service":"fakenewsoff-backend","message":"Trying providers with freshness 
strategy","event":"adaptive_freshness_attempt","requestId":"preservation-test-6","freshness_strategy":"7d","bing_freshness":"Week","gdelt_timespan":"7d"}

      at Logger.log (src/utils/logger.ts:69:13)
          at async Promise.all (index 2)

    console.log
      {"timestamp":"2026-03-13T19:15:40.488Z","level":"info","service":"fakenewsoff-backend","message":"Skipping Bing News provider (client not 
initialized)","event":"provider_attempt_skipped","requestId":"preservation-test-6","provider":"bing","freshness":"7d","reason":"client_not_initialized"}

      at Logger.log (src/utils/logger.ts:69:13)
          at async Promise.all (index 2)

    console.log
      {"timestamp":"2026-03-13T19:15:40.488Z","level":"info","service":"fakenewsoff-backend","message":"Skipping GDELT provider (cooldown 
active)","event":"provider_attempt_skipped","requestId":"preservation-test-6","provider":"gdelt","freshness":"7d","reason":"cooldown_active","cooldown_reason":"rate_limit","remaining_ms":298721}

      at Logger.log (src/utils/logger.ts:69:13)
          at async Promise.all (index 2)

    console.log
      {"timestamp":"2026-03-13T19:15:40.488Z","level":"info","service":"fakenewsoff-backend","message":"Freshness strategy returned zero 
results","event":"adaptive_freshness_strategy_failed","requestId":"preservation-test-6","strategy":"7d","retry_count":0}

      at Logger.log (src/utils/logger.ts:69:13)
          at async Promise.all (index 0)

    console.log
      {"timestamp":"2026-03-13T19:15:40.488Z","level":"info","service":"fakenewsoff-backend","message":"Trying freshness 
strategy","event":"adaptive_freshness_retry","requestId":"preservation-test-6","strategy":"30d","retry_count":1,"elapsed_ms":2}

      at Logger.log (src/utils/logger.ts:69:13)
          at async Promise.all (index 0)

    console.log
      {"timestamp":"2026-03-13T19:15:40.488Z","level":"info","service":"fakenewsoff-backend","message":"Trying providers with freshness 
strategy","event":"adaptive_freshness_attempt","requestId":"preservation-test-6","freshness_strategy":"30d","bing_freshness":"Month","gdelt_timespan":"30d"}

      at Logger.log (src/utils/logger.ts:69:13)
          at async Promise.all (index 0)

    console.log
      {"timestamp":"2026-03-13T19:15:40.488Z","level":"info","service":"fakenewsoff-backend","message":"Skipping Bing News provider (client not 
initialized)","event":"provider_attempt_skipped","requestId":"preservation-test-6","provider":"bing","freshness":"30d","reason":"client_not_initialized"}

      at Logger.log (src/utils/logger.ts:69:13)
          at async Promise.all (index 0)

    console.log
      {"timestamp":"2026-03-13T19:15:40.488Z","level":"info","service":"fakenewsoff-backend","message":"Skipping GDELT provider (cooldown 
active)","event":"provider_attempt_skipped","requestId":"preservation-test-6","provider":"gdelt","freshness":"30d","reason":"cooldown_active","cooldown_reason":"rate_limit","remaining_ms":298721}

      at Logger.log (src/utils/logger.ts:69:13)
          at async Promise.all (index 0)

    console.log
      {"timestamp":"2026-03-13T19:15:40.488Z","level":"info","service":"fakenewsoff-backend","message":"Freshness strategy returned zero 
results","event":"adaptive_freshness_strategy_failed","requestId":"preservation-test-6","strategy":"7d","retry_count":0}

      at Logger.log (src/utils/logger.ts:69:13)
          at async Promise.all (index 1)

    console.log
      {"timestamp":"2026-03-13T19:15:40.488Z","level":"info","service":"fakenewsoff-backend","message":"Trying freshness 
strategy","event":"adaptive_freshness_retry","requestId":"preservation-test-6","strategy":"30d","retry_count":1,"elapsed_ms":2}

      at Logger.log (src/utils/logger.ts:69:13)
          at async Promise.all (index 1)

    console.log
      {"timestamp":"2026-03-13T19:15:40.489Z","level":"info","service":"fakenewsoff-backend","message":"Trying providers with freshness 
strategy","event":"adaptive_freshness_attempt","requestId":"preservation-test-6","freshness_strategy":"30d","bing_freshness":"Month","gdelt_timespan":"30d"}

      at Logger.log (src/utils/logger.ts:69:13)
          at async Promise.all (index 1)

    console.log
      {"timestamp":"2026-03-13T19:15:40.489Z","level":"info","service":"fakenewsoff-backend","message":"Skipping Bing News provider (client not 
initialized)","event":"provider_attempt_skipped","requestId":"preservation-test-6","provider":"bing","freshness":"30d","reason":"client_not_initialized"}

      at Logger.log (src/utils/logger.ts:69:13)
          at async Promise.all (index 1)

    console.log
      {"timestamp":"2026-03-13T19:15:40.489Z","level":"info","service":"fakenewsoff-backend","message":"Skipping GDELT provider (cooldown 
active)","event":"provider_attempt_skipped","requestId":"preservation-test-6","provider":"gdelt","freshness":"30d","reason":"cooldown_active","cooldown_reason":"rate_limit","remaining_ms":298720}

      at Logger.log (src/utils/logger.ts:69:13)
          at async Promise.all (index 1)

    console.log
      {"timestamp":"2026-03-13T19:15:40.489Z","level":"info","service":"fakenewsoff-backend","message":"Freshness strategy returned zero 
results","event":"adaptive_freshness_strategy_failed","requestId":"preservation-test-6","strategy":"7d","retry_count":0}

      at Logger.log (src/utils/logger.ts:69:13)
          at async Promise.all (index 2)

    console.log
      {"timestamp":"2026-03-13T19:15:40.489Z","level":"info","service":"fakenewsoff-backend","message":"Trying freshness 
strategy","event":"adaptive_freshness_retry","requestId":"preservation-test-6","strategy":"30d","retry_count":1,"elapsed_ms":2}

      at Logger.log (src/utils/logger.ts:69:13)
          at async Promise.all (index 2)

    console.log
      {"timestamp":"2026-03-13T19:15:40.489Z","level":"info","service":"fakenewsoff-backend","message":"Trying providers with freshness 
strategy","event":"adaptive_freshness_attempt","requestId":"preservation-test-6","freshness_strategy":"30d","bing_freshness":"Month","gdelt_timespan":"30d"}

      at Logger.log (src/utils/logger.ts:69:13)
          at async Promise.all (index 2)

    console.log
      {"timestamp":"2026-03-13T19:15:40.489Z","level":"info","service":"fakenewsoff-backend","message":"Skipping Bing News provider (client not 
initialized)","event":"provider_attempt_skipped","requestId":"preservation-test-6","provider":"bing","freshness":"30d","reason":"client_not_initialized"}

      at Logger.log (src/utils/logger.ts:69:13)
          at async Promise.all (index 2)

    console.log
      {"timestamp":"2026-03-13T19:15:40.489Z","level":"info","service":"fakenewsoff-backend","message":"Skipping GDELT provider (cooldown 
active)","event":"provider_attempt_skipped","requestId":"preservation-test-6","provider":"gdelt","freshness":"30d","reason":"cooldown_active","cooldown_reason":"rate_limit","remaining_ms":298720}

      at Logger.log (src/utils/logger.ts:69:13)
          at async Promise.all (index 2)

    console.log
      {"timestamp":"2026-03-13T19:15:40.489Z","level":"info","service":"fakenewsoff-backend","message":"Freshness strategy returned zero 
results","event":"adaptive_freshness_strategy_failed","requestId":"preservation-test-6","strategy":"30d","retry_count":1}

      at Logger.log (src/utils/logger.ts:69:13)
          at async Promise.all (index 0)

    console.log
      {"timestamp":"2026-03-13T19:15:40.490Z","level":"info","service":"fakenewsoff-backend","message":"Trying freshness 
strategy","event":"adaptive_freshness_retry","requestId":"preservation-test-6","strategy":"web","retry_count":2,"elapsed_ms":4}

      at Logger.log (src/utils/logger.ts:69:13)
          at async Promise.all (index 0)

    console.log
      {"timestamp":"2026-03-13T19:15:40.490Z","level":"warn","service":"fakenewsoff-backend","message":"Web search not available","event":"web_search_unavailable","requestId":"preservation-test-6"}

      at Logger.log (src/utils/logger.ts:69:13)
          at async Promise.all (index 0)

    console.log
      {"timestamp":"2026-03-13T19:15:40.490Z","level":"info","service":"fakenewsoff-backend","message":"Freshness strategy returned zero 
results","event":"adaptive_freshness_strategy_failed","requestId":"preservation-test-6","strategy":"30d","retry_count":1}

      at Logger.log (src/utils/logger.ts:69:13)
          at async Promise.all (index 1)

    console.log
      {"timestamp":"2026-03-13T19:15:40.490Z","level":"info","service":"fakenewsoff-backend","message":"Trying freshness 
strategy","event":"adaptive_freshness_retry","requestId":"preservation-test-6","strategy":"web","retry_count":2,"elapsed_ms":4}

      at Logger.log (src/utils/logger.ts:69:13)
          at async Promise.all (index 1)

    console.log
      {"timestamp":"2026-03-13T19:15:40.490Z","level":"warn","service":"fakenewsoff-backend","message":"Web search not available","event":"web_search_unavailable","requestId":"preservation-test-6"}

      at Logger.log (src/utils/logger.ts:69:13)
          at async Promise.all (index 1)

    console.log
      {"timestamp":"2026-03-13T19:15:40.490Z","level":"info","service":"fakenewsoff-backend","message":"Freshness strategy returned zero 
results","event":"adaptive_freshness_strategy_failed","requestId":"preservation-test-6","strategy":"30d","retry_count":1}

      at Logger.log (src/utils/logger.ts:69:13)
          at async Promise.all (index 2)

    console.log
      {"timestamp":"2026-03-13T19:15:40.490Z","level":"info","service":"fakenewsoff-backend","message":"Trying freshness 
strategy","event":"adaptive_freshness_retry","requestId":"preservation-test-6","strategy":"web","retry_count":2,"elapsed_ms":3}

      at Logger.log (src/utils/logger.ts:69:13)
          at async Promise.all (index 2)

    console.log
      {"timestamp":"2026-03-13T19:15:40.490Z","level":"warn","service":"fakenewsoff-backend","message":"Web search not available","event":"web_search_unavailable","requestId":"preservation-test-6"}

      at Logger.log (src/utils/logger.ts:69:13)
          at async Promise.all (index 2)

    console.log
      {"timestamp":"2026-03-13T19:15:40.490Z","level":"info","service":"fakenewsoff-backend","message":"Freshness strategy returned zero 
results","event":"adaptive_freshness_strategy_failed","requestId":"preservation-test-6","strategy":"web","retry_count":2}

      at Logger.log (src/utils/logger.ts:69:13)
          at async Promise.all (index 0)

    console.log
      {"timestamp":"2026-03-13T19:15:40.491Z","level":"warn","service":"fakenewsoff-backend","message":"All adaptive freshness strategies 
exhausted","event":"adaptive_freshness_exhausted","requestId":"preservation-test-6","strategies_tried":3,"total_elapsed_ms":5}

      at Logger.log (src/utils/logger.ts:69:13)
          at async Promise.all (index 0)

    console.log
      {"timestamp":"2026-03-13T19:15:40.491Z","level":"info","service":"fakenewsoff-backend","message":"Freshness strategy returned zero 
results","event":"adaptive_freshness_strategy_failed","requestId":"preservation-test-6","strategy":"web","retry_count":2}

      at Logger.log (src/utils/logger.ts:69:13)
          at async Promise.all (index 1)

    console.log
      {"timestamp":"2026-03-13T19:15:40.491Z","level":"warn","service":"fakenewsoff-backend","message":"All adaptive freshness strategies 
exhausted","event":"adaptive_freshness_exhausted","requestId":"preservation-test-6","strategies_tried":3,"total_elapsed_ms":5}

      at Logger.log (src/utils/logger.ts:69:13)
          at async Promise.all (index 1)

    console.log
      {"timestamp":"2026-03-13T19:15:40.491Z","level":"info","service":"fakenewsoff-backend","message":"Freshness strategy returned zero 
results","event":"adaptive_freshness_strategy_failed","requestId":"preservation-test-6","strategy":"web","retry_count":2}

      at Logger.log (src/utils/logger.ts:69:13)
          at async Promise.all (index 2)

    console.log
      {"timestamp":"2026-03-13T19:15:40.491Z","level":"warn","service":"fakenewsoff-backend","message":"All adaptive freshness strategies 
exhausted","event":"adaptive_freshness_exhausted","requestId":"preservation-test-6","strategies_tried":3,"total_elapsed_ms":4}

      at Logger.log (src/utils/logger.ts:69:13)
          at async Promise.all (index 2)

    console.log
      {"timestamp":"2026-03-13T19:15:40.491Z","level":"info","service":"fakenewsoff-backend","message":"Grounding request completed","event":"grounding_done","requestId":"preservation-test-6","provider
_used":"none","total_latency_ms":5,"sources_returned":0,"sources_raw":0,"attempted_providers":["bing","gdelt","web"],"had_errors":true}

      at Logger.log (src/utils/logger.ts:69:13)
          at async Promise.all (index 0)

    console.log
      {"timestamp":"2026-03-13T19:15:40.491Z","level":"info","service":"fakenewsoff-backend","message":"Grounding request completed","event":"grounding_done","requestId":"preservation-test-6","provider
_used":"none","total_latency_ms":5,"sources_returned":0,"sources_raw":0,"attempted_providers":["bing","gdelt","web"],"had_errors":true}

      at Logger.log (src/utils/logger.ts:69:13)
          at async Promise.all (index 1)

    console.log
      {"timestamp":"2026-03-13T19:15:40.491Z","level":"info","service":"fakenewsoff-backend","message":"Grounding request completed","event":"grounding_done","requestId":"preservation-test-6","provider
_used":"none","total_latency_ms":4,"sources_returned":0,"sources_raw":0,"attempted_providers":["bing","gdelt","web"],"had_errors":true}

      at Logger.log (src/utils/logger.ts:69:13)
          at async Promise.all (index 2)

    console.log
      {"timestamp":"2026-03-13T19:15:40.492Z","level":"info","service":"fakenewsoff-backend","message":"Query result 
received","event":"query_result_received","requestId":"preservation-test-6","query_index":0,"query":"technology news","provider_used":"none","sources_count":0,"cache_hit":false,"had_errors":true}

      at Logger.log (src/utils/logger.ts:69:13)
          at Array.forEach (<anonymous>)

    console.log
      {"timestamp":"2026-03-13T19:15:40.492Z","level":"info","service":"fakenewsoff-backend","message":"Query result 
received","event":"query_result_received","requestId":"preservation-test-6","query_index":1,"query":"technology news recent 
developments","provider_used":"none","sources_count":0,"cache_hit":false,"had_errors":true}

      at Logger.log (src/utils/logger.ts:69:13)
          at Array.forEach (<anonymous>)

    console.log
      {"timestamp":"2026-03-13T19:15:40.492Z","level":"info","service":"fakenewsoff-backend","message":"Query result 
received","event":"query_result_received","requestId":"preservation-test-6","query_index":2,"query":"what is technology 
news","provider_used":"none","sources_count":0,"cache_hit":false,"had_errors":true}

      at Logger.log (src/utils/logger.ts:69:13)
          at Array.forEach (<anonymous>)

    console.log
      {"timestamp":"2026-03-13T19:15:40.492Z","level":"info","service":"fakenewsoff-backend","message":"Text grounding queries 
completed","event":"text_grounding_queries_done","requestId":"preservation-test-6","queries_executed":3,"sources_raw":0,"providers_used":["none"]}

      at Logger.log (src/utils/logger.ts:69:13)

    console.log
      {"timestamp":"2026-03-13T19:15:40.492Z","level":"warn","service":"fakenewsoff-backend","message":"Text grounding returned zero 
results","event":"text_grounding_zero_results","requestId":"preservation-test-6","reason_codes":["ERROR"],"errors":["Web search client not configured","Web search client not configured","Web search 
client not configured"]}

      at Logger.log (src/utils/logger.ts:69:13)

    console.log
      Preservation Test 6 - Evidence filtering:

      at Object.<anonymous> (src/services/groundingService.preservation.test.ts:154:15)

    console.log
        Sources found: 0

      at Object.<anonymous> (src/services/groundingService.preservation.test.ts:155:15)

  ΓùÅ Preservation Property Tests: Recent News and Demo Mode Behavior ΓÇ║ Recent breaking news claims (UNFIXED CODE) ΓÇ║ should use 7-day freshness and return results for recent news (Preservation)

    expect(received).toBeLessThan(expected)

    Expected: < 5000
    Received:   6057

    [0m [90m 52 |[39m       [90m// This test documents baseline behavior - it may pass or fail depending on actual news[39m
     [90m 53 |[39m       [90m// The key is that after the fix, behavior should be identical[39m
    [31m[1m>[22m[39m[90m 54 |[39m       expect(result[33m.[39mlatencyMs)[33m.[39mtoBeLessThan([35m5000[39m)[33m;[39m [90m// Performance budget preserved[39m
     [90m    |[39m                                [31m[1m^[22m[39m
     [90m 55 |[39m     })[33m;[39m
     [90m 56 |[39m
     [90m 57 |[39m     it([32m'should complete within 5-second performance budget (Preservation)'[39m[33m,[39m [36masync[39m () [33m=>[39m {[0m

      at Object.<anonymous> (src/services/groundingService.preservation.test.ts:54:32)

PASS src/orchestration/iterativeOrchestrationPipeline.preservation.test.ts (12.315 s)
  ΓùÅ Console

    console.warn
      ΓÜá∩╕Å  MEDIASTACK_API_KEY not set - Mediastack provider will not be available

    [0m [90m 125 |[39m       availableProviders[33m.[39mpush([32m'Mediastack'[39m)[33m;[39m
     [90m 126 |[39m     } [36melse[39m {
    [31m[1m>[22m[39m[90m 127 |[39m       console[33m.[39mwarn([32m'ΓÜá∩╕Å  MEDIASTACK_API_KEY not set - Mediastack provider will not be available'[39m)[33m;[39m
     [90m     |[39m               [31m[1m^[22m[39m
     [90m 128 |[39m     }
     [90m 129 |[39m     
     [90m 130 |[39m     [36mif[39m (parsed[33m.[39m[33mBING_NEWS_KEY[39m) {[0m

      at validateEnv (src/utils/envValidation.ts:127:15)
      at getEnv (src/utils/envValidation.ts:149:10)
      at new GroundingCache (src/services/groundingCache.ts:21:23)
      at getGroundingCache (src/services/groundingCache.ts:105:21)
      at new GroundingService (src/services/groundingService.ts:38:36)
      at getGroundingService (src/services/groundingService.ts:1782:23)
      at analyzeWithIterativeOrchestration (src/orchestration/iterativeOrchestrationPipeline.ts:64:49)
      at Object.<anonymous> (src/orchestration/iterativeOrchestrationPipeline.preservation.test.ts:33:61)

    console.warn
      ΓÜá∩╕Å  BING_NEWS_KEY not set - Bing News provider will not be available

    [0m [90m 131 |[39m       availableProviders[33m.[39mpush([32m'Bing News'[39m)[33m;[39m
     [90m 132 |[39m     } [36melse[39m {
    [31m[1m>[22m[39m[90m 133 |[39m       console[33m.[39mwarn([32m'ΓÜá∩╕Å  BING_NEWS_KEY not set - Bing News provider will not be available'[39m)[33m;[39m
     [90m     |[39m               [31m[1m^[22m[39m
     [90m 134 |[39m     }
     [90m 135 |[39m     
     [90m 136 |[39m     [90m// GDELT is always available (no API key required)[39m[0m

      at validateEnv (src/utils/envValidation.ts:133:15)
      at getEnv (src/utils/envValidation.ts:149:10)
      at new GroundingCache (src/services/groundingCache.ts:21:23)
      at getGroundingCache (src/services/groundingCache.ts:105:21)
      at new GroundingService (src/services/groundingService.ts:38:36)
      at getGroundingService (src/services/groundingService.ts:1782:23)
      at analyzeWithIterativeOrchestration (src/orchestration/iterativeOrchestrationPipeline.ts:64:49)
      at Object.<anonymous> (src/orchestration/iterativeOrchestrationPipeline.preservation.test.ts:33:61)

    console.log
      Γ£ô Available news providers: GDELT

      at validateEnv (src/utils/envValidation.ts:139:13)

    console.warn
      ΓÜá∩╕Å  MEDIASTACK_API_KEY not set - Mediastack provider will not be available

    [0m [90m 125 |[39m       availableProviders[33m.[39mpush([32m'Mediastack'[39m)[33m;[39m
     [90m 126 |[39m     } [36melse[39m {
    [31m[1m>[22m[39m[90m 127 |[39m       console[33m.[39mwarn([32m'ΓÜá∩╕Å  MEDIASTACK_API_KEY not set - Mediastack provider will not be available'[39m)[33m;[39m
     [90m     |[39m               [31m[1m^[22m[39m
     [90m 128 |[39m     }
     [90m 129 |[39m     
     [90m 130 |[39m     [36mif[39m (parsed[33m.[39m[33mBING_NEWS_KEY[39m) {[0m

      at validateEnv (src/utils/envValidation.ts:127:15)
      at getEnv (src/utils/envValidation.ts:149:10)
      at new GroundingService (src/services/groundingService.ts:44:23)
      at getGroundingService (src/services/groundingService.ts:1782:23)
      at analyzeWithIterativeOrchestration (src/orchestration/iterativeOrchestrationPipeline.ts:64:49)
      at Object.<anonymous> (src/orchestration/iterativeOrchestrationPipeline.preservation.test.ts:33:61)

    console.warn
      ΓÜá∩╕Å  BING_NEWS_KEY not set - Bing News provider will not be available

    [0m [90m 131 |[39m       availableProviders[33m.[39mpush([32m'Bing News'[39m)[33m;[39m
     [90m 132 |[39m     } [36melse[39m {
    [31m[1m>[22m[39m[90m 133 |[39m       console[33m.[39mwarn([32m'ΓÜá∩╕Å  BING_NEWS_KEY not set - Bing News provider will not be available'[39m)[33m;[39m
     [90m     |[39m               [31m[1m^[22m[39m
     [90m 134 |[39m     }
     [90m 135 |[39m     
     [90m 136 |[39m     [90m// GDELT is always available (no API key required)[39m[0m

      at validateEnv (src/utils/envValidation.ts:133:15)
      at getEnv (src/utils/envValidation.ts:149:10)
      at new GroundingService (src/services/groundingService.ts:44:23)
      at getGroundingService (src/services/groundingService.ts:1782:23)
      at analyzeWithIterativeOrchestration (src/orchestration/iterativeOrchestrationPipeline.ts:64:49)
      at Object.<anonymous> (src/orchestration/iterativeOrchestrationPipeline.preservation.test.ts:33:61)

    console.log
      Γ£ô Available news providers: GDELT

      at validateEnv (src/utils/envValidation.ts:139:13)

    console.log
      {"timestamp":"2026-03-13T19:15:35.658Z","level":"info","service":"fakenewsoff-backend","message":"Initializing 
GroundingService","event":"grounding_service_init","enabled":true,"provider_order_configured":["bing","gdelt"]}

      at Logger.log (src/utils/logger.ts:69:13)

    console.warn
      ΓÜá∩╕Å  MEDIASTACK_API_KEY not set - Mediastack provider will not be available

    [0m [90m 125 |[39m       availableProviders[33m.[39mpush([32m'Mediastack'[39m)[33m;[39m
     [90m 126 |[39m     } [36melse[39m {
    [31m[1m>[22m[39m[90m 127 |[39m       console[33m.[39mwarn([32m'ΓÜá∩╕Å  MEDIASTACK_API_KEY not set - Mediastack provider will not be available'[39m)[33m;[39m
     [90m     |[39m               [31m[1m^[22m[39m
     [90m 128 |[39m     }
     [90m 129 |[39m     
     [90m 130 |[39m     [36mif[39m (parsed[33m.[39m[33mBING_NEWS_KEY[39m) {[0m

      at validateEnv (src/utils/envValidation.ts:127:15)
      at getEnv (src/utils/envValidation.ts:149:10)
      at new BingNewsClient (src/clients/bingNewsClient.ts:37:23)
      at new GroundingService (src/services/groundingService.ts:63:25)
      at getGroundingService (src/services/groundingService.ts:1782:23)
      at analyzeWithIterativeOrchestration (src/orchestration/iterativeOrchestrationPipeline.ts:64:49)
      at Object.<anonymous> (src/orchestration/iterativeOrchestrationPipeline.preservation.test.ts:33:61)

    console.warn
      ΓÜá∩╕Å  BING_NEWS_KEY not set - Bing News provider will not be available

    [0m [90m 131 |[39m       availableProviders[33m.[39mpush([32m'Bing News'[39m)[33m;[39m
     [90m 132 |[39m     } [36melse[39m {
    [31m[1m>[22m[39m[90m 133 |[39m       console[33m.[39mwarn([32m'ΓÜá∩╕Å  BING_NEWS_KEY not set - Bing News provider will not be available'[39m)[33m;[39m
     [90m     |[39m               [31m[1m^[22m[39m
     [90m 134 |[39m     }
     [90m 135 |[39m     
     [90m 136 |[39m     [90m// GDELT is always available (no API key required)[39m[0m

      at validateEnv (src/utils/envValidation.ts:133:15)
      at getEnv (src/utils/envValidation.ts:149:10)
      at new BingNewsClient (src/clients/bingNewsClient.ts:37:23)
      at new GroundingService (src/services/groundingService.ts:63:25)
      at getGroundingService (src/services/groundingService.ts:1782:23)
      at analyzeWithIterativeOrchestration (src/orchestration/iterativeOrchestrationPipeline.ts:64:49)
      at Object.<anonymous> (src/orchestration/iterativeOrchestrationPipeline.preservation.test.ts:33:61)

    console.log
      Γ£ô Available news providers: GDELT

      at validateEnv (src/utils/envValidation.ts:139:13)

    console.log
      {"timestamp":"2026-03-13T19:15:35.662Z","level":"info","service":"fakenewsoff-backend","message":"Bing News client not available (no API 
key)","event":"provider_init_skipped","provider":"bing","reason":"missing_api_key"}

      at Logger.log (src/utils/logger.ts:69:13)

    console.warn
      ΓÜá∩╕Å  MEDIASTACK_API_KEY not set - Mediastack provider will not be available

    [0m [90m 125 |[39m       availableProviders[33m.[39mpush([32m'Mediastack'[39m)[33m;[39m
     [90m 126 |[39m     } [36melse[39m {
    [31m[1m>[22m[39m[90m 127 |[39m       console[33m.[39mwarn([32m'ΓÜá∩╕Å  MEDIASTACK_API_KEY not set - Mediastack provider will not be available'[39m)[33m;[39m
     [90m     |[39m               [31m[1m^[22m[39m
     [90m 128 |[39m     }
     [90m 129 |[39m     
     [90m 130 |[39m     [36mif[39m (parsed[33m.[39m[33mBING_NEWS_KEY[39m) {[0m

      at validateEnv (src/utils/envValidation.ts:127:15)
      at getEnv (src/utils/envValidation.ts:149:10)
      at new BingWebClient (src/clients/bingWebClient.ts:65:23)
      at new GroundingService (src/services/groundingService.ts:80:28)
      at getGroundingService (src/services/groundingService.ts:1782:23)
      at analyzeWithIterativeOrchestration (src/orchestration/iterativeOrchestrationPipeline.ts:64:49)
      at Object.<anonymous> (src/orchestration/iterativeOrchestrationPipeline.preservation.test.ts:33:61)

    console.warn
      ΓÜá∩╕Å  BING_NEWS_KEY not set - Bing News provider will not be available

    [0m [90m 131 |[39m       availableProviders[33m.[39mpush([32m'Bing News'[39m)[33m;[39m
     [90m 132 |[39m     } [36melse[39m {
    [31m[1m>[22m[39m[90m 133 |[39m       console[33m.[39mwarn([32m'ΓÜá∩╕Å  BING_NEWS_KEY not set - Bing News provider will not be available'[39m)[33m;[39m
     [90m     |[39m               [31m[1m^[22m[39m
     [90m 134 |[39m     }
     [90m 135 |[39m     
     [90m 136 |[39m     [90m// GDELT is always available (no API key required)[39m[0m

      at validateEnv (src/utils/envValidation.ts:133:15)
      at getEnv (src/utils/envValidation.ts:149:10)
      at new BingWebClient (src/clients/bingWebClient.ts:65:23)
      at new GroundingService (src/services/groundingService.ts:80:28)
      at getGroundingService (src/services/groundingService.ts:1782:23)
      at analyzeWithIterativeOrchestration (src/orchestration/iterativeOrchestrationPipeline.ts:64:49)
      at Object.<anonymous> (src/orchestration/iterativeOrchestrationPipeline.preservation.test.ts:33:61)

    console.log
      Γ£ô Available news providers: GDELT

      at validateEnv (src/utils/envValidation.ts:139:13)

    console.log
      {"timestamp":"2026-03-13T19:15:35.666Z","level":"info","service":"fakenewsoff-backend","message":"Bing Web Search client not available (no API 
key)","event":"provider_init_skipped","provider":"bing_web","reason":"missing_api_key"}

      at Logger.log (src/utils/logger.ts:69:13)

    console.warn
      ΓÜá∩╕Å  MEDIASTACK_API_KEY not set - Mediastack provider will not be available

    [0m [90m 125 |[39m       availableProviders[33m.[39mpush([32m'Mediastack'[39m)[33m;[39m
     [90m 126 |[39m     } [36melse[39m {
    [31m[1m>[22m[39m[90m 127 |[39m       console[33m.[39mwarn([32m'ΓÜá∩╕Å  MEDIASTACK_API_KEY not set - Mediastack provider will not be available'[39m)[33m;[39m
     [90m     |[39m               [31m[1m^[22m[39m
     [90m 128 |[39m     }
     [90m 129 |[39m     
     [90m 130 |[39m     [36mif[39m (parsed[33m.[39m[33mBING_NEWS_KEY[39m) {[0m

      at validateEnv (src/utils/envValidation.ts:127:15)
      at getEnv (src/utils/envValidation.ts:149:10)
      at new MediastackClient (src/clients/mediastackClient.ts:66:23)
      at new GroundingService (src/services/groundingService.ts:97:31)
      at getGroundingService (src/services/groundingService.ts:1782:23)
      at analyzeWithIterativeOrchestration (src/orchestration/iterativeOrchestrationPipeline.ts:64:49)
      at Object.<anonymous> (src/orchestration/iterativeOrchestrationPipeline.preservation.test.ts:33:61)

    console.warn
      ΓÜá∩╕Å  BING_NEWS_KEY not set - Bing News provider will not be available

    [0m [90m 131 |[39m       availableProviders[33m.[39mpush([32m'Bing News'[39m)[33m;[39m
     [90m 132 |[39m     } [36melse[39m {
    [31m[1m>[22m[39m[90m 133 |[39m       console[33m.[39mwarn([32m'ΓÜá∩╕Å  BING_NEWS_KEY not set - Bing News provider will not be available'[39m)[33m;[39m
     [90m     |[39m               [31m[1m^[22m[39m
     [90m 134 |[39m     }
     [90m 135 |[39m     
     [90m 136 |[39m     [90m// GDELT is always available (no API key required)[39m[0m

      at validateEnv (src/utils/envValidation.ts:133:15)
      at getEnv (src/utils/envValidation.ts:149:10)
      at new MediastackClient (src/clients/mediastackClient.ts:66:23)
      at new GroundingService (src/services/groundingService.ts:97:31)
      at getGroundingService (src/services/groundingService.ts:1782:23)
      at analyzeWithIterativeOrchestration (src/orchestration/iterativeOrchestrationPipeline.ts:64:49)
      at Object.<anonymous> (src/orchestration/iterativeOrchestrationPipeline.preservation.test.ts:33:61)

    console.log
      Γ£ô Available news providers: GDELT

      at validateEnv (src/utils/envValidation.ts:139:13)

    console.log
      {"timestamp":"2026-03-13T19:15:35.670Z","level":"info","service":"fakenewsoff-backend","message":"Mediastack client not available (no API 
key)","event":"provider_init_skipped","provider":"mediastack","reason":"missing_api_key"}

      at Logger.log (src/utils/logger.ts:69:13)

    console.warn
      ΓÜá∩╕Å  MEDIASTACK_API_KEY not set - Mediastack provider will not be available

    [0m [90m 125 |[39m       availableProviders[33m.[39mpush([32m'Mediastack'[39m)[33m;[39m
     [90m 126 |[39m     } [36melse[39m {
    [31m[1m>[22m[39m[90m 127 |[39m       console[33m.[39mwarn([32m'ΓÜá∩╕Å  MEDIASTACK_API_KEY not set - Mediastack provider will not be available'[39m)[33m;[39m
     [90m     |[39m               [31m[1m^[22m[39m
     [90m 128 |[39m     }
     [90m 129 |[39m     
     [90m 130 |[39m     [36mif[39m (parsed[33m.[39m[33mBING_NEWS_KEY[39m) {[0m

      at validateEnv (src/utils/envValidation.ts:127:15)
      at getEnv (src/utils/envValidation.ts:149:10)
      at new GDELTClient (src/clients/gdeltClient.ts:36:23)
      at new GroundingService (src/services/groundingService.ts:113:24)
      at getGroundingService (src/services/groundingService.ts:1782:23)
      at analyzeWithIterativeOrchestration (src/orchestration/iterativeOrchestrationPipeline.ts:64:49)
      at Object.<anonymous> (src/orchestration/iterativeOrchestrationPipeline.preservation.test.ts:33:61)

    console.warn
      ΓÜá∩╕Å  BING_NEWS_KEY not set - Bing News provider will not be available

    [0m [90m 131 |[39m       availableProviders[33m.[39mpush([32m'Bing News'[39m)[33m;[39m
     [90m 132 |[39m     } [36melse[39m {
    [31m[1m>[22m[39m[90m 133 |[39m       console[33m.[39mwarn([32m'ΓÜá∩╕Å  BING_NEWS_KEY not set - Bing News provider will not be available'[39m)[33m;[39m
     [90m     |[39m               [31m[1m^[22m[39m
     [90m 134 |[39m     }
     [90m 135 |[39m     
     [90m 136 |[39m     [90m// GDELT is always available (no API key required)[39m[0m

      at validateEnv (src/utils/envValidation.ts:133:15)
      at getEnv (src/utils/envValidation.ts:149:10)
      at new GDELTClient (src/clients/gdeltClient.ts:36:23)
      at new GroundingService (src/services/groundingService.ts:113:24)
      at getGroundingService (src/services/groundingService.ts:1782:23)
      at analyzeWithIterativeOrchestration (src/orchestration/iterativeOrchestrationPipeline.ts:64:49)
      at Object.<anonymous> (src/orchestration/iterativeOrchestrationPipeline.preservation.test.ts:33:61)

    console.log
      Γ£ô Available news providers: GDELT

      at validateEnv (src/utils/envValidation.ts:139:13)

    console.log
      {"timestamp":"2026-03-13T19:15:35.673Z","level":"info","service":"fakenewsoff-backend","message":"GDELT client initialized","event":"provider_init_success","provider":"gdelt"}

      at Logger.log (src/utils/logger.ts:69:13)

    console.log
      {"timestamp":"2026-03-13T19:15:35.674Z","level":"info","service":"fakenewsoff-backend","message":"GroundingService initialization 
complete","event":"grounding_service_ready","enabled":true,"provider_order_configured":["bing","gdelt"],"providers_available":["gdelt"],"max_results":10}

      at Logger.log (src/utils/logger.ts:69:13)

    console.log
      {"timestamp":"2026-03-13T19:15:35.674Z","level":"INFO","service":"claimDecomposer","event":"decomposition_start","claim_length":44}

      at ClaimDecomposer.logDecompositionStart (src/orchestration/claimDecomposer.ts:52:13)

    console.log
      {"event":"bedrock_invocation","model":"amazon.nova-lite-v1:0","provider":"AWS Bedrock","request_id":"93e6c700-eccf-4bd6-80a6-54c22b9cbd7b","timestamp":"2026-03-13T19:15:35.686Z"}

      at invokeNova (src/services/novaClient.ts:313:11)

    console.error
      {"event":"bedrock_error","reason":"Unknown error","request_id":"93e6c700-eccf-4bd6-80a6-54c22b9cbd7b","timestamp":"2026-03-13T19:15:35.701Z"}

    [0m [90m 360 |[39m
     [90m 361 |[39m     [90m// Log Bedrock error[39m
    [31m[1m>[22m[39m[90m 362 |[39m     console[33m.[39merror([33mJSON[39m[33m.[39mstringify({
     [90m     |[39m             [31m[1m^[22m[39m
     [90m 363 |[39m       event[33m:[39m [32m'bedrock_error'[39m[33m,[39m
     [90m 364 |[39m       reason[33m:[39m error [36minstanceof[39m [33mError[39m [33m?[39m error[33m.[39mmessage [33m:[39m [32m'Unknown error'[39m[33m,[39m
     [90m 365 |[39m       request_id[33m:[39m requestId[33m,[39m[0m

      at invokeNova (src/services/novaClient.ts:362:13)
      at decomposeClaimToSubclaims (src/services/novaClient.ts:568:22)
      at ClaimDecomposer.decompose (src/orchestration/claimDecomposer.ts:25:29)
      at analyzeWithIterativeOrchestration (src/orchestration/iterativeOrchestrationPipeline.ts:93:27)
      at Object.<anonymous> (src/orchestration/iterativeOrchestrationPipeline.preservation.test.ts:33:22)

    console.log
      {"timestamp":"2026-03-13T19:15:35.701Z","level":"INFO","service":"claimDecomposer","event":"decomposition_success","subclaim_count":1,"subclaim_types":["action"],"subclaim_texts":["The Eiffel 
Tower is located in Paris, France"]}

      at ClaimDecomposer.logDecompositionSuccess (src/orchestration/claimDecomposer.ts:67:13)

    console.log
      {"timestamp":"2026-03-13T19:15:35.702Z","level":"INFO","service":"queryGenerator","event":"generation_start","original_claim":"The Eiffel Tower is located in Paris, France","subclaim_count":1}

      at QueryGenerator.logGenerationStart (src/orchestration/queryGenerator.ts:119:13)

    console.log
      {"timestamp":"2026-03-13T19:15:35.704Z","level":"INFO","service":"queryGenerator","event":"query_variants_generated","queries_before_dedup":["The Eiffel Tower is located in Paris, France","The 
Eiffel Tower Paris France news","eiffel tower located paris","what is eiffel tower located","The Eiffel Tower eiffel tower"],"queries_count":5,"entities_extracted":["The Eiffel 
Tower","Paris","France"],"key_phrases_extracted":["eiffel","tower","located","paris","france"]}

      at QueryGenerator.generateQueries (src/orchestration/queryGenerator.ts:28:13)

    console.log
      {"timestamp":"2026-03-13T19:15:35.704Z","level":"INFO","service":"queryGenerator","event":"orchestrator_queries_finalized","queries_after_dedup":["The Eiffel Tower is located in Paris, 
France","The Eiffel Tower Paris France news","eiffel tower located paris","what is eiffel tower located","The Eiffel Tower eiffel 
tower"],"queries_count":5,"query_types":["exact","date_sensitive","regional","fact_check","entity_action"]}

      at QueryGenerator.generateQueries (src/orchestration/queryGenerator.ts:68:13)

    console.log
      {"timestamp":"2026-03-13T19:15:35.705Z","level":"INFO","service":"queryGenerator","event":"generation_success","query_count":5,"query_types":["exact","date_sensitive","regional","fact_check","ent
ity_action"],"query_texts":["The Eiffel Tower is located in Paris, France","The Eiffel Tower Paris France news","eiffel tower located paris","what is eiffel tower located","The Eiffel Tower eiffel 
tower"]}

      at QueryGenerator.logGenerationSuccess (src/orchestration/queryGenerator.ts:135:13)

    console.log
      {"timestamp":"2026-03-13T19:15:35.705Z","level":"INFO","service":"evidenceOrchestrator","event":"orchestration_start","query_count":5,"max_passes":3}

      at EvidenceOrchestrator.logOrchestrationStart (src/orchestration/evidenceOrchestrator.ts:775:13)

    console.log
      {"timestamp":"2026-03-13T19:15:35.711Z","level":"INFO","service":"evidenceOrchestrator","event":"pass_start","pass_number":1,"query_count":3}

      at EvidenceOrchestrator.logPassStart (src/orchestration/evidenceOrchestrator.ts:791:13)

    console.log
      {"timestamp":"2026-03-13T19:15:35.819Z","level":"INFO","service":"evidenceFilter","event":"filter_start","candidate_count":3}

      at EvidenceFilter.logFilterStart (src/orchestration/evidenceFilter.ts:193:13)

    console.log
      {"event":"bedrock_invocation","model":"amazon.nova-lite-v1:0","provider":"AWS Bedrock","request_id":"6b15b967-2c85-47bc-bf9e-580ae0921b69","timestamp":"2026-03-13T19:15:35.820Z"}

      at invokeNova (src/services/novaClient.ts:313:11)

    console.error
      {"event":"bedrock_error","reason":"Unknown error","request_id":"6b15b967-2c85-47bc-bf9e-580ae0921b69","timestamp":"2026-03-13T19:15:35.821Z"}

    [0m [90m 360 |[39m
     [90m 361 |[39m     [90m// Log Bedrock error[39m
    [31m[1m>[22m[39m[90m 362 |[39m     console[33m.[39merror([33mJSON[39m[33m.[39mstringify({
     [90m     |[39m             [31m[1m^[22m[39m
     [90m 363 |[39m       event[33m:[39m [32m'bedrock_error'[39m[33m,[39m
     [90m 364 |[39m       reason[33m:[39m error [36minstanceof[39m [33mError[39m [33m?[39m error[33m.[39mmessage [33m:[39m [32m'Unknown error'[39m[33m,[39m
     [90m 365 |[39m       request_id[33m:[39m requestId[33m,[39m[0m

      at invokeNova (src/services/novaClient.ts:362:13)
      at classifyEvidencePageType (src/services/novaClient.ts:724:22)
      at EvidenceFilter.classifyPageType (src/orchestration/evidenceFilter.ts:112:14)
      at EvidenceFilter.filterSingle (src/orchestration/evidenceFilter.ts:63:22)
      at EvidenceFilter.filter (src/orchestration/evidenceFilter.ts:45:22)
      at EvidenceOrchestrator.executePass (src/orchestration/evidenceOrchestrator.ts:566:24)
      at EvidenceOrchestrator.orchestrate (src/orchestration/evidenceOrchestrator.ts:62:28)
      at analyzeWithIterativeOrchestration (src/orchestration/iterativeOrchestrationPipeline.ts:138:27)
      at Object.<anonymous> (src/orchestration/iterativeOrchestrationPipeline.preservation.test.ts:33:22)

    console.log
      {"event":"bedrock_invocation","model":"amazon.nova-lite-v1:0","provider":"AWS Bedrock","request_id":"ca6350da-ca20-439b-bb31-b16a4f8c62f7","timestamp":"2026-03-13T19:15:35.821Z"}

      at invokeNova (src/services/novaClient.ts:313:11)

    console.error
      {"event":"bedrock_error","reason":"Unknown error","request_id":"ca6350da-ca20-439b-bb31-b16a4f8c62f7","timestamp":"2026-03-13T19:15:35.822Z"}

    [0m [90m 360 |[39m
     [90m 361 |[39m     [90m// Log Bedrock error[39m
    [31m[1m>[22m[39m[90m 362 |[39m     console[33m.[39merror([33mJSON[39m[33m.[39mstringify({
     [90m     |[39m             [31m[1m^[22m[39m
     [90m 363 |[39m       event[33m:[39m [32m'bedrock_error'[39m[33m,[39m
     [90m 364 |[39m       reason[33m:[39m error [36minstanceof[39m [33mError[39m [33m?[39m error[33m.[39mmessage [33m:[39m [32m'Unknown error'[39m[33m,[39m
     [90m 365 |[39m       request_id[33m:[39m requestId[33m,[39m[0m

      at invokeNova (src/services/novaClient.ts:362:13)
      at scoreEvidenceQuality (src/services/novaClient.ts:780:22)
      at EvidenceFilter.scoreQuality (src/orchestration/evidenceFilter.ts:141:14)
      at EvidenceFilter.filterSingle (src/orchestration/evidenceFilter.ts:76:26)
      at EvidenceFilter.filter (src/orchestration/evidenceFilter.ts:45:22)
      at EvidenceOrchestrator.executePass (src/orchestration/evidenceOrchestrator.ts:566:24)
      at EvidenceOrchestrator.orchestrate (src/orchestration/evidenceOrchestrator.ts:62:28)
      at analyzeWithIterativeOrchestration (src/orchestration/iterativeOrchestrationPipeline.ts:138:27)
      at Object.<anonymous> (src/orchestration/iterativeOrchestrationPipeline.preservation.test.ts:33:22)

    console.log
      {"event":"bedrock_invocation","model":"amazon.nova-lite-v1:0","provider":"AWS Bedrock","request_id":"d45c997a-7890-413c-b003-97690941bd47","timestamp":"2026-03-13T19:15:35.822Z"}

      at invokeNova (src/services/novaClient.ts:313:11)

    console.error
      {"event":"bedrock_error","reason":"Unknown error","request_id":"d45c997a-7890-413c-b003-97690941bd47","timestamp":"2026-03-13T19:15:35.823Z"}

    [0m [90m 360 |[39m
     [90m 361 |[39m     [90m// Log Bedrock error[39m
    [31m[1m>[22m[39m[90m 362 |[39m     console[33m.[39merror([33mJSON[39m[33m.[39mstringify({
     [90m     |[39m             [31m[1m^[22m[39m
     [90m 363 |[39m       event[33m:[39m [32m'bedrock_error'[39m[33m,[39m
     [90m 364 |[39m       reason[33m:[39m error [36minstanceof[39m [33mError[39m [33m?[39m error[33m.[39mmessage [33m:[39m [32m'Unknown error'[39m[33m,[39m
     [90m 365 |[39m       request_id[33m:[39m requestId[33m,[39m[0m

      at invokeNova (src/services/novaClient.ts:362:13)
      at classifyEvidencePageType (src/services/novaClient.ts:724:22)
      at EvidenceFilter.classifyPageType (src/orchestration/evidenceFilter.ts:112:14)
      at EvidenceFilter.filterSingle (src/orchestration/evidenceFilter.ts:63:22)
      at EvidenceFilter.filter (src/orchestration/evidenceFilter.ts:45:22)
      at EvidenceOrchestrator.executePass (src/orchestration/evidenceOrchestrator.ts:566:24)
      at EvidenceOrchestrator.orchestrate (src/orchestration/evidenceOrchestrator.ts:62:28)
      at analyzeWithIterativeOrchestration (src/orchestration/iterativeOrchestrationPipeline.ts:138:27)
      at Object.<anonymous> (src/orchestration/iterativeOrchestrationPipeline.preservation.test.ts:33:22)

    console.log
      {"event":"bedrock_invocation","model":"amazon.nova-lite-v1:0","provider":"AWS Bedrock","request_id":"314903d2-d512-4f68-be8f-e5eec215085c","timestamp":"2026-03-13T19:15:35.823Z"}

      at invokeNova (src/services/novaClient.ts:313:11)

    console.error
      {"event":"bedrock_error","reason":"Unknown error","request_id":"314903d2-d512-4f68-be8f-e5eec215085c","timestamp":"2026-03-13T19:15:35.824Z"}

    [0m [90m 360 |[39m
     [90m 361 |[39m     [90m// Log Bedrock error[39m
    [31m[1m>[22m[39m[90m 362 |[39m     console[33m.[39merror([33mJSON[39m[33m.[39mstringify({
     [90m     |[39m             [31m[1m^[22m[39m
     [90m 363 |[39m       event[33m:[39m [32m'bedrock_error'[39m[33m,[39m
     [90m 364 |[39m       reason[33m:[39m error [36minstanceof[39m [33mError[39m [33m?[39m error[33m.[39mmessage [33m:[39m [32m'Unknown error'[39m[33m,[39m
     [90m 365 |[39m       request_id[33m:[39m requestId[33m,[39m[0m

      at invokeNova (src/services/novaClient.ts:362:13)
      at scoreEvidenceQuality (src/services/novaClient.ts:780:22)
      at EvidenceFilter.scoreQuality (src/orchestration/evidenceFilter.ts:141:14)
      at EvidenceFilter.filterSingle (src/orchestration/evidenceFilter.ts:76:26)
      at EvidenceFilter.filter (src/orchestration/evidenceFilter.ts:45:22)
      at EvidenceOrchestrator.executePass (src/orchestration/evidenceOrchestrator.ts:566:24)
      at EvidenceOrchestrator.orchestrate (src/orchestration/evidenceOrchestrator.ts:62:28)
      at analyzeWithIterativeOrchestration (src/orchestration/iterativeOrchestrationPipeline.ts:138:27)
      at Object.<anonymous> (src/orchestration/iterativeOrchestrationPipeline.preservation.test.ts:33:22)

    console.log
      {"event":"bedrock_invocation","model":"amazon.nova-lite-v1:0","provider":"AWS Bedrock","request_id":"a284b202-06ff-4426-a230-6330e7ac9058","timestamp":"2026-03-13T19:15:35.824Z"}

      at invokeNova (src/services/novaClient.ts:313:11)

    console.error
      {"event":"bedrock_error","reason":"Unknown error","request_id":"a284b202-06ff-4426-a230-6330e7ac9058","timestamp":"2026-03-13T19:15:35.824Z"}

    [0m [90m 360 |[39m
     [90m 361 |[39m     [90m// Log Bedrock error[39m
    [31m[1m>[22m[39m[90m 362 |[39m     console[33m.[39merror([33mJSON[39m[33m.[39mstringify({
     [90m     |[39m             [31m[1m^[22m[39m
     [90m 363 |[39m       event[33m:[39m [32m'bedrock_error'[39m[33m,[39m
     [90m 364 |[39m       reason[33m:[39m error [36minstanceof[39m [33mError[39m [33m?[39m error[33m.[39mmessage [33m:[39m [32m'Unknown error'[39m[33m,[39m
     [90m 365 |[39m       request_id[33m:[39m requestId[33m,[39m[0m

      at invokeNova (src/services/novaClient.ts:362:13)
      at classifyEvidencePageType (src/services/novaClient.ts:724:22)
      at EvidenceFilter.classifyPageType (src/orchestration/evidenceFilter.ts:112:14)
      at EvidenceFilter.filterSingle (src/orchestration/evidenceFilter.ts:63:22)
      at EvidenceFilter.filter (src/orchestration/evidenceFilter.ts:45:22)
      at EvidenceOrchestrator.executePass (src/orchestration/evidenceOrchestrator.ts:566:24)
      at EvidenceOrchestrator.orchestrate (src/orchestration/evidenceOrchestrator.ts:62:28)
      at analyzeWithIterativeOrchestration (src/orchestration/iterativeOrchestrationPipeline.ts:138:27)
      at Object.<anonymous> (src/orchestration/iterativeOrchestrationPipeline.preservation.test.ts:33:22)

    console.log
      {"event":"bedrock_invocation","model":"amazon.nova-lite-v1:0","provider":"AWS Bedrock","request_id":"f8fa1fe8-db25-4b3a-a468-14f31b0dbca5","timestamp":"2026-03-13T19:15:35.824Z"}

      at invokeNova (src/services/novaClient.ts:313:11)

    console.error
      {"event":"bedrock_error","reason":"Unknown error","request_id":"f8fa1fe8-db25-4b3a-a468-14f31b0dbca5","timestamp":"2026-03-13T19:15:35.825Z"}

    [0m [90m 360 |[39m
     [90m 361 |[39m     [90m// Log Bedrock error[39m
    [31m[1m>[22m[39m[90m 362 |[39m     console[33m.[39merror([33mJSON[39m[33m.[39mstringify({
     [90m     |[39m             [31m[1m^[22m[39m
     [90m 363 |[39m       event[33m:[39m [32m'bedrock_error'[39m[33m,[39m
     [90m 364 |[39m       reason[33m:[39m error [36minstanceof[39m [33mError[39m [33m?[39m error[33m.[39mmessage [33m:[39m [32m'Unknown error'[39m[33m,[39m
     [90m 365 |[39m       request_id[33m:[39m requestId[33m,[39m[0m

      at invokeNova (src/services/novaClient.ts:362:13)
      at scoreEvidenceQuality (src/services/novaClient.ts:780:22)
      at EvidenceFilter.scoreQuality (src/orchestration/evidenceFilter.ts:141:14)
      at EvidenceFilter.filterSingle (src/orchestration/evidenceFilter.ts:76:26)
      at EvidenceFilter.filter (src/orchestration/evidenceFilter.ts:45:22)
      at EvidenceOrchestrator.executePass (src/orchestration/evidenceOrchestrator.ts:566:24)
      at EvidenceOrchestrator.orchestrate (src/orchestration/evidenceOrchestrator.ts:62:28)
      at analyzeWithIterativeOrchestration (src/orchestration/iterativeOrchestrationPipeline.ts:138:27)
      at Object.<anonymous> (src/orchestration/iterativeOrchestrationPipeline.preservation.test.ts:33:22)

    console.log
      {"timestamp":"2026-03-13T19:15:35.825Z","level":"INFO","service":"evidenceFilter","event":"filter_complete","total_candidates":3,"passed_count":0,"rejected_count":3,"pass_rate":0}

      at EvidenceFilter.logFilterComplete (src/orchestration/evidenceFilter.ts:208:13)

    console.log
      {"timestamp":"2026-03-13T19:15:35.826Z","level":"INFO","service":"evidenceOrchestrator","event":"pass_complete","pass_number":1,"evidence_count":0,"source_classes":[],"average_quality":0,"thresho
ld_met":false}

      at EvidenceOrchestrator.logPassComplete (src/orchestration/evidenceOrchestrator.ts:807:13)

    console.log
      {"timestamp":"2026-03-13T19:15:35.826Z","level":"INFO","service":"evidenceOrchestrator","event":"pass_start","pass_number":2,"query_count":2}

      at EvidenceOrchestrator.logPassStart (src/orchestration/evidenceOrchestrator.ts:791:13)

    console.log
      {"timestamp":"2026-03-13T19:15:35.898Z","level":"INFO","service":"evidenceFilter","event":"filter_start","candidate_count":3}

      at EvidenceFilter.logFilterStart (src/orchestration/evidenceFilter.ts:193:13)

    console.log
      {"event":"bedrock_invocation","model":"amazon.nova-lite-v1:0","provider":"AWS Bedrock","request_id":"4d387025-c6ab-4203-b9d6-546e9431903f","timestamp":"2026-03-13T19:15:35.898Z"}

      at invokeNova (src/services/novaClient.ts:313:11)

    console.error
      {"event":"bedrock_error","reason":"Unknown error","request_id":"4d387025-c6ab-4203-b9d6-546e9431903f","timestamp":"2026-03-13T19:15:35.899Z"}

    [0m [90m 360 |[39m
     [90m 361 |[39m     [90m// Log Bedrock error[39m
    [31m[1m>[22m[39m[90m 362 |[39m     console[33m.[39merror([33mJSON[39m[33m.[39mstringify({
     [90m     |[39m             [31m[1m^[22m[39m
     [90m 363 |[39m       event[33m:[39m [32m'bedrock_error'[39m[33m,[39m
     [90m 364 |[39m       reason[33m:[39m error [36minstanceof[39m [33mError[39m [33m?[39m error[33m.[39mmessage [33m:[39m [32m'Unknown error'[39m[33m,[39m
     [90m 365 |[39m       request_id[33m:[39m requestId[33m,[39m[0m

      at invokeNova (src/services/novaClient.ts:362:13)
      at classifyEvidencePageType (src/services/novaClient.ts:724:22)
      at EvidenceFilter.classifyPageType (src/orchestration/evidenceFilter.ts:112:14)
      at EvidenceFilter.filterSingle (src/orchestration/evidenceFilter.ts:63:22)
      at EvidenceFilter.filter (src/orchestration/evidenceFilter.ts:45:22)
      at EvidenceOrchestrator.executePass (src/orchestration/evidenceOrchestrator.ts:566:24)
      at EvidenceOrchestrator.orchestrate (src/orchestration/evidenceOrchestrator.ts:62:28)
      at analyzeWithIterativeOrchestration (src/orchestration/iterativeOrchestrationPipeline.ts:138:27)
      at Object.<anonymous> (src/orchestration/iterativeOrchestrationPipeline.preservation.test.ts:33:22)

    console.log
      {"event":"bedrock_invocation","model":"amazon.nova-lite-v1:0","provider":"AWS Bedrock","request_id":"ef228a42-c2cc-4d9c-9972-1ffd31540ba7","timestamp":"2026-03-13T19:15:35.899Z"}

      at invokeNova (src/services/novaClient.ts:313:11)

    console.error
      {"event":"bedrock_error","reason":"Unknown error","request_id":"ef228a42-c2cc-4d9c-9972-1ffd31540ba7","timestamp":"2026-03-13T19:15:35.900Z"}

    [0m [90m 360 |[39m
     [90m 361 |[39m     [90m// Log Bedrock error[39m
    [31m[1m>[22m[39m[90m 362 |[39m     console[33m.[39merror([33mJSON[39m[33m.[39mstringify({
     [90m     |[39m             [31m[1m^[22m[39m
     [90m 363 |[39m       event[33m:[39m [32m'bedrock_error'[39m[33m,[39m
     [90m 364 |[39m       reason[33m:[39m error [36minstanceof[39m [33mError[39m [33m?[39m error[33m.[39mmessage [33m:[39m [32m'Unknown error'[39m[33m,[39m
     [90m 365 |[39m       request_id[33m:[39m requestId[33m,[39m[0m

      at invokeNova (src/services/novaClient.ts:362:13)
      at scoreEvidenceQuality (src/services/novaClient.ts:780:22)
      at EvidenceFilter.scoreQuality (src/orchestration/evidenceFilter.ts:141:14)
      at EvidenceFilter.filterSingle (src/orchestration/evidenceFilter.ts:76:26)
      at EvidenceFilter.filter (src/orchestration/evidenceFilter.ts:45:22)
      at EvidenceOrchestrator.executePass (src/orchestration/evidenceOrchestrator.ts:566:24)
      at EvidenceOrchestrator.orchestrate (src/orchestration/evidenceOrchestrator.ts:62:28)
      at analyzeWithIterativeOrchestration (src/orchestration/iterativeOrchestrationPipeline.ts:138:27)
      at Object.<anonymous> (src/orchestration/iterativeOrchestrationPipeline.preservation.test.ts:33:22)

    console.log
      {"event":"bedrock_invocation","model":"amazon.nova-lite-v1:0","provider":"AWS Bedrock","request_id":"ae68a07d-6ef8-4ac0-8b17-f388c57e2ce9","timestamp":"2026-03-13T19:15:35.900Z"}

      at invokeNova (src/services/novaClient.ts:313:11)

    console.error
      {"event":"bedrock_error","reason":"Unknown error","request_id":"ae68a07d-6ef8-4ac0-8b17-f388c57e2ce9","timestamp":"2026-03-13T19:15:35.901Z"}

    [0m [90m 360 |[39m
     [90m 361 |[39m     [90m// Log Bedrock error[39m
    [31m[1m>[22m[39m[90m 362 |[39m     console[33m.[39merror([33mJSON[39m[33m.[39mstringify({
     [90m     |[39m             [31m[1m^[22m[39m
     [90m 363 |[39m       event[33m:[39m [32m'bedrock_error'[39m[33m,[39m
     [90m 364 |[39m       reason[33m:[39m error [36minstanceof[39m [33mError[39m [33m?[39m error[33m.[39mmessage [33m:[39m [32m'Unknown error'[39m[33m,[39m
     [90m 365 |[39m       request_id[33m:[39m requestId[33m,[39m[0m

      at invokeNova (src/services/novaClient.ts:362:13)
      at classifyEvidencePageType (src/services/novaClient.ts:724:22)
      at EvidenceFilter.classifyPageType (src/orchestration/evidenceFilter.ts:112:14)
      at EvidenceFilter.filterSingle (src/orchestration/evidenceFilter.ts:63:22)
      at EvidenceFilter.filter (src/orchestration/evidenceFilter.ts:45:22)
      at EvidenceOrchestrator.executePass (src/orchestration/evidenceOrchestrator.ts:566:24)
      at EvidenceOrchestrator.orchestrate (src/orchestration/evidenceOrchestrator.ts:62:28)
      at analyzeWithIterativeOrchestration (src/orchestration/iterativeOrchestrationPipeline.ts:138:27)
      at Object.<anonymous> (src/orchestration/iterativeOrchestrationPipeline.preservation.test.ts:33:22)

    console.log
      {"event":"bedrock_invocation","model":"amazon.nova-lite-v1:0","provider":"AWS Bedrock","request_id":"f6f3a6ac-7b15-439d-9576-78ae6e65a280","timestamp":"2026-03-13T19:15:35.901Z"}

      at invokeNova (src/services/novaClient.ts:313:11)

    console.error
      {"event":"bedrock_error","reason":"Unknown error","request_id":"f6f3a6ac-7b15-439d-9576-78ae6e65a280","timestamp":"2026-03-13T19:15:35.901Z"}

    [0m [90m 360 |[39m
     [90m 361 |[39m     [90m// Log Bedrock error[39m
    [31m[1m>[22m[39m[90m 362 |[39m     console[33m.[39merror([33mJSON[39m[33m.[39mstringify({
     [90m     |[39m             [31m[1m^[22m[39m
     [90m 363 |[39m       event[33m:[39m [32m'bedrock_error'[39m[33m,[39m
     [90m 364 |[39m       reason[33m:[39m error [36minstanceof[39m [33mError[39m [33m?[39m error[33m.[39mmessage [33m:[39m [32m'Unknown error'[39m[33m,[39m
     [90m 365 |[39m       request_id[33m:[39m requestId[33m,[39m[0m

      at invokeNova (src/services/novaClient.ts:362:13)
      at scoreEvidenceQuality (src/services/novaClient.ts:780:22)
      at EvidenceFilter.scoreQuality (src/orchestration/evidenceFilter.ts:141:14)
      at EvidenceFilter.filterSingle (src/orchestration/evidenceFilter.ts:76:26)
      at EvidenceFilter.filter (src/orchestration/evidenceFilter.ts:45:22)
      at EvidenceOrchestrator.executePass (src/orchestration/evidenceOrchestrator.ts:566:24)
      at EvidenceOrchestrator.orchestrate (src/orchestration/evidenceOrchestrator.ts:62:28)
      at analyzeWithIterativeOrchestration (src/orchestration/iterativeOrchestrationPipeline.ts:138:27)
      at Object.<anonymous> (src/orchestration/iterativeOrchestrationPipeline.preservation.test.ts:33:22)

    console.log
      {"event":"bedrock_invocation","model":"amazon.nova-lite-v1:0","provider":"AWS Bedrock","request_id":"343ada8a-75f4-408d-a5a3-e363846b8343","timestamp":"2026-03-13T19:15:35.901Z"}

      at invokeNova (src/services/novaClient.ts:313:11)

    console.error
      {"event":"bedrock_error","reason":"Unknown error","request_id":"343ada8a-75f4-408d-a5a3-e363846b8343","timestamp":"2026-03-13T19:15:35.901Z"}

    [0m [90m 360 |[39m
     [90m 361 |[39m     [90m// Log Bedrock error[39m
    [31m[1m>[22m[39m[90m 362 |[39m     console[33m.[39merror([33mJSON[39m[33m.[39mstringify({
     [90m     |[39m             [31m[1m^[22m[39m
     [90m 363 |[39m       event[33m:[39m [32m'bedrock_error'[39m[33m,[39m
     [90m 364 |[39m       reason[33m:[39m error [36minstanceof[39m [33mError[39m [33m?[39m error[33m.[39mmessage [33m:[39m [32m'Unknown error'[39m[33m,[39m
     [90m 365 |[39m       request_id[33m:[39m requestId[33m,[39m[0m

      at invokeNova (src/services/novaClient.ts:362:13)
      at classifyEvidencePageType (src/services/novaClient.ts:724:22)
      at EvidenceFilter.classifyPageType (src/orchestration/evidenceFilter.ts:112:14)
      at EvidenceFilter.filterSingle (src/orchestration/evidenceFilter.ts:63:22)
      at EvidenceFilter.filter (src/orchestration/evidenceFilter.ts:45:22)
      at EvidenceOrchestrator.executePass (src/orchestration/evidenceOrchestrator.ts:566:24)
      at EvidenceOrchestrator.orchestrate (src/orchestration/evidenceOrchestrator.ts:62:28)
      at analyzeWithIterativeOrchestration (src/orchestration/iterativeOrchestrationPipeline.ts:138:27)
      at Object.<anonymous> (src/orchestration/iterativeOrchestrationPipeline.preservation.test.ts:33:22)

    console.log
      {"event":"bedrock_invocation","model":"amazon.nova-lite-v1:0","provider":"AWS Bedrock","request_id":"5d6fbc43-fba2-4525-9b1c-626c12150f98","timestamp":"2026-03-13T19:15:35.902Z"}

      at invokeNova (src/services/novaClient.ts:313:11)

    console.error
      {"event":"bedrock_error","reason":"Unknown error","request_id":"5d6fbc43-fba2-4525-9b1c-626c12150f98","timestamp":"2026-03-13T19:15:35.902Z"}

    [0m [90m 360 |[39m
     [90m 361 |[39m     [90m// Log Bedrock error[39m
    [31m[1m>[22m[39m[90m 362 |[39m     console[33m.[39merror([33mJSON[39m[33m.[39mstringify({
     [90m     |[39m             [31m[1m^[22m[39m
     [90m 363 |[39m       event[33m:[39m [32m'bedrock_error'[39m[33m,[39m
     [90m 364 |[39m       reason[33m:[39m error [36minstanceof[39m [33mError[39m [33m?[39m error[33m.[39mmessage [33m:[39m [32m'Unknown error'[39m[33m,[39m
     [90m 365 |[39m       request_id[33m:[39m requestId[33m,[39m[0m

      at invokeNova (src/services/novaClient.ts:362:13)
      at scoreEvidenceQuality (src/services/novaClient.ts:780:22)
      at EvidenceFilter.scoreQuality (src/orchestration/evidenceFilter.ts:141:14)
      at EvidenceFilter.filterSingle (src/orchestration/evidenceFilter.ts:76:26)
      at EvidenceFilter.filter (src/orchestration/evidenceFilter.ts:45:22)
      at EvidenceOrchestrator.executePass (src/orchestration/evidenceOrchestrator.ts:566:24)
      at EvidenceOrchestrator.orchestrate (src/orchestration/evidenceOrchestrator.ts:62:28)
      at analyzeWithIterativeOrchestration (src/orchestration/iterativeOrchestrationPipeline.ts:138:27)
      at Object.<anonymous> (src/orchestration/iterativeOrchestrationPipeline.preservation.test.ts:33:22)

    console.log
      {"timestamp":"2026-03-13T19:15:35.902Z","level":"INFO","service":"evidenceFilter","event":"filter_complete","total_candidates":3,"passed_count":0,"rejected_count":3,"pass_rate":0}

      at EvidenceFilter.logFilterComplete (src/orchestration/evidenceFilter.ts:208:13)

    console.log
      {"timestamp":"2026-03-13T19:15:35.902Z","level":"INFO","service":"evidenceOrchestrator","event":"pass_complete","pass_number":2,"evidence_count":0,"source_classes":[],"average_quality":0,"thresho
ld_met":false}

      at EvidenceOrchestrator.logPassComplete (src/orchestration/evidenceOrchestrator.ts:807:13)

    console.log
      {"timestamp":"2026-03-13T19:15:35.902Z","level":"INFO","service":"evidenceOrchestrator","event":"orchestration_complete","passes_executed":2,"total_evidence":0,"source_classes":[],"average_qualit
y":0,"threshold_met":false}

      at EvidenceOrchestrator.logOrchestrationComplete (src/orchestration/evidenceOrchestrator.ts:826:13)

    console.log
      {"timestamp":"2026-03-13T19:15:35.903Z","level":"INFO","service":"contradictionSearcher","event":"search_start","query_count":0}

      at ContradictionSearcher.logSearchStart (src/orchestration/contradictionSearcher.ts:142:13)

    console.log
      {"timestamp":"2026-03-13T19:15:35.903Z","level":"INFO","service":"verdictSynthesizer","event":"synthesis_start","supporting_count":0,"contradicting_count":0}

      at VerdictSynthesizer.logSynthesisStart (src/orchestration/verdictSynthesizer.ts:118:13)

    console.log
      {"event":"bedrock_invocation","model":"amazon.nova-lite-v1:0","provider":"AWS Bedrock","request_id":"ab23b36a-b9d0-4f53-84d3-276a92a42f00","timestamp":"2026-03-13T19:15:35.904Z"}

      at invokeNova (src/services/novaClient.ts:313:11)

    console.error
      {"event":"bedrock_error","reason":"Unknown error","request_id":"ab23b36a-b9d0-4f53-84d3-276a92a42f00","timestamp":"2026-03-13T19:15:35.904Z"}

    [0m [90m 360 |[39m
     [90m 361 |[39m     [90m// Log Bedrock error[39m
    [31m[1m>[22m[39m[90m 362 |[39m     console[33m.[39merror([33mJSON[39m[33m.[39mstringify({
     [90m     |[39m             [31m[1m^[22m[39m
     [90m 363 |[39m       event[33m:[39m [32m'bedrock_error'[39m[33m,[39m
     [90m 364 |[39m       reason[33m:[39m error [36minstanceof[39m [33mError[39m [33m?[39m error[33m.[39mmessage [33m:[39m [32m'Unknown error'[39m[33m,[39m
     [90m 365 |[39m       request_id[33m:[39m requestId[33m,[39m[0m

      at invokeNova (src/services/novaClient.ts:362:13)
      at synthesizeVerdict (src/services/novaClient.ts:902:22)
      at VerdictSynthesizer.synthesize (src/orchestration/verdictSynthesizer.ts:42:23)
      at analyzeWithIterativeOrchestration (src/orchestration/iterativeOrchestrationPipeline.ts:236:21)
      at Object.<anonymous> (src/orchestration/iterativeOrchestrationPipeline.preservation.test.ts:33:22)

    console.log
      {"timestamp":"2026-03-13T19:15:35.905Z","level":"INFO","service":"verdictSynthesizer","event":"synthesis_success","classification":"unverified","confidence":0.3,"supported_subclaims":0,"unsupport
ed_subclaims":1}

      at VerdictSynthesizer.logSynthesisSuccess (src/orchestration/verdictSynthesizer.ts:134:13)

    console.log
      Preservation Test - Orchestration method:

      at Object.<anonymous> (src/orchestration/iterativeOrchestrationPipeline.preservation.test.ts:36:15)

    console.log
        Queries generated: 5

      at Object.<anonymous> (src/orchestration/iterativeOrchestrationPipeline.preservation.test.ts:37:15)

    console.log
        Evidence collected: 0

      at Object.<anonymous> (src/orchestration/iterativeOrchestrationPipeline.preservation.test.ts:38:15)

    console.log
        Retrieval mode: degraded

      at Object.<anonymous> (src/orchestration/iterativeOrchestrationPipeline.preservation.test.ts:39:15)

    console.log
      {"timestamp":"2026-03-13T19:15:35.907Z","level":"INFO","service":"claimDecomposer","event":"decomposition_start","claim_length":47}

      at ClaimDecomposer.logDecompositionStart (src/orchestration/claimDecomposer.ts:52:13)

    console.log
      {"event":"bedrock_invocation","model":"amazon.nova-lite-v1:0","provider":"AWS Bedrock","request_id":"05943c1d-519b-4a72-9c4a-ce98e57183d8","timestamp":"2026-03-13T19:15:35.907Z"}

      at invokeNova (src/services/novaClient.ts:313:11)

    console.error
      {"event":"bedrock_error","reason":"Unknown error","request_id":"05943c1d-519b-4a72-9c4a-ce98e57183d8","timestamp":"2026-03-13T19:15:35.907Z"}

    [0m [90m 360 |[39m
     [90m 361 |[39m     [90m// Log Bedrock error[39m
    [31m[1m>[22m[39m[90m 362 |[39m     console[33m.[39merror([33mJSON[39m[33m.[39mstringify({
     [90m     |[39m             [31m[1m^[22m[39m
     [90m 363 |[39m       event[33m:[39m [32m'bedrock_error'[39m[33m,[39m
     [90m 364 |[39m       reason[33m:[39m error [36minstanceof[39m [33mError[39m [33m?[39m error[33m.[39mmessage [33m:[39m [32m'Unknown error'[39m[33m,[39m
     [90m 365 |[39m       request_id[33m:[39m requestId[33m,[39m[0m

      at invokeNova (src/services/novaClient.ts:362:13)
      at decomposeClaimToSubclaims (src/services/novaClient.ts:568:22)
      at ClaimDecomposer.decompose (src/orchestration/claimDecomposer.ts:25:29)
      at analyzeWithIterativeOrchestration (src/orchestration/iterativeOrchestrationPipeline.ts:93:27)
      at Object.<anonymous> (src/orchestration/iterativeOrchestrationPipeline.preservation.test.ts:57:22)

    console.log
      {"timestamp":"2026-03-13T19:15:35.907Z","level":"INFO","service":"claimDecomposer","event":"decomposition_success","subclaim_count":1,"subclaim_types":["action"],"subclaim_texts":["Climate 
change is affecting global temperatures"]}

      at ClaimDecomposer.logDecompositionSuccess (src/orchestration/claimDecomposer.ts:67:13)

    console.log
      {"timestamp":"2026-03-13T19:15:35.908Z","level":"INFO","service":"queryGenerator","event":"generation_start","original_claim":"Climate change is affecting global temperatures","subclaim_count":1}

      at QueryGenerator.logGenerationStart (src/orchestration/queryGenerator.ts:119:13)

    console.log
      {"timestamp":"2026-03-13T19:15:35.908Z","level":"INFO","service":"queryGenerator","event":"query_variants_generated","queries_before_dedup":["Climate change is affecting global 
temperatures","Climate news","climate change affecting global","what is climate change affecting","Climate climate 
change"],"queries_count":5,"entities_extracted":["Climate"],"key_phrases_extracted":["climate","change","affecting","global","temperatures"]}

      at QueryGenerator.generateQueries (src/orchestration/queryGenerator.ts:28:13)

    console.log
      {"timestamp":"2026-03-13T19:15:35.908Z","level":"INFO","service":"queryGenerator","event":"orchestrator_queries_finalized","queries_after_dedup":["Climate change is affecting global 
temperatures","Climate news","climate change affecting global","what is climate change affecting","Climate climate 
change"],"queries_count":5,"query_types":["exact","date_sensitive","regional","fact_check","entity_action"]}

      at QueryGenerator.generateQueries (src/orchestration/queryGenerator.ts:68:13)

    console.log
      {"timestamp":"2026-03-13T19:15:35.908Z","level":"INFO","service":"queryGenerator","event":"generation_success","query_count":5,"query_types":["exact","date_sensitive","regional","fact_check","ent
ity_action"],"query_texts":["Climate change is affecting global temperatures","Climate news","climate change affecting global","what is climate change affecting","Climate climate change"]}

      at QueryGenerator.logGenerationSuccess (src/orchestration/queryGenerator.ts:135:13)

    console.log
      {"timestamp":"2026-03-13T19:15:35.908Z","level":"INFO","service":"evidenceOrchestrator","event":"orchestration_start","query_count":5,"max_passes":3}

      at EvidenceOrchestrator.logOrchestrationStart (src/orchestration/evidenceOrchestrator.ts:775:13)

    console.log
      {"timestamp":"2026-03-13T19:15:35.909Z","level":"INFO","service":"evidenceOrchestrator","event":"pass_start","pass_number":1,"query_count":3}

      at EvidenceOrchestrator.logPassStart (src/orchestration/evidenceOrchestrator.ts:791:13)

    console.log
      {"timestamp":"2026-03-13T19:15:35.993Z","level":"INFO","service":"evidenceFilter","event":"filter_start","candidate_count":0}

      at EvidenceFilter.logFilterStart (src/orchestration/evidenceFilter.ts:193:13)

    console.log
      {"timestamp":"2026-03-13T19:15:35.993Z","level":"INFO","service":"evidenceFilter","event":"filter_complete","total_candidates":0,"passed_count":0,"rejected_count":0,"pass_rate":0}

      at EvidenceFilter.logFilterComplete (src/orchestration/evidenceFilter.ts:208:13)

    console.log
      {"timestamp":"2026-03-13T19:15:35.994Z","level":"INFO","service":"evidenceOrchestrator","event":"pass_complete","pass_number":1,"evidence_count":0,"source_classes":[],"average_quality":0,"thresho
ld_met":false}

      at EvidenceOrchestrator.logPassComplete (src/orchestration/evidenceOrchestrator.ts:807:13)

    console.log
      {"timestamp":"2026-03-13T19:15:35.994Z","level":"INFO","service":"evidenceOrchestrator","event":"pass_start","pass_number":2,"query_count":2}

      at EvidenceOrchestrator.logPassStart (src/orchestration/evidenceOrchestrator.ts:791:13)

    console.log
      {"timestamp":"2026-03-13T19:15:36.075Z","level":"INFO","service":"evidenceFilter","event":"filter_start","candidate_count":0}

      at EvidenceFilter.logFilterStart (src/orchestration/evidenceFilter.ts:193:13)

    console.log
      {"timestamp":"2026-03-13T19:15:36.076Z","level":"INFO","service":"evidenceFilter","event":"filter_complete","total_candidates":0,"passed_count":0,"rejected_count":0,"pass_rate":0}

      at EvidenceFilter.logFilterComplete (src/orchestration/evidenceFilter.ts:208:13)

    console.log
      {"timestamp":"2026-03-13T19:15:36.076Z","level":"INFO","service":"evidenceOrchestrator","event":"pass_complete","pass_number":2,"evidence_count":0,"source_classes":[],"average_quality":0,"thresho
ld_met":false}

      at EvidenceOrchestrator.logPassComplete (src/orchestration/evidenceOrchestrator.ts:807:13)

    console.log
      {"timestamp":"2026-03-13T19:15:36.076Z","level":"INFO","service":"evidenceOrchestrator","event":"orchestration_complete","passes_executed":2,"total_evidence":0,"source_classes":[],"average_qualit
y":0,"threshold_met":false}

      at EvidenceOrchestrator.logOrchestrationComplete (src/orchestration/evidenceOrchestrator.ts:826:13)

    console.log
      {"timestamp":"2026-03-13T19:15:36.076Z","level":"INFO","service":"contradictionSearcher","event":"search_start","query_count":0}

      at ContradictionSearcher.logSearchStart (src/orchestration/contradictionSearcher.ts:142:13)

    console.log
      {"timestamp":"2026-03-13T19:15:36.076Z","level":"INFO","service":"verdictSynthesizer","event":"synthesis_start","supporting_count":0,"contradicting_count":0}

      at VerdictSynthesizer.logSynthesisStart (src/orchestration/verdictSynthesizer.ts:118:13)

    console.log
      {"event":"bedrock_invocation","model":"amazon.nova-lite-v1:0","provider":"AWS Bedrock","request_id":"4e0669a6-bd34-42df-9533-74c612cf60b6","timestamp":"2026-03-13T19:15:36.077Z"}

      at invokeNova (src/services/novaClient.ts:313:11)

    console.error
      {"event":"bedrock_error","reason":"Unknown error","request_id":"4e0669a6-bd34-42df-9533-74c612cf60b6","timestamp":"2026-03-13T19:15:36.077Z"}

    [0m [90m 360 |[39m
     [90m 361 |[39m     [90m// Log Bedrock error[39m
    [31m[1m>[22m[39m[90m 362 |[39m     console[33m.[39merror([33mJSON[39m[33m.[39mstringify({
     [90m     |[39m             [31m[1m^[22m[39m
     [90m 363 |[39m       event[33m:[39m [32m'bedrock_error'[39m[33m,[39m
     [90m 364 |[39m       reason[33m:[39m error [36minstanceof[39m [33mError[39m [33m?[39m error[33m.[39mmessage [33m:[39m [32m'Unknown error'[39m[33m,[39m
     [90m 365 |[39m       request_id[33m:[39m requestId[33m,[39m[0m

      at invokeNova (src/services/novaClient.ts:362:13)
      at synthesizeVerdict (src/services/novaClient.ts:902:22)
      at VerdictSynthesizer.synthesize (src/orchestration/verdictSynthesizer.ts:42:23)
      at analyzeWithIterativeOrchestration (src/orchestration/iterativeOrchestrationPipeline.ts:236:21)
      at Object.<anonymous> (src/orchestration/iterativeOrchestrationPipeline.preservation.test.ts:57:22)

    console.log
      {"timestamp":"2026-03-13T19:15:36.077Z","level":"INFO","service":"verdictSynthesizer","event":"synthesis_success","classification":"unverified","confidence":0.3,"supported_subclaims":0,"unsupport
ed_subclaims":1}

      at VerdictSynthesizer.logSynthesisSuccess (src/orchestration/verdictSynthesizer.ts:134:13)

    console.log
      Preservation Test - Grounding method:

      at Object.<anonymous> (src/orchestration/iterativeOrchestrationPipeline.preservation.test.ts:60:15)

    console.log
        Evidence sources: 0

      at Object.<anonymous> (src/orchestration/iterativeOrchestrationPipeline.preservation.test.ts:61:15)

    console.log
        Providers attempted: demo

      at Object.<anonymous> (src/orchestration/iterativeOrchestrationPipeline.preservation.test.ts:62:15)

    console.log
      {"timestamp":"2026-03-13T19:15:36.080Z","level":"INFO","service":"claimDecomposer","event":"decomposition_start","claim_length":49}

      at ClaimDecomposer.logDecompositionStart (src/orchestration/claimDecomposer.ts:52:13)

    console.log
      {"event":"bedrock_invocation","model":"amazon.nova-lite-v1:0","provider":"AWS Bedrock","request_id":"71d61b42-218d-4404-9d7c-4116289871f5","timestamp":"2026-03-13T19:15:36.081Z"}

      at invokeNova (src/services/novaClient.ts:313:11)

    console.error
      {"event":"bedrock_error","reason":"Unknown error","request_id":"71d61b42-218d-4404-9d7c-4116289871f5","timestamp":"2026-03-13T19:15:36.081Z"}

    [0m [90m 360 |[39m
     [90m 361 |[39m     [90m// Log Bedrock error[39m
    [31m[1m>[22m[39m[90m 362 |[39m     console[33m.[39merror([33mJSON[39m[33m.[39mstringify({
     [90m     |[39m             [31m[1m^[22m[39m
     [90m 363 |[39m       event[33m:[39m [32m'bedrock_error'[39m[33m,[39m
     [90m 364 |[39m       reason[33m:[39m error [36minstanceof[39m [33mError[39m [33m?[39m error[33m.[39mmessage [33m:[39m [32m'Unknown error'[39m[33m,[39m
     [90m 365 |[39m       request_id[33m:[39m requestId[33m,[39m[0m

      at invokeNova (src/services/novaClient.ts:362:13)
      at decomposeClaimToSubclaims (src/services/novaClient.ts:568:22)
      at ClaimDecomposer.decompose (src/orchestration/claimDecomposer.ts:25:29)
      at analyzeWithIterativeOrchestration (src/orchestration/iterativeOrchestrationPipeline.ts:93:27)
      at Object.<anonymous> (src/orchestration/iterativeOrchestrationPipeline.preservation.test.ts:84:22)

    console.log
      {"timestamp":"2026-03-13T19:15:36.082Z","level":"INFO","service":"claimDecomposer","event":"decomposition_success","subclaim_count":1,"subclaim_types":["action"],"subclaim_texts":["Renewable 
energy adoption is increasing worldwide"]}

      at ClaimDecomposer.logDecompositionSuccess (src/orchestration/claimDecomposer.ts:67:13)

    console.log
      {"timestamp":"2026-03-13T19:15:36.082Z","level":"INFO","service":"queryGenerator","event":"generation_start","original_claim":"Renewable energy adoption is increasing 
worldwide","subclaim_count":1}

      at QueryGenerator.logGenerationStart (src/orchestration/queryGenerator.ts:119:13)

    console.log
      {"timestamp":"2026-03-13T19:15:36.082Z","level":"INFO","service":"queryGenerator","event":"query_variants_generated","queries_before_dedup":["Renewable energy adoption is increasing 
worldwide","Renewable news","renewable energy adoption increasing","what is renewable energy adoption","Renewable renewable 
energy"],"queries_count":5,"entities_extracted":["Renewable"],"key_phrases_extracted":["renewable","energy","adoption","increasing","worldwide"]}

      at QueryGenerator.generateQueries (src/orchestration/queryGenerator.ts:28:13)

    console.log
      {"timestamp":"2026-03-13T19:15:36.082Z","level":"INFO","service":"queryGenerator","event":"orchestrator_queries_finalized","queries_after_dedup":["Renewable energy adoption is increasing 
worldwide","Renewable news","renewable energy adoption increasing","what is renewable energy adoption","Renewable renewable 
energy"],"queries_count":5,"query_types":["exact","date_sensitive","regional","fact_check","entity_action"]}

      at QueryGenerator.generateQueries (src/orchestration/queryGenerator.ts:68:13)

    console.log
      {"timestamp":"2026-03-13T19:15:36.082Z","level":"INFO","service":"queryGenerator","event":"generation_success","query_count":5,"query_types":["exact","date_sensitive","regional","fact_check","ent
ity_action"],"query_texts":["Renewable energy adoption is increasing worldwide","Renewable news","renewable energy adoption increasing","what is renewable energy adoption","Renewable renewable 
energy"]}

      at QueryGenerator.logGenerationSuccess (src/orchestration/queryGenerator.ts:135:13)

    console.log
      {"timestamp":"2026-03-13T19:15:36.083Z","level":"INFO","service":"evidenceOrchestrator","event":"orchestration_start","query_count":5,"max_passes":3}

      at EvidenceOrchestrator.logOrchestrationStart (src/orchestration/evidenceOrchestrator.ts:775:13)

    console.log
      {"timestamp":"2026-03-13T19:15:36.083Z","level":"INFO","service":"evidenceOrchestrator","event":"pass_start","pass_number":1,"query_count":3}

      at EvidenceOrchestrator.logPassStart (src/orchestration/evidenceOrchestrator.ts:791:13)

    console.log
      {"timestamp":"2026-03-13T19:15:36.180Z","level":"INFO","service":"evidenceFilter","event":"filter_start","candidate_count":0}

      at EvidenceFilter.logFilterStart (src/orchestration/evidenceFilter.ts:193:13)

    console.log
      {"timestamp":"2026-03-13T19:15:36.180Z","level":"INFO","service":"evidenceFilter","event":"filter_complete","total_candidates":0,"passed_count":0,"rejected_count":0,"pass_rate":0}

      at EvidenceFilter.logFilterComplete (src/orchestration/evidenceFilter.ts:208:13)

    console.log
      {"timestamp":"2026-03-13T19:15:36.181Z","level":"INFO","service":"evidenceOrchestrator","event":"pass_complete","pass_number":1,"evidence_count":0,"source_classes":[],"average_quality":0,"thresho
ld_met":false}

      at EvidenceOrchestrator.logPassComplete (src/orchestration/evidenceOrchestrator.ts:807:13)

    console.log
      {"timestamp":"2026-03-13T19:15:36.181Z","level":"INFO","service":"evidenceOrchestrator","event":"pass_start","pass_number":2,"query_count":2}

      at EvidenceOrchestrator.logPassStart (src/orchestration/evidenceOrchestrator.ts:791:13)

    console.log
      {"timestamp":"2026-03-13T19:15:36.272Z","level":"INFO","service":"evidenceFilter","event":"filter_start","candidate_count":0}

      at EvidenceFilter.logFilterStart (src/orchestration/evidenceFilter.ts:193:13)

    console.log
      {"timestamp":"2026-03-13T19:15:36.272Z","level":"INFO","service":"evidenceFilter","event":"filter_complete","total_candidates":0,"passed_count":0,"rejected_count":0,"pass_rate":0}

      at EvidenceFilter.logFilterComplete (src/orchestration/evidenceFilter.ts:208:13)

    console.log
      {"timestamp":"2026-03-13T19:15:36.272Z","level":"INFO","service":"evidenceOrchestrator","event":"pass_complete","pass_number":2,"evidence_count":0,"source_classes":[],"average_quality":0,"thresho
ld_met":false}

      at EvidenceOrchestrator.logPassComplete (src/orchestration/evidenceOrchestrator.ts:807:13)

    console.log
      {"timestamp":"2026-03-13T19:15:36.273Z","level":"INFO","service":"evidenceOrchestrator","event":"orchestration_complete","passes_executed":2,"total_evidence":0,"source_classes":[],"average_qualit
y":0,"threshold_met":false}

      at EvidenceOrchestrator.logOrchestrationComplete (src/orchestration/evidenceOrchestrator.ts:826:13)

    console.log
      {"timestamp":"2026-03-13T19:15:36.273Z","level":"INFO","service":"contradictionSearcher","event":"search_start","query_count":0}

      at ContradictionSearcher.logSearchStart (src/orchestration/contradictionSearcher.ts:142:13)

    console.log
      {"timestamp":"2026-03-13T19:15:36.273Z","level":"INFO","service":"verdictSynthesizer","event":"synthesis_start","supporting_count":0,"contradicting_count":0}

      at VerdictSynthesizer.logSynthesisStart (src/orchestration/verdictSynthesizer.ts:118:13)

    console.log
      {"event":"bedrock_invocation","model":"amazon.nova-lite-v1:0","provider":"AWS Bedrock","request_id":"29219a7d-3d57-4015-a549-71002ca6200f","timestamp":"2026-03-13T19:15:36.273Z"}

      at invokeNova (src/services/novaClient.ts:313:11)

    console.error
      {"event":"bedrock_error","reason":"Unknown error","request_id":"29219a7d-3d57-4015-a549-71002ca6200f","timestamp":"2026-03-13T19:15:36.274Z"}

    [0m [90m 360 |[39m
     [90m 361 |[39m     [90m// Log Bedrock error[39m
    [31m[1m>[22m[39m[90m 362 |[39m     console[33m.[39merror([33mJSON[39m[33m.[39mstringify({
     [90m     |[39m             [31m[1m^[22m[39m
     [90m 363 |[39m       event[33m:[39m [32m'bedrock_error'[39m[33m,[39m
     [90m 364 |[39m       reason[33m:[39m error [36minstanceof[39m [33mError[39m [33m?[39m error[33m.[39mmessage [33m:[39m [32m'Unknown error'[39m[33m,[39m
     [90m 365 |[39m       request_id[33m:[39m requestId[33m,[39m[0m

      at invokeNova (src/services/novaClient.ts:362:13)
      at synthesizeVerdict (src/services/novaClient.ts:902:22)
      at VerdictSynthesizer.synthesize (src/orchestration/verdictSynthesizer.ts:42:23)
      at analyzeWithIterativeOrchestration (src/orchestration/iterativeOrchestrationPipeline.ts:236:21)
      at Object.<anonymous> (src/orchestration/iterativeOrchestrationPipeline.preservation.test.ts:84:22)

    console.log
      {"timestamp":"2026-03-13T19:15:36.274Z","level":"INFO","service":"verdictSynthesizer","event":"synthesis_success","classification":"unverified","confidence":0.3,"supported_subclaims":0,"unsupport
ed_subclaims":1}

      at VerdictSynthesizer.logSynthesisSuccess (src/orchestration/verdictSynthesizer.ts:134:13)

    console.log
      Preservation Test - Query count:

      at Object.<anonymous> (src/orchestration/iterativeOrchestrationPipeline.preservation.test.ts:87:15)

    console.log
        Queries generated: 5

      at Object.<anonymous> (src/orchestration/iterativeOrchestrationPipeline.preservation.test.ts:88:15)

    console.log
        Query types: exact, date_sensitive, regional, fact_check, entity_action

      at Object.<anonymous> (src/orchestration/iterativeOrchestrationPipeline.preservation.test.ts:89:15)

    console.log
      {"timestamp":"2026-03-13T19:15:36.277Z","level":"INFO","service":"claimDecomposer","event":"decomposition_start","claim_length":47}

      at ClaimDecomposer.logDecompositionStart (src/orchestration/claimDecomposer.ts:52:13)

    console.log
      {"event":"bedrock_invocation","model":"amazon.nova-lite-v1:0","provider":"AWS Bedrock","request_id":"bd208ff4-9e3b-443d-ba3a-0061e1ebc8e9","timestamp":"2026-03-13T19:15:36.277Z"}

      at invokeNova (src/services/novaClient.ts:313:11)

    console.error
      {"event":"bedrock_error","reason":"Unknown error","request_id":"bd208ff4-9e3b-443d-ba3a-0061e1ebc8e9","timestamp":"2026-03-13T19:15:36.278Z"}

    [0m [90m 360 |[39m
     [90m 361 |[39m     [90m// Log Bedrock error[39m
    [31m[1m>[22m[39m[90m 362 |[39m     console[33m.[39merror([33mJSON[39m[33m.[39mstringify({
     [90m     |[39m             [31m[1m^[22m[39m
     [90m 363 |[39m       event[33m:[39m [32m'bedrock_error'[39m[33m,[39m
     [90m 364 |[39m       reason[33m:[39m error [36minstanceof[39m [33mError[39m [33m?[39m error[33m.[39mmessage [33m:[39m [32m'Unknown error'[39m[33m,[39m
     [90m 365 |[39m       request_id[33m:[39m requestId[33m,[39m[0m

      at invokeNova (src/services/novaClient.ts:362:13)
      at decomposeClaimToSubclaims (src/services/novaClient.ts:568:22)
      at ClaimDecomposer.decompose (src/orchestration/claimDecomposer.ts:25:29)
      at analyzeWithIterativeOrchestration (src/orchestration/iterativeOrchestrationPipeline.ts:93:27)
      at Object.<anonymous> (src/orchestration/iterativeOrchestrationPipeline.preservation.test.ts:110:22)

    console.log
      {"timestamp":"2026-03-13T19:15:36.278Z","level":"INFO","service":"claimDecomposer","event":"decomposition_success","subclaim_count":1,"subclaim_types":["action"],"subclaim_texts":["Water boils 
at 100 degrees Celsius at sea level"]}

      at ClaimDecomposer.logDecompositionSuccess (src/orchestration/claimDecomposer.ts:67:13)

    console.log
      {"timestamp":"2026-03-13T19:15:36.278Z","level":"INFO","service":"queryGenerator","event":"generation_start","original_claim":"Water boils at 100 degrees Celsius at sea level","subclaim_count":1}

      at QueryGenerator.logGenerationStart (src/orchestration/queryGenerator.ts:119:13)

    console.log
      {"timestamp":"2026-03-13T19:15:36.278Z","level":"INFO","service":"queryGenerator","event":"query_variants_generated","queries_before_dedup":["Water boils at 100 degrees Celsius at sea 
level","Water Celsius news","water boils 100 degrees","what is water boils 100","Water water 
boils"],"queries_count":5,"entities_extracted":["Water","Celsius"],"key_phrases_extracted":["water","boils","100","degrees","celsius"]}

      at QueryGenerator.generateQueries (src/orchestration/queryGenerator.ts:28:13)

    console.log
      {"timestamp":"2026-03-13T19:15:36.279Z","level":"INFO","service":"queryGenerator","event":"orchestrator_queries_finalized","queries_after_dedup":["Water boils at 100 degrees Celsius at sea 
level","Water Celsius news","water boils 100 degrees","what is water boils 100","Water water boils"],"queries_count":5,"query_types":["exact","date_sensitive","regional","fact_check","entity_action"]}

      at QueryGenerator.generateQueries (src/orchestration/queryGenerator.ts:68:13)

    console.log
      {"timestamp":"2026-03-13T19:15:36.279Z","level":"INFO","service":"queryGenerator","event":"generation_success","query_count":5,"query_types":["exact","date_sensitive","regional","fact_check","ent
ity_action"],"query_texts":["Water boils at 100 degrees Celsius at sea level","Water Celsius news","water boils 100 degrees","what is water boils 100","Water water boils"]}

      at QueryGenerator.logGenerationSuccess (src/orchestration/queryGenerator.ts:135:13)

    console.log
      {"timestamp":"2026-03-13T19:15:36.279Z","level":"INFO","service":"evidenceOrchestrator","event":"orchestration_start","query_count":5,"max_passes":3}

      at EvidenceOrchestrator.logOrchestrationStart (src/orchestration/evidenceOrchestrator.ts:775:13)

    console.log
      {"timestamp":"2026-03-13T19:15:36.280Z","level":"INFO","service":"evidenceOrchestrator","event":"pass_start","pass_number":1,"query_count":3}

      at EvidenceOrchestrator.logPassStart (src/orchestration/evidenceOrchestrator.ts:791:13)

    console.log
      {"timestamp":"2026-03-13T19:15:36.336Z","level":"INFO","service":"evidenceFilter","event":"filter_start","candidate_count":0}

      at EvidenceFilter.logFilterStart (src/orchestration/evidenceFilter.ts:193:13)

    console.log
      {"timestamp":"2026-03-13T19:15:36.336Z","level":"INFO","service":"evidenceFilter","event":"filter_complete","total_candidates":0,"passed_count":0,"rejected_count":0,"pass_rate":0}

      at EvidenceFilter.logFilterComplete (src/orchestration/evidenceFilter.ts:208:13)

    console.log
      {"timestamp":"2026-03-13T19:15:36.336Z","level":"INFO","service":"evidenceOrchestrator","event":"pass_complete","pass_number":1,"evidence_count":0,"source_classes":[],"average_quality":0,"thresho
ld_met":false}

      at EvidenceOrchestrator.logPassComplete (src/orchestration/evidenceOrchestrator.ts:807:13)

    console.log
      {"timestamp":"2026-03-13T19:15:36.336Z","level":"INFO","service":"evidenceOrchestrator","event":"pass_start","pass_number":2,"query_count":2}

      at EvidenceOrchestrator.logPassStart (src/orchestration/evidenceOrchestrator.ts:791:13)

    console.log
      {"timestamp":"2026-03-13T19:15:36.446Z","level":"INFO","service":"evidenceFilter","event":"filter_start","candidate_count":0}

      at EvidenceFilter.logFilterStart (src/orchestration/evidenceFilter.ts:193:13)

    console.log
      {"timestamp":"2026-03-13T19:15:36.446Z","level":"INFO","service":"evidenceFilter","event":"filter_complete","total_candidates":0,"passed_count":0,"rejected_count":0,"pass_rate":0}

      at EvidenceFilter.logFilterComplete (src/orchestration/evidenceFilter.ts:208:13)

    console.log
      {"timestamp":"2026-03-13T19:15:36.446Z","level":"INFO","service":"evidenceOrchestrator","event":"pass_complete","pass_number":2,"evidence_count":0,"source_classes":[],"average_quality":0,"thresho
ld_met":false}

      at EvidenceOrchestrator.logPassComplete (src/orchestration/evidenceOrchestrator.ts:807:13)

    console.log
      {"timestamp":"2026-03-13T19:15:36.447Z","level":"INFO","service":"evidenceOrchestrator","event":"orchestration_complete","passes_executed":2,"total_evidence":0,"source_classes":[],"average_qualit
y":0,"threshold_met":false}

      at EvidenceOrchestrator.logOrchestrationComplete (src/orchestration/evidenceOrchestrator.ts:826:13)

    console.log
      {"timestamp":"2026-03-13T19:15:36.447Z","level":"INFO","service":"contradictionSearcher","event":"search_start","query_count":0}

      at ContradictionSearcher.logSearchStart (src/orchestration/contradictionSearcher.ts:142:13)

    console.log
      {"timestamp":"2026-03-13T19:15:36.447Z","level":"INFO","service":"verdictSynthesizer","event":"synthesis_start","supporting_count":0,"contradicting_count":0}

      at VerdictSynthesizer.logSynthesisStart (src/orchestration/verdictSynthesizer.ts:118:13)

    console.log
      {"event":"bedrock_invocation","model":"amazon.nova-lite-v1:0","provider":"AWS Bedrock","request_id":"6f53ba1d-042f-4655-97c3-19692f230871","timestamp":"2026-03-13T19:15:36.447Z"}

      at invokeNova (src/services/novaClient.ts:313:11)

    console.error
      {"event":"bedrock_error","reason":"Unknown error","request_id":"6f53ba1d-042f-4655-97c3-19692f230871","timestamp":"2026-03-13T19:15:36.448Z"}

    [0m [90m 360 |[39m
     [90m 361 |[39m     [90m// Log Bedrock error[39m
    [31m[1m>[22m[39m[90m 362 |[39m     console[33m.[39merror([33mJSON[39m[33m.[39mstringify({
     [90m     |[39m             [31m[1m^[22m[39m
     [90m 363 |[39m       event[33m:[39m [32m'bedrock_error'[39m[33m,[39m
     [90m 364 |[39m       reason[33m:[39m error [36minstanceof[39m [33mError[39m [33m?[39m error[33m.[39mmessage [33m:[39m [32m'Unknown error'[39m[33m,[39m
     [90m 365 |[39m       request_id[33m:[39m requestId[33m,[39m[0m

      at invokeNova (src/services/novaClient.ts:362:13)
      at synthesizeVerdict (src/services/novaClient.ts:902:22)
      at VerdictSynthesizer.synthesize (src/orchestration/verdictSynthesizer.ts:42:23)
      at analyzeWithIterativeOrchestration (src/orchestration/iterativeOrchestrationPipeline.ts:236:21)
      at Object.<anonymous> (src/orchestration/iterativeOrchestrationPipeline.preservation.test.ts:110:22)

    console.log
      {"timestamp":"2026-03-13T19:15:36.448Z","level":"INFO","service":"verdictSynthesizer","event":"synthesis_success","classification":"unverified","confidence":0.3,"supported_subclaims":0,"unsupport
ed_subclaims":1}

      at VerdictSynthesizer.logSynthesisSuccess (src/orchestration/verdictSynthesizer.ts:134:13)

    console.log
      Preservation Test - Evidence structure:

      at Object.<anonymous> (src/orchestration/iterativeOrchestrationPipeline.preservation.test.ts:113:15)

    console.log
        Supporting sources: 0

      at Object.<anonymous> (src/orchestration/iterativeOrchestrationPipeline.preservation.test.ts:114:15)

    console.log
        Contradicting sources: 0

      at Object.<anonymous> (src/orchestration/iterativeOrchestrationPipeline.preservation.test.ts:115:15)

    console.log
        Context sources: 0

      at Object.<anonymous> (src/orchestration/iterativeOrchestrationPipeline.preservation.test.ts:116:15)

    console.log
        Total sources: 0

      at Object.<anonymous> (src/orchestration/iterativeOrchestrationPipeline.preservation.test.ts:117:15)

    console.log
      {"timestamp":"2026-03-13T19:15:36.449Z","level":"INFO","service":"claimDecomposer","event":"decomposition_start","claim_length":31}

      at ClaimDecomposer.logDecompositionStart (src/orchestration/claimDecomposer.ts:52:13)

    console.log
      {"event":"bedrock_invocation","model":"amazon.nova-lite-v1:0","provider":"AWS Bedrock","request_id":"cb6035b8-cc5f-4635-beb9-f4ce14621339","timestamp":"2026-03-13T19:15:36.449Z"}

      at invokeNova (src/services/novaClient.ts:313:11)

    console.error
      {"event":"bedrock_error","reason":"Unknown error","request_id":"cb6035b8-cc5f-4635-beb9-f4ce14621339","timestamp":"2026-03-13T19:15:36.450Z"}

    [0m [90m 360 |[39m
     [90m 361 |[39m     [90m// Log Bedrock error[39m
    [31m[1m>[22m[39m[90m 362 |[39m     console[33m.[39merror([33mJSON[39m[33m.[39mstringify({
     [90m     |[39m             [31m[1m^[22m[39m
     [90m 363 |[39m       event[33m:[39m [32m'bedrock_error'[39m[33m,[39m
     [90m 364 |[39m       reason[33m:[39m error [36minstanceof[39m [33mError[39m [33m?[39m error[33m.[39mmessage [33m:[39m [32m'Unknown error'[39m[33m,[39m
     [90m 365 |[39m       request_id[33m:[39m requestId[33m,[39m[0m

      at invokeNova (src/services/novaClient.ts:362:13)
      at decomposeClaimToSubclaims (src/services/novaClient.ts:568:22)
      at ClaimDecomposer.decompose (src/orchestration/claimDecomposer.ts:25:29)
      at analyzeWithIterativeOrchestration (src/orchestration/iterativeOrchestrationPipeline.ts:93:27)
      at Object.<anonymous> (src/orchestration/iterativeOrchestrationPipeline.preservation.test.ts:138:22)

    console.log
      {"timestamp":"2026-03-13T19:15:36.450Z","level":"INFO","service":"claimDecomposer","event":"decomposition_success","subclaim_count":1,"subclaim_types":["action"],"subclaim_texts":["The Earth 
orbits around the Sun"]}

      at ClaimDecomposer.logDecompositionSuccess (src/orchestration/claimDecomposer.ts:67:13)

    console.log
      {"timestamp":"2026-03-13T19:15:36.450Z","level":"INFO","service":"queryGenerator","event":"generation_start","original_claim":"The Earth orbits around the Sun","subclaim_count":1}

      at QueryGenerator.logGenerationStart (src/orchestration/queryGenerator.ts:119:13)

    console.log
      {"timestamp":"2026-03-13T19:15:36.450Z","level":"INFO","service":"queryGenerator","event":"query_variants_generated","queries_before_dedup":["The Earth orbits around the Sun","The Earth Sun 
news","earth orbits around sun","what is earth orbits around","The Earth earth orbits"],"queries_count":5,"entities_extracted":["The 
Earth","Sun"],"key_phrases_extracted":["earth","orbits","around","sun"]}

      at QueryGenerator.generateQueries (src/orchestration/queryGenerator.ts:28:13)

    console.log
      {"timestamp":"2026-03-13T19:15:36.450Z","level":"INFO","service":"queryGenerator","event":"orchestrator_queries_finalized","queries_after_dedup":["The Earth orbits around the Sun","The Earth Sun 
news","earth orbits around sun","what is earth orbits around","The Earth earth orbits"],"queries_count":5,"query_types":["exact","date_sensitive","regional","fact_check","entity_action"]}

      at QueryGenerator.generateQueries (src/orchestration/queryGenerator.ts:68:13)

    console.log
      {"timestamp":"2026-03-13T19:15:36.450Z","level":"INFO","service":"queryGenerator","event":"generation_success","query_count":5,"query_types":["exact","date_sensitive","regional","fact_check","ent
ity_action"],"query_texts":["The Earth orbits around the Sun","The Earth Sun news","earth orbits around sun","what is earth orbits around","The Earth earth orbits"]}

      at QueryGenerator.logGenerationSuccess (src/orchestration/queryGenerator.ts:135:13)

    console.log
      {"timestamp":"2026-03-13T19:15:36.451Z","level":"INFO","service":"evidenceOrchestrator","event":"orchestration_start","query_count":5,"max_passes":3}

      at EvidenceOrchestrator.logOrchestrationStart (src/orchestration/evidenceOrchestrator.ts:775:13)

    console.log
      {"timestamp":"2026-03-13T19:15:36.451Z","level":"INFO","service":"evidenceOrchestrator","event":"pass_start","pass_number":1,"query_count":3}

      at EvidenceOrchestrator.logPassStart (src/orchestration/evidenceOrchestrator.ts:791:13)

    console.log
      {"timestamp":"2026-03-13T19:15:36.545Z","level":"INFO","service":"evidenceFilter","event":"filter_start","candidate_count":0}

      at EvidenceFilter.logFilterStart (src/orchestration/evidenceFilter.ts:193:13)

    console.log
      {"timestamp":"2026-03-13T19:15:36.546Z","level":"INFO","service":"evidenceFilter","event":"filter_complete","total_candidates":0,"passed_count":0,"rejected_count":0,"pass_rate":0}

      at EvidenceFilter.logFilterComplete (src/orchestration/evidenceFilter.ts:208:13)

    console.log
      {"timestamp":"2026-03-13T19:15:36.546Z","level":"INFO","service":"evidenceOrchestrator","event":"pass_complete","pass_number":1,"evidence_count":0,"source_classes":[],"average_quality":0,"thresho
ld_met":false}

      at EvidenceOrchestrator.logPassComplete (src/orchestration/evidenceOrchestrator.ts:807:13)

    console.log
      {"timestamp":"2026-03-13T19:15:36.546Z","level":"INFO","service":"evidenceOrchestrator","event":"pass_start","pass_number":2,"query_count":2}

      at EvidenceOrchestrator.logPassStart (src/orchestration/evidenceOrchestrator.ts:791:13)

    console.log
      {"timestamp":"2026-03-13T19:15:36.624Z","level":"INFO","service":"evidenceFilter","event":"filter_start","candidate_count":0}

      at EvidenceFilter.logFilterStart (src/orchestration/evidenceFilter.ts:193:13)

    console.log
      {"timestamp":"2026-03-13T19:15:36.624Z","level":"INFO","service":"evidenceFilter","event":"filter_complete","total_candidates":0,"passed_count":0,"rejected_count":0,"pass_rate":0}

      at EvidenceFilter.logFilterComplete (src/orchestration/evidenceFilter.ts:208:13)

    console.log
      {"timestamp":"2026-03-13T19:15:36.624Z","level":"INFO","service":"evidenceOrchestrator","event":"pass_complete","pass_number":2,"evidence_count":0,"source_classes":[],"average_quality":0,"thresho
ld_met":false}

      at EvidenceOrchestrator.logPassComplete (src/orchestration/evidenceOrchestrator.ts:807:13)

    console.log
      {"timestamp":"2026-03-13T19:15:36.624Z","level":"INFO","service":"evidenceOrchestrator","event":"orchestration_complete","passes_executed":2,"total_evidence":0,"source_classes":[],"average_qualit
y":0,"threshold_met":false}

      at EvidenceOrchestrator.logOrchestrationComplete (src/orchestration/evidenceOrchestrator.ts:826:13)

    console.log
      {"timestamp":"2026-03-13T19:15:36.625Z","level":"INFO","service":"contradictionSearcher","event":"search_start","query_count":0}

      at ContradictionSearcher.logSearchStart (src/orchestration/contradictionSearcher.ts:142:13)

    console.log
      {"timestamp":"2026-03-13T19:15:36.625Z","level":"INFO","service":"verdictSynthesizer","event":"synthesis_start","supporting_count":0,"contradicting_count":0}

      at VerdictSynthesizer.logSynthesisStart (src/orchestration/verdictSynthesizer.ts:118:13)

    console.log
      {"event":"bedrock_invocation","model":"amazon.nova-lite-v1:0","provider":"AWS Bedrock","request_id":"d5f8d218-54cc-498f-9d8d-202365688874","timestamp":"2026-03-13T19:15:36.625Z"}

      at invokeNova (src/services/novaClient.ts:313:11)

    console.error
      {"event":"bedrock_error","reason":"Unknown error","request_id":"d5f8d218-54cc-498f-9d8d-202365688874","timestamp":"2026-03-13T19:15:36.625Z"}

    [0m [90m 360 |[39m
     [90m 361 |[39m     [90m// Log Bedrock error[39m
    [31m[1m>[22m[39m[90m 362 |[39m     console[33m.[39merror([33mJSON[39m[33m.[39mstringify({
     [90m     |[39m             [31m[1m^[22m[39m
     [90m 363 |[39m       event[33m:[39m [32m'bedrock_error'[39m[33m,[39m
     [90m 364 |[39m       reason[33m:[39m error [36minstanceof[39m [33mError[39m [33m?[39m error[33m.[39mmessage [33m:[39m [32m'Unknown error'[39m[33m,[39m
     [90m 365 |[39m       request_id[33m:[39m requestId[33m,[39m[0m

      at invokeNova (src/services/novaClient.ts:362:13)
      at synthesizeVerdict (src/services/novaClient.ts:902:22)
      at VerdictSynthesizer.synthesize (src/orchestration/verdictSynthesizer.ts:42:23)
      at analyzeWithIterativeOrchestration (src/orchestration/iterativeOrchestrationPipeline.ts:236:21)
      at Object.<anonymous> (src/orchestration/iterativeOrchestrationPipeline.preservation.test.ts:138:22)

    console.log
      {"timestamp":"2026-03-13T19:15:36.625Z","level":"INFO","service":"verdictSynthesizer","event":"synthesis_success","classification":"unverified","confidence":0.3,"supported_subclaims":0,"unsupport
ed_subclaims":1}

      at VerdictSynthesizer.logSynthesisSuccess (src/orchestration/verdictSynthesizer.ts:134:13)

    console.log
      Preservation Test - Retrieval status:

      at Object.<anonymous> (src/orchestration/iterativeOrchestrationPipeline.preservation.test.ts:141:15)

    console.log
        Mode: degraded

      at Object.<anonymous> (src/orchestration/iterativeOrchestrationPipeline.preservation.test.ts:142:15)

    console.log
        Status: failed

      at Object.<anonymous> (src/orchestration/iterativeOrchestrationPipeline.preservation.test.ts:143:15)

    console.log
        Source: cache

      at Object.<anonymous> (src/orchestration/iterativeOrchestrationPipeline.preservation.test.ts:144:15)

    console.log
        Cache hit: false

      at Object.<anonymous> (src/orchestration/iterativeOrchestrationPipeline.preservation.test.ts:145:15)

    console.log
        Providers attempted: demo

      at Object.<anonymous> (src/orchestration/iterativeOrchestrationPipeline.preservation.test.ts:146:15)

    console.log
        Providers succeeded:

      at Object.<anonymous> (src/orchestration/iterativeOrchestrationPipeline.preservation.test.ts:147:15)

    console.log
        Providers failed: demo

      at Object.<anonymous> (src/orchestration/iterativeOrchestrationPipeline.preservation.test.ts:148:15)

    console.log
      {"timestamp":"2026-03-13T19:15:36.630Z","level":"INFO","service":"claimDecomposer","event":"decomposition_start","claim_length":13}

      at ClaimDecomposer.logDecompositionStart (src/orchestration/claimDecomposer.ts:52:13)

    console.log
      {"event":"bedrock_invocation","model":"amazon.nova-lite-v1:0","provider":"AWS Bedrock","request_id":"9a2c80e2-b958-456b-a9cd-27e722a61bd7","timestamp":"2026-03-13T19:15:36.631Z"}

      at invokeNova (src/services/novaClient.ts:313:11)

    console.error
      {"event":"bedrock_error","reason":"Unknown error","request_id":"9a2c80e2-b958-456b-a9cd-27e722a61bd7","timestamp":"2026-03-13T19:15:36.632Z"}

    [0m [90m 360 |[39m
     [90m 361 |[39m     [90m// Log Bedrock error[39m
    [31m[1m>[22m[39m[90m 362 |[39m     console[33m.[39merror([33mJSON[39m[33m.[39mstringify({
     [90m     |[39m             [31m[1m^[22m[39m
     [90m 363 |[39m       event[33m:[39m [32m'bedrock_error'[39m[33m,[39m
     [90m 364 |[39m       reason[33m:[39m error [36minstanceof[39m [33mError[39m [33m?[39m error[33m.[39mmessage [33m:[39m [32m'Unknown error'[39m[33m,[39m
     [90m 365 |[39m       request_id[33m:[39m requestId[33m,[39m[0m

      at invokeNova (src/services/novaClient.ts:362:13)
      at decomposeClaimToSubclaims (src/services/novaClient.ts:568:22)
      at ClaimDecomposer.decompose (src/orchestration/claimDecomposer.ts:25:29)
      at analyzeWithIterativeOrchestration (src/orchestration/iterativeOrchestrationPipeline.ts:93:27)
      at src/orchestration/iterativeOrchestrationPipeline.preservation.test.ts:184:28
      at AsyncProperty.run (node_modules/fast-check/lib/check/property/AsyncProperty.generic.js:49:28)

    console.log
      
{"timestamp":"2026-03-13T19:15:36.632Z","level":"INFO","service":"claimDecomposer","event":"decomposition_success","subclaim_count":1,"subclaim_types":["action"],"subclaim_texts":["nProperthasOw"]}

      at ClaimDecomposer.logDecompositionSuccess (src/orchestration/claimDecomposer.ts:67:13)

    console.log
      {"timestamp":"2026-03-13T19:15:36.632Z","level":"INFO","service":"queryGenerator","event":"generation_start","original_claim":"nProperthasOw","subclaim_count":1}

      at QueryGenerator.logGenerationStart (src/orchestration/queryGenerator.ts:119:13)

    console.log
      {"timestamp":"2026-03-13T19:15:36.632Z","level":"INFO","service":"queryGenerator","event":"query_variants_generated","queries_before_dedup":["nProperthasOw","nproperthasow"],"queries_count":2,"en
tities_extracted":[],"key_phrases_extracted":["nproperthasow"]}

      at QueryGenerator.generateQueries (src/orchestration/queryGenerator.ts:28:13)

    console.log
      {"timestamp":"2026-03-13T19:15:36.632Z","level":"INFO","service":"queryGenerator","event":"orchestrator_queries_finalized","queries_after_dedup":["nProperthasOw","nproperthasow"],"queries_count":
2,"query_types":["exact","regional"]}

      at QueryGenerator.generateQueries (src/orchestration/queryGenerator.ts:68:13)

    console.log
      {"timestamp":"2026-03-13T19:15:36.632Z","level":"INFO","service":"queryGenerator","event":"generation_success","query_count":2,"query_types":["exact","regional"],"query_texts":["nProperthasOw","n
properthasow"]}

      at QueryGenerator.logGenerationSuccess (src/orchestration/queryGenerator.ts:135:13)

    console.log
      {"timestamp":"2026-03-13T19:15:36.632Z","level":"INFO","service":"evidenceOrchestrator","event":"orchestration_start","query_count":2,"max_passes":3}

      at EvidenceOrchestrator.logOrchestrationStart (src/orchestration/evidenceOrchestrator.ts:775:13)

    console.log
      {"timestamp":"2026-03-13T19:15:36.632Z","level":"INFO","service":"evidenceOrchestrator","event":"pass_start","pass_number":1,"query_count":1}

      at EvidenceOrchestrator.logPassStart (src/orchestration/evidenceOrchestrator.ts:791:13)

    console.log
      {"timestamp":"2026-03-13T19:15:36.708Z","level":"INFO","service":"evidenceFilter","event":"filter_start","candidate_count":0}

      at EvidenceFilter.logFilterStart (src/orchestration/evidenceFilter.ts:193:13)

    console.log
      {"timestamp":"2026-03-13T19:15:36.708Z","level":"INFO","service":"evidenceFilter","event":"filter_complete","total_candidates":0,"passed_count":0,"rejected_count":0,"pass_rate":0}

      at EvidenceFilter.logFilterComplete (src/orchestration/evidenceFilter.ts:208:13)

    console.log
      {"timestamp":"2026-03-13T19:15:36.709Z","level":"INFO","service":"evidenceOrchestrator","event":"pass_complete","pass_number":1,"evidence_count":0,"source_classes":[],"average_quality":0,"thresho
ld_met":false}

      at EvidenceOrchestrator.logPassComplete (src/orchestration/evidenceOrchestrator.ts:807:13)

    console.log
      {"timestamp":"2026-03-13T19:15:36.709Z","level":"INFO","service":"evidenceOrchestrator","event":"pass_start","pass_number":2,"query_count":1}

      at EvidenceOrchestrator.logPassStart (src/orchestration/evidenceOrchestrator.ts:791:13)

    console.log
      {"timestamp":"2026-03-13T19:15:36.779Z","level":"INFO","service":"evidenceFilter","event":"filter_start","candidate_count":0}

      at EvidenceFilter.logFilterStart (src/orchestration/evidenceFilter.ts:193:13)

    console.log
      {"timestamp":"2026-03-13T19:15:36.779Z","level":"INFO","service":"evidenceFilter","event":"filter_complete","total_candidates":0,"passed_count":0,"rejected_count":0,"pass_rate":0}

      at EvidenceFilter.logFilterComplete (src/orchestration/evidenceFilter.ts:208:13)

    console.log
      {"timestamp":"2026-03-13T19:15:36.779Z","level":"INFO","service":"evidenceOrchestrator","event":"pass_complete","pass_number":2,"evidence_count":0,"source_classes":[],"average_quality":0,"thresho
ld_met":false}

      at EvidenceOrchestrator.logPassComplete (src/orchestration/evidenceOrchestrator.ts:807:13)

    console.log
      {"timestamp":"2026-03-13T19:15:36.779Z","level":"INFO","service":"evidenceOrchestrator","event":"orchestration_complete","passes_executed":2,"total_evidence":0,"source_classes":[],"average_qualit
y":0,"threshold_met":false}

      at EvidenceOrchestrator.logOrchestrationComplete (src/orchestration/evidenceOrchestrator.ts:826:13)

    console.log
      {"timestamp":"2026-03-13T19:15:36.780Z","level":"INFO","service":"contradictionSearcher","event":"search_start","query_count":0}

      at ContradictionSearcher.logSearchStart (src/orchestration/contradictionSearcher.ts:142:13)

    console.log
      {"timestamp":"2026-03-13T19:15:36.780Z","level":"INFO","service":"verdictSynthesizer","event":"synthesis_start","supporting_count":0,"contradicting_count":0}

      at VerdictSynthesizer.logSynthesisStart (src/orchestration/verdictSynthesizer.ts:118:13)

    console.log
      {"event":"bedrock_invocation","model":"amazon.nova-lite-v1:0","provider":"AWS Bedrock","request_id":"aeac3629-54f0-477a-b5e2-419177624f93","timestamp":"2026-03-13T19:15:36.780Z"}

      at invokeNova (src/services/novaClient.ts:313:11)

    console.error
      {"event":"bedrock_error","reason":"Unknown error","request_id":"aeac3629-54f0-477a-b5e2-419177624f93","timestamp":"2026-03-13T19:15:36.781Z"}

    [0m [90m 360 |[39m
     [90m 361 |[39m     [90m// Log Bedrock error[39m
    [31m[1m>[22m[39m[90m 362 |[39m     console[33m.[39merror([33mJSON[39m[33m.[39mstringify({
     [90m     |[39m             [31m[1m^[22m[39m
     [90m 363 |[39m       event[33m:[39m [32m'bedrock_error'[39m[33m,[39m
     [90m 364 |[39m       reason[33m:[39m error [36minstanceof[39m [33mError[39m [33m?[39m error[33m.[39mmessage [33m:[39m [32m'Unknown error'[39m[33m,[39m
     [90m 365 |[39m       request_id[33m:[39m requestId[33m,[39m[0m

      at invokeNova (src/services/novaClient.ts:362:13)
      at synthesizeVerdict (src/services/novaClient.ts:902:22)
      at VerdictSynthesizer.synthesize (src/orchestration/verdictSynthesizer.ts:42:23)
      at analyzeWithIterativeOrchestration (src/orchestration/iterativeOrchestrationPipeline.ts:236:21)
      at src/orchestration/iterativeOrchestrationPipeline.preservation.test.ts:184:28
      at AsyncProperty.run (node_modules/fast-check/lib/check/property/AsyncProperty.generic.js:49:28)

    console.log
      {"timestamp":"2026-03-13T19:15:36.781Z","level":"INFO","service":"verdictSynthesizer","event":"synthesis_success","classification":"unverified","confidence":0.3,"supported_subclaims":0,"unsupport
ed_subclaims":1}

      at VerdictSynthesizer.logSynthesisSuccess (src/orchestration/verdictSynthesizer.ts:134:13)

    console.log
      {"timestamp":"2026-03-13T19:15:36.782Z","level":"INFO","service":"claimDecomposer","event":"decomposition_start","claim_length":11}

      at ClaimDecomposer.logDecompositionStart (src/orchestration/claimDecomposer.ts:52:13)

    console.log
      {"event":"bedrock_invocation","model":"amazon.nova-lite-v1:0","provider":"AWS Bedrock","request_id":"98d4a0c8-840a-4d9b-a7e5-89fe22894a23","timestamp":"2026-03-13T19:15:36.782Z"}

      at invokeNova (src/services/novaClient.ts:313:11)

    console.error
      {"event":"bedrock_error","reason":"Unknown error","request_id":"98d4a0c8-840a-4d9b-a7e5-89fe22894a23","timestamp":"2026-03-13T19:15:36.782Z"}

    [0m [90m 360 |[39m
     [90m 361 |[39m     [90m// Log Bedrock error[39m
    [31m[1m>[22m[39m[90m 362 |[39m     console[33m.[39merror([33mJSON[39m[33m.[39mstringify({
     [90m     |[39m             [31m[1m^[22m[39m
     [90m 363 |[39m       event[33m:[39m [32m'bedrock_error'[39m[33m,[39m
     [90m 364 |[39m       reason[33m:[39m error [36minstanceof[39m [33mError[39m [33m?[39m error[33m.[39mmessage [33m:[39m [32m'Unknown error'[39m[33m,[39m
     [90m 365 |[39m       request_id[33m:[39m requestId[33m,[39m[0m

      at invokeNova (src/services/novaClient.ts:362:13)
      at decomposeClaimToSubclaims (src/services/novaClient.ts:568:22)
      at ClaimDecomposer.decompose (src/orchestration/claimDecomposer.ts:25:29)
      at analyzeWithIterativeOrchestration (src/orchestration/iterativeOrchestrationPipeline.ts:93:27)
      at src/orchestration/iterativeOrchestrationPipeline.preservation.test.ts:184:28
      at AsyncProperty.run (node_modules/fast-check/lib/check/property/AsyncProperty.generic.js:49:28)

    console.log
      {"timestamp":"2026-03-13T19:15:36.782Z","level":"INFO","service":"claimDecomposer","event":"decomposition_success","subclaim_count":1,"subclaim_types":["action"],"subclaim_texts":["sOwnPro pro"]}

      at ClaimDecomposer.logDecompositionSuccess (src/orchestration/claimDecomposer.ts:67:13)

    console.log
      {"timestamp":"2026-03-13T19:15:36.783Z","level":"INFO","service":"queryGenerator","event":"generation_start","original_claim":"sOwnPro pro","subclaim_count":1}

      at QueryGenerator.logGenerationStart (src/orchestration/queryGenerator.ts:119:13)

    console.log
      {"timestamp":"2026-03-13T19:15:36.783Z","level":"INFO","service":"queryGenerator","event":"query_variants_generated","queries_before_dedup":["sOwnPro pro","what is sownpro pro","sownpro 
pro"],"queries_count":3,"entities_extracted":[],"key_phrases_extracted":["sownpro","pro"]}

      at QueryGenerator.generateQueries (src/orchestration/queryGenerator.ts:28:13)

    console.log
      {"timestamp":"2026-03-13T19:15:36.783Z","level":"INFO","service":"queryGenerator","event":"orchestrator_queries_finalized","queries_after_dedup":["sOwnPro pro","what is sownpro pro","sownpro 
pro"],"queries_count":3,"query_types":["exact","fact_check","regional"]}

      at QueryGenerator.generateQueries (src/orchestration/queryGenerator.ts:68:13)

    console.log
      
{"timestamp":"2026-03-13T19:15:36.783Z","level":"INFO","service":"queryGenerator","event":"generation_success","query_count":3,"query_types":["exact","fact_check","regional"],"query_texts":["sOwnPro 
pro","what is sownpro pro","sownpro pro"]}

      at QueryGenerator.logGenerationSuccess (src/orchestration/queryGenerator.ts:135:13)

    console.log
      {"timestamp":"2026-03-13T19:15:36.783Z","level":"INFO","service":"evidenceOrchestrator","event":"orchestration_start","query_count":3,"max_passes":3}

      at EvidenceOrchestrator.logOrchestrationStart (src/orchestration/evidenceOrchestrator.ts:775:13)

    console.log
      {"timestamp":"2026-03-13T19:15:36.783Z","level":"INFO","service":"evidenceOrchestrator","event":"pass_start","pass_number":1,"query_count":1}

      at EvidenceOrchestrator.logPassStart (src/orchestration/evidenceOrchestrator.ts:791:13)

    console.log
      {"timestamp":"2026-03-13T19:15:36.861Z","level":"INFO","service":"evidenceFilter","event":"filter_start","candidate_count":0}

      at EvidenceFilter.logFilterStart (src/orchestration/evidenceFilter.ts:193:13)

    console.log
      {"timestamp":"2026-03-13T19:15:36.862Z","level":"INFO","service":"evidenceFilter","event":"filter_complete","total_candidates":0,"passed_count":0,"rejected_count":0,"pass_rate":0}

      at EvidenceFilter.logFilterComplete (src/orchestration/evidenceFilter.ts:208:13)

    console.log
      {"timestamp":"2026-03-13T19:15:36.864Z","level":"INFO","service":"evidenceOrchestrator","event":"pass_complete","pass_number":1,"evidence_count":0,"source_classes":[],"average_quality":0,"thresho
ld_met":false}

      at EvidenceOrchestrator.logPassComplete (src/orchestration/evidenceOrchestrator.ts:807:13)

    console.log
      {"timestamp":"2026-03-13T19:15:36.864Z","level":"INFO","service":"evidenceOrchestrator","event":"pass_start","pass_number":2,"query_count":2}

      at EvidenceOrchestrator.logPassStart (src/orchestration/evidenceOrchestrator.ts:791:13)

    console.log
      {"timestamp":"2026-03-13T19:15:36.945Z","level":"INFO","service":"evidenceFilter","event":"filter_start","candidate_count":0}

      at EvidenceFilter.logFilterStart (src/orchestration/evidenceFilter.ts:193:13)

    console.log
      {"timestamp":"2026-03-13T19:15:36.946Z","level":"INFO","service":"evidenceFilter","event":"filter_complete","total_candidates":0,"passed_count":0,"rejected_count":0,"pass_rate":0}

      at EvidenceFilter.logFilterComplete (src/orchestration/evidenceFilter.ts:208:13)

    console.log
      {"timestamp":"2026-03-13T19:15:36.946Z","level":"INFO","service":"evidenceOrchestrator","event":"pass_complete","pass_number":2,"evidence_count":0,"source_classes":[],"average_quality":0,"thresho
ld_met":false}

      at EvidenceOrchestrator.logPassComplete (src/orchestration/evidenceOrchestrator.ts:807:13)

    console.log
      {"timestamp":"2026-03-13T19:15:36.946Z","level":"INFO","service":"evidenceOrchestrator","event":"orchestration_complete","passes_executed":2,"total_evidence":0,"source_classes":[],"average_qualit
y":0,"threshold_met":false}

      at EvidenceOrchestrator.logOrchestrationComplete (src/orchestration/evidenceOrchestrator.ts:826:13)

    console.log
      {"timestamp":"2026-03-13T19:15:36.946Z","level":"INFO","service":"contradictionSearcher","event":"search_start","query_count":0}

      at ContradictionSearcher.logSearchStart (src/orchestration/contradictionSearcher.ts:142:13)

    console.log
      {"timestamp":"2026-03-13T19:15:36.947Z","level":"INFO","service":"verdictSynthesizer","event":"synthesis_start","supporting_count":0,"contradicting_count":0}

      at VerdictSynthesizer.logSynthesisStart (src/orchestration/verdictSynthesizer.ts:118:13)

    console.log
      {"event":"bedrock_invocation","model":"amazon.nova-lite-v1:0","provider":"AWS Bedrock","request_id":"1c08e53c-b343-4b2b-9312-15bb5ae2e6aa","timestamp":"2026-03-13T19:15:36.947Z"}

      at invokeNova (src/services/novaClient.ts:313:11)

    console.error
      {"event":"bedrock_error","reason":"Unknown error","request_id":"1c08e53c-b343-4b2b-9312-15bb5ae2e6aa","timestamp":"2026-03-13T19:15:36.947Z"}

    [0m [90m 360 |[39m
     [90m 361 |[39m     [90m// Log Bedrock error[39m
    [31m[1m>[22m[39m[90m 362 |[39m     console[33m.[39merror([33mJSON[39m[33m.[39mstringify({
     [90m     |[39m             [31m[1m^[22m[39m
     [90m 363 |[39m       event[33m:[39m [32m'bedrock_error'[39m[33m,[39m
     [90m 364 |[39m       reason[33m:[39m error [36minstanceof[39m [33mError[39m [33m?[39m error[33m.[39mmessage [33m:[39m [32m'Unknown error'[39m[33m,[39m
     [90m 365 |[39m       request_id[33m:[39m requestId[33m,[39m[0m

      at invokeNova (src/services/novaClient.ts:362:13)
      at synthesizeVerdict (src/services/novaClient.ts:902:22)
      at VerdictSynthesizer.synthesize (src/orchestration/verdictSynthesizer.ts:42:23)
      at analyzeWithIterativeOrchestration (src/orchestration/iterativeOrchestrationPipeline.ts:236:21)
      at src/orchestration/iterativeOrchestrationPipeline.preservation.test.ts:184:28
      at AsyncProperty.run (node_modules/fast-check/lib/check/property/AsyncProperty.generic.js:49:28)

    console.log
      {"timestamp":"2026-03-13T19:15:36.947Z","level":"INFO","service":"verdictSynthesizer","event":"synthesis_success","classification":"unverified","confidence":0.3,"supported_subclaims":0,"unsupport
ed_subclaims":1}

      at VerdictSynthesizer.logSynthesisSuccess (src/orchestration/verdictSynthesizer.ts:134:13)

    console.log
      {"timestamp":"2026-03-13T19:15:36.948Z","level":"INFO","service":"claimDecomposer","event":"decomposition_start","claim_length":28}

      at ClaimDecomposer.logDecompositionStart (src/orchestration/claimDecomposer.ts:52:13)

    console.log
      {"event":"bedrock_invocation","model":"amazon.nova-lite-v1:0","provider":"AWS Bedrock","request_id":"8e3720d8-0712-4bcf-9f91-08133e14fac3","timestamp":"2026-03-13T19:15:36.948Z"}

      at invokeNova (src/services/novaClient.ts:313:11)

    console.error
      {"event":"bedrock_error","reason":"Unknown error","request_id":"8e3720d8-0712-4bcf-9f91-08133e14fac3","timestamp":"2026-03-13T19:15:36.949Z"}

    [0m [90m 360 |[39m
     [90m 361 |[39m     [90m// Log Bedrock error[39m
    [31m[1m>[22m[39m[90m 362 |[39m     console[33m.[39merror([33mJSON[39m[33m.[39mstringify({
     [90m     |[39m             [31m[1m^[22m[39m
     [90m 363 |[39m       event[33m:[39m [32m'bedrock_error'[39m[33m,[39m
     [90m 364 |[39m       reason[33m:[39m error [36minstanceof[39m [33mError[39m [33m?[39m error[33m.[39mmessage [33m:[39m [32m'Unknown error'[39m[33m,[39m
     [90m 365 |[39m       request_id[33m:[39m requestId[33m,[39m[0m

      at invokeNova (src/services/novaClient.ts:362:13)
      at decomposeClaimToSubclaims (src/services/novaClient.ts:568:22)
      at ClaimDecomposer.decompose (src/orchestration/claimDecomposer.ts:25:29)
      at analyzeWithIterativeOrchestration (src/orchestration/iterativeOrchestrationPipeline.ts:93:27)
      at src/orchestration/iterativeOrchestrationPipeline.preservation.test.ts:184:28
      at AsyncProperty.run (node_modules/fast-check/lib/check/property/AsyncProperty.generic.js:49:28)

    console.log
      {"timestamp":"2026-03-13T19:15:36.949Z","level":"INFO","service":"claimDecomposer","event":"decomposition_success","subclaim_count":1,"subclaim_types":["action"],"subclaim_texts":["_defineSetterf
ineGetter__#|t"]}

      at ClaimDecomposer.logDecompositionSuccess (src/orchestration/claimDecomposer.ts:67:13)

    console.log
      {"timestamp":"2026-03-13T19:15:36.949Z","level":"INFO","service":"queryGenerator","event":"generation_start","original_claim":"_defineSetterfineGetter__#|t","subclaim_count":1}

      at QueryGenerator.logGenerationStart (src/orchestration/queryGenerator.ts:119:13)

    console.log
      {"timestamp":"2026-03-13T19:15:36.949Z","level":"INFO","service":"queryGenerator","event":"query_variants_generated","queries_before_dedup":["_defineSetterfineGetter__#|t","_definesetterfinegette
r__"],"queries_count":2,"entities_extracted":[],"key_phrases_extracted":["_definesetterfinegetter__"]}

      at QueryGenerator.generateQueries (src/orchestration/queryGenerator.ts:28:13)

    console.log
      {"timestamp":"2026-03-13T19:15:36.949Z","level":"INFO","service":"queryGenerator","event":"orchestrator_queries_finalized","queries_after_dedup":["_defineSetterfineGetter__#|t","_definesetterfine
getter__"],"queries_count":2,"query_types":["exact","regional"]}

      at QueryGenerator.generateQueries (src/orchestration/queryGenerator.ts:68:13)

    console.log
      {"timestamp":"2026-03-13T19:15:36.949Z","level":"INFO","service":"queryGenerator","event":"generation_success","query_count":2,"query_types":["exact","regional"],"query_texts":["_defineSetterfine
Getter__#|t","_definesetterfinegetter__"]}

      at QueryGenerator.logGenerationSuccess (src/orchestration/queryGenerator.ts:135:13)

    console.log
      {"timestamp":"2026-03-13T19:15:36.949Z","level":"INFO","service":"evidenceOrchestrator","event":"orchestration_start","query_count":2,"max_passes":3}

      at EvidenceOrchestrator.logOrchestrationStart (src/orchestration/evidenceOrchestrator.ts:775:13)

    console.log
      {"timestamp":"2026-03-13T19:15:36.949Z","level":"INFO","service":"evidenceOrchestrator","event":"pass_start","pass_number":1,"query_count":1}

      at EvidenceOrchestrator.logPassStart (src/orchestration/evidenceOrchestrator.ts:791:13)

    console.log
      {"timestamp":"2026-03-13T19:15:37.026Z","level":"INFO","service":"evidenceFilter","event":"filter_start","candidate_count":0}

      at EvidenceFilter.logFilterStart (src/orchestration/evidenceFilter.ts:193:13)

    console.log
      {"timestamp":"2026-03-13T19:15:37.027Z","level":"INFO","service":"evidenceFilter","event":"filter_complete","total_candidates":0,"passed_count":0,"rejected_count":0,"pass_rate":0}

      at EvidenceFilter.logFilterComplete (src/orchestration/evidenceFilter.ts:208:13)

    console.log
      {"timestamp":"2026-03-13T19:15:37.027Z","level":"INFO","service":"evidenceOrchestrator","event":"pass_complete","pass_number":1,"evidence_count":0,"source_classes":[],"average_quality":0,"thresho
ld_met":false}

      at EvidenceOrchestrator.logPassComplete (src/orchestration/evidenceOrchestrator.ts:807:13)

    console.log
      {"timestamp":"2026-03-13T19:15:37.027Z","level":"INFO","service":"evidenceOrchestrator","event":"pass_start","pass_number":2,"query_count":1}

      at EvidenceOrchestrator.logPassStart (src/orchestration/evidenceOrchestrator.ts:791:13)

    console.log
      {"timestamp":"2026-03-13T19:15:37.129Z","level":"INFO","service":"evidenceFilter","event":"filter_start","candidate_count":0}

      at EvidenceFilter.logFilterStart (src/orchestration/evidenceFilter.ts:193:13)

    console.log
      {"timestamp":"2026-03-13T19:15:37.130Z","level":"INFO","service":"evidenceFilter","event":"filter_complete","total_candidates":0,"passed_count":0,"rejected_count":0,"pass_rate":0}

      at EvidenceFilter.logFilterComplete (src/orchestration/evidenceFilter.ts:208:13)

    console.log
      {"timestamp":"2026-03-13T19:15:37.130Z","level":"INFO","service":"evidenceOrchestrator","event":"pass_complete","pass_number":2,"evidence_count":0,"source_classes":[],"average_quality":0,"thresho
ld_met":false}

      at EvidenceOrchestrator.logPassComplete (src/orchestration/evidenceOrchestrator.ts:807:13)

    console.log
      {"timestamp":"2026-03-13T19:15:37.130Z","level":"INFO","service":"evidenceOrchestrator","event":"orchestration_complete","passes_executed":2,"total_evidence":0,"source_classes":[],"average_qualit
y":0,"threshold_met":false}

      at EvidenceOrchestrator.logOrchestrationComplete (src/orchestration/evidenceOrchestrator.ts:826:13)

    console.log
      {"timestamp":"2026-03-13T19:15:37.130Z","level":"INFO","service":"contradictionSearcher","event":"search_start","query_count":0}

      at ContradictionSearcher.logSearchStart (src/orchestration/contradictionSearcher.ts:142:13)

    console.log
      {"timestamp":"2026-03-13T19:15:37.130Z","level":"INFO","service":"verdictSynthesizer","event":"synthesis_start","supporting_count":0,"contradicting_count":0}

      at VerdictSynthesizer.logSynthesisStart (src/orchestration/verdictSynthesizer.ts:118:13)

    console.log
      {"event":"bedrock_invocation","model":"amazon.nova-lite-v1:0","provider":"AWS Bedrock","request_id":"abd2df19-4917-45aa-afc4-be8971aea270","timestamp":"2026-03-13T19:15:37.130Z"}

      at invokeNova (src/services/novaClient.ts:313:11)

    console.error
      {"event":"bedrock_error","reason":"Unknown error","request_id":"abd2df19-4917-45aa-afc4-be8971aea270","timestamp":"2026-03-13T19:15:37.131Z"}

    [0m [90m 360 |[39m
     [90m 361 |[39m     [90m// Log Bedrock error[39m
    [31m[1m>[22m[39m[90m 362 |[39m     console[33m.[39merror([33mJSON[39m[33m.[39mstringify({
     [90m     |[39m             [31m[1m^[22m[39m
     [90m 363 |[39m       event[33m:[39m [32m'bedrock_error'[39m[33m,[39m
     [90m 364 |[39m       reason[33m:[39m error [36minstanceof[39m [33mError[39m [33m?[39m error[33m.[39mmessage [33m:[39m [32m'Unknown error'[39m[33m,[39m
     [90m 365 |[39m       request_id[33m:[39m requestId[33m,[39m[0m

      at invokeNova (src/services/novaClient.ts:362:13)
      at synthesizeVerdict (src/services/novaClient.ts:902:22)
      at VerdictSynthesizer.synthesize (src/orchestration/verdictSynthesizer.ts:42:23)
      at analyzeWithIterativeOrchestration (src/orchestration/iterativeOrchestrationPipeline.ts:236:21)
      at src/orchestration/iterativeOrchestrationPipeline.preservation.test.ts:184:28
      at AsyncProperty.run (node_modules/fast-check/lib/check/property/AsyncProperty.generic.js:49:28)

    console.log
      {"timestamp":"2026-03-13T19:15:37.131Z","level":"INFO","service":"verdictSynthesizer","event":"synthesis_success","classification":"unverified","confidence":0.3,"supported_subclaims":0,"unsupport
ed_subclaims":1}

      at VerdictSynthesizer.logSynthesisSuccess (src/orchestration/verdictSynthesizer.ts:134:13)

    console.log
      {"timestamp":"2026-03-13T19:15:37.132Z","level":"INFO","service":"claimDecomposer","event":"decomposition_start","claim_length":11}

      at ClaimDecomposer.logDecompositionStart (src/orchestration/claimDecomposer.ts:52:13)

    console.log
      {"event":"bedrock_invocation","model":"amazon.nova-lite-v1:0","provider":"AWS Bedrock","request_id":"244158f7-640f-4a2f-a3d4-8dff543fc1a2","timestamp":"2026-03-13T19:15:37.132Z"}

      at invokeNova (src/services/novaClient.ts:313:11)

    console.error
      {"event":"bedrock_error","reason":"Unknown error","request_id":"244158f7-640f-4a2f-a3d4-8dff543fc1a2","timestamp":"2026-03-13T19:15:37.132Z"}

    [0m [90m 360 |[39m
     [90m 361 |[39m     [90m// Log Bedrock error[39m
    [31m[1m>[22m[39m[90m 362 |[39m     console[33m.[39merror([33mJSON[39m[33m.[39mstringify({
     [90m     |[39m             [31m[1m^[22m[39m
     [90m 363 |[39m       event[33m:[39m [32m'bedrock_error'[39m[33m,[39m
     [90m 364 |[39m       reason[33m:[39m error [36minstanceof[39m [33mError[39m [33m?[39m error[33m.[39mmessage [33m:[39m [32m'Unknown error'[39m[33m,[39m
     [90m 365 |[39m       request_id[33m:[39m requestId[33m,[39m[0m

      at invokeNova (src/services/novaClient.ts:362:13)
      at decomposeClaimToSubclaims (src/services/novaClient.ts:568:22)
      at ClaimDecomposer.decompose (src/orchestration/claimDecomposer.ts:25:29)
      at analyzeWithIterativeOrchestration (src/orchestration/iterativeOrchestrationPipeline.ts:93:27)
      at src/orchestration/iterativeOrchestrationPipeline.preservation.test.ts:184:28
      at AsyncProperty.run (node_modules/fast-check/lib/check/property/AsyncProperty.generic.js:49:28)

    console.log
      
{"timestamp":"2026-03-13T19:15:37.132Z","level":"INFO","service":"claimDecomposer","event":"decomposition_success","subclaim_count":1,"subclaim_types":["action"],"subclaim_texts":["z\"!g!\"a}!!}"]}

      at ClaimDecomposer.logDecompositionSuccess (src/orchestration/claimDecomposer.ts:67:13)

    console.log
      {"timestamp":"2026-03-13T19:15:37.133Z","level":"INFO","service":"queryGenerator","event":"generation_start","original_claim":"z\"!g!\"a}!!}","subclaim_count":1}

      at QueryGenerator.logGenerationStart (src/orchestration/queryGenerator.ts:119:13)

    console.log
      {"timestamp":"2026-03-13T19:15:37.133Z","level":"INFO","service":"queryGenerator","event":"query_variants_generated","queries_before_dedup":["z\"!g!\"a}!!}"],"queries_count":1,"entities_extracted
":[],"key_phrases_extracted":[]}

      at QueryGenerator.generateQueries (src/orchestration/queryGenerator.ts:28:13)

    console.log
      {"timestamp":"2026-03-13T19:15:37.133Z","level":"INFO","service":"queryGenerator","event":"orchestrator_queries_finalized","queries_after_dedup":["z\"!g!\"a}!!}"],"queries_count":1,"query_types":
["exact"]}

      at QueryGenerator.generateQueries (src/orchestration/queryGenerator.ts:68:13)

    console.log
      {"timestamp":"2026-03-13T19:15:37.133Z","level":"INFO","service":"queryGenerator","event":"generation_success","query_count":1,"query_types":["exact"],"query_texts":["z\"!g!\"a}!!}"]}

      at QueryGenerator.logGenerationSuccess (src/orchestration/queryGenerator.ts:135:13)

    console.log
      {"timestamp":"2026-03-13T19:15:37.133Z","level":"INFO","service":"evidenceOrchestrator","event":"orchestration_start","query_count":1,"max_passes":3}

      at EvidenceOrchestrator.logOrchestrationStart (src/orchestration/evidenceOrchestrator.ts:775:13)

    console.log
      {"timestamp":"2026-03-13T19:15:37.133Z","level":"INFO","service":"evidenceOrchestrator","event":"pass_start","pass_number":1,"query_count":1}

      at EvidenceOrchestrator.logPassStart (src/orchestration/evidenceOrchestrator.ts:791:13)

    console.log
      {"timestamp":"2026-03-13T19:15:37.229Z","level":"INFO","service":"evidenceFilter","event":"filter_start","candidate_count":0}

      at EvidenceFilter.logFilterStart (src/orchestration/evidenceFilter.ts:193:13)

    console.log
      {"timestamp":"2026-03-13T19:15:37.229Z","level":"INFO","service":"evidenceFilter","event":"filter_complete","total_candidates":0,"passed_count":0,"rejected_count":0,"pass_rate":0}

      at EvidenceFilter.logFilterComplete (src/orchestration/evidenceFilter.ts:208:13)

    console.log
      {"timestamp":"2026-03-13T19:15:37.230Z","level":"INFO","service":"evidenceOrchestrator","event":"pass_complete","pass_number":1,"evidence_count":0,"source_classes":[],"average_quality":0,"thresho
ld_met":false}

      at EvidenceOrchestrator.logPassComplete (src/orchestration/evidenceOrchestrator.ts:807:13)

    console.log
      {"timestamp":"2026-03-13T19:15:37.230Z","level":"INFO","service":"evidenceOrchestrator","event":"pass_start","pass_number":2,"query_count":0}

      at EvidenceOrchestrator.logPassStart (src/orchestration/evidenceOrchestrator.ts:791:13)

    console.log
      {"timestamp":"2026-03-13T19:15:37.311Z","level":"INFO","service":"evidenceFilter","event":"filter_start","candidate_count":0}

      at EvidenceFilter.logFilterStart (src/orchestration/evidenceFilter.ts:193:13)

    console.log
      {"timestamp":"2026-03-13T19:15:37.311Z","level":"INFO","service":"evidenceFilter","event":"filter_complete","total_candidates":0,"passed_count":0,"rejected_count":0,"pass_rate":0}

      at EvidenceFilter.logFilterComplete (src/orchestration/evidenceFilter.ts:208:13)

    console.log
      {"timestamp":"2026-03-13T19:15:37.311Z","level":"INFO","service":"evidenceOrchestrator","event":"pass_complete","pass_number":2,"evidence_count":0,"source_classes":[],"average_quality":0,"thresho
ld_met":false}

      at EvidenceOrchestrator.logPassComplete (src/orchestration/evidenceOrchestrator.ts:807:13)

    console.log
      {"timestamp":"2026-03-13T19:15:37.311Z","level":"INFO","service":"evidenceOrchestrator","event":"orchestration_complete","passes_executed":2,"total_evidence":0,"source_classes":[],"average_qualit
y":0,"threshold_met":false}

      at EvidenceOrchestrator.logOrchestrationComplete (src/orchestration/evidenceOrchestrator.ts:826:13)

    console.log
      {"timestamp":"2026-03-13T19:15:37.311Z","level":"INFO","service":"contradictionSearcher","event":"search_start","query_count":0}

      at ContradictionSearcher.logSearchStart (src/orchestration/contradictionSearcher.ts:142:13)

    console.log
      {"timestamp":"2026-03-13T19:15:37.312Z","level":"INFO","service":"verdictSynthesizer","event":"synthesis_start","supporting_count":0,"contradicting_count":0}

      at VerdictSynthesizer.logSynthesisStart (src/orchestration/verdictSynthesizer.ts:118:13)

    console.log
      {"event":"bedrock_invocation","model":"amazon.nova-lite-v1:0","provider":"AWS Bedrock","request_id":"a31a875f-6586-4101-9bc3-71adaef53565","timestamp":"2026-03-13T19:15:37.312Z"}

      at invokeNova (src/services/novaClient.ts:313:11)

    console.error
      {"event":"bedrock_error","reason":"Unknown error","request_id":"a31a875f-6586-4101-9bc3-71adaef53565","timestamp":"2026-03-13T19:15:37.312Z"}

    [0m [90m 360 |[39m
     [90m 361 |[39m     [90m// Log Bedrock error[39m
    [31m[1m>[22m[39m[90m 362 |[39m     console[33m.[39merror([33mJSON[39m[33m.[39mstringify({
     [90m     |[39m             [31m[1m^[22m[39m
     [90m 363 |[39m       event[33m:[39m [32m'bedrock_error'[39m[33m,[39m
     [90m 364 |[39m       reason[33m:[39m error [36minstanceof[39m [33mError[39m [33m?[39m error[33m.[39mmessage [33m:[39m [32m'Unknown error'[39m[33m,[39m
     [90m 365 |[39m       request_id[33m:[39m requestId[33m,[39m[0m

      at invokeNova (src/services/novaClient.ts:362:13)
      at synthesizeVerdict (src/services/novaClient.ts:902:22)
      at VerdictSynthesizer.synthesize (src/orchestration/verdictSynthesizer.ts:42:23)
      at analyzeWithIterativeOrchestration (src/orchestration/iterativeOrchestrationPipeline.ts:236:21)
      at src/orchestration/iterativeOrchestrationPipeline.preservation.test.ts:184:28
      at AsyncProperty.run (node_modules/fast-check/lib/check/property/AsyncProperty.generic.js:49:28)

    console.log
      {"timestamp":"2026-03-13T19:15:37.312Z","level":"INFO","service":"verdictSynthesizer","event":"synthesis_success","classification":"unverified","confidence":0.3,"supported_subclaims":0,"unsupport
ed_subclaims":1}

      at VerdictSynthesizer.logSynthesisSuccess (src/orchestration/verdictSynthesizer.ts:134:13)

    console.log
      {"timestamp":"2026-03-13T19:15:37.313Z","level":"INFO","service":"claimDecomposer","event":"decomposition_start","claim_length":14}

      at ClaimDecomposer.logDecompositionStart (src/orchestration/claimDecomposer.ts:52:13)

    console.log
      {"event":"bedrock_invocation","model":"amazon.nova-lite-v1:0","provider":"AWS Bedrock","request_id":"27327c39-6d8a-466b-8f5f-c2eddb6e4357","timestamp":"2026-03-13T19:15:37.313Z"}

      at invokeNova (src/services/novaClient.ts:313:11)

    console.error
      {"event":"bedrock_error","reason":"Unknown error","request_id":"27327c39-6d8a-466b-8f5f-c2eddb6e4357","timestamp":"2026-03-13T19:15:37.313Z"}

    [0m [90m 360 |[39m
     [90m 361 |[39m     [90m// Log Bedrock error[39m
    [31m[1m>[22m[39m[90m 362 |[39m     console[33m.[39merror([33mJSON[39m[33m.[39mstringify({
     [90m     |[39m             [31m[1m^[22m[39m
     [90m 363 |[39m       event[33m:[39m [32m'bedrock_error'[39m[33m,[39m
     [90m 364 |[39m       reason[33m:[39m error [36minstanceof[39m [33mError[39m [33m?[39m error[33m.[39mmessage [33m:[39m [32m'Unknown error'[39m[33m,[39m
     [90m 365 |[39m       request_id[33m:[39m requestId[33m,[39m[0m

      at invokeNova (src/services/novaClient.ts:362:13)
      at decomposeClaimToSubclaims (src/services/novaClient.ts:568:22)
      at ClaimDecomposer.decompose (src/orchestration/claimDecomposer.ts:25:29)
      at analyzeWithIterativeOrchestration (src/orchestration/iterativeOrchestrationPipeline.ts:93:27)
      at src/orchestration/iterativeOrchestrationPipeline.preservation.test.ts:184:28
      at AsyncProperty.run (node_modules/fast-check/lib/check/property/AsyncProperty.generic.js:49:28)

    console.log
      {"timestamp":"2026-03-13T19:15:37.313Z","level":"INFO","service":"claimDecomposer","event":"decomposition_success","subclaim_count":1,"subclaim_types":["action"],"subclaim_texts":["construct 
hasO"]}

      at ClaimDecomposer.logDecompositionSuccess (src/orchestration/claimDecomposer.ts:67:13)

    console.log
      {"timestamp":"2026-03-13T19:15:37.314Z","level":"INFO","service":"queryGenerator","event":"generation_start","original_claim":"construct hasO","subclaim_count":1}

      at QueryGenerator.logGenerationStart (src/orchestration/queryGenerator.ts:119:13)

    console.log
      {"timestamp":"2026-03-13T19:15:37.314Z","level":"INFO","service":"queryGenerator","event":"query_variants_generated","queries_before_dedup":["construct hasO","what is construct haso","construct 
haso"],"queries_count":3,"entities_extracted":[],"key_phrases_extracted":["construct","haso"]}

      at QueryGenerator.generateQueries (src/orchestration/queryGenerator.ts:28:13)

    console.log
      {"timestamp":"2026-03-13T19:15:37.314Z","level":"INFO","service":"queryGenerator","event":"orchestrator_queries_finalized","queries_after_dedup":["construct hasO","what is construct 
haso","construct haso"],"queries_count":3,"query_types":["exact","fact_check","regional"]}

      at QueryGenerator.generateQueries (src/orchestration/queryGenerator.ts:68:13)

    console.log
      
{"timestamp":"2026-03-13T19:15:37.314Z","level":"INFO","service":"queryGenerator","event":"generation_success","query_count":3,"query_types":["exact","fact_check","regional"],"query_texts":["construct 
hasO","what is construct haso","construct haso"]}

      at QueryGenerator.logGenerationSuccess (src/orchestration/queryGenerator.ts:135:13)

    console.log
      {"timestamp":"2026-03-13T19:15:37.314Z","level":"INFO","service":"evidenceOrchestrator","event":"orchestration_start","query_count":3,"max_passes":3}

      at EvidenceOrchestrator.logOrchestrationStart (src/orchestration/evidenceOrchestrator.ts:775:13)

    console.log
      {"timestamp":"2026-03-13T19:15:37.314Z","level":"INFO","service":"evidenceOrchestrator","event":"pass_start","pass_number":1,"query_count":1}

      at EvidenceOrchestrator.logPassStart (src/orchestration/evidenceOrchestrator.ts:791:13)

    console.log
      {"timestamp":"2026-03-13T19:15:37.412Z","level":"INFO","service":"evidenceFilter","event":"filter_start","candidate_count":0}

      at EvidenceFilter.logFilterStart (src/orchestration/evidenceFilter.ts:193:13)

    console.log
      {"timestamp":"2026-03-13T19:15:37.413Z","level":"INFO","service":"evidenceFilter","event":"filter_complete","total_candidates":0,"passed_count":0,"rejected_count":0,"pass_rate":0}

      at EvidenceFilter.logFilterComplete (src/orchestration/evidenceFilter.ts:208:13)

    console.log
      {"timestamp":"2026-03-13T19:15:37.413Z","level":"INFO","service":"evidenceOrchestrator","event":"pass_complete","pass_number":1,"evidence_count":0,"source_classes":[],"average_quality":0,"thresho
ld_met":false}

      at EvidenceOrchestrator.logPassComplete (src/orchestration/evidenceOrchestrator.ts:807:13)

    console.log
      {"timestamp":"2026-03-13T19:15:37.413Z","level":"INFO","service":"evidenceOrchestrator","event":"pass_start","pass_number":2,"query_count":2}

      at EvidenceOrchestrator.logPassStart (src/orchestration/evidenceOrchestrator.ts:791:13)

    console.log
      {"timestamp":"2026-03-13T19:15:37.508Z","level":"INFO","service":"evidenceFilter","event":"filter_start","candidate_count":0}

      at EvidenceFilter.logFilterStart (src/orchestration/evidenceFilter.ts:193:13)

    console.log
      {"timestamp":"2026-03-13T19:15:37.508Z","level":"INFO","service":"evidenceFilter","event":"filter_complete","total_candidates":0,"passed_count":0,"rejected_count":0,"pass_rate":0}

      at EvidenceFilter.logFilterComplete (src/orchestration/evidenceFilter.ts:208:13)

    console.log
      {"timestamp":"2026-03-13T19:15:37.509Z","level":"INFO","service":"evidenceOrchestrator","event":"pass_complete","pass_number":2,"evidence_count":0,"source_classes":[],"average_quality":0,"thresho
ld_met":false}

      at EvidenceOrchestrator.logPassComplete (src/orchestration/evidenceOrchestrator.ts:807:13)

    console.log
      {"timestamp":"2026-03-13T19:15:37.509Z","level":"INFO","service":"evidenceOrchestrator","event":"orchestration_complete","passes_executed":2,"total_evidence":0,"source_classes":[],"average_qualit
y":0,"threshold_met":false}

      at EvidenceOrchestrator.logOrchestrationComplete (src/orchestration/evidenceOrchestrator.ts:826:13)

    console.log
      {"timestamp":"2026-03-13T19:15:37.509Z","level":"INFO","service":"contradictionSearcher","event":"search_start","query_count":0}

      at ContradictionSearcher.logSearchStart (src/orchestration/contradictionSearcher.ts:142:13)

    console.log
      {"timestamp":"2026-03-13T19:15:37.509Z","level":"INFO","service":"verdictSynthesizer","event":"synthesis_start","supporting_count":0,"contradicting_count":0}

      at VerdictSynthesizer.logSynthesisStart (src/orchestration/verdictSynthesizer.ts:118:13)

    console.log
      {"event":"bedrock_invocation","model":"amazon.nova-lite-v1:0","provider":"AWS Bedrock","request_id":"a59b4001-0ced-419a-9e9e-f81c93657e26","timestamp":"2026-03-13T19:15:37.510Z"}

      at invokeNova (src/services/novaClient.ts:313:11)

    console.error
      {"event":"bedrock_error","reason":"Unknown error","request_id":"a59b4001-0ced-419a-9e9e-f81c93657e26","timestamp":"2026-03-13T19:15:37.510Z"}

    [0m [90m 360 |[39m
     [90m 361 |[39m     [90m// Log Bedrock error[39m
    [31m[1m>[22m[39m[90m 362 |[39m     console[33m.[39merror([33mJSON[39m[33m.[39mstringify({
     [90m     |[39m             [31m[1m^[22m[39m
     [90m 363 |[39m       event[33m:[39m [32m'bedrock_error'[39m[33m,[39m
     [90m 364 |[39m       reason[33m:[39m error [36minstanceof[39m [33mError[39m [33m?[39m error[33m.[39mmessage [33m:[39m [32m'Unknown error'[39m[33m,[39m
     [90m 365 |[39m       request_id[33m:[39m requestId[33m,[39m[0m

      at invokeNova (src/services/novaClient.ts:362:13)
      at synthesizeVerdict (src/services/novaClient.ts:902:22)
      at VerdictSynthesizer.synthesize (src/orchestration/verdictSynthesizer.ts:42:23)
      at analyzeWithIterativeOrchestration (src/orchestration/iterativeOrchestrationPipeline.ts:236:21)
      at src/orchestration/iterativeOrchestrationPipeline.preservation.test.ts:184:28
      at AsyncProperty.run (node_modules/fast-check/lib/check/property/AsyncProperty.generic.js:49:28)

    console.log
      {"timestamp":"2026-03-13T19:15:37.510Z","level":"INFO","service":"verdictSynthesizer","event":"synthesis_success","classification":"unverified","confidence":0.3,"supported_subclaims":0,"unsupport
ed_subclaims":1}

      at VerdictSynthesizer.logSynthesisSuccess (src/orchestration/verdictSynthesizer.ts:134:13)

    console.log
      {"timestamp":"2026-03-13T19:15:37.511Z","level":"INFO","service":"claimDecomposer","event":"decomposition_start","claim_length":23}

      at ClaimDecomposer.logDecompositionStart (src/orchestration/claimDecomposer.ts:52:13)

    console.log
      {"event":"bedrock_invocation","model":"amazon.nova-lite-v1:0","provider":"AWS Bedrock","request_id":"a0388916-cf3e-4a73-94d6-ddeb21c33039","timestamp":"2026-03-13T19:15:37.511Z"}

      at invokeNova (src/services/novaClient.ts:313:11)

    console.error
      {"event":"bedrock_error","reason":"Unknown error","request_id":"a0388916-cf3e-4a73-94d6-ddeb21c33039","timestamp":"2026-03-13T19:15:37.511Z"}

    [0m [90m 360 |[39m
     [90m 361 |[39m     [90m// Log Bedrock error[39m
    [31m[1m>[22m[39m[90m 362 |[39m     console[33m.[39merror([33mJSON[39m[33m.[39mstringify({
     [90m     |[39m             [31m[1m^[22m[39m
     [90m 363 |[39m       event[33m:[39m [32m'bedrock_error'[39m[33m,[39m
     [90m 364 |[39m       reason[33m:[39m error [36minstanceof[39m [33mError[39m [33m?[39m error[33m.[39mmessage [33m:[39m [32m'Unknown error'[39m[33m,[39m
     [90m 365 |[39m       request_id[33m:[39m requestId[33m,[39m[0m

      at invokeNova (src/services/novaClient.ts:362:13)
      at decomposeClaimToSubclaims (src/services/novaClient.ts:568:22)
      at ClaimDecomposer.decompose (src/orchestration/claimDecomposer.ts:25:29)
      at analyzeWithIterativeOrchestration (src/orchestration/iterativeOrchestrationPipeline.ts:93:27)
      at src/orchestration/iterativeOrchestrationPipeline.preservation.test.ts:184:28
      at AsyncProperty.run (node_modules/fast-check/lib/check/property/AsyncProperty.generic.js:49:28)

    console.log
      {"timestamp":"2026-03-13T19:15:37.511Z","level":"INFO","service":"claimDecomposer","event":"decomposition_success","subclaim_count":1,"subclaim_types":["action"],"subclaim_texts":["EyOkUqf_h-jg3+
iTJuctxEV"]}

      at ClaimDecomposer.logDecompositionSuccess (src/orchestration/claimDecomposer.ts:67:13)

    console.log
      {"timestamp":"2026-03-13T19:15:37.511Z","level":"INFO","service":"queryGenerator","event":"generation_start","original_claim":"EyOkUqf_h-jg3+iTJuctxEV","subclaim_count":1}

      at QueryGenerator.logGenerationStart (src/orchestration/queryGenerator.ts:119:13)

    console.log
      {"timestamp":"2026-03-13T19:15:37.511Z","level":"INFO","service":"queryGenerator","event":"query_variants_generated","queries_before_dedup":["EyOkUqf_h-jg3+iTJuctxEV","eyokuqf_h jg3 
itjuctxev","what is eyokuqf_h jg3 itjuctxev"],"queries_count":3,"entities_extracted":[],"key_phrases_extracted":["eyokuqf_h","jg3","itjuctxev"]}

      at QueryGenerator.generateQueries (src/orchestration/queryGenerator.ts:28:13)

    console.log
      {"timestamp":"2026-03-13T19:15:37.512Z","level":"INFO","service":"queryGenerator","event":"orchestrator_queries_finalized","queries_after_dedup":["EyOkUqf_h-jg3+iTJuctxEV","eyokuqf_h jg3 
itjuctxev","what is eyokuqf_h jg3 itjuctxev"],"queries_count":3,"query_types":["exact","regional","fact_check"]}

      at QueryGenerator.generateQueries (src/orchestration/queryGenerator.ts:68:13)

    console.log
      {"timestamp":"2026-03-13T19:15:37.512Z","level":"INFO","service":"queryGenerator","event":"generation_success","query_count":3,"query_types":["exact","regional","fact_check"],"query_texts":["EyOk
Uqf_h-jg3+iTJuctxEV","eyokuqf_h jg3 itjuctxev","what is eyokuqf_h jg3 itjuctxev"]}

      at QueryGenerator.logGenerationSuccess (src/orchestration/queryGenerator.ts:135:13)

    console.log
      {"timestamp":"2026-03-13T19:15:37.512Z","level":"INFO","service":"evidenceOrchestrator","event":"orchestration_start","query_count":3,"max_passes":3}

      at EvidenceOrchestrator.logOrchestrationStart (src/orchestration/evidenceOrchestrator.ts:775:13)

    console.log
      {"timestamp":"2026-03-13T19:15:37.512Z","level":"INFO","service":"evidenceOrchestrator","event":"pass_start","pass_number":1,"query_count":1}

      at EvidenceOrchestrator.logPassStart (src/orchestration/evidenceOrchestrator.ts:791:13)

    console.log
      {"timestamp":"2026-03-13T19:15:37.594Z","level":"INFO","service":"evidenceFilter","event":"filter_start","candidate_count":0}

      at EvidenceFilter.logFilterStart (src/orchestration/evidenceFilter.ts:193:13)

    console.log
      {"timestamp":"2026-03-13T19:15:37.595Z","level":"INFO","service":"evidenceFilter","event":"filter_complete","total_candidates":0,"passed_count":0,"rejected_count":0,"pass_rate":0}

      at EvidenceFilter.logFilterComplete (src/orchestration/evidenceFilter.ts:208:13)

    console.log
      {"timestamp":"2026-03-13T19:15:37.595Z","level":"INFO","service":"evidenceOrchestrator","event":"pass_complete","pass_number":1,"evidence_count":0,"source_classes":[],"average_quality":0,"thresho
ld_met":false}

      at EvidenceOrchestrator.logPassComplete (src/orchestration/evidenceOrchestrator.ts:807:13)

    console.log
      {"timestamp":"2026-03-13T19:15:37.595Z","level":"INFO","service":"evidenceOrchestrator","event":"pass_start","pass_number":2,"query_count":2}

      at EvidenceOrchestrator.logPassStart (src/orchestration/evidenceOrchestrator.ts:791:13)

    console.log
      {"timestamp":"2026-03-13T19:15:37.692Z","level":"INFO","service":"evidenceFilter","event":"filter_start","candidate_count":0}

      at EvidenceFilter.logFilterStart (src/orchestration/evidenceFilter.ts:193:13)

    console.log
      {"timestamp":"2026-03-13T19:15:37.692Z","level":"INFO","service":"evidenceFilter","event":"filter_complete","total_candidates":0,"passed_count":0,"rejected_count":0,"pass_rate":0}

      at EvidenceFilter.logFilterComplete (src/orchestration/evidenceFilter.ts:208:13)

    console.log
      {"timestamp":"2026-03-13T19:15:37.692Z","level":"INFO","service":"evidenceOrchestrator","event":"pass_complete","pass_number":2,"evidence_count":0,"source_classes":[],"average_quality":0,"thresho
ld_met":false}

      at EvidenceOrchestrator.logPassComplete (src/orchestration/evidenceOrchestrator.ts:807:13)

    console.log
      {"timestamp":"2026-03-13T19:15:37.692Z","level":"INFO","service":"evidenceOrchestrator","event":"orchestration_complete","passes_executed":2,"total_evidence":0,"source_classes":[],"average_qualit
y":0,"threshold_met":false}

      at EvidenceOrchestrator.logOrchestrationComplete (src/orchestration/evidenceOrchestrator.ts:826:13)

    console.log
      {"timestamp":"2026-03-13T19:15:37.692Z","level":"INFO","service":"contradictionSearcher","event":"search_start","query_count":0}

      at ContradictionSearcher.logSearchStart (src/orchestration/contradictionSearcher.ts:142:13)

    console.log
      {"timestamp":"2026-03-13T19:15:37.693Z","level":"INFO","service":"verdictSynthesizer","event":"synthesis_start","supporting_count":0,"contradicting_count":0}

      at VerdictSynthesizer.logSynthesisStart (src/orchestration/verdictSynthesizer.ts:118:13)

    console.log
      {"event":"bedrock_invocation","model":"amazon.nova-lite-v1:0","provider":"AWS Bedrock","request_id":"d417ecbb-a2a2-465b-b1c9-813362413afa","timestamp":"2026-03-13T19:15:37.693Z"}

      at invokeNova (src/services/novaClient.ts:313:11)

    console.error
      {"event":"bedrock_error","reason":"Unknown error","request_id":"d417ecbb-a2a2-465b-b1c9-813362413afa","timestamp":"2026-03-13T19:15:37.693Z"}

    [0m [90m 360 |[39m
     [90m 361 |[39m     [90m// Log Bedrock error[39m
    [31m[1m>[22m[39m[90m 362 |[39m     console[33m.[39merror([33mJSON[39m[33m.[39mstringify({
     [90m     |[39m             [31m[1m^[22m[39m
     [90m 363 |[39m       event[33m:[39m [32m'bedrock_error'[39m[33m,[39m
     [90m 364 |[39m       reason[33m:[39m error [36minstanceof[39m [33mError[39m [33m?[39m error[33m.[39mmessage [33m:[39m [32m'Unknown error'[39m[33m,[39m
     [90m 365 |[39m       request_id[33m:[39m requestId[33m,[39m[0m

      at invokeNova (src/services/novaClient.ts:362:13)
      at synthesizeVerdict (src/services/novaClient.ts:902:22)
      at VerdictSynthesizer.synthesize (src/orchestration/verdictSynthesizer.ts:42:23)
      at analyzeWithIterativeOrchestration (src/orchestration/iterativeOrchestrationPipeline.ts:236:21)
      at src/orchestration/iterativeOrchestrationPipeline.preservation.test.ts:184:28
      at AsyncProperty.run (node_modules/fast-check/lib/check/property/AsyncProperty.generic.js:49:28)

    console.log
      {"timestamp":"2026-03-13T19:15:37.693Z","level":"INFO","service":"verdictSynthesizer","event":"synthesis_success","classification":"unverified","confidence":0.3,"supported_subclaims":0,"unsupport
ed_subclaims":1}

      at VerdictSynthesizer.logSynthesisSuccess (src/orchestration/verdictSynthesizer.ts:134:13)

    console.log
      {"timestamp":"2026-03-13T19:15:37.694Z","level":"INFO","service":"claimDecomposer","event":"decomposition_start","claim_length":18}

      at ClaimDecomposer.logDecompositionStart (src/orchestration/claimDecomposer.ts:52:13)

    console.log
      {"event":"bedrock_invocation","model":"amazon.nova-lite-v1:0","provider":"AWS Bedrock","request_id":"b4778de7-cd58-4f78-964d-27e368a5a3e0","timestamp":"2026-03-13T19:15:37.694Z"}

      at invokeNova (src/services/novaClient.ts:313:11)

    console.error
      {"event":"bedrock_error","reason":"Unknown error","request_id":"b4778de7-cd58-4f78-964d-27e368a5a3e0","timestamp":"2026-03-13T19:15:37.694Z"}

    [0m [90m 360 |[39m
     [90m 361 |[39m     [90m// Log Bedrock error[39m
    [31m[1m>[22m[39m[90m 362 |[39m     console[33m.[39merror([33mJSON[39m[33m.[39mstringify({
     [90m     |[39m             [31m[1m^[22m[39m
     [90m 363 |[39m       event[33m:[39m [32m'bedrock_error'[39m[33m,[39m
     [90m 364 |[39m       reason[33m:[39m error [36minstanceof[39m [33mError[39m [33m?[39m error[33m.[39mmessage [33m:[39m [32m'Unknown error'[39m[33m,[39m
     [90m 365 |[39m       request_id[33m:[39m requestId[33m,[39m[0m

      at invokeNova (src/services/novaClient.ts:362:13)
      at decomposeClaimToSubclaims (src/services/novaClient.ts:568:22)
      at ClaimDecomposer.decompose (src/orchestration/claimDecomposer.ts:25:29)
      at analyzeWithIterativeOrchestration (src/orchestration/iterativeOrchestrationPipeline.ts:93:27)
      at src/orchestration/iterativeOrchestrationPipeline.preservation.test.ts:184:28
      at AsyncProperty.run (node_modules/fast-check/lib/check/property/AsyncProperty.generic.js:49:28)

    console.log
      {"timestamp":"2026-03-13T19:15:37.694Z","level":"INFO","service":"claimDecomposer","event":"decomposition_success","subclaim_count":1,"subclaim_types":["action"],"subclaim_texts":["&&&y#t~n$!^y 
u){% "]}

      at ClaimDecomposer.logDecompositionSuccess (src/orchestration/claimDecomposer.ts:67:13)

    console.log
      {"timestamp":"2026-03-13T19:15:37.695Z","level":"INFO","service":"queryGenerator","event":"generation_start","original_claim":"&&&y#t~n$!^y u){% ","subclaim_count":1}

      at QueryGenerator.logGenerationStart (src/orchestration/queryGenerator.ts:119:13)

    console.log
      {"timestamp":"2026-03-13T19:15:37.695Z","level":"INFO","service":"queryGenerator","event":"query_variants_generated","queries_before_dedup":["&&&y#t~n$!^y u){%","&&&y#t~n$!^y u){% 
"],"queries_count":2,"entities_extracted":[],"key_phrases_extracted":[]}

      at QueryGenerator.generateQueries (src/orchestration/queryGenerator.ts:28:13)

    console.log
      {"timestamp":"2026-03-13T19:15:37.695Z","level":"INFO","service":"queryGenerator","event":"orchestrator_queries_finalized","queries_after_dedup":["&&&y#t~n$!^y u){%","&&&y#t~n$!^y u){% 
"],"queries_count":2,"query_types":["exact","regional"]}

      at QueryGenerator.generateQueries (src/orchestration/queryGenerator.ts:68:13)

    console.log
      {"timestamp":"2026-03-13T19:15:37.695Z","level":"INFO","service":"queryGenerator","event":"generation_success","query_count":2,"query_types":["exact","regional"],"query_texts":["&&&y#t~n$!^y 
u){%","&&&y#t~n$!^y u){% "]}

      at QueryGenerator.logGenerationSuccess (src/orchestration/queryGenerator.ts:135:13)

    console.log
      {"timestamp":"2026-03-13T19:15:37.695Z","level":"INFO","service":"evidenceOrchestrator","event":"orchestration_start","query_count":2,"max_passes":3}

      at EvidenceOrchestrator.logOrchestrationStart (src/orchestration/evidenceOrchestrator.ts:775:13)

    console.log
      {"timestamp":"2026-03-13T19:15:37.695Z","level":"INFO","service":"evidenceOrchestrator","event":"pass_start","pass_number":1,"query_count":1}

      at EvidenceOrchestrator.logPassStart (src/orchestration/evidenceOrchestrator.ts:791:13)

    console.log
      {"timestamp":"2026-03-13T19:15:37.797Z","level":"INFO","service":"evidenceFilter","event":"filter_start","candidate_count":0}

      at EvidenceFilter.logFilterStart (src/orchestration/evidenceFilter.ts:193:13)

    console.log
      {"timestamp":"2026-03-13T19:15:37.797Z","level":"INFO","service":"evidenceFilter","event":"filter_complete","total_candidates":0,"passed_count":0,"rejected_count":0,"pass_rate":0}

      at EvidenceFilter.logFilterComplete (src/orchestration/evidenceFilter.ts:208:13)

    console.log
      {"timestamp":"2026-03-13T19:15:37.797Z","level":"INFO","service":"evidenceOrchestrator","event":"pass_complete","pass_number":1,"evidence_count":0,"source_classes":[],"average_quality":0,"thresho
ld_met":false}

      at EvidenceOrchestrator.logPassComplete (src/orchestration/evidenceOrchestrator.ts:807:13)

    console.log
      {"timestamp":"2026-03-13T19:15:37.797Z","level":"INFO","service":"evidenceOrchestrator","event":"pass_start","pass_number":2,"query_count":1}

      at EvidenceOrchestrator.logPassStart (src/orchestration/evidenceOrchestrator.ts:791:13)

    console.log
      {"timestamp":"2026-03-13T19:15:37.863Z","level":"INFO","service":"evidenceFilter","event":"filter_start","candidate_count":0}

      at EvidenceFilter.logFilterStart (src/orchestration/evidenceFilter.ts:193:13)

    console.log
      {"timestamp":"2026-03-13T19:15:37.863Z","level":"INFO","service":"evidenceFilter","event":"filter_complete","total_candidates":0,"passed_count":0,"rejected_count":0,"pass_rate":0}

      at EvidenceFilter.logFilterComplete (src/orchestration/evidenceFilter.ts:208:13)

    console.log
      {"timestamp":"2026-03-13T19:15:37.863Z","level":"INFO","service":"evidenceOrchestrator","event":"pass_complete","pass_number":2,"evidence_count":0,"source_classes":[],"average_quality":0,"thresho
ld_met":false}

      at EvidenceOrchestrator.logPassComplete (src/orchestration/evidenceOrchestrator.ts:807:13)

    console.log
      {"timestamp":"2026-03-13T19:15:37.863Z","level":"INFO","service":"evidenceOrchestrator","event":"orchestration_complete","passes_executed":2,"total_evidence":0,"source_classes":[],"average_qualit
y":0,"threshold_met":false}

      at EvidenceOrchestrator.logOrchestrationComplete (src/orchestration/evidenceOrchestrator.ts:826:13)

    console.log
      {"timestamp":"2026-03-13T19:15:37.864Z","level":"INFO","service":"contradictionSearcher","event":"search_start","query_count":0}

      at ContradictionSearcher.logSearchStart (src/orchestration/contradictionSearcher.ts:142:13)

    console.log
      {"timestamp":"2026-03-13T19:15:37.864Z","level":"INFO","service":"verdictSynthesizer","event":"synthesis_start","supporting_count":0,"contradicting_count":0}

      at VerdictSynthesizer.logSynthesisStart (src/orchestration/verdictSynthesizer.ts:118:13)

    console.log
      {"event":"bedrock_invocation","model":"amazon.nova-lite-v1:0","provider":"AWS Bedrock","request_id":"d2015e7c-f287-43a6-a1d7-379f0c912db9","timestamp":"2026-03-13T19:15:37.864Z"}

      at invokeNova (src/services/novaClient.ts:313:11)

    console.error
      {"event":"bedrock_error","reason":"Unknown error","request_id":"d2015e7c-f287-43a6-a1d7-379f0c912db9","timestamp":"2026-03-13T19:15:37.864Z"}

    [0m [90m 360 |[39m
     [90m 361 |[39m     [90m// Log Bedrock error[39m
    [31m[1m>[22m[39m[90m 362 |[39m     console[33m.[39merror([33mJSON[39m[33m.[39mstringify({
     [90m     |[39m             [31m[1m^[22m[39m
     [90m 363 |[39m       event[33m:[39m [32m'bedrock_error'[39m[33m,[39m
     [90m 364 |[39m       reason[33m:[39m error [36minstanceof[39m [33mError[39m [33m?[39m error[33m.[39mmessage [33m:[39m [32m'Unknown error'[39m[33m,[39m
     [90m 365 |[39m       request_id[33m:[39m requestId[33m,[39m[0m

      at invokeNova (src/services/novaClient.ts:362:13)
      at synthesizeVerdict (src/services/novaClient.ts:902:22)
      at VerdictSynthesizer.synthesize (src/orchestration/verdictSynthesizer.ts:42:23)
      at analyzeWithIterativeOrchestration (src/orchestration/iterativeOrchestrationPipeline.ts:236:21)
      at src/orchestration/iterativeOrchestrationPipeline.preservation.test.ts:184:28
      at AsyncProperty.run (node_modules/fast-check/lib/check/property/AsyncProperty.generic.js:49:28)

    console.log
      {"timestamp":"2026-03-13T19:15:37.864Z","level":"INFO","service":"verdictSynthesizer","event":"synthesis_success","classification":"unverified","confidence":0.3,"supported_subclaims":0,"unsupport
ed_subclaims":1}

      at VerdictSynthesizer.logSynthesisSuccess (src/orchestration/verdictSynthesizer.ts:134:13)

    console.log
      {"timestamp":"2026-03-13T19:15:37.865Z","level":"INFO","service":"claimDecomposer","event":"decomposition_start","claim_length":19}

      at ClaimDecomposer.logDecompositionStart (src/orchestration/claimDecomposer.ts:52:13)

    console.log
      {"event":"bedrock_invocation","model":"amazon.nova-lite-v1:0","provider":"AWS Bedrock","request_id":"1ec85cc8-d5a7-4531-8556-6f8cb95ff4a0","timestamp":"2026-03-13T19:15:37.865Z"}

      at invokeNova (src/services/novaClient.ts:313:11)

    console.error
      {"event":"bedrock_error","reason":"Unknown error","request_id":"1ec85cc8-d5a7-4531-8556-6f8cb95ff4a0","timestamp":"2026-03-13T19:15:37.865Z"}

    [0m [90m 360 |[39m
     [90m 361 |[39m     [90m// Log Bedrock error[39m
    [31m[1m>[22m[39m[90m 362 |[39m     console[33m.[39merror([33mJSON[39m[33m.[39mstringify({
     [90m     |[39m             [31m[1m^[22m[39m
     [90m 363 |[39m       event[33m:[39m [32m'bedrock_error'[39m[33m,[39m
     [90m 364 |[39m       reason[33m:[39m error [36minstanceof[39m [33mError[39m [33m?[39m error[33m.[39mmessage [33m:[39m [32m'Unknown error'[39m[33m,[39m
     [90m 365 |[39m       request_id[33m:[39m requestId[33m,[39m[0m

      at invokeNova (src/services/novaClient.ts:362:13)
      at decomposeClaimToSubclaims (src/services/novaClient.ts:568:22)
      at ClaimDecomposer.decompose (src/orchestration/claimDecomposer.ts:25:29)
      at analyzeWithIterativeOrchestration (src/orchestration/iterativeOrchestrationPipeline.ts:93:27)
      at src/orchestration/iterativeOrchestrationPipeline.preservation.test.ts:184:28
      at AsyncProperty.run (node_modules/fast-check/lib/check/property/AsyncProperty.generic.js:49:28)

    console.log
      {"timestamp":"2026-03-13T19:15:37.865Z","level":"INFO","service":"claimDecomposer","event":"decomposition_success","subclaim_count":1,"subclaim_types":["action"],"subclaim_texts":["UV]';`^2L~W*s'
5UdjM"]}

      at ClaimDecomposer.logDecompositionSuccess (src/orchestration/claimDecomposer.ts:67:13)

    console.log
      {"timestamp":"2026-03-13T19:15:37.865Z","level":"INFO","service":"queryGenerator","event":"generation_start","original_claim":"UV]';`^2L~W*s'5UdjM","subclaim_count":1}

      at QueryGenerator.logGenerationStart (src/orchestration/queryGenerator.ts:119:13)

    console.log
      {"timestamp":"2026-03-13T19:15:37.866Z","level":"INFO","service":"queryGenerator","event":"query_variants_generated","queries_before_dedup":["UV]';`^2L~W*s'5UdjM","5udjm"],"queries_count":2,"enti
ties_extracted":[],"key_phrases_extracted":["5udjm"]}

      at QueryGenerator.generateQueries (src/orchestration/queryGenerator.ts:28:13)

    console.log
      {"timestamp":"2026-03-13T19:15:37.866Z","level":"INFO","service":"queryGenerator","event":"orchestrator_queries_finalized","queries_after_dedup":["UV]';`^2L~W*s'5UdjM","5udjm"],"queries_count":2,
"query_types":["exact","regional"]}

      at QueryGenerator.generateQueries (src/orchestration/queryGenerator.ts:68:13)

    console.log
      {"timestamp":"2026-03-13T19:15:37.866Z","level":"INFO","service":"queryGenerator","event":"generation_success","query_count":2,"query_types":["exact","regional"],"query_texts":["UV]';`^2L~W*s'5Ud
jM","5udjm"]}

      at QueryGenerator.logGenerationSuccess (src/orchestration/queryGenerator.ts:135:13)

    console.log
      {"timestamp":"2026-03-13T19:15:37.866Z","level":"INFO","service":"evidenceOrchestrator","event":"orchestration_start","query_count":2,"max_passes":3}

      at EvidenceOrchestrator.logOrchestrationStart (src/orchestration/evidenceOrchestrator.ts:775:13)

    console.log
      {"timestamp":"2026-03-13T19:15:37.866Z","level":"INFO","service":"evidenceOrchestrator","event":"pass_start","pass_number":1,"query_count":1}

      at EvidenceOrchestrator.logPassStart (src/orchestration/evidenceOrchestrator.ts:791:13)

    console.log
      {"timestamp":"2026-03-13T19:15:37.942Z","level":"INFO","service":"evidenceFilter","event":"filter_start","candidate_count":0}

      at EvidenceFilter.logFilterStart (src/orchestration/evidenceFilter.ts:193:13)

    console.log
      {"timestamp":"2026-03-13T19:15:37.942Z","level":"INFO","service":"evidenceFilter","event":"filter_complete","total_candidates":0,"passed_count":0,"rejected_count":0,"pass_rate":0}

      at EvidenceFilter.logFilterComplete (src/orchestration/evidenceFilter.ts:208:13)

    console.log
      {"timestamp":"2026-03-13T19:15:37.942Z","level":"INFO","service":"evidenceOrchestrator","event":"pass_complete","pass_number":1,"evidence_count":0,"source_classes":[],"average_quality":0,"thresho
ld_met":false}

      at EvidenceOrchestrator.logPassComplete (src/orchestration/evidenceOrchestrator.ts:807:13)

    console.log
      {"timestamp":"2026-03-13T19:15:37.943Z","level":"INFO","service":"evidenceOrchestrator","event":"pass_start","pass_number":2,"query_count":1}

      at EvidenceOrchestrator.logPassStart (src/orchestration/evidenceOrchestrator.ts:791:13)

    console.log
      {"timestamp":"2026-03-13T19:15:38.027Z","level":"INFO","service":"evidenceFilter","event":"filter_start","candidate_count":0}

      at EvidenceFilter.logFilterStart (src/orchestration/evidenceFilter.ts:193:13)

    console.log
      {"timestamp":"2026-03-13T19:15:38.028Z","level":"INFO","service":"evidenceFilter","event":"filter_complete","total_candidates":0,"passed_count":0,"rejected_count":0,"pass_rate":0}

      at EvidenceFilter.logFilterComplete (src/orchestration/evidenceFilter.ts:208:13)

    console.log
      {"timestamp":"2026-03-13T19:15:38.028Z","level":"INFO","service":"evidenceOrchestrator","event":"pass_complete","pass_number":2,"evidence_count":0,"source_classes":[],"average_quality":0,"thresho
ld_met":false}

      at EvidenceOrchestrator.logPassComplete (src/orchestration/evidenceOrchestrator.ts:807:13)

    console.log
      {"timestamp":"2026-03-13T19:15:38.028Z","level":"INFO","service":"evidenceOrchestrator","event":"orchestration_complete","passes_executed":2,"total_evidence":0,"source_classes":[],"average_qualit
y":0,"threshold_met":false}

      at EvidenceOrchestrator.logOrchestrationComplete (src/orchestration/evidenceOrchestrator.ts:826:13)

    console.log
      {"timestamp":"2026-03-13T19:15:38.028Z","level":"INFO","service":"contradictionSearcher","event":"search_start","query_count":0}

      at ContradictionSearcher.logSearchStart (src/orchestration/contradictionSearcher.ts:142:13)

    console.log
      {"timestamp":"2026-03-13T19:15:38.028Z","level":"INFO","service":"verdictSynthesizer","event":"synthesis_start","supporting_count":0,"contradicting_count":0}

      at VerdictSynthesizer.logSynthesisStart (src/orchestration/verdictSynthesizer.ts:118:13)

    console.log
      {"event":"bedrock_invocation","model":"amazon.nova-lite-v1:0","provider":"AWS Bedrock","request_id":"69e79d5e-1f63-4cd3-b91d-0c5a30bd2886","timestamp":"2026-03-13T19:15:38.028Z"}

      at invokeNova (src/services/novaClient.ts:313:11)

    console.error
      {"event":"bedrock_error","reason":"Unknown error","request_id":"69e79d5e-1f63-4cd3-b91d-0c5a30bd2886","timestamp":"2026-03-13T19:15:38.029Z"}

    [0m [90m 360 |[39m
     [90m 361 |[39m     [90m// Log Bedrock error[39m
    [31m[1m>[22m[39m[90m 362 |[39m     console[33m.[39merror([33mJSON[39m[33m.[39mstringify({
     [90m     |[39m             [31m[1m^[22m[39m
     [90m 363 |[39m       event[33m:[39m [32m'bedrock_error'[39m[33m,[39m
     [90m 364 |[39m       reason[33m:[39m error [36minstanceof[39m [33mError[39m [33m?[39m error[33m.[39mmessage [33m:[39m [32m'Unknown error'[39m[33m,[39m
     [90m 365 |[39m       request_id[33m:[39m requestId[33m,[39m[0m

      at invokeNova (src/services/novaClient.ts:362:13)
      at synthesizeVerdict (src/services/novaClient.ts:902:22)
      at VerdictSynthesizer.synthesize (src/orchestration/verdictSynthesizer.ts:42:23)
      at analyzeWithIterativeOrchestration (src/orchestration/iterativeOrchestrationPipeline.ts:236:21)
      at src/orchestration/iterativeOrchestrationPipeline.preservation.test.ts:184:28
      at AsyncProperty.run (node_modules/fast-check/lib/check/property/AsyncProperty.generic.js:49:28)

    console.log
      {"timestamp":"2026-03-13T19:15:38.029Z","level":"INFO","service":"verdictSynthesizer","event":"synthesis_success","classification":"unverified","confidence":0.3,"supported_subclaims":0,"unsupport
ed_subclaims":1}

      at VerdictSynthesizer.logSynthesisSuccess (src/orchestration/verdictSynthesizer.ts:134:13)

    console.log
      {"timestamp":"2026-03-13T19:15:38.030Z","level":"INFO","service":"claimDecomposer","event":"decomposition_start","claim_length":15}

      at ClaimDecomposer.logDecompositionStart (src/orchestration/claimDecomposer.ts:52:13)

    console.log
      {"event":"bedrock_invocation","model":"amazon.nova-lite-v1:0","provider":"AWS Bedrock","request_id":"9dd9b947-6278-4208-830c-00bf546f7486","timestamp":"2026-03-13T19:15:38.030Z"}

      at invokeNova (src/services/novaClient.ts:313:11)

    console.error
      {"event":"bedrock_error","reason":"Unknown error","request_id":"9dd9b947-6278-4208-830c-00bf546f7486","timestamp":"2026-03-13T19:15:38.030Z"}

    [0m [90m 360 |[39m
     [90m 361 |[39m     [90m// Log Bedrock error[39m
    [31m[1m>[22m[39m[90m 362 |[39m     console[33m.[39merror([33mJSON[39m[33m.[39mstringify({
     [90m     |[39m             [31m[1m^[22m[39m
     [90m 363 |[39m       event[33m:[39m [32m'bedrock_error'[39m[33m,[39m
     [90m 364 |[39m       reason[33m:[39m error [36minstanceof[39m [33mError[39m [33m?[39m error[33m.[39mmessage [33m:[39m [32m'Unknown error'[39m[33m,[39m
     [90m 365 |[39m       request_id[33m:[39m requestId[33m,[39m[0m

      at invokeNova (src/services/novaClient.ts:362:13)
      at decomposeClaimToSubclaims (src/services/novaClient.ts:568:22)
      at ClaimDecomposer.decompose (src/orchestration/claimDecomposer.ts:25:29)
      at analyzeWithIterativeOrchestration (src/orchestration/iterativeOrchestrationPipeline.ts:93:27)
      at src/orchestration/iterativeOrchestrationPipeline.preservation.test.ts:184:28
      at AsyncProperty.run (node_modules/fast-check/lib/check/property/AsyncProperty.generic.js:49:28)

    console.log
      
{"timestamp":"2026-03-13T19:15:38.030Z","level":"INFO","service":"claimDecomposer","event":"decomposition_success","subclaim_count":1,"subclaim_types":["action"],"subclaim_texts":["diG{J'9WI\\_a{pO"]}

      at ClaimDecomposer.logDecompositionSuccess (src/orchestration/claimDecomposer.ts:67:13)

    console.log
      {"timestamp":"2026-03-13T19:15:38.031Z","level":"INFO","service":"queryGenerator","event":"generation_start","original_claim":"diG{J'9WI\\_a{pO","subclaim_count":1}

      at QueryGenerator.logGenerationStart (src/orchestration/queryGenerator.ts:119:13)

    console.log
      {"timestamp":"2026-03-13T19:15:38.031Z","level":"INFO","service":"queryGenerator","event":"query_variants_generated","queries_before_dedup":["diG{J'9WI\\_a{pO","dig 9wi","what is dig 
9wi"],"queries_count":3,"entities_extracted":[],"key_phrases_extracted":["dig","9wi"]}

      at QueryGenerator.generateQueries (src/orchestration/queryGenerator.ts:28:13)

    console.log
      {"timestamp":"2026-03-13T19:15:38.031Z","level":"INFO","service":"queryGenerator","event":"orchestrator_queries_finalized","queries_after_dedup":["diG{J'9WI\\_a{pO","dig 9wi","what is dig 
9wi"],"queries_count":3,"query_types":["exact","regional","fact_check"]}

      at QueryGenerator.generateQueries (src/orchestration/queryGenerator.ts:68:13)

    console.log
      {"timestamp":"2026-03-13T19:15:38.031Z","level":"INFO","service":"queryGenerator","event":"generation_success","query_count":3,"query_types":["exact","regional","fact_check"],"query_texts":["diG{
J'9WI\\_a{pO","dig 9wi","what is dig 9wi"]}

      at QueryGenerator.logGenerationSuccess (src/orchestration/queryGenerator.ts:135:13)

    console.log
      {"timestamp":"2026-03-13T19:15:38.031Z","level":"INFO","service":"evidenceOrchestrator","event":"orchestration_start","query_count":3,"max_passes":3}

      at EvidenceOrchestrator.logOrchestrationStart (src/orchestration/evidenceOrchestrator.ts:775:13)

    console.log
      {"timestamp":"2026-03-13T19:15:38.031Z","level":"INFO","service":"evidenceOrchestrator","event":"pass_start","pass_number":1,"query_count":1}

      at EvidenceOrchestrator.logPassStart (src/orchestration/evidenceOrchestrator.ts:791:13)

    console.log
      {"timestamp":"2026-03-13T19:15:38.111Z","level":"INFO","service":"evidenceFilter","event":"filter_start","candidate_count":0}

      at EvidenceFilter.logFilterStart (src/orchestration/evidenceFilter.ts:193:13)

    console.log
      {"timestamp":"2026-03-13T19:15:38.111Z","level":"INFO","service":"evidenceFilter","event":"filter_complete","total_candidates":0,"passed_count":0,"rejected_count":0,"pass_rate":0}

      at EvidenceFilter.logFilterComplete (src/orchestration/evidenceFilter.ts:208:13)

    console.log
      {"timestamp":"2026-03-13T19:15:38.112Z","level":"INFO","service":"evidenceOrchestrator","event":"pass_complete","pass_number":1,"evidence_count":0,"source_classes":[],"average_quality":0,"thresho
ld_met":false}

      at EvidenceOrchestrator.logPassComplete (src/orchestration/evidenceOrchestrator.ts:807:13)

    console.log
      {"timestamp":"2026-03-13T19:15:38.112Z","level":"INFO","service":"evidenceOrchestrator","event":"pass_start","pass_number":2,"query_count":2}

      at EvidenceOrchestrator.logPassStart (src/orchestration/evidenceOrchestrator.ts:791:13)

    console.log
      {"timestamp":"2026-03-13T19:15:38.213Z","level":"INFO","service":"evidenceFilter","event":"filter_start","candidate_count":0}

      at EvidenceFilter.logFilterStart (src/orchestration/evidenceFilter.ts:193:13)

    console.log
      {"timestamp":"2026-03-13T19:15:38.214Z","level":"INFO","service":"evidenceFilter","event":"filter_complete","total_candidates":0,"passed_count":0,"rejected_count":0,"pass_rate":0}

      at EvidenceFilter.logFilterComplete (src/orchestration/evidenceFilter.ts:208:13)

    console.log
      {"timestamp":"2026-03-13T19:15:38.214Z","level":"INFO","service":"evidenceOrchestrator","event":"pass_complete","pass_number":2,"evidence_count":0,"source_classes":[],"average_quality":0,"thresho
ld_met":false}

      at EvidenceOrchestrator.logPassComplete (src/orchestration/evidenceOrchestrator.ts:807:13)

    console.log
      {"timestamp":"2026-03-13T19:15:38.214Z","level":"INFO","service":"evidenceOrchestrator","event":"orchestration_complete","passes_executed":2,"total_evidence":0,"source_classes":[],"average_qualit
y":0,"threshold_met":false}

      at EvidenceOrchestrator.logOrchestrationComplete (src/orchestration/evidenceOrchestrator.ts:826:13)

    console.log
      {"timestamp":"2026-03-13T19:15:38.214Z","level":"INFO","service":"contradictionSearcher","event":"search_start","query_count":0}

      at ContradictionSearcher.logSearchStart (src/orchestration/contradictionSearcher.ts:142:13)

    console.log
      {"timestamp":"2026-03-13T19:15:38.214Z","level":"INFO","service":"verdictSynthesizer","event":"synthesis_start","supporting_count":0,"contradicting_count":0}

      at VerdictSynthesizer.logSynthesisStart (src/orchestration/verdictSynthesizer.ts:118:13)

    console.log
      {"event":"bedrock_invocation","model":"amazon.nova-lite-v1:0","provider":"AWS Bedrock","request_id":"09e9b0f6-6946-42a0-ba6e-728680c820b5","timestamp":"2026-03-13T19:15:38.214Z"}

      at invokeNova (src/services/novaClient.ts:313:11)

    console.error
      {"event":"bedrock_error","reason":"Unknown error","request_id":"09e9b0f6-6946-42a0-ba6e-728680c820b5","timestamp":"2026-03-13T19:15:38.215Z"}

    [0m [90m 360 |[39m
     [90m 361 |[39m     [90m// Log Bedrock error[39m
    [31m[1m>[22m[39m[90m 362 |[39m     console[33m.[39merror([33mJSON[39m[33m.[39mstringify({
     [90m     |[39m             [31m[1m^[22m[39m
     [90m 363 |[39m       event[33m:[39m [32m'bedrock_error'[39m[33m,[39m
     [90m 364 |[39m       reason[33m:[39m error [36minstanceof[39m [33mError[39m [33m?[39m error[33m.[39mmessage [33m:[39m [32m'Unknown error'[39m[33m,[39m
     [90m 365 |[39m       request_id[33m:[39m requestId[33m,[39m[0m

      at invokeNova (src/services/novaClient.ts:362:13)
      at synthesizeVerdict (src/services/novaClient.ts:902:22)
      at VerdictSynthesizer.synthesize (src/orchestration/verdictSynthesizer.ts:42:23)
      at analyzeWithIterativeOrchestration (src/orchestration/iterativeOrchestrationPipeline.ts:236:21)
      at src/orchestration/iterativeOrchestrationPipeline.preservation.test.ts:184:28
      at AsyncProperty.run (node_modules/fast-check/lib/check/property/AsyncProperty.generic.js:49:28)

    console.log
      {"timestamp":"2026-03-13T19:15:38.215Z","level":"INFO","service":"verdictSynthesizer","event":"synthesis_success","classification":"unverified","confidence":0.3,"supported_subclaims":0,"unsupport
ed_subclaims":1}

      at VerdictSynthesizer.logSynthesisSuccess (src/orchestration/verdictSynthesizer.ts:134:13)

    console.log
      {"timestamp":"2026-03-13T19:15:38.216Z","level":"INFO","service":"claimDecomposer","event":"decomposition_start","claim_length":10}

      at ClaimDecomposer.logDecompositionStart (src/orchestration/claimDecomposer.ts:52:13)

    console.log
      {"event":"bedrock_invocation","model":"amazon.nova-lite-v1:0","provider":"AWS Bedrock","request_id":"2905dc4e-d2d5-43f5-8a04-c37549e8dc32","timestamp":"2026-03-13T19:15:38.216Z"}

      at invokeNova (src/services/novaClient.ts:313:11)

    console.error
      {"event":"bedrock_error","reason":"Unknown error","request_id":"2905dc4e-d2d5-43f5-8a04-c37549e8dc32","timestamp":"2026-03-13T19:15:38.216Z"}

    [0m [90m 360 |[39m
     [90m 361 |[39m     [90m// Log Bedrock error[39m
    [31m[1m>[22m[39m[90m 362 |[39m     console[33m.[39merror([33mJSON[39m[33m.[39mstringify({
     [90m     |[39m             [31m[1m^[22m[39m
     [90m 363 |[39m       event[33m:[39m [32m'bedrock_error'[39m[33m,[39m
     [90m 364 |[39m       reason[33m:[39m error [36minstanceof[39m [33mError[39m [33m?[39m error[33m.[39mmessage [33m:[39m [32m'Unknown error'[39m[33m,[39m
     [90m 365 |[39m       request_id[33m:[39m requestId[33m,[39m[0m

      at invokeNova (src/services/novaClient.ts:362:13)
      at decomposeClaimToSubclaims (src/services/novaClient.ts:568:22)
      at ClaimDecomposer.decompose (src/orchestration/claimDecomposer.ts:25:29)
      at analyzeWithIterativeOrchestration (src/orchestration/iterativeOrchestrationPipeline.ts:93:27)
      at src/orchestration/iterativeOrchestrationPipeline.preservation.test.ts:184:28
      at AsyncProperty.run (node_modules/fast-check/lib/check/property/AsyncProperty.generic.js:49:28)

    console.log
      {"timestamp":"2026-03-13T19:15:38.216Z","level":"INFO","service":"claimDecomposer","event":"decomposition_success","subclaim_count":1,"subclaim_types":["action"],"subclaim_texts":["C6aM\"G??I9"]}

      at ClaimDecomposer.logDecompositionSuccess (src/orchestration/claimDecomposer.ts:67:13)

    console.log
      {"timestamp":"2026-03-13T19:15:38.216Z","level":"INFO","service":"queryGenerator","event":"generation_start","original_claim":"C6aM\"G??I9","subclaim_count":1}

      at QueryGenerator.logGenerationStart (src/orchestration/queryGenerator.ts:119:13)

    console.log
      {"timestamp":"2026-03-13T19:15:38.216Z","level":"INFO","service":"queryGenerator","event":"query_variants_generated","queries_before_dedup":["C6aM\"G??I9","c6am"],"queries_count":2,"entities_extr
acted":[],"key_phrases_extracted":["c6am"]}

      at QueryGenerator.generateQueries (src/orchestration/queryGenerator.ts:28:13)

    console.log
      {"timestamp":"2026-03-13T19:15:38.216Z","level":"INFO","service":"queryGenerator","event":"orchestrator_queries_finalized","queries_after_dedup":["C6aM\"G??I9","c6am"],"queries_count":2,"query_ty
pes":["exact","regional"]}

      at QueryGenerator.generateQueries (src/orchestration/queryGenerator.ts:68:13)

    console.log
      
{"timestamp":"2026-03-13T19:15:38.216Z","level":"INFO","service":"queryGenerator","event":"generation_success","query_count":2,"query_types":["exact","regional"],"query_texts":["C6aM\"G??I9","c6am"]}

      at QueryGenerator.logGenerationSuccess (src/orchestration/queryGenerator.ts:135:13)

    console.log
      {"timestamp":"2026-03-13T19:15:38.216Z","level":"INFO","service":"evidenceOrchestrator","event":"orchestration_start","query_count":2,"max_passes":3}

      at EvidenceOrchestrator.logOrchestrationStart (src/orchestration/evidenceOrchestrator.ts:775:13)

    console.log
      {"timestamp":"2026-03-13T19:15:38.217Z","level":"INFO","service":"evidenceOrchestrator","event":"pass_start","pass_number":1,"query_count":1}

      at EvidenceOrchestrator.logPassStart (src/orchestration/evidenceOrchestrator.ts:791:13)

    console.log
      {"timestamp":"2026-03-13T19:15:38.296Z","level":"INFO","service":"evidenceFilter","event":"filter_start","candidate_count":0}

      at EvidenceFilter.logFilterStart (src/orchestration/evidenceFilter.ts:193:13)

    console.log
      {"timestamp":"2026-03-13T19:15:38.296Z","level":"INFO","service":"evidenceFilter","event":"filter_complete","total_candidates":0,"passed_count":0,"rejected_count":0,"pass_rate":0}

      at EvidenceFilter.logFilterComplete (src/orchestration/evidenceFilter.ts:208:13)

    console.log
      {"timestamp":"2026-03-13T19:15:38.296Z","level":"INFO","service":"evidenceOrchestrator","event":"pass_complete","pass_number":1,"evidence_count":0,"source_classes":[],"average_quality":0,"thresho
ld_met":false}

      at EvidenceOrchestrator.logPassComplete (src/orchestration/evidenceOrchestrator.ts:807:13)

    console.log
      {"timestamp":"2026-03-13T19:15:38.297Z","level":"INFO","service":"evidenceOrchestrator","event":"pass_start","pass_number":2,"query_count":1}

      at EvidenceOrchestrator.logPassStart (src/orchestration/evidenceOrchestrator.ts:791:13)

    console.log
      {"timestamp":"2026-03-13T19:15:38.378Z","level":"INFO","service":"evidenceFilter","event":"filter_start","candidate_count":0}

      at EvidenceFilter.logFilterStart (src/orchestration/evidenceFilter.ts:193:13)

    console.log
      {"timestamp":"2026-03-13T19:15:38.378Z","level":"INFO","service":"evidenceFilter","event":"filter_complete","total_candidates":0,"passed_count":0,"rejected_count":0,"pass_rate":0}

      at EvidenceFilter.logFilterComplete (src/orchestration/evidenceFilter.ts:208:13)

    console.log
      {"timestamp":"2026-03-13T19:15:38.378Z","level":"INFO","service":"evidenceOrchestrator","event":"pass_complete","pass_number":2,"evidence_count":0,"source_classes":[],"average_quality":0,"thresho
ld_met":false}

      at EvidenceOrchestrator.logPassComplete (src/orchestration/evidenceOrchestrator.ts:807:13)

    console.log
      {"timestamp":"2026-03-13T19:15:38.378Z","level":"INFO","service":"evidenceOrchestrator","event":"orchestration_complete","passes_executed":2,"total_evidence":0,"source_classes":[],"average_qualit
y":0,"threshold_met":false}

      at EvidenceOrchestrator.logOrchestrationComplete (src/orchestration/evidenceOrchestrator.ts:826:13)

    console.log
      {"timestamp":"2026-03-13T19:15:38.379Z","level":"INFO","service":"contradictionSearcher","event":"search_start","query_count":0}

      at ContradictionSearcher.logSearchStart (src/orchestration/contradictionSearcher.ts:142:13)

    console.log
      {"timestamp":"2026-03-13T19:15:38.379Z","level":"INFO","service":"verdictSynthesizer","event":"synthesis_start","supporting_count":0,"contradicting_count":0}

      at VerdictSynthesizer.logSynthesisStart (src/orchestration/verdictSynthesizer.ts:118:13)

    console.log
      {"event":"bedrock_invocation","model":"amazon.nova-lite-v1:0","provider":"AWS Bedrock","request_id":"ab8c8152-e590-4195-9a33-7ce430bd5f0c","timestamp":"2026-03-13T19:15:38.379Z"}

      at invokeNova (src/services/novaClient.ts:313:11)

    console.error
      {"event":"bedrock_error","reason":"Unknown error","request_id":"ab8c8152-e590-4195-9a33-7ce430bd5f0c","timestamp":"2026-03-13T19:15:38.380Z"}

    [0m [90m 360 |[39m
     [90m 361 |[39m     [90m// Log Bedrock error[39m
    [31m[1m>[22m[39m[90m 362 |[39m     console[33m.[39merror([33mJSON[39m[33m.[39mstringify({
     [90m     |[39m             [31m[1m^[22m[39m
     [90m 363 |[39m       event[33m:[39m [32m'bedrock_error'[39m[33m,[39m
     [90m 364 |[39m       reason[33m:[39m error [36minstanceof[39m [33mError[39m [33m?[39m error[33m.[39mmessage [33m:[39m [32m'Unknown error'[39m[33m,[39m
     [90m 365 |[39m       request_id[33m:[39m requestId[33m,[39m[0m

      at invokeNova (src/services/novaClient.ts:362:13)
      at synthesizeVerdict (src/services/novaClient.ts:902:22)
      at VerdictSynthesizer.synthesize (src/orchestration/verdictSynthesizer.ts:42:23)
      at analyzeWithIterativeOrchestration (src/orchestration/iterativeOrchestrationPipeline.ts:236:21)
      at src/orchestration/iterativeOrchestrationPipeline.preservation.test.ts:184:28
      at AsyncProperty.run (node_modules/fast-check/lib/check/property/AsyncProperty.generic.js:49:28)

    console.log
      {"timestamp":"2026-03-13T19:15:38.380Z","level":"INFO","service":"verdictSynthesizer","event":"synthesis_success","classification":"unverified","confidence":0.3,"supported_subclaims":0,"unsupport
ed_subclaims":1}

      at VerdictSynthesizer.logSynthesisSuccess (src/orchestration/verdictSynthesizer.ts:134:13)

    console.log
      {"timestamp":"2026-03-13T19:15:38.381Z","level":"INFO","service":"claimDecomposer","event":"decomposition_start","claim_length":20}

      at ClaimDecomposer.logDecompositionStart (src/orchestration/claimDecomposer.ts:52:13)

    console.log
      {"event":"bedrock_invocation","model":"amazon.nova-lite-v1:0","provider":"AWS Bedrock","request_id":"c88e419f-a323-40c5-ae5e-1fc10aa01235","timestamp":"2026-03-13T19:15:38.381Z"}

      at invokeNova (src/services/novaClient.ts:313:11)

    console.error
      {"event":"bedrock_error","reason":"Unknown error","request_id":"c88e419f-a323-40c5-ae5e-1fc10aa01235","timestamp":"2026-03-13T19:15:38.382Z"}

    [0m [90m 360 |[39m
     [90m 361 |[39m     [90m// Log Bedrock error[39m
    [31m[1m>[22m[39m[90m 362 |[39m     console[33m.[39merror([33mJSON[39m[33m.[39mstringify({
     [90m     |[39m             [31m[1m^[22m[39m
     [90m 363 |[39m       event[33m:[39m [32m'bedrock_error'[39m[33m,[39m
     [90m 364 |[39m       reason[33m:[39m error [36minstanceof[39m [33mError[39m [33m?[39m error[33m.[39mmessage [33m:[39m [32m'Unknown error'[39m[33m,[39m
     [90m 365 |[39m       request_id[33m:[39m requestId[33m,[39m[0m

      at invokeNova (src/services/novaClient.ts:362:13)
      at decomposeClaimToSubclaims (src/services/novaClient.ts:568:22)
      at ClaimDecomposer.decompose (src/orchestration/claimDecomposer.ts:25:29)
      at analyzeWithIterativeOrchestration (src/orchestration/iterativeOrchestrationPipeline.ts:93:27)
      at src/orchestration/iterativeOrchestrationPipeline.preservation.test.ts:214:28
      at AsyncProperty.run (node_modules/fast-check/lib/check/property/AsyncProperty.generic.js:49:28)

    console.log
      {"timestamp":"2026-03-13T19:15:38.382Z","level":"INFO","service":"claimDecomposer","event":"decomposition_success","subclaim_count":1,"subclaim_types":["action"],"subclaim_texts":["H7=L3vqPG~E5`p
q@]5w~"]}

      at ClaimDecomposer.logDecompositionSuccess (src/orchestration/claimDecomposer.ts:67:13)

    console.log
      {"timestamp":"2026-03-13T19:15:38.382Z","level":"INFO","service":"queryGenerator","event":"generation_start","original_claim":"H7=L3vqPG~E5`pq@]5w~","subclaim_count":1}

      at QueryGenerator.logGenerationStart (src/orchestration/queryGenerator.ts:119:13)

    console.log
      {"timestamp":"2026-03-13T19:15:38.382Z","level":"INFO","service":"queryGenerator","event":"query_variants_generated","queries_before_dedup":["H7=L3vqPG~E5`pq@]5w~","l3vqpg"],"queries_count":2,"en
tities_extracted":[],"key_phrases_extracted":["l3vqpg"]}

      at QueryGenerator.generateQueries (src/orchestration/queryGenerator.ts:28:13)

    console.log
      {"timestamp":"2026-03-13T19:15:38.382Z","level":"INFO","service":"queryGenerator","event":"orchestrator_queries_finalized","queries_after_dedup":["H7=L3vqPG~E5`pq@]5w~","l3vqpg"],"queries_count":
2,"query_types":["exact","regional"]}

      at QueryGenerator.generateQueries (src/orchestration/queryGenerator.ts:68:13)

    console.log
      {"timestamp":"2026-03-13T19:15:38.382Z","level":"INFO","service":"queryGenerator","event":"generation_success","query_count":2,"query_types":["exact","regional"],"query_texts":["H7=L3vqPG~E5`pq@]
5w~","l3vqpg"]}

      at QueryGenerator.logGenerationSuccess (src/orchestration/queryGenerator.ts:135:13)

    console.log
      {"timestamp":"2026-03-13T19:15:38.382Z","level":"INFO","service":"evidenceOrchestrator","event":"orchestration_start","query_count":2,"max_passes":3}

      at EvidenceOrchestrator.logOrchestrationStart (src/orchestration/evidenceOrchestrator.ts:775:13)

    console.log
      {"timestamp":"2026-03-13T19:15:38.382Z","level":"INFO","service":"evidenceOrchestrator","event":"pass_start","pass_number":1,"query_count":1}

      at EvidenceOrchestrator.logPassStart (src/orchestration/evidenceOrchestrator.ts:791:13)

    console.log
      {"timestamp":"2026-03-13T19:15:38.463Z","level":"INFO","service":"evidenceFilter","event":"filter_start","candidate_count":0}

      at EvidenceFilter.logFilterStart (src/orchestration/evidenceFilter.ts:193:13)

    console.log
      {"timestamp":"2026-03-13T19:15:38.464Z","level":"INFO","service":"evidenceFilter","event":"filter_complete","total_candidates":0,"passed_count":0,"rejected_count":0,"pass_rate":0}

      at EvidenceFilter.logFilterComplete (src/orchestration/evidenceFilter.ts:208:13)

    console.log
      {"timestamp":"2026-03-13T19:15:38.464Z","level":"INFO","service":"evidenceOrchestrator","event":"pass_complete","pass_number":1,"evidence_count":0,"source_classes":[],"average_quality":0,"thresho
ld_met":false}

      at EvidenceOrchestrator.logPassComplete (src/orchestration/evidenceOrchestrator.ts:807:13)

    console.log
      {"timestamp":"2026-03-13T19:15:38.464Z","level":"INFO","service":"evidenceOrchestrator","event":"pass_start","pass_number":2,"query_count":1}

      at EvidenceOrchestrator.logPassStart (src/orchestration/evidenceOrchestrator.ts:791:13)

    console.log
      {"timestamp":"2026-03-13T19:15:38.528Z","level":"INFO","service":"evidenceFilter","event":"filter_start","candidate_count":0}

      at EvidenceFilter.logFilterStart (src/orchestration/evidenceFilter.ts:193:13)

    console.log
      {"timestamp":"2026-03-13T19:15:38.528Z","level":"INFO","service":"evidenceFilter","event":"filter_complete","total_candidates":0,"passed_count":0,"rejected_count":0,"pass_rate":0}

      at EvidenceFilter.logFilterComplete (src/orchestration/evidenceFilter.ts:208:13)

    console.log
      {"timestamp":"2026-03-13T19:15:38.528Z","level":"INFO","service":"evidenceOrchestrator","event":"pass_complete","pass_number":2,"evidence_count":0,"source_classes":[],"average_quality":0,"thresho
ld_met":false}

      at EvidenceOrchestrator.logPassComplete (src/orchestration/evidenceOrchestrator.ts:807:13)

    console.log
      {"timestamp":"2026-03-13T19:15:38.528Z","level":"INFO","service":"evidenceOrchestrator","event":"orchestration_complete","passes_executed":2,"total_evidence":0,"source_classes":[],"average_qualit
y":0,"threshold_met":false}

      at EvidenceOrchestrator.logOrchestrationComplete (src/orchestration/evidenceOrchestrator.ts:826:13)

    console.log
      {"timestamp":"2026-03-13T19:15:38.528Z","level":"INFO","service":"contradictionSearcher","event":"search_start","query_count":0}

      at ContradictionSearcher.logSearchStart (src/orchestration/contradictionSearcher.ts:142:13)

    console.log
      {"timestamp":"2026-03-13T19:15:38.529Z","level":"INFO","service":"verdictSynthesizer","event":"synthesis_start","supporting_count":0,"contradicting_count":0}

      at VerdictSynthesizer.logSynthesisStart (src/orchestration/verdictSynthesizer.ts:118:13)

    console.log
      {"event":"bedrock_invocation","model":"amazon.nova-lite-v1:0","provider":"AWS Bedrock","request_id":"6df830b0-5265-499a-a3e5-a3d4b8200e9f","timestamp":"2026-03-13T19:15:38.529Z"}

      at invokeNova (src/services/novaClient.ts:313:11)

    console.error
      {"event":"bedrock_error","reason":"Unknown error","request_id":"6df830b0-5265-499a-a3e5-a3d4b8200e9f","timestamp":"2026-03-13T19:15:38.529Z"}

    [0m [90m 360 |[39m
     [90m 361 |[39m     [90m// Log Bedrock error[39m
    [31m[1m>[22m[39m[90m 362 |[39m     console[33m.[39merror([33mJSON[39m[33m.[39mstringify({
     [90m     |[39m             [31m[1m^[22m[39m
     [90m 363 |[39m       event[33m:[39m [32m'bedrock_error'[39m[33m,[39m
     [90m 364 |[39m       reason[33m:[39m error [36minstanceof[39m [33mError[39m [33m?[39m error[33m.[39mmessage [33m:[39m [32m'Unknown error'[39m[33m,[39m
     [90m 365 |[39m       request_id[33m:[39m requestId[33m,[39m[0m

      at invokeNova (src/services/novaClient.ts:362:13)
      at synthesizeVerdict (src/services/novaClient.ts:902:22)
      at VerdictSynthesizer.synthesize (src/orchestration/verdictSynthesizer.ts:42:23)
      at analyzeWithIterativeOrchestration (src/orchestration/iterativeOrchestrationPipeline.ts:236:21)
      at src/orchestration/iterativeOrchestrationPipeline.preservation.test.ts:214:28
      at AsyncProperty.run (node_modules/fast-check/lib/check/property/AsyncProperty.generic.js:49:28)

    console.log
      {"timestamp":"2026-03-13T19:15:38.529Z","level":"INFO","service":"verdictSynthesizer","event":"synthesis_success","classification":"unverified","confidence":0.3,"supported_subclaims":0,"unsupport
ed_subclaims":1}

      at VerdictSynthesizer.logSynthesisSuccess (src/orchestration/verdictSynthesizer.ts:134:13)

    console.log
      {"timestamp":"2026-03-13T19:15:38.530Z","level":"INFO","service":"claimDecomposer","event":"decomposition_start","claim_length":18}

      at ClaimDecomposer.logDecompositionStart (src/orchestration/claimDecomposer.ts:52:13)

    console.log
      {"event":"bedrock_invocation","model":"amazon.nova-lite-v1:0","provider":"AWS Bedrock","request_id":"72798740-929b-4e80-8b7c-6f97a03c1afa","timestamp":"2026-03-13T19:15:38.530Z"}

      at invokeNova (src/services/novaClient.ts:313:11)

    console.error
      {"event":"bedrock_error","reason":"Unknown error","request_id":"72798740-929b-4e80-8b7c-6f97a03c1afa","timestamp":"2026-03-13T19:15:38.530Z"}

    [0m [90m 360 |[39m
     [90m 361 |[39m     [90m// Log Bedrock error[39m
    [31m[1m>[22m[39m[90m 362 |[39m     console[33m.[39merror([33mJSON[39m[33m.[39mstringify({
     [90m     |[39m             [31m[1m^[22m[39m
     [90m 363 |[39m       event[33m:[39m [32m'bedrock_error'[39m[33m,[39m
     [90m 364 |[39m       reason[33m:[39m error [36minstanceof[39m [33mError[39m [33m?[39m error[33m.[39mmessage [33m:[39m [32m'Unknown error'[39m[33m,[39m
     [90m 365 |[39m       request_id[33m:[39m requestId[33m,[39m[0m

      at invokeNova (src/services/novaClient.ts:362:13)
      at decomposeClaimToSubclaims (src/services/novaClient.ts:568:22)
      at ClaimDecomposer.decompose (src/orchestration/claimDecomposer.ts:25:29)
      at analyzeWithIterativeOrchestration (src/orchestration/iterativeOrchestrationPipeline.ts:93:27)
      at src/orchestration/iterativeOrchestrationPipeline.preservation.test.ts:214:28
      at AsyncProperty.run (node_modules/fast-check/lib/check/property/AsyncProperty.generic.js:49:28)

    console.log
      {"timestamp":"2026-03-13T19:15:38.530Z","level":"INFO","service":"claimDecomposer","event":"decomposition_success","subclaim_count":1,"subclaim_types":["action"],"subclaim_texts":["RhasOwnPropert
ypro"]}

      at ClaimDecomposer.logDecompositionSuccess (src/orchestration/claimDecomposer.ts:67:13)

    console.log
      {"timestamp":"2026-03-13T19:15:38.531Z","level":"INFO","service":"queryGenerator","event":"generation_start","original_claim":"RhasOwnPropertypro","subclaim_count":1}

      at QueryGenerator.logGenerationStart (src/orchestration/queryGenerator.ts:119:13)

    console.log
      {"timestamp":"2026-03-13T19:15:38.531Z","level":"INFO","service":"queryGenerator","event":"query_variants_generated","queries_before_dedup":["RhasOwnPropertypro","rhasownpropertypro"],"queries_co
unt":2,"entities_extracted":[],"key_phrases_extracted":["rhasownpropertypro"]}

      at QueryGenerator.generateQueries (src/orchestration/queryGenerator.ts:28:13)

    console.log
      {"timestamp":"2026-03-13T19:15:38.531Z","level":"INFO","service":"queryGenerator","event":"orchestrator_queries_finalized","queries_after_dedup":["RhasOwnPropertypro","rhasownpropertypro"],"queri
es_count":2,"query_types":["exact","regional"]}

      at QueryGenerator.generateQueries (src/orchestration/queryGenerator.ts:68:13)

    console.log
      {"timestamp":"2026-03-13T19:15:38.531Z","level":"INFO","service":"queryGenerator","event":"generation_success","query_count":2,"query_types":["exact","regional"],"query_texts":["RhasOwnPropertypr
o","rhasownpropertypro"]}

      at QueryGenerator.logGenerationSuccess (src/orchestration/queryGenerator.ts:135:13)

    console.log
      {"timestamp":"2026-03-13T19:15:38.531Z","level":"INFO","service":"evidenceOrchestrator","event":"orchestration_start","query_count":2,"max_passes":3}

      at EvidenceOrchestrator.logOrchestrationStart (src/orchestration/evidenceOrchestrator.ts:775:13)

    console.log
      {"timestamp":"2026-03-13T19:15:38.531Z","level":"INFO","service":"evidenceOrchestrator","event":"pass_start","pass_number":1,"query_count":1}

      at EvidenceOrchestrator.logPassStart (src/orchestration/evidenceOrchestrator.ts:791:13)

    console.log
      {"timestamp":"2026-03-13T19:15:38.596Z","level":"INFO","service":"evidenceFilter","event":"filter_start","candidate_count":0}

      at EvidenceFilter.logFilterStart (src/orchestration/evidenceFilter.ts:193:13)

    console.log
      {"timestamp":"2026-03-13T19:15:38.596Z","level":"INFO","service":"evidenceFilter","event":"filter_complete","total_candidates":0,"passed_count":0,"rejected_count":0,"pass_rate":0}

      at EvidenceFilter.logFilterComplete (src/orchestration/evidenceFilter.ts:208:13)

    console.log
      {"timestamp":"2026-03-13T19:15:38.596Z","level":"INFO","service":"evidenceOrchestrator","event":"pass_complete","pass_number":1,"evidence_count":0,"source_classes":[],"average_quality":0,"thresho
ld_met":false}

      at EvidenceOrchestrator.logPassComplete (src/orchestration/evidenceOrchestrator.ts:807:13)

    console.log
      {"timestamp":"2026-03-13T19:15:38.596Z","level":"INFO","service":"evidenceOrchestrator","event":"pass_start","pass_number":2,"query_count":1}

      at EvidenceOrchestrator.logPassStart (src/orchestration/evidenceOrchestrator.ts:791:13)

    console.log
      {"timestamp":"2026-03-13T19:15:38.661Z","level":"INFO","service":"evidenceFilter","event":"filter_start","candidate_count":0}

      at EvidenceFilter.logFilterStart (src/orchestration/evidenceFilter.ts:193:13)

    console.log
      {"timestamp":"2026-03-13T19:15:38.661Z","level":"INFO","service":"evidenceFilter","event":"filter_complete","total_candidates":0,"passed_count":0,"rejected_count":0,"pass_rate":0}

      at EvidenceFilter.logFilterComplete (src/orchestration/evidenceFilter.ts:208:13)

    console.log
      {"timestamp":"2026-03-13T19:15:38.662Z","level":"INFO","service":"evidenceOrchestrator","event":"pass_complete","pass_number":2,"evidence_count":0,"source_classes":[],"average_quality":0,"thresho
ld_met":false}

      at EvidenceOrchestrator.logPassComplete (src/orchestration/evidenceOrchestrator.ts:807:13)

    console.log
      {"timestamp":"2026-03-13T19:15:38.662Z","level":"INFO","service":"evidenceOrchestrator","event":"orchestration_complete","passes_executed":2,"total_evidence":0,"source_classes":[],"average_qualit
y":0,"threshold_met":false}

      at EvidenceOrchestrator.logOrchestrationComplete (src/orchestration/evidenceOrchestrator.ts:826:13)

    console.log
      {"timestamp":"2026-03-13T19:15:38.662Z","level":"INFO","service":"contradictionSearcher","event":"search_start","query_count":0}

      at ContradictionSearcher.logSearchStart (src/orchestration/contradictionSearcher.ts:142:13)

    console.log
      {"timestamp":"2026-03-13T19:15:38.662Z","level":"INFO","service":"verdictSynthesizer","event":"synthesis_start","supporting_count":0,"contradicting_count":0}

      at VerdictSynthesizer.logSynthesisStart (src/orchestration/verdictSynthesizer.ts:118:13)

    console.log
      {"event":"bedrock_invocation","model":"amazon.nova-lite-v1:0","provider":"AWS Bedrock","request_id":"83cf4b6f-9a69-439a-b9f0-05e8898433fe","timestamp":"2026-03-13T19:15:38.662Z"}

      at invokeNova (src/services/novaClient.ts:313:11)

    console.error
      {"event":"bedrock_error","reason":"Unknown error","request_id":"83cf4b6f-9a69-439a-b9f0-05e8898433fe","timestamp":"2026-03-13T19:15:38.663Z"}

    [0m [90m 360 |[39m
     [90m 361 |[39m     [90m// Log Bedrock error[39m
    [31m[1m>[22m[39m[90m 362 |[39m     console[33m.[39merror([33mJSON[39m[33m.[39mstringify({
     [90m     |[39m             [31m[1m^[22m[39m
     [90m 363 |[39m       event[33m:[39m [32m'bedrock_error'[39m[33m,[39m
     [90m 364 |[39m       reason[33m:[39m error [36minstanceof[39m [33mError[39m [33m?[39m error[33m.[39mmessage [33m:[39m [32m'Unknown error'[39m[33m,[39m
     [90m 365 |[39m       request_id[33m:[39m requestId[33m,[39m[0m

      at invokeNova (src/services/novaClient.ts:362:13)
      at synthesizeVerdict (src/services/novaClient.ts:902:22)
      at VerdictSynthesizer.synthesize (src/orchestration/verdictSynthesizer.ts:42:23)
      at analyzeWithIterativeOrchestration (src/orchestration/iterativeOrchestrationPipeline.ts:236:21)
      at src/orchestration/iterativeOrchestrationPipeline.preservation.test.ts:214:28
      at AsyncProperty.run (node_modules/fast-check/lib/check/property/AsyncProperty.generic.js:49:28)

    console.log
      {"timestamp":"2026-03-13T19:15:38.663Z","level":"INFO","service":"verdictSynthesizer","event":"synthesis_success","classification":"unverified","confidence":0.3,"supported_subclaims":0,"unsupport
ed_subclaims":1}

      at VerdictSynthesizer.logSynthesisSuccess (src/orchestration/verdictSynthesizer.ts:134:13)

    console.log
      {"timestamp":"2026-03-13T19:15:38.664Z","level":"INFO","service":"claimDecomposer","event":"decomposition_start","claim_length":12}

      at ClaimDecomposer.logDecompositionStart (src/orchestration/claimDecomposer.ts:52:13)

    console.log
      {"event":"bedrock_invocation","model":"amazon.nova-lite-v1:0","provider":"AWS Bedrock","request_id":"8e9839bf-5951-4a71-b613-846d258b1ae4","timestamp":"2026-03-13T19:15:38.664Z"}

      at invokeNova (src/services/novaClient.ts:313:11)

    console.error
      {"event":"bedrock_error","reason":"Unknown error","request_id":"8e9839bf-5951-4a71-b613-846d258b1ae4","timestamp":"2026-03-13T19:15:38.664Z"}

    [0m [90m 360 |[39m
     [90m 361 |[39m     [90m// Log Bedrock error[39m
    [31m[1m>[22m[39m[90m 362 |[39m     console[33m.[39merror([33mJSON[39m[33m.[39mstringify({
     [90m     |[39m             [31m[1m^[22m[39m
     [90m 363 |[39m       event[33m:[39m [32m'bedrock_error'[39m[33m,[39m
     [90m 364 |[39m       reason[33m:[39m error [36minstanceof[39m [33mError[39m [33m?[39m error[33m.[39mmessage [33m:[39m [32m'Unknown error'[39m[33m,[39m
     [90m 365 |[39m       request_id[33m:[39m requestId[33m,[39m[0m

      at invokeNova (src/services/novaClient.ts:362:13)
      at decomposeClaimToSubclaims (src/services/novaClient.ts:568:22)
      at ClaimDecomposer.decompose (src/orchestration/claimDecomposer.ts:25:29)
      at analyzeWithIterativeOrchestration (src/orchestration/iterativeOrchestrationPipeline.ts:93:27)
      at src/orchestration/iterativeOrchestrationPipeline.preservation.test.ts:214:28
      at AsyncProperty.run (node_modules/fast-check/lib/check/property/AsyncProperty.generic.js:49:28)

    console.log
      {"timestamp":"2026-03-13T19:15:38.664Z","level":"INFO","service":"claimDecomposer","event":"decomposition_success","subclaim_count":1,"subclaim_types":["action"],"subclaim_texts":[" )X 
%1|unV9!"]}

      at ClaimDecomposer.logDecompositionSuccess (src/orchestration/claimDecomposer.ts:67:13)

    console.log
      {"timestamp":"2026-03-13T19:15:38.664Z","level":"INFO","service":"queryGenerator","event":"generation_start","original_claim":" )X %1|unV9!","subclaim_count":1}

      at QueryGenerator.logGenerationStart (src/orchestration/queryGenerator.ts:119:13)

    console.log
      {"timestamp":"2026-03-13T19:15:38.664Z","level":"INFO","service":"queryGenerator","event":"query_variants_generated","queries_before_dedup":[")X %1|unV9"," )X 
%1|unV9!","unv9"],"queries_count":3,"entities_extracted":[],"key_phrases_extracted":["unv9"]}

      at QueryGenerator.generateQueries (src/orchestration/queryGenerator.ts:28:13)

    console.log
      {"timestamp":"2026-03-13T19:15:38.664Z","level":"INFO","service":"queryGenerator","event":"orchestrator_queries_finalized","queries_after_dedup":[")X %1|unV9"," )X 
%1|unV9!","unv9"],"queries_count":3,"query_types":["exact","regional","regional"]}

      at QueryGenerator.generateQueries (src/orchestration/queryGenerator.ts:68:13)

    console.log
      {"timestamp":"2026-03-13T19:15:38.664Z","level":"INFO","service":"queryGenerator","event":"generation_success","query_count":3,"query_types":["exact","regional","regional"],"query_texts":[")X 
%1|unV9"," )X %1|unV9!","unv9"]}

      at QueryGenerator.logGenerationSuccess (src/orchestration/queryGenerator.ts:135:13)

    console.log
      {"timestamp":"2026-03-13T19:15:38.664Z","level":"INFO","service":"evidenceOrchestrator","event":"orchestration_start","query_count":3,"max_passes":3}

      at EvidenceOrchestrator.logOrchestrationStart (src/orchestration/evidenceOrchestrator.ts:775:13)

    console.log
      {"timestamp":"2026-03-13T19:15:38.665Z","level":"INFO","service":"evidenceOrchestrator","event":"pass_start","pass_number":1,"query_count":1}

      at EvidenceOrchestrator.logPassStart (src/orchestration/evidenceOrchestrator.ts:791:13)

    console.log
      {"timestamp":"2026-03-13T19:15:38.761Z","level":"INFO","service":"evidenceFilter","event":"filter_start","candidate_count":0}

      at EvidenceFilter.logFilterStart (src/orchestration/evidenceFilter.ts:193:13)

    console.log
      {"timestamp":"2026-03-13T19:15:38.762Z","level":"INFO","service":"evidenceFilter","event":"filter_complete","total_candidates":0,"passed_count":0,"rejected_count":0,"pass_rate":0}

      at EvidenceFilter.logFilterComplete (src/orchestration/evidenceFilter.ts:208:13)

    console.log
      {"timestamp":"2026-03-13T19:15:38.762Z","level":"INFO","service":"evidenceOrchestrator","event":"pass_complete","pass_number":1,"evidence_count":0,"source_classes":[],"average_quality":0,"thresho
ld_met":false}

      at EvidenceOrchestrator.logPassComplete (src/orchestration/evidenceOrchestrator.ts:807:13)

    console.log
      {"timestamp":"2026-03-13T19:15:38.762Z","level":"INFO","service":"evidenceOrchestrator","event":"pass_start","pass_number":2,"query_count":2}

      at EvidenceOrchestrator.logPassStart (src/orchestration/evidenceOrchestrator.ts:791:13)

    console.log
      {"timestamp":"2026-03-13T19:15:38.861Z","level":"INFO","service":"evidenceFilter","event":"filter_start","candidate_count":0}

      at EvidenceFilter.logFilterStart (src/orchestration/evidenceFilter.ts:193:13)

    console.log
      {"timestamp":"2026-03-13T19:15:38.862Z","level":"INFO","service":"evidenceFilter","event":"filter_complete","total_candidates":0,"passed_count":0,"rejected_count":0,"pass_rate":0}

      at EvidenceFilter.logFilterComplete (src/orchestration/evidenceFilter.ts:208:13)

    console.log
      {"timestamp":"2026-03-13T19:15:38.862Z","level":"INFO","service":"evidenceOrchestrator","event":"pass_complete","pass_number":2,"evidence_count":0,"source_classes":[],"average_quality":0,"thresho
ld_met":false}

      at EvidenceOrchestrator.logPassComplete (src/orchestration/evidenceOrchestrator.ts:807:13)

    console.log
      {"timestamp":"2026-03-13T19:15:38.862Z","level":"INFO","service":"evidenceOrchestrator","event":"orchestration_complete","passes_executed":2,"total_evidence":0,"source_classes":[],"average_qualit
y":0,"threshold_met":false}

      at EvidenceOrchestrator.logOrchestrationComplete (src/orchestration/evidenceOrchestrator.ts:826:13)

    console.log
      {"timestamp":"2026-03-13T19:15:38.862Z","level":"INFO","service":"contradictionSearcher","event":"search_start","query_count":0}

      at ContradictionSearcher.logSearchStart (src/orchestration/contradictionSearcher.ts:142:13)

    console.log
      {"timestamp":"2026-03-13T19:15:38.862Z","level":"INFO","service":"verdictSynthesizer","event":"synthesis_start","supporting_count":0,"contradicting_count":0}

      at VerdictSynthesizer.logSynthesisStart (src/orchestration/verdictSynthesizer.ts:118:13)

    console.log
      {"event":"bedrock_invocation","model":"amazon.nova-lite-v1:0","provider":"AWS Bedrock","request_id":"4b6864ab-4411-44da-b434-89bb6982f7f4","timestamp":"2026-03-13T19:15:38.862Z"}

      at invokeNova (src/services/novaClient.ts:313:11)

    console.error
      {"event":"bedrock_error","reason":"Unknown error","request_id":"4b6864ab-4411-44da-b434-89bb6982f7f4","timestamp":"2026-03-13T19:15:38.863Z"}

    [0m [90m 360 |[39m
     [90m 361 |[39m     [90m// Log Bedrock error[39m
    [31m[1m>[22m[39m[90m 362 |[39m     console[33m.[39merror([33mJSON[39m[33m.[39mstringify({
     [90m     |[39m             [31m[1m^[22m[39m
     [90m 363 |[39m       event[33m:[39m [32m'bedrock_error'[39m[33m,[39m
     [90m 364 |[39m       reason[33m:[39m error [36minstanceof[39m [33mError[39m [33m?[39m error[33m.[39mmessage [33m:[39m [32m'Unknown error'[39m[33m,[39m
     [90m 365 |[39m       request_id[33m:[39m requestId[33m,[39m[0m

      at invokeNova (src/services/novaClient.ts:362:13)
      at synthesizeVerdict (src/services/novaClient.ts:902:22)
      at VerdictSynthesizer.synthesize (src/orchestration/verdictSynthesizer.ts:42:23)
      at analyzeWithIterativeOrchestration (src/orchestration/iterativeOrchestrationPipeline.ts:236:21)
      at src/orchestration/iterativeOrchestrationPipeline.preservation.test.ts:214:28
      at AsyncProperty.run (node_modules/fast-check/lib/check/property/AsyncProperty.generic.js:49:28)

    console.log
      {"timestamp":"2026-03-13T19:15:38.863Z","level":"INFO","service":"verdictSynthesizer","event":"synthesis_success","classification":"unverified","confidence":0.3,"supported_subclaims":0,"unsupport
ed_subclaims":1}

      at VerdictSynthesizer.logSynthesisSuccess (src/orchestration/verdictSynthesizer.ts:134:13)

    console.log
      {"timestamp":"2026-03-13T19:15:38.864Z","level":"INFO","service":"claimDecomposer","event":"decomposition_start","claim_length":15}

      at ClaimDecomposer.logDecompositionStart (src/orchestration/claimDecomposer.ts:52:13)

    console.log
      {"event":"bedrock_invocation","model":"amazon.nova-lite-v1:0","provider":"AWS Bedrock","request_id":"842ea234-14b0-43ff-b376-d5266c42e77f","timestamp":"2026-03-13T19:15:38.864Z"}

      at invokeNova (src/services/novaClient.ts:313:11)

    console.error
      {"event":"bedrock_error","reason":"Unknown error","request_id":"842ea234-14b0-43ff-b376-d5266c42e77f","timestamp":"2026-03-13T19:15:38.864Z"}

    [0m [90m 360 |[39m
     [90m 361 |[39m     [90m// Log Bedrock error[39m
    [31m[1m>[22m[39m[90m 362 |[39m     console[33m.[39merror([33mJSON[39m[33m.[39mstringify({
     [90m     |[39m             [31m[1m^[22m[39m
     [90m 363 |[39m       event[33m:[39m [32m'bedrock_error'[39m[33m,[39m
     [90m 364 |[39m       reason[33m:[39m error [36minstanceof[39m [33mError[39m [33m?[39m error[33m.[39mmessage [33m:[39m [32m'Unknown error'[39m[33m,[39m
     [90m 365 |[39m       request_id[33m:[39m requestId[33m,[39m[0m

      at invokeNova (src/services/novaClient.ts:362:13)
      at decomposeClaimToSubclaims (src/services/novaClient.ts:568:22)
      at ClaimDecomposer.decompose (src/orchestration/claimDecomposer.ts:25:29)
      at analyzeWithIterativeOrchestration (src/orchestration/iterativeOrchestrationPipeline.ts:93:27)
      at src/orchestration/iterativeOrchestrationPipeline.preservation.test.ts:214:28
      at AsyncProperty.run (node_modules/fast-check/lib/check/property/AsyncProperty.generic.js:49:28)

    console.log
      
{"timestamp":"2026-03-13T19:15:38.864Z","level":"INFO","service":"claimDecomposer","event":"decomposition_success","subclaim_count":1,"subclaim_types":["action"],"subclaim_texts":["neGe{}&&nhasOwn"]}

      at ClaimDecomposer.logDecompositionSuccess (src/orchestration/claimDecomposer.ts:67:13)

    console.log
      {"timestamp":"2026-03-13T19:15:38.864Z","level":"INFO","service":"queryGenerator","event":"generation_start","original_claim":"neGe{}&&nhasOwn","subclaim_count":1}

      at QueryGenerator.logGenerationStart (src/orchestration/queryGenerator.ts:119:13)

    console.log
      {"timestamp":"2026-03-13T19:15:38.864Z","level":"INFO","service":"queryGenerator","event":"query_variants_generated","queries_before_dedup":["neGe{}&&nhasOwn","nege nhasown","what is nege 
nhasown"],"queries_count":3,"entities_extracted":[],"key_phrases_extracted":["nege","nhasown"]}

      at QueryGenerator.generateQueries (src/orchestration/queryGenerator.ts:28:13)

    console.log
      {"timestamp":"2026-03-13T19:15:38.864Z","level":"INFO","service":"queryGenerator","event":"orchestrator_queries_finalized","queries_after_dedup":["neGe{}&&nhasOwn","nege nhasown","what is nege 
nhasown"],"queries_count":3,"query_types":["exact","regional","fact_check"]}

      at QueryGenerator.generateQueries (src/orchestration/queryGenerator.ts:68:13)

    console.log
      {"timestamp":"2026-03-13T19:15:38.864Z","level":"INFO","service":"queryGenerator","event":"generation_success","query_count":3,"query_types":["exact","regional","fact_check"],"query_texts":["neGe
{}&&nhasOwn","nege nhasown","what is nege nhasown"]}

      at QueryGenerator.logGenerationSuccess (src/orchestration/queryGenerator.ts:135:13)

    console.log
      {"timestamp":"2026-03-13T19:15:38.864Z","level":"INFO","service":"evidenceOrchestrator","event":"orchestration_start","query_count":3,"max_passes":3}

      at EvidenceOrchestrator.logOrchestrationStart (src/orchestration/evidenceOrchestrator.ts:775:13)

    console.log
      {"timestamp":"2026-03-13T19:15:38.865Z","level":"INFO","service":"evidenceOrchestrator","event":"pass_start","pass_number":1,"query_count":1}

      at EvidenceOrchestrator.logPassStart (src/orchestration/evidenceOrchestrator.ts:791:13)

    console.log
      {"timestamp":"2026-03-13T19:15:38.930Z","level":"INFO","service":"evidenceFilter","event":"filter_start","candidate_count":0}

      at EvidenceFilter.logFilterStart (src/orchestration/evidenceFilter.ts:193:13)

    console.log
      {"timestamp":"2026-03-13T19:15:38.930Z","level":"INFO","service":"evidenceFilter","event":"filter_complete","total_candidates":0,"passed_count":0,"rejected_count":0,"pass_rate":0}

      at EvidenceFilter.logFilterComplete (src/orchestration/evidenceFilter.ts:208:13)

    console.log
      {"timestamp":"2026-03-13T19:15:38.930Z","level":"INFO","service":"evidenceOrchestrator","event":"pass_complete","pass_number":1,"evidence_count":0,"source_classes":[],"average_quality":0,"thresho
ld_met":false}

      at EvidenceOrchestrator.logPassComplete (src/orchestration/evidenceOrchestrator.ts:807:13)

    console.log
      {"timestamp":"2026-03-13T19:15:38.930Z","level":"INFO","service":"evidenceOrchestrator","event":"pass_start","pass_number":2,"query_count":2}

      at EvidenceOrchestrator.logPassStart (src/orchestration/evidenceOrchestrator.ts:791:13)

    console.log
      {"timestamp":"2026-03-13T19:15:39.012Z","level":"INFO","service":"evidenceFilter","event":"filter_start","candidate_count":0}

      at EvidenceFilter.logFilterStart (src/orchestration/evidenceFilter.ts:193:13)

    console.log
      {"timestamp":"2026-03-13T19:15:39.013Z","level":"INFO","service":"evidenceFilter","event":"filter_complete","total_candidates":0,"passed_count":0,"rejected_count":0,"pass_rate":0}

      at EvidenceFilter.logFilterComplete (src/orchestration/evidenceFilter.ts:208:13)

    console.log
      {"timestamp":"2026-03-13T19:15:39.013Z","level":"INFO","service":"evidenceOrchestrator","event":"pass_complete","pass_number":2,"evidence_count":0,"source_classes":[],"average_quality":0,"thresho
ld_met":false}

      at EvidenceOrchestrator.logPassComplete (src/orchestration/evidenceOrchestrator.ts:807:13)

    console.log
      {"timestamp":"2026-03-13T19:15:39.013Z","level":"INFO","service":"evidenceOrchestrator","event":"orchestration_complete","passes_executed":2,"total_evidence":0,"source_classes":[],"average_qualit
y":0,"threshold_met":false}

      at EvidenceOrchestrator.logOrchestrationComplete (src/orchestration/evidenceOrchestrator.ts:826:13)

    console.log
      {"timestamp":"2026-03-13T19:15:39.013Z","level":"INFO","service":"contradictionSearcher","event":"search_start","query_count":0}

      at ContradictionSearcher.logSearchStart (src/orchestration/contradictionSearcher.ts:142:13)

    console.log
      {"timestamp":"2026-03-13T19:15:39.013Z","level":"INFO","service":"verdictSynthesizer","event":"synthesis_start","supporting_count":0,"contradicting_count":0}

      at VerdictSynthesizer.logSynthesisStart (src/orchestration/verdictSynthesizer.ts:118:13)

    console.log
      {"event":"bedrock_invocation","model":"amazon.nova-lite-v1:0","provider":"AWS Bedrock","request_id":"f28b7ab1-6e08-4ccf-a29c-7112125ef5bd","timestamp":"2026-03-13T19:15:39.013Z"}

      at invokeNova (src/services/novaClient.ts:313:11)

    console.error
      {"event":"bedrock_error","reason":"Unknown error","request_id":"f28b7ab1-6e08-4ccf-a29c-7112125ef5bd","timestamp":"2026-03-13T19:15:39.014Z"}

    [0m [90m 360 |[39m
     [90m 361 |[39m     [90m// Log Bedrock error[39m
    [31m[1m>[22m[39m[90m 362 |[39m     console[33m.[39merror([33mJSON[39m[33m.[39mstringify({
     [90m     |[39m             [31m[1m^[22m[39m
     [90m 363 |[39m       event[33m:[39m [32m'bedrock_error'[39m[33m,[39m
     [90m 364 |[39m       reason[33m:[39m error [36minstanceof[39m [33mError[39m [33m?[39m error[33m.[39mmessage [33m:[39m [32m'Unknown error'[39m[33m,[39m
     [90m 365 |[39m       request_id[33m:[39m requestId[33m,[39m[0m

      at invokeNova (src/services/novaClient.ts:362:13)
      at synthesizeVerdict (src/services/novaClient.ts:902:22)
      at VerdictSynthesizer.synthesize (src/orchestration/verdictSynthesizer.ts:42:23)
      at analyzeWithIterativeOrchestration (src/orchestration/iterativeOrchestrationPipeline.ts:236:21)
      at src/orchestration/iterativeOrchestrationPipeline.preservation.test.ts:214:28
      at AsyncProperty.run (node_modules/fast-check/lib/check/property/AsyncProperty.generic.js:49:28)

    console.log
      {"timestamp":"2026-03-13T19:15:39.014Z","level":"INFO","service":"verdictSynthesizer","event":"synthesis_success","classification":"unverified","confidence":0.3,"supported_subclaims":0,"unsupport
ed_subclaims":1}

      at VerdictSynthesizer.logSynthesisSuccess (src/orchestration/verdictSynthesizer.ts:134:13)

    console.log
      {"timestamp":"2026-03-13T19:15:39.015Z","level":"INFO","service":"claimDecomposer","event":"decomposition_start","claim_length":10}

      at ClaimDecomposer.logDecompositionStart (src/orchestration/claimDecomposer.ts:52:13)

    console.log
      {"event":"bedrock_invocation","model":"amazon.nova-lite-v1:0","provider":"AWS Bedrock","request_id":"ac8329af-aa70-42d5-bec1-4787e227521d","timestamp":"2026-03-13T19:15:39.015Z"}

      at invokeNova (src/services/novaClient.ts:313:11)

    console.error
      {"event":"bedrock_error","reason":"Unknown error","request_id":"ac8329af-aa70-42d5-bec1-4787e227521d","timestamp":"2026-03-13T19:15:39.015Z"}

    [0m [90m 360 |[39m
     [90m 361 |[39m     [90m// Log Bedrock error[39m
    [31m[1m>[22m[39m[90m 362 |[39m     console[33m.[39merror([33mJSON[39m[33m.[39mstringify({
     [90m     |[39m             [31m[1m^[22m[39m
     [90m 363 |[39m       event[33m:[39m [32m'bedrock_error'[39m[33m,[39m
     [90m 364 |[39m       reason[33m:[39m error [36minstanceof[39m [33mError[39m [33m?[39m error[33m.[39mmessage [33m:[39m [32m'Unknown error'[39m[33m,[39m
     [90m 365 |[39m       request_id[33m:[39m requestId[33m,[39m[0m

      at invokeNova (src/services/novaClient.ts:362:13)
      at decomposeClaimToSubclaims (src/services/novaClient.ts:568:22)
      at ClaimDecomposer.decompose (src/orchestration/claimDecomposer.ts:25:29)
      at analyzeWithIterativeOrchestration (src/orchestration/iterativeOrchestrationPipeline.ts:93:27)
      at src/orchestration/iterativeOrchestrationPipeline.preservation.test.ts:214:28
      at AsyncProperty.run (node_modules/fast-check/lib/check/property/AsyncProperty.generic.js:49:28)

    console.log
      {"timestamp":"2026-03-13T19:15:39.015Z","level":"INFO","service":"claimDecomposer","event":"decomposition_success","subclaim_count":1,"subclaim_types":["action"],"subclaim_texts":["<_)]P3 6MY"]}

      at ClaimDecomposer.logDecompositionSuccess (src/orchestration/claimDecomposer.ts:67:13)

    console.log
      {"timestamp":"2026-03-13T19:15:39.015Z","level":"INFO","service":"queryGenerator","event":"generation_start","original_claim":"<_)]P3 6MY","subclaim_count":1}

      at QueryGenerator.logGenerationStart (src/orchestration/queryGenerator.ts:119:13)

    console.log
      {"timestamp":"2026-03-13T19:15:39.016Z","level":"INFO","service":"queryGenerator","event":"query_variants_generated","queries_before_dedup":["<_)]P3 
6MY","6my"],"queries_count":2,"entities_extracted":[],"key_phrases_extracted":["6my"]}

      at QueryGenerator.generateQueries (src/orchestration/queryGenerator.ts:28:13)

    console.log
      {"timestamp":"2026-03-13T19:15:39.016Z","level":"INFO","service":"queryGenerator","event":"orchestrator_queries_finalized","queries_after_dedup":["<_)]P3 
6MY","6my"],"queries_count":2,"query_types":["exact","regional"]}

      at QueryGenerator.generateQueries (src/orchestration/queryGenerator.ts:68:13)

    console.log
      {"timestamp":"2026-03-13T19:15:39.016Z","level":"INFO","service":"queryGenerator","event":"generation_success","query_count":2,"query_types":["exact","regional"],"query_texts":["<_)]P3 
6MY","6my"]}

      at QueryGenerator.logGenerationSuccess (src/orchestration/queryGenerator.ts:135:13)

    console.log
      {"timestamp":"2026-03-13T19:15:39.016Z","level":"INFO","service":"evidenceOrchestrator","event":"orchestration_start","query_count":2,"max_passes":3}

      at EvidenceOrchestrator.logOrchestrationStart (src/orchestration/evidenceOrchestrator.ts:775:13)

    console.log
      {"timestamp":"2026-03-13T19:15:39.016Z","level":"INFO","service":"evidenceOrchestrator","event":"pass_start","pass_number":1,"query_count":1}

      at EvidenceOrchestrator.logPassStart (src/orchestration/evidenceOrchestrator.ts:791:13)

    console.log
      {"timestamp":"2026-03-13T19:15:39.096Z","level":"INFO","service":"evidenceFilter","event":"filter_start","candidate_count":0}

      at EvidenceFilter.logFilterStart (src/orchestration/evidenceFilter.ts:193:13)

    console.log
      {"timestamp":"2026-03-13T19:15:39.096Z","level":"INFO","service":"evidenceFilter","event":"filter_complete","total_candidates":0,"passed_count":0,"rejected_count":0,"pass_rate":0}

      at EvidenceFilter.logFilterComplete (src/orchestration/evidenceFilter.ts:208:13)

    console.log
      {"timestamp":"2026-03-13T19:15:39.097Z","level":"INFO","service":"evidenceOrchestrator","event":"pass_complete","pass_number":1,"evidence_count":0,"source_classes":[],"average_quality":0,"thresho
ld_met":false}

      at EvidenceOrchestrator.logPassComplete (src/orchestration/evidenceOrchestrator.ts:807:13)

    console.log
      {"timestamp":"2026-03-13T19:15:39.097Z","level":"INFO","service":"evidenceOrchestrator","event":"pass_start","pass_number":2,"query_count":1}

      at EvidenceOrchestrator.logPassStart (src/orchestration/evidenceOrchestrator.ts:791:13)

    console.log
      {"timestamp":"2026-03-13T19:15:39.163Z","level":"INFO","service":"evidenceFilter","event":"filter_start","candidate_count":0}

      at EvidenceFilter.logFilterStart (src/orchestration/evidenceFilter.ts:193:13)

    console.log
      {"timestamp":"2026-03-13T19:15:39.164Z","level":"INFO","service":"evidenceFilter","event":"filter_complete","total_candidates":0,"passed_count":0,"rejected_count":0,"pass_rate":0}

      at EvidenceFilter.logFilterComplete (src/orchestration/evidenceFilter.ts:208:13)

    console.log
      {"timestamp":"2026-03-13T19:15:39.164Z","level":"INFO","service":"evidenceOrchestrator","event":"pass_complete","pass_number":2,"evidence_count":0,"source_classes":[],"average_quality":0,"thresho
ld_met":false}

      at EvidenceOrchestrator.logPassComplete (src/orchestration/evidenceOrchestrator.ts:807:13)

    console.log
      {"timestamp":"2026-03-13T19:15:39.164Z","level":"INFO","service":"evidenceOrchestrator","event":"orchestration_complete","passes_executed":2,"total_evidence":0,"source_classes":[],"average_qualit
y":0,"threshold_met":false}

      at EvidenceOrchestrator.logOrchestrationComplete (src/orchestration/evidenceOrchestrator.ts:826:13)

    console.log
      {"timestamp":"2026-03-13T19:15:39.164Z","level":"INFO","service":"contradictionSearcher","event":"search_start","query_count":0}

      at ContradictionSearcher.logSearchStart (src/orchestration/contradictionSearcher.ts:142:13)

    console.log
      {"timestamp":"2026-03-13T19:15:39.164Z","level":"INFO","service":"verdictSynthesizer","event":"synthesis_start","supporting_count":0,"contradicting_count":0}

      at VerdictSynthesizer.logSynthesisStart (src/orchestration/verdictSynthesizer.ts:118:13)

    console.log
      {"event":"bedrock_invocation","model":"amazon.nova-lite-v1:0","provider":"AWS Bedrock","request_id":"a89e97da-97d2-4059-8756-cb6dbc005364","timestamp":"2026-03-13T19:15:39.164Z"}

      at invokeNova (src/services/novaClient.ts:313:11)

    console.error
      {"event":"bedrock_error","reason":"Unknown error","request_id":"a89e97da-97d2-4059-8756-cb6dbc005364","timestamp":"2026-03-13T19:15:39.165Z"}

    [0m [90m 360 |[39m
     [90m 361 |[39m     [90m// Log Bedrock error[39m
    [31m[1m>[22m[39m[90m 362 |[39m     console[33m.[39merror([33mJSON[39m[33m.[39mstringify({
     [90m     |[39m             [31m[1m^[22m[39m
     [90m 363 |[39m       event[33m:[39m [32m'bedrock_error'[39m[33m,[39m
     [90m 364 |[39m       reason[33m:[39m error [36minstanceof[39m [33mError[39m [33m?[39m error[33m.[39mmessage [33m:[39m [32m'Unknown error'[39m[33m,[39m
     [90m 365 |[39m       request_id[33m:[39m requestId[33m,[39m[0m

      at invokeNova (src/services/novaClient.ts:362:13)
      at synthesizeVerdict (src/services/novaClient.ts:902:22)
      at VerdictSynthesizer.synthesize (src/orchestration/verdictSynthesizer.ts:42:23)
      at analyzeWithIterativeOrchestration (src/orchestration/iterativeOrchestrationPipeline.ts:236:21)
      at src/orchestration/iterativeOrchestrationPipeline.preservation.test.ts:214:28
      at AsyncProperty.run (node_modules/fast-check/lib/check/property/AsyncProperty.generic.js:49:28)

    console.log
      {"timestamp":"2026-03-13T19:15:39.165Z","level":"INFO","service":"verdictSynthesizer","event":"synthesis_success","classification":"unverified","confidence":0.3,"supported_subclaims":0,"unsupport
ed_subclaims":1}

      at VerdictSynthesizer.logSynthesisSuccess (src/orchestration/verdictSynthesizer.ts:134:13)

    console.log
      {"timestamp":"2026-03-13T19:15:39.166Z","level":"INFO","service":"claimDecomposer","event":"decomposition_start","claim_length":18}

      at ClaimDecomposer.logDecompositionStart (src/orchestration/claimDecomposer.ts:52:13)

    console.log
      {"event":"bedrock_invocation","model":"amazon.nova-lite-v1:0","provider":"AWS Bedrock","request_id":"e8235bbf-71f1-4f39-9d40-6a839a93f275","timestamp":"2026-03-13T19:15:39.166Z"}

      at invokeNova (src/services/novaClient.ts:313:11)

    console.error
      {"event":"bedrock_error","reason":"Unknown error","request_id":"e8235bbf-71f1-4f39-9d40-6a839a93f275","timestamp":"2026-03-13T19:15:39.166Z"}

    [0m [90m 360 |[39m
     [90m 361 |[39m     [90m// Log Bedrock error[39m
    [31m[1m>[22m[39m[90m 362 |[39m     console[33m.[39merror([33mJSON[39m[33m.[39mstringify({
     [90m     |[39m             [31m[1m^[22m[39m
     [90m 363 |[39m       event[33m:[39m [32m'bedrock_error'[39m[33m,[39m
     [90m 364 |[39m       reason[33m:[39m error [36minstanceof[39m [33mError[39m [33m?[39m error[33m.[39mmessage [33m:[39m [32m'Unknown error'[39m[33m,[39m
     [90m 365 |[39m       request_id[33m:[39m requestId[33m,[39m[0m

      at invokeNova (src/services/novaClient.ts:362:13)
      at decomposeClaimToSubclaims (src/services/novaClient.ts:568:22)
      at ClaimDecomposer.decompose (src/orchestration/claimDecomposer.ts:25:29)
      at analyzeWithIterativeOrchestration (src/orchestration/iterativeOrchestrationPipeline.ts:93:27)
      at src/orchestration/iterativeOrchestrationPipeline.preservation.test.ts:214:28
      at AsyncProperty.run (node_modules/fast-check/lib/check/property/AsyncProperty.generic.js:49:28)

    console.log
      {"timestamp":"2026-03-13T19:15:39.166Z","level":"INFO","service":"claimDecomposer","event":"decomposition_success","subclaim_count":1,"subclaim_types":["action"],"subclaim_texts":[")%}D*lW'#~qy\"
{a5Q&"]}

      at ClaimDecomposer.logDecompositionSuccess (src/orchestration/claimDecomposer.ts:67:13)

    console.log
      {"timestamp":"2026-03-13T19:15:39.166Z","level":"INFO","service":"queryGenerator","event":"generation_start","original_claim":")%}D*lW'#~qy\"{a5Q&","subclaim_count":1}

      at QueryGenerator.logGenerationStart (src/orchestration/queryGenerator.ts:119:13)

    console.log
      {"timestamp":"2026-03-13T19:15:39.166Z","level":"INFO","service":"queryGenerator","event":"query_variants_generated","queries_before_dedup":[")%}D*lW'#~qy\"{a5Q&","a5q"],"queries_count":2,"entiti
es_extracted":[],"key_phrases_extracted":["a5q"]}

      at QueryGenerator.generateQueries (src/orchestration/queryGenerator.ts:28:13)

    console.log
      {"timestamp":"2026-03-13T19:15:39.166Z","level":"INFO","service":"queryGenerator","event":"orchestrator_queries_finalized","queries_after_dedup":[")%}D*lW'#~qy\"{a5Q&","a5q"],"queries_count":2,"q
uery_types":["exact","regional"]}

      at QueryGenerator.generateQueries (src/orchestration/queryGenerator.ts:68:13)

    console.log
      {"timestamp":"2026-03-13T19:15:39.166Z","level":"INFO","service":"queryGenerator","event":"generation_success","query_count":2,"query_types":["exact","regional"],"query_texts":[")%}D*lW'#~qy\"{a5
Q&","a5q"]}

      at QueryGenerator.logGenerationSuccess (src/orchestration/queryGenerator.ts:135:13)

    console.log
      {"timestamp":"2026-03-13T19:15:39.167Z","level":"INFO","service":"evidenceOrchestrator","event":"orchestration_start","query_count":2,"max_passes":3}

      at EvidenceOrchestrator.logOrchestrationStart (src/orchestration/evidenceOrchestrator.ts:775:13)

    console.log
      {"timestamp":"2026-03-13T19:15:39.167Z","level":"INFO","service":"evidenceOrchestrator","event":"pass_start","pass_number":1,"query_count":1}

      at EvidenceOrchestrator.logPassStart (src/orchestration/evidenceOrchestrator.ts:791:13)

    console.log
      {"timestamp":"2026-03-13T19:15:39.229Z","level":"INFO","service":"evidenceFilter","event":"filter_start","candidate_count":0}

      at EvidenceFilter.logFilterStart (src/orchestration/evidenceFilter.ts:193:13)

    console.log
      {"timestamp":"2026-03-13T19:15:39.230Z","level":"INFO","service":"evidenceFilter","event":"filter_complete","total_candidates":0,"passed_count":0,"rejected_count":0,"pass_rate":0}

      at EvidenceFilter.logFilterComplete (src/orchestration/evidenceFilter.ts:208:13)

    console.log
      {"timestamp":"2026-03-13T19:15:39.230Z","level":"INFO","service":"evidenceOrchestrator","event":"pass_complete","pass_number":1,"evidence_count":0,"source_classes":[],"average_quality":0,"thresho
ld_met":false}

      at EvidenceOrchestrator.logPassComplete (src/orchestration/evidenceOrchestrator.ts:807:13)

    console.log
      {"timestamp":"2026-03-13T19:15:39.230Z","level":"INFO","service":"evidenceOrchestrator","event":"pass_start","pass_number":2,"query_count":1}

      at EvidenceOrchestrator.logPassStart (src/orchestration/evidenceOrchestrator.ts:791:13)

    console.log
      {"timestamp":"2026-03-13T19:15:39.294Z","level":"INFO","service":"evidenceFilter","event":"filter_start","candidate_count":0}

      at EvidenceFilter.logFilterStart (src/orchestration/evidenceFilter.ts:193:13)

    console.log
      {"timestamp":"2026-03-13T19:15:39.294Z","level":"INFO","service":"evidenceFilter","event":"filter_complete","total_candidates":0,"passed_count":0,"rejected_count":0,"pass_rate":0}

      at EvidenceFilter.logFilterComplete (src/orchestration/evidenceFilter.ts:208:13)

    console.log
      {"timestamp":"2026-03-13T19:15:39.295Z","level":"INFO","service":"evidenceOrchestrator","event":"pass_complete","pass_number":2,"evidence_count":0,"source_classes":[],"average_quality":0,"thresho
ld_met":false}

      at EvidenceOrchestrator.logPassComplete (src/orchestration/evidenceOrchestrator.ts:807:13)

    console.log
      {"timestamp":"2026-03-13T19:15:39.295Z","level":"INFO","service":"evidenceOrchestrator","event":"orchestration_complete","passes_executed":2,"total_evidence":0,"source_classes":[],"average_qualit
y":0,"threshold_met":false}

      at EvidenceOrchestrator.logOrchestrationComplete (src/orchestration/evidenceOrchestrator.ts:826:13)

    console.log
      {"timestamp":"2026-03-13T19:15:39.295Z","level":"INFO","service":"contradictionSearcher","event":"search_start","query_count":0}

      at ContradictionSearcher.logSearchStart (src/orchestration/contradictionSearcher.ts:142:13)

    console.log
      {"timestamp":"2026-03-13T19:15:39.295Z","level":"INFO","service":"verdictSynthesizer","event":"synthesis_start","supporting_count":0,"contradicting_count":0}

      at VerdictSynthesizer.logSynthesisStart (src/orchestration/verdictSynthesizer.ts:118:13)

    console.log
      {"event":"bedrock_invocation","model":"amazon.nova-lite-v1:0","provider":"AWS Bedrock","request_id":"5d8b59ed-1233-40b4-ab3e-b3535ad9b289","timestamp":"2026-03-13T19:15:39.295Z"}

      at invokeNova (src/services/novaClient.ts:313:11)

    console.error
      {"event":"bedrock_error","reason":"Unknown error","request_id":"5d8b59ed-1233-40b4-ab3e-b3535ad9b289","timestamp":"2026-03-13T19:15:39.296Z"}

    [0m [90m 360 |[39m
     [90m 361 |[39m     [90m// Log Bedrock error[39m
    [31m[1m>[22m[39m[90m 362 |[39m     console[33m.[39merror([33mJSON[39m[33m.[39mstringify({
     [90m     |[39m             [31m[1m^[22m[39m
     [90m 363 |[39m       event[33m:[39m [32m'bedrock_error'[39m[33m,[39m
     [90m 364 |[39m       reason[33m:[39m error [36minstanceof[39m [33mError[39m [33m?[39m error[33m.[39mmessage [33m:[39m [32m'Unknown error'[39m[33m,[39m
     [90m 365 |[39m       request_id[33m:[39m requestId[33m,[39m[0m

      at invokeNova (src/services/novaClient.ts:362:13)
      at synthesizeVerdict (src/services/novaClient.ts:902:22)
      at VerdictSynthesizer.synthesize (src/orchestration/verdictSynthesizer.ts:42:23)
      at analyzeWithIterativeOrchestration (src/orchestration/iterativeOrchestrationPipeline.ts:236:21)
      at src/orchestration/iterativeOrchestrationPipeline.preservation.test.ts:214:28
      at AsyncProperty.run (node_modules/fast-check/lib/check/property/AsyncProperty.generic.js:49:28)

    console.log
      {"timestamp":"2026-03-13T19:15:39.296Z","level":"INFO","service":"verdictSynthesizer","event":"synthesis_success","classification":"unverified","confidence":0.3,"supported_subclaims":0,"unsupport
ed_subclaims":1}

      at VerdictSynthesizer.logSynthesisSuccess (src/orchestration/verdictSynthesizer.ts:134:13)

    console.log
      {"timestamp":"2026-03-13T19:15:39.297Z","level":"INFO","service":"claimDecomposer","event":"decomposition_start","claim_length":11}

      at ClaimDecomposer.logDecompositionStart (src/orchestration/claimDecomposer.ts:52:13)

    console.log
      {"event":"bedrock_invocation","model":"amazon.nova-lite-v1:0","provider":"AWS Bedrock","request_id":"357c545e-da40-4523-a9e5-90d4c361b485","timestamp":"2026-03-13T19:15:39.297Z"}

      at invokeNova (src/services/novaClient.ts:313:11)

    console.error
      {"event":"bedrock_error","reason":"Unknown error","request_id":"357c545e-da40-4523-a9e5-90d4c361b485","timestamp":"2026-03-13T19:15:39.298Z"}

    [0m [90m 360 |[39m
     [90m 361 |[39m     [90m// Log Bedrock error[39m
    [31m[1m>[22m[39m[90m 362 |[39m     console[33m.[39merror([33mJSON[39m[33m.[39mstringify({
     [90m     |[39m             [31m[1m^[22m[39m
     [90m 363 |[39m       event[33m:[39m [32m'bedrock_error'[39m[33m,[39m
     [90m 364 |[39m       reason[33m:[39m error [36minstanceof[39m [33mError[39m [33m?[39m error[33m.[39mmessage [33m:[39m [32m'Unknown error'[39m[33m,[39m
     [90m 365 |[39m       request_id[33m:[39m requestId[33m,[39m[0m

      at invokeNova (src/services/novaClient.ts:362:13)
      at decomposeClaimToSubclaims (src/services/novaClient.ts:568:22)
      at ClaimDecomposer.decompose (src/orchestration/claimDecomposer.ts:25:29)
      at analyzeWithIterativeOrchestration (src/orchestration/iterativeOrchestrationPipeline.ts:93:27)
      at src/orchestration/iterativeOrchestrationPipeline.preservation.test.ts:214:28
      at AsyncProperty.run (node_modules/fast-check/lib/check/property/AsyncProperty.generic.js:49:28)

    console.log
      {"timestamp":"2026-03-13T19:15:39.298Z","level":"INFO","service":"claimDecomposer","event":"decomposition_success","subclaim_count":1,"subclaim_types":["action"],"subclaim_texts":["r__zpropert"]}

      at ClaimDecomposer.logDecompositionSuccess (src/orchestration/claimDecomposer.ts:67:13)

    console.log
      {"timestamp":"2026-03-13T19:15:39.298Z","level":"INFO","service":"queryGenerator","event":"generation_start","original_claim":"r__zpropert","subclaim_count":1}

      at QueryGenerator.logGenerationStart (src/orchestration/queryGenerator.ts:119:13)

    console.log
      {"timestamp":"2026-03-13T19:15:39.298Z","level":"INFO","service":"queryGenerator","event":"query_variants_generated","queries_before_dedup":["r__zpropert"],"queries_count":1,"entities_extracted":
[],"key_phrases_extracted":["r__zpropert"]}

      at QueryGenerator.generateQueries (src/orchestration/queryGenerator.ts:28:13)

    console.log
      {"timestamp":"2026-03-13T19:15:39.298Z","level":"INFO","service":"queryGenerator","event":"orchestrator_queries_finalized","queries_after_dedup":["r__zpropert"],"queries_count":1,"query_types":["
exact"]}

      at QueryGenerator.generateQueries (src/orchestration/queryGenerator.ts:68:13)

    console.log
      {"timestamp":"2026-03-13T19:15:39.298Z","level":"INFO","service":"queryGenerator","event":"generation_success","query_count":1,"query_types":["exact"],"query_texts":["r__zpropert"]}

      at QueryGenerator.logGenerationSuccess (src/orchestration/queryGenerator.ts:135:13)

    console.log
      {"timestamp":"2026-03-13T19:15:39.298Z","level":"INFO","service":"evidenceOrchestrator","event":"orchestration_start","query_count":1,"max_passes":3}

      at EvidenceOrchestrator.logOrchestrationStart (src/orchestration/evidenceOrchestrator.ts:775:13)

    console.log
      {"timestamp":"2026-03-13T19:15:39.298Z","level":"INFO","service":"evidenceOrchestrator","event":"pass_start","pass_number":1,"query_count":1}

      at EvidenceOrchestrator.logPassStart (src/orchestration/evidenceOrchestrator.ts:791:13)

    console.log
      {"timestamp":"2026-03-13T19:15:39.377Z","level":"INFO","service":"evidenceFilter","event":"filter_start","candidate_count":0}

      at EvidenceFilter.logFilterStart (src/orchestration/evidenceFilter.ts:193:13)

    console.log
      {"timestamp":"2026-03-13T19:15:39.378Z","level":"INFO","service":"evidenceFilter","event":"filter_complete","total_candidates":0,"passed_count":0,"rejected_count":0,"pass_rate":0}

      at EvidenceFilter.logFilterComplete (src/orchestration/evidenceFilter.ts:208:13)

    console.log
      {"timestamp":"2026-03-13T19:15:39.378Z","level":"INFO","service":"evidenceOrchestrator","event":"pass_complete","pass_number":1,"evidence_count":0,"source_classes":[],"average_quality":0,"thresho
ld_met":false}

      at EvidenceOrchestrator.logPassComplete (src/orchestration/evidenceOrchestrator.ts:807:13)

    console.log
      {"timestamp":"2026-03-13T19:15:39.378Z","level":"INFO","service":"evidenceOrchestrator","event":"pass_start","pass_number":2,"query_count":0}

      at EvidenceOrchestrator.logPassStart (src/orchestration/evidenceOrchestrator.ts:791:13)

    console.log
      {"timestamp":"2026-03-13T19:15:39.440Z","level":"INFO","service":"evidenceFilter","event":"filter_start","candidate_count":0}

      at EvidenceFilter.logFilterStart (src/orchestration/evidenceFilter.ts:193:13)

    console.log
      {"timestamp":"2026-03-13T19:15:39.440Z","level":"INFO","service":"evidenceFilter","event":"filter_complete","total_candidates":0,"passed_count":0,"rejected_count":0,"pass_rate":0}

      at EvidenceFilter.logFilterComplete (src/orchestration/evidenceFilter.ts:208:13)

    console.log
      {"timestamp":"2026-03-13T19:15:39.440Z","level":"INFO","service":"evidenceOrchestrator","event":"pass_complete","pass_number":2,"evidence_count":0,"source_classes":[],"average_quality":0,"thresho
ld_met":false}

      at EvidenceOrchestrator.logPassComplete (src/orchestration/evidenceOrchestrator.ts:807:13)

    console.log
      {"timestamp":"2026-03-13T19:15:39.440Z","level":"INFO","service":"evidenceOrchestrator","event":"orchestration_complete","passes_executed":2,"total_evidence":0,"source_classes":[],"average_qualit
y":0,"threshold_met":false}

      at EvidenceOrchestrator.logOrchestrationComplete (src/orchestration/evidenceOrchestrator.ts:826:13)

    console.log
      {"timestamp":"2026-03-13T19:15:39.441Z","level":"INFO","service":"contradictionSearcher","event":"search_start","query_count":0}

      at ContradictionSearcher.logSearchStart (src/orchestration/contradictionSearcher.ts:142:13)

    console.log
      {"timestamp":"2026-03-13T19:15:39.441Z","level":"INFO","service":"verdictSynthesizer","event":"synthesis_start","supporting_count":0,"contradicting_count":0}

      at VerdictSynthesizer.logSynthesisStart (src/orchestration/verdictSynthesizer.ts:118:13)

    console.log
      {"event":"bedrock_invocation","model":"amazon.nova-lite-v1:0","provider":"AWS Bedrock","request_id":"4b420957-b3d5-4754-a1c4-bf9307c8caa6","timestamp":"2026-03-13T19:15:39.441Z"}

      at invokeNova (src/services/novaClient.ts:313:11)

    console.error
      {"event":"bedrock_error","reason":"Unknown error","request_id":"4b420957-b3d5-4754-a1c4-bf9307c8caa6","timestamp":"2026-03-13T19:15:39.441Z"}

    [0m [90m 360 |[39m
     [90m 361 |[39m     [90m// Log Bedrock error[39m
    [31m[1m>[22m[39m[90m 362 |[39m     console[33m.[39merror([33mJSON[39m[33m.[39mstringify({
     [90m     |[39m             [31m[1m^[22m[39m
     [90m 363 |[39m       event[33m:[39m [32m'bedrock_error'[39m[33m,[39m
     [90m 364 |[39m       reason[33m:[39m error [36minstanceof[39m [33mError[39m [33m?[39m error[33m.[39mmessage [33m:[39m [32m'Unknown error'[39m[33m,[39m
     [90m 365 |[39m       request_id[33m:[39m requestId[33m,[39m[0m

      at invokeNova (src/services/novaClient.ts:362:13)
      at synthesizeVerdict (src/services/novaClient.ts:902:22)
      at VerdictSynthesizer.synthesize (src/orchestration/verdictSynthesizer.ts:42:23)
      at analyzeWithIterativeOrchestration (src/orchestration/iterativeOrchestrationPipeline.ts:236:21)
      at src/orchestration/iterativeOrchestrationPipeline.preservation.test.ts:214:28
      at AsyncProperty.run (node_modules/fast-check/lib/check/property/AsyncProperty.generic.js:49:28)

    console.log
      {"timestamp":"2026-03-13T19:15:39.441Z","level":"INFO","service":"verdictSynthesizer","event":"synthesis_success","classification":"unverified","confidence":0.3,"supported_subclaims":0,"unsupport
ed_subclaims":1}

      at VerdictSynthesizer.logSynthesisSuccess (src/orchestration/verdictSynthesizer.ts:134:13)

    console.log
      {"timestamp":"2026-03-13T19:15:39.442Z","level":"INFO","service":"claimDecomposer","event":"decomposition_start","claim_length":20}

      at ClaimDecomposer.logDecompositionStart (src/orchestration/claimDecomposer.ts:52:13)

    console.log
      {"event":"bedrock_invocation","model":"amazon.nova-lite-v1:0","provider":"AWS Bedrock","request_id":"f30c0e81-ed44-433f-91a6-955475ddba8d","timestamp":"2026-03-13T19:15:39.442Z"}

      at invokeNova (src/services/novaClient.ts:313:11)

    console.error
      {"event":"bedrock_error","reason":"Unknown error","request_id":"f30c0e81-ed44-433f-91a6-955475ddba8d","timestamp":"2026-03-13T19:15:39.442Z"}

    [0m [90m 360 |[39m
     [90m 361 |[39m     [90m// Log Bedrock error[39m
    [31m[1m>[22m[39m[90m 362 |[39m     console[33m.[39merror([33mJSON[39m[33m.[39mstringify({
     [90m     |[39m             [31m[1m^[22m[39m
     [90m 363 |[39m       event[33m:[39m [32m'bedrock_error'[39m[33m,[39m
     [90m 364 |[39m       reason[33m:[39m error [36minstanceof[39m [33mError[39m [33m?[39m error[33m.[39mmessage [33m:[39m [32m'Unknown error'[39m[33m,[39m
     [90m 365 |[39m       request_id[33m:[39m requestId[33m,[39m[0m

      at invokeNova (src/services/novaClient.ts:362:13)
      at decomposeClaimToSubclaims (src/services/novaClient.ts:568:22)
      at ClaimDecomposer.decompose (src/orchestration/claimDecomposer.ts:25:29)
      at analyzeWithIterativeOrchestration (src/orchestration/iterativeOrchestrationPipeline.ts:93:27)
      at src/orchestration/iterativeOrchestrationPipeline.preservation.test.ts:214:28
      at AsyncProperty.run (node_modules/fast-check/lib/check/property/AsyncProperty.generic.js:49:28)

    console.log
      {"timestamp":"2026-03-13T19:15:39.443Z","level":"INFO","service":"claimDecomposer","event":"decomposition_success","subclaim_count":1,"subclaim_types":["action"],"subclaim_texts":["i]-zL1hqZ4aL<R
Ey4|<M"]}

      at ClaimDecomposer.logDecompositionSuccess (src/orchestration/claimDecomposer.ts:67:13)

    console.log
      {"timestamp":"2026-03-13T19:15:39.443Z","level":"INFO","service":"queryGenerator","event":"generation_start","original_claim":"i]-zL1hqZ4aL<REy4|<M","subclaim_count":1}

      at QueryGenerator.logGenerationStart (src/orchestration/queryGenerator.ts:119:13)

    console.log
      {"timestamp":"2026-03-13T19:15:39.443Z","level":"INFO","service":"queryGenerator","event":"query_variants_generated","queries_before_dedup":["i]-zL1hqZ4aL<REy4|<M","zl1hqz4al rey4","what is 
zl1hqz4al rey4"],"queries_count":3,"entities_extracted":[],"key_phrases_extracted":["zl1hqz4al","rey4"]}

      at QueryGenerator.generateQueries (src/orchestration/queryGenerator.ts:28:13)

    console.log
      {"timestamp":"2026-03-13T19:15:39.443Z","level":"INFO","service":"queryGenerator","event":"orchestrator_queries_finalized","queries_after_dedup":["i]-zL1hqZ4aL<REy4|<M","zl1hqz4al rey4","what is 
zl1hqz4al rey4"],"queries_count":3,"query_types":["exact","regional","fact_check"]}

      at QueryGenerator.generateQueries (src/orchestration/queryGenerator.ts:68:13)

    console.log
      {"timestamp":"2026-03-13T19:15:39.443Z","level":"INFO","service":"queryGenerator","event":"generation_success","query_count":3,"query_types":["exact","regional","fact_check"],"query_texts":["i]-z
L1hqZ4aL<REy4|<M","zl1hqz4al rey4","what is zl1hqz4al rey4"]}

      at QueryGenerator.logGenerationSuccess (src/orchestration/queryGenerator.ts:135:13)

    console.log
      {"timestamp":"2026-03-13T19:15:39.443Z","level":"INFO","service":"evidenceOrchestrator","event":"orchestration_start","query_count":3,"max_passes":3}

      at EvidenceOrchestrator.logOrchestrationStart (src/orchestration/evidenceOrchestrator.ts:775:13)

    console.log
      {"timestamp":"2026-03-13T19:15:39.443Z","level":"INFO","service":"evidenceOrchestrator","event":"pass_start","pass_number":1,"query_count":1}

      at EvidenceOrchestrator.logPassStart (src/orchestration/evidenceOrchestrator.ts:791:13)

    console.log
      {"timestamp":"2026-03-13T19:15:39.510Z","level":"INFO","service":"evidenceFilter","event":"filter_start","candidate_count":0}

      at EvidenceFilter.logFilterStart (src/orchestration/evidenceFilter.ts:193:13)

    console.log
      {"timestamp":"2026-03-13T19:15:39.511Z","level":"INFO","service":"evidenceFilter","event":"filter_complete","total_candidates":0,"passed_count":0,"rejected_count":0,"pass_rate":0}

      at EvidenceFilter.logFilterComplete (src/orchestration/evidenceFilter.ts:208:13)

    console.log
      {"timestamp":"2026-03-13T19:15:39.511Z","level":"INFO","service":"evidenceOrchestrator","event":"pass_complete","pass_number":1,"evidence_count":0,"source_classes":[],"average_quality":0,"thresho
ld_met":false}

      at EvidenceOrchestrator.logPassComplete (src/orchestration/evidenceOrchestrator.ts:807:13)

    console.log
      {"timestamp":"2026-03-13T19:15:39.511Z","level":"INFO","service":"evidenceOrchestrator","event":"pass_start","pass_number":2,"query_count":2}

      at EvidenceOrchestrator.logPassStart (src/orchestration/evidenceOrchestrator.ts:791:13)

    console.log
      {"timestamp":"2026-03-13T19:15:39.594Z","level":"INFO","service":"evidenceFilter","event":"filter_start","candidate_count":0}

      at EvidenceFilter.logFilterStart (src/orchestration/evidenceFilter.ts:193:13)

    console.log
      {"timestamp":"2026-03-13T19:15:39.595Z","level":"INFO","service":"evidenceFilter","event":"filter_complete","total_candidates":0,"passed_count":0,"rejected_count":0,"pass_rate":0}

      at EvidenceFilter.logFilterComplete (src/orchestration/evidenceFilter.ts:208:13)

    console.log
      {"timestamp":"2026-03-13T19:15:39.595Z","level":"INFO","service":"evidenceOrchestrator","event":"pass_complete","pass_number":2,"evidence_count":0,"source_classes":[],"average_quality":0,"thresho
ld_met":false}

      at EvidenceOrchestrator.logPassComplete (src/orchestration/evidenceOrchestrator.ts:807:13)

    console.log
      {"timestamp":"2026-03-13T19:15:39.595Z","level":"INFO","service":"evidenceOrchestrator","event":"orchestration_complete","passes_executed":2,"total_evidence":0,"source_classes":[],"average_qualit
y":0,"threshold_met":false}

      at EvidenceOrchestrator.logOrchestrationComplete (src/orchestration/evidenceOrchestrator.ts:826:13)

    console.log
      {"timestamp":"2026-03-13T19:15:39.595Z","level":"INFO","service":"contradictionSearcher","event":"search_start","query_count":0}

      at ContradictionSearcher.logSearchStart (src/orchestration/contradictionSearcher.ts:142:13)

    console.log
      {"timestamp":"2026-03-13T19:15:39.595Z","level":"INFO","service":"verdictSynthesizer","event":"synthesis_start","supporting_count":0,"contradicting_count":0}

      at VerdictSynthesizer.logSynthesisStart (src/orchestration/verdictSynthesizer.ts:118:13)

    console.log
      {"event":"bedrock_invocation","model":"amazon.nova-lite-v1:0","provider":"AWS Bedrock","request_id":"ac7d2995-0fab-4104-adca-77633750e999","timestamp":"2026-03-13T19:15:39.595Z"}

      at invokeNova (src/services/novaClient.ts:313:11)

    console.error
      {"event":"bedrock_error","reason":"Unknown error","request_id":"ac7d2995-0fab-4104-adca-77633750e999","timestamp":"2026-03-13T19:15:39.596Z"}

    [0m [90m 360 |[39m
     [90m 361 |[39m     [90m// Log Bedrock error[39m
    [31m[1m>[22m[39m[90m 362 |[39m     console[33m.[39merror([33mJSON[39m[33m.[39mstringify({
     [90m     |[39m             [31m[1m^[22m[39m
     [90m 363 |[39m       event[33m:[39m [32m'bedrock_error'[39m[33m,[39m
     [90m 364 |[39m       reason[33m:[39m error [36minstanceof[39m [33mError[39m [33m?[39m error[33m.[39mmessage [33m:[39m [32m'Unknown error'[39m[33m,[39m
     [90m 365 |[39m       request_id[33m:[39m requestId[33m,[39m[0m

      at invokeNova (src/services/novaClient.ts:362:13)
      at synthesizeVerdict (src/services/novaClient.ts:902:22)
      at VerdictSynthesizer.synthesize (src/orchestration/verdictSynthesizer.ts:42:23)
      at analyzeWithIterativeOrchestration (src/orchestration/iterativeOrchestrationPipeline.ts:236:21)
      at src/orchestration/iterativeOrchestrationPipeline.preservation.test.ts:214:28
      at AsyncProperty.run (node_modules/fast-check/lib/check/property/AsyncProperty.generic.js:49:28)

    console.log
      {"timestamp":"2026-03-13T19:15:39.596Z","level":"INFO","service":"verdictSynthesizer","event":"synthesis_success","classification":"unverified","confidence":0.3,"supported_subclaims":0,"unsupport
ed_subclaims":1}

      at VerdictSynthesizer.logSynthesisSuccess (src/orchestration/verdictSynthesizer.ts:134:13)

    console.log
      {"timestamp":"2026-03-13T19:15:39.596Z","level":"INFO","service":"claimDecomposer","event":"decomposition_start","claim_length":11}

      at ClaimDecomposer.logDecompositionStart (src/orchestration/claimDecomposer.ts:52:13)

    console.log
      {"event":"bedrock_invocation","model":"amazon.nova-lite-v1:0","provider":"AWS Bedrock","request_id":"695f1726-c807-45ba-b0a3-3f7993f87021","timestamp":"2026-03-13T19:15:39.597Z"}

      at invokeNova (src/services/novaClient.ts:313:11)

    console.error
      {"event":"bedrock_error","reason":"Unknown error","request_id":"695f1726-c807-45ba-b0a3-3f7993f87021","timestamp":"2026-03-13T19:15:39.597Z"}

    [0m [90m 360 |[39m
     [90m 361 |[39m     [90m// Log Bedrock error[39m
    [31m[1m>[22m[39m[90m 362 |[39m     console[33m.[39merror([33mJSON[39m[33m.[39mstringify({
     [90m     |[39m             [31m[1m^[22m[39m
     [90m 363 |[39m       event[33m:[39m [32m'bedrock_error'[39m[33m,[39m
     [90m 364 |[39m       reason[33m:[39m error [36minstanceof[39m [33mError[39m [33m?[39m error[33m.[39mmessage [33m:[39m [32m'Unknown error'[39m[33m,[39m
     [90m 365 |[39m       request_id[33m:[39m requestId[33m,[39m[0m

      at invokeNova (src/services/novaClient.ts:362:13)
      at decomposeClaimToSubclaims (src/services/novaClient.ts:568:22)
      at ClaimDecomposer.decompose (src/orchestration/claimDecomposer.ts:25:29)
      at analyzeWithIterativeOrchestration (src/orchestration/iterativeOrchestrationPipeline.ts:93:27)
      at src/orchestration/iterativeOrchestrationPipeline.preservation.test.ts:214:28
      at AsyncProperty.run (node_modules/fast-check/lib/check/property/AsyncProperty.generic.js:49:28)

    console.log
      
{"timestamp":"2026-03-13T19:15:39.597Z","level":"INFO","service":"claimDecomposer","event":"decomposition_success","subclaim_count":1,"subclaim_types":["action"],"subclaim_texts":["LVG1}/N\"naS"]}

      at ClaimDecomposer.logDecompositionSuccess (src/orchestration/claimDecomposer.ts:67:13)

    console.log
      {"timestamp":"2026-03-13T19:15:39.597Z","level":"INFO","service":"queryGenerator","event":"generation_start","original_claim":"LVG1}/N\"naS","subclaim_count":1}

      at QueryGenerator.logGenerationStart (src/orchestration/queryGenerator.ts:119:13)

    console.log
      {"timestamp":"2026-03-13T19:15:39.597Z","level":"INFO","service":"queryGenerator","event":"query_variants_generated","queries_before_dedup":["LVG1}/N\"naS","lvg1 nas","what is lvg1 
nas"],"queries_count":3,"entities_extracted":[],"key_phrases_extracted":["lvg1","nas"]}

      at QueryGenerator.generateQueries (src/orchestration/queryGenerator.ts:28:13)

    console.log
      {"timestamp":"2026-03-13T19:15:39.597Z","level":"INFO","service":"queryGenerator","event":"orchestrator_queries_finalized","queries_after_dedup":["LVG1}/N\"naS","lvg1 nas","what is lvg1 
nas"],"queries_count":3,"query_types":["exact","regional","fact_check"]}

      at QueryGenerator.generateQueries (src/orchestration/queryGenerator.ts:68:13)

    console.log
      {"timestamp":"2026-03-13T19:15:39.597Z","level":"INFO","service":"queryGenerator","event":"generation_success","query_count":3,"query_types":["exact","regional","fact_check"],"query_texts":["LVG1
}/N\"naS","lvg1 nas","what is lvg1 nas"]}

      at QueryGenerator.logGenerationSuccess (src/orchestration/queryGenerator.ts:135:13)

    console.log
      {"timestamp":"2026-03-13T19:15:39.598Z","level":"INFO","service":"evidenceOrchestrator","event":"orchestration_start","query_count":3,"max_passes":3}

      at EvidenceOrchestrator.logOrchestrationStart (src/orchestration/evidenceOrchestrator.ts:775:13)

    console.log
      {"timestamp":"2026-03-13T19:15:39.598Z","level":"INFO","service":"evidenceOrchestrator","event":"pass_start","pass_number":1,"query_count":1}

      at EvidenceOrchestrator.logPassStart (src/orchestration/evidenceOrchestrator.ts:791:13)

    console.log
      {"timestamp":"2026-03-13T19:15:39.695Z","level":"INFO","service":"evidenceFilter","event":"filter_start","candidate_count":0}

      at EvidenceFilter.logFilterStart (src/orchestration/evidenceFilter.ts:193:13)

    console.log
      {"timestamp":"2026-03-13T19:15:39.696Z","level":"INFO","service":"evidenceFilter","event":"filter_complete","total_candidates":0,"passed_count":0,"rejected_count":0,"pass_rate":0}

      at EvidenceFilter.logFilterComplete (src/orchestration/evidenceFilter.ts:208:13)

    console.log
      {"timestamp":"2026-03-13T19:15:39.696Z","level":"INFO","service":"evidenceOrchestrator","event":"pass_complete","pass_number":1,"evidence_count":0,"source_classes":[],"average_quality":0,"thresho
ld_met":false}

      at EvidenceOrchestrator.logPassComplete (src/orchestration/evidenceOrchestrator.ts:807:13)

    console.log
      {"timestamp":"2026-03-13T19:15:39.696Z","level":"INFO","service":"evidenceOrchestrator","event":"pass_start","pass_number":2,"query_count":2}

      at EvidenceOrchestrator.logPassStart (src/orchestration/evidenceOrchestrator.ts:791:13)

    console.log
      {"timestamp":"2026-03-13T19:15:39.780Z","level":"INFO","service":"evidenceFilter","event":"filter_start","candidate_count":0}

      at EvidenceFilter.logFilterStart (src/orchestration/evidenceFilter.ts:193:13)

    console.log
      {"timestamp":"2026-03-13T19:15:39.781Z","level":"INFO","service":"evidenceFilter","event":"filter_complete","total_candidates":0,"passed_count":0,"rejected_count":0,"pass_rate":0}

      at EvidenceFilter.logFilterComplete (src/orchestration/evidenceFilter.ts:208:13)

    console.log
      {"timestamp":"2026-03-13T19:15:39.781Z","level":"INFO","service":"evidenceOrchestrator","event":"pass_complete","pass_number":2,"evidence_count":0,"source_classes":[],"average_quality":0,"thresho
ld_met":false}

      at EvidenceOrchestrator.logPassComplete (src/orchestration/evidenceOrchestrator.ts:807:13)

    console.log
      {"timestamp":"2026-03-13T19:15:39.781Z","level":"INFO","service":"evidenceOrchestrator","event":"orchestration_complete","passes_executed":2,"total_evidence":0,"source_classes":[],"average_qualit
y":0,"threshold_met":false}

      at EvidenceOrchestrator.logOrchestrationComplete (src/orchestration/evidenceOrchestrator.ts:826:13)

    console.log
      {"timestamp":"2026-03-13T19:15:39.781Z","level":"INFO","service":"contradictionSearcher","event":"search_start","query_count":0}

      at ContradictionSearcher.logSearchStart (src/orchestration/contradictionSearcher.ts:142:13)

    console.log
      {"timestamp":"2026-03-13T19:15:39.781Z","level":"INFO","service":"verdictSynthesizer","event":"synthesis_start","supporting_count":0,"contradicting_count":0}

      at VerdictSynthesizer.logSynthesisStart (src/orchestration/verdictSynthesizer.ts:118:13)

    console.log
      {"event":"bedrock_invocation","model":"amazon.nova-lite-v1:0","provider":"AWS Bedrock","request_id":"63232b25-a52e-46a2-8bcd-0f209c999966","timestamp":"2026-03-13T19:15:39.781Z"}

      at invokeNova (src/services/novaClient.ts:313:11)

    console.error
      {"event":"bedrock_error","reason":"Unknown error","request_id":"63232b25-a52e-46a2-8bcd-0f209c999966","timestamp":"2026-03-13T19:15:39.782Z"}

    [0m [90m 360 |[39m
     [90m 361 |[39m     [90m// Log Bedrock error[39m
    [31m[1m>[22m[39m[90m 362 |[39m     console[33m.[39merror([33mJSON[39m[33m.[39mstringify({
     [90m     |[39m             [31m[1m^[22m[39m
     [90m 363 |[39m       event[33m:[39m [32m'bedrock_error'[39m[33m,[39m
     [90m 364 |[39m       reason[33m:[39m error [36minstanceof[39m [33mError[39m [33m?[39m error[33m.[39mmessage [33m:[39m [32m'Unknown error'[39m[33m,[39m
     [90m 365 |[39m       request_id[33m:[39m requestId[33m,[39m[0m

      at invokeNova (src/services/novaClient.ts:362:13)
      at synthesizeVerdict (src/services/novaClient.ts:902:22)
      at VerdictSynthesizer.synthesize (src/orchestration/verdictSynthesizer.ts:42:23)
      at analyzeWithIterativeOrchestration (src/orchestration/iterativeOrchestrationPipeline.ts:236:21)
      at src/orchestration/iterativeOrchestrationPipeline.preservation.test.ts:214:28
      at AsyncProperty.run (node_modules/fast-check/lib/check/property/AsyncProperty.generic.js:49:28)

    console.log
      {"timestamp":"2026-03-13T19:15:39.782Z","level":"INFO","service":"verdictSynthesizer","event":"synthesis_success","classification":"unverified","confidence":0.3,"supported_subclaims":0,"unsupport
ed_subclaims":1}

      at VerdictSynthesizer.logSynthesisSuccess (src/orchestration/verdictSynthesizer.ts:134:13)

    console.log
      {"timestamp":"2026-03-13T19:15:39.783Z","level":"INFO","service":"claimDecomposer","event":"decomposition_start","claim_length":21}

      at ClaimDecomposer.logDecompositionStart (src/orchestration/claimDecomposer.ts:52:13)

    console.log
      {"event":"bedrock_invocation","model":"amazon.nova-lite-v1:0","provider":"AWS Bedrock","request_id":"651b3f7c-38cd-4201-adb5-5fd40e138909","timestamp":"2026-03-13T19:15:39.783Z"}

      at invokeNova (src/services/novaClient.ts:313:11)

    console.error
      {"event":"bedrock_error","reason":"Unknown error","request_id":"651b3f7c-38cd-4201-adb5-5fd40e138909","timestamp":"2026-03-13T19:15:39.783Z"}

    [0m [90m 360 |[39m
     [90m 361 |[39m     [90m// Log Bedrock error[39m
    [31m[1m>[22m[39m[90m 362 |[39m     console[33m.[39merror([33mJSON[39m[33m.[39mstringify({
     [90m     |[39m             [31m[1m^[22m[39m
     [90m 363 |[39m       event[33m:[39m [32m'bedrock_error'[39m[33m,[39m
     [90m 364 |[39m       reason[33m:[39m error [36minstanceof[39m [33mError[39m [33m?[39m error[33m.[39mmessage [33m:[39m [32m'Unknown error'[39m[33m,[39m
     [90m 365 |[39m       request_id[33m:[39m requestId[33m,[39m[0m

      at invokeNova (src/services/novaClient.ts:362:13)
      at decomposeClaimToSubclaims (src/services/novaClient.ts:568:22)
      at ClaimDecomposer.decompose (src/orchestration/claimDecomposer.ts:25:29)
      at analyzeWithIterativeOrchestration (src/orchestration/iterativeOrchestrationPipeline.ts:93:27)
      at src/orchestration/iterativeOrchestrationPipeline.preservation.test.ts:214:28
      at AsyncProperty.run (node_modules/fast-check/lib/check/property/AsyncProperty.generic.js:49:28)

    console.log
      {"timestamp":"2026-03-13T19:15:39.783Z","level":"INFO","service":"claimDecomposer","event":"decomposition_success","subclaim_count":1,"subclaim_types":["action"],"subclaim_texts":["-:NP,{{'eDea.E
[U'Tm$7"]}

      at ClaimDecomposer.logDecompositionSuccess (src/orchestration/claimDecomposer.ts:67:13)

    console.log
      {"timestamp":"2026-03-13T19:15:39.783Z","level":"INFO","service":"queryGenerator","event":"generation_start","original_claim":"-:NP,{{'eDea.E[U'Tm$7","subclaim_count":1}

      at QueryGenerator.logGenerationStart (src/orchestration/queryGenerator.ts:119:13)

    console.log
      {"timestamp":"2026-03-13T19:15:39.783Z","level":"INFO","service":"queryGenerator","event":"query_variants_generated","queries_before_dedup":["-:NP,{{'eDea.E[U'Tm$7","Tm news","Tm 
edea"],"queries_count":3,"entities_extracted":["Tm"],"key_phrases_extracted":["edea"]}

      at QueryGenerator.generateQueries (src/orchestration/queryGenerator.ts:28:13)

    console.log
      {"timestamp":"2026-03-13T19:15:39.783Z","level":"INFO","service":"queryGenerator","event":"orchestrator_queries_finalized","queries_after_dedup":["-:NP,{{'eDea.E[U'Tm$7","Tm news","Tm 
edea"],"queries_count":3,"query_types":["exact","date_sensitive","entity_action"]}

      at QueryGenerator.generateQueries (src/orchestration/queryGenerator.ts:68:13)

    console.log
      {"timestamp":"2026-03-13T19:15:39.783Z","level":"INFO","service":"queryGenerator","event":"generation_success","query_count":3,"query_types":["exact","date_sensitive","entity_action"],"query_text
s":["-:NP,{{'eDea.E[U'Tm$7","Tm news","Tm edea"]}

      at QueryGenerator.logGenerationSuccess (src/orchestration/queryGenerator.ts:135:13)

    console.log
      {"timestamp":"2026-03-13T19:15:39.784Z","level":"INFO","service":"evidenceOrchestrator","event":"orchestration_start","query_count":3,"max_passes":3}

      at EvidenceOrchestrator.logOrchestrationStart (src/orchestration/evidenceOrchestrator.ts:775:13)

    console.log
      {"timestamp":"2026-03-13T19:15:39.784Z","level":"INFO","service":"evidenceOrchestrator","event":"pass_start","pass_number":1,"query_count":3}

      at EvidenceOrchestrator.logPassStart (src/orchestration/evidenceOrchestrator.ts:791:13)

    console.log
      {"timestamp":"2026-03-13T19:15:39.845Z","level":"INFO","service":"evidenceFilter","event":"filter_start","candidate_count":0}

      at EvidenceFilter.logFilterStart (src/orchestration/evidenceFilter.ts:193:13)

    console.log
      {"timestamp":"2026-03-13T19:15:39.845Z","level":"INFO","service":"evidenceFilter","event":"filter_complete","total_candidates":0,"passed_count":0,"rejected_count":0,"pass_rate":0}

      at EvidenceFilter.logFilterComplete (src/orchestration/evidenceFilter.ts:208:13)

    console.log
      {"timestamp":"2026-03-13T19:15:39.846Z","level":"INFO","service":"evidenceOrchestrator","event":"pass_complete","pass_number":1,"evidence_count":0,"source_classes":[],"average_quality":0,"thresho
ld_met":false}

      at EvidenceOrchestrator.logPassComplete (src/orchestration/evidenceOrchestrator.ts:807:13)

    console.log
      {"timestamp":"2026-03-13T19:15:39.846Z","level":"INFO","service":"evidenceOrchestrator","event":"pass_start","pass_number":2,"query_count":0}

      at EvidenceOrchestrator.logPassStart (src/orchestration/evidenceOrchestrator.ts:791:13)

    console.log
      {"timestamp":"2026-03-13T19:15:39.927Z","level":"INFO","service":"evidenceFilter","event":"filter_start","candidate_count":0}

      at EvidenceFilter.logFilterStart (src/orchestration/evidenceFilter.ts:193:13)

    console.log
      {"timestamp":"2026-03-13T19:15:39.927Z","level":"INFO","service":"evidenceFilter","event":"filter_complete","total_candidates":0,"passed_count":0,"rejected_count":0,"pass_rate":0}

      at EvidenceFilter.logFilterComplete (src/orchestration/evidenceFilter.ts:208:13)

    console.log
      {"timestamp":"2026-03-13T19:15:39.927Z","level":"INFO","service":"evidenceOrchestrator","event":"pass_complete","pass_number":2,"evidence_count":0,"source_classes":[],"average_quality":0,"thresho
ld_met":false}

      at EvidenceOrchestrator.logPassComplete (src/orchestration/evidenceOrchestrator.ts:807:13)

    console.log
      {"timestamp":"2026-03-13T19:15:39.927Z","level":"INFO","service":"evidenceOrchestrator","event":"orchestration_complete","passes_executed":2,"total_evidence":0,"source_classes":[],"average_qualit
y":0,"threshold_met":false}

      at EvidenceOrchestrator.logOrchestrationComplete (src/orchestration/evidenceOrchestrator.ts:826:13)

    console.log
      {"timestamp":"2026-03-13T19:15:39.927Z","level":"INFO","service":"contradictionSearcher","event":"search_start","query_count":0}

      at ContradictionSearcher.logSearchStart (src/orchestration/contradictionSearcher.ts:142:13)

    console.log
      {"timestamp":"2026-03-13T19:15:39.928Z","level":"INFO","service":"verdictSynthesizer","event":"synthesis_start","supporting_count":0,"contradicting_count":0}

      at VerdictSynthesizer.logSynthesisStart (src/orchestration/verdictSynthesizer.ts:118:13)

    console.log
      {"event":"bedrock_invocation","model":"amazon.nova-lite-v1:0","provider":"AWS Bedrock","request_id":"67ab273c-3291-46fc-affc-fe6288e9cd26","timestamp":"2026-03-13T19:15:39.928Z"}

      at invokeNova (src/services/novaClient.ts:313:11)

    console.error
      {"event":"bedrock_error","reason":"Unknown error","request_id":"67ab273c-3291-46fc-affc-fe6288e9cd26","timestamp":"2026-03-13T19:15:39.928Z"}

    [0m [90m 360 |[39m
     [90m 361 |[39m     [90m// Log Bedrock error[39m
    [31m[1m>[22m[39m[90m 362 |[39m     console[33m.[39merror([33mJSON[39m[33m.[39mstringify({
     [90m     |[39m             [31m[1m^[22m[39m
     [90m 363 |[39m       event[33m:[39m [32m'bedrock_error'[39m[33m,[39m
     [90m 364 |[39m       reason[33m:[39m error [36minstanceof[39m [33mError[39m [33m?[39m error[33m.[39mmessage [33m:[39m [32m'Unknown error'[39m[33m,[39m
     [90m 365 |[39m       request_id[33m:[39m requestId[33m,[39m[0m

      at invokeNova (src/services/novaClient.ts:362:13)
      at synthesizeVerdict (src/services/novaClient.ts:902:22)
      at VerdictSynthesizer.synthesize (src/orchestration/verdictSynthesizer.ts:42:23)
      at analyzeWithIterativeOrchestration (src/orchestration/iterativeOrchestrationPipeline.ts:236:21)
      at src/orchestration/iterativeOrchestrationPipeline.preservation.test.ts:214:28
      at AsyncProperty.run (node_modules/fast-check/lib/check/property/AsyncProperty.generic.js:49:28)

    console.log
      {"timestamp":"2026-03-13T19:15:39.928Z","level":"INFO","service":"verdictSynthesizer","event":"synthesis_success","classification":"unverified","confidence":0.3,"supported_subclaims":0,"unsupport
ed_subclaims":1}

      at VerdictSynthesizer.logSynthesisSuccess (src/orchestration/verdictSynthesizer.ts:134:13)

    console.log
      {"timestamp":"2026-03-13T19:15:39.930Z","level":"INFO","service":"claimDecomposer","event":"decomposition_start","claim_length":12}

      at ClaimDecomposer.logDecompositionStart (src/orchestration/claimDecomposer.ts:52:13)

    console.log
      {"event":"bedrock_invocation","model":"amazon.nova-lite-v1:0","provider":"AWS Bedrock","request_id":"4ec55876-9fbf-4cd7-a53d-ef4262319309","timestamp":"2026-03-13T19:15:39.930Z"}

      at invokeNova (src/services/novaClient.ts:313:11)

    console.error
      {"event":"bedrock_error","reason":"Unknown error","request_id":"4ec55876-9fbf-4cd7-a53d-ef4262319309","timestamp":"2026-03-13T19:15:39.931Z"}

    [0m [90m 360 |[39m
     [90m 361 |[39m     [90m// Log Bedrock error[39m
    [31m[1m>[22m[39m[90m 362 |[39m     console[33m.[39merror([33mJSON[39m[33m.[39mstringify({
     [90m     |[39m             [31m[1m^[22m[39m
     [90m 363 |[39m       event[33m:[39m [32m'bedrock_error'[39m[33m,[39m
     [90m 364 |[39m       reason[33m:[39m error [36minstanceof[39m [33mError[39m [33m?[39m error[33m.[39mmessage [33m:[39m [32m'Unknown error'[39m[33m,[39m
     [90m 365 |[39m       request_id[33m:[39m requestId[33m,[39m[0m

      at invokeNova (src/services/novaClient.ts:362:13)
      at decomposeClaimToSubclaims (src/services/novaClient.ts:568:22)
      at ClaimDecomposer.decompose (src/orchestration/claimDecomposer.ts:25:29)
      at analyzeWithIterativeOrchestration (src/orchestration/iterativeOrchestrationPipeline.ts:93:27)
      at src/orchestration/iterativeOrchestrationPipeline.preservation.test.ts:248:28
      at AsyncProperty.run (node_modules/fast-check/lib/check/property/AsyncProperty.generic.js:49:28)

    console.log
      
{"timestamp":"2026-03-13T19:15:39.931Z","level":"INFO","service":"claimDecomposer","event":"decomposition_success","subclaim_count":1,"subclaim_types":["action"],"subclaim_texts":["x\"sconstruct"]}

      at ClaimDecomposer.logDecompositionSuccess (src/orchestration/claimDecomposer.ts:67:13)

    console.log
      {"timestamp":"2026-03-13T19:15:39.931Z","level":"INFO","service":"queryGenerator","event":"generation_start","original_claim":"x\"sconstruct","subclaim_count":1}

      at QueryGenerator.logGenerationStart (src/orchestration/queryGenerator.ts:119:13)

    console.log
      {"timestamp":"2026-03-13T19:15:39.932Z","level":"INFO","service":"queryGenerator","event":"query_variants_generated","queries_before_dedup":["x\"sconstruct","sconstruct"],"queries_count":2,"entit
ies_extracted":[],"key_phrases_extracted":["sconstruct"]}

      at QueryGenerator.generateQueries (src/orchestration/queryGenerator.ts:28:13)

    console.log
      {"timestamp":"2026-03-13T19:15:39.932Z","level":"INFO","service":"queryGenerator","event":"orchestrator_queries_finalized","queries_after_dedup":["x\"sconstruct","sconstruct"],"queries_count":2,"
query_types":["exact","regional"]}

      at QueryGenerator.generateQueries (src/orchestration/queryGenerator.ts:68:13)

    console.log
      {"timestamp":"2026-03-13T19:15:39.932Z","level":"INFO","service":"queryGenerator","event":"generation_success","query_count":2,"query_types":["exact","regional"],"query_texts":["x\"sconstruct","s
construct"]}

      at QueryGenerator.logGenerationSuccess (src/orchestration/queryGenerator.ts:135:13)

    console.log
      {"timestamp":"2026-03-13T19:15:39.932Z","level":"INFO","service":"evidenceOrchestrator","event":"orchestration_start","query_count":2,"max_passes":3}

      at EvidenceOrchestrator.logOrchestrationStart (src/orchestration/evidenceOrchestrator.ts:775:13)

    console.log
      {"timestamp":"2026-03-13T19:15:39.932Z","level":"INFO","service":"evidenceOrchestrator","event":"pass_start","pass_number":1,"query_count":1}

      at EvidenceOrchestrator.logPassStart (src/orchestration/evidenceOrchestrator.ts:791:13)

    console.log
      {"timestamp":"2026-03-13T19:15:40.028Z","level":"INFO","service":"evidenceFilter","event":"filter_start","candidate_count":0}

      at EvidenceFilter.logFilterStart (src/orchestration/evidenceFilter.ts:193:13)

    console.log
      {"timestamp":"2026-03-13T19:15:40.028Z","level":"INFO","service":"evidenceFilter","event":"filter_complete","total_candidates":0,"passed_count":0,"rejected_count":0,"pass_rate":0}

      at EvidenceFilter.logFilterComplete (src/orchestration/evidenceFilter.ts:208:13)

    console.log
      {"timestamp":"2026-03-13T19:15:40.028Z","level":"INFO","service":"evidenceOrchestrator","event":"pass_complete","pass_number":1,"evidence_count":0,"source_classes":[],"average_quality":0,"thresho
ld_met":false}

      at EvidenceOrchestrator.logPassComplete (src/orchestration/evidenceOrchestrator.ts:807:13)

    console.log
      {"timestamp":"2026-03-13T19:15:40.028Z","level":"INFO","service":"evidenceOrchestrator","event":"pass_start","pass_number":2,"query_count":1}

      at EvidenceOrchestrator.logPassStart (src/orchestration/evidenceOrchestrator.ts:791:13)

    console.log
      {"timestamp":"2026-03-13T19:15:40.095Z","level":"INFO","service":"evidenceFilter","event":"filter_start","candidate_count":0}

      at EvidenceFilter.logFilterStart (src/orchestration/evidenceFilter.ts:193:13)

    console.log
      {"timestamp":"2026-03-13T19:15:40.096Z","level":"INFO","service":"evidenceFilter","event":"filter_complete","total_candidates":0,"passed_count":0,"rejected_count":0,"pass_rate":0}

      at EvidenceFilter.logFilterComplete (src/orchestration/evidenceFilter.ts:208:13)

    console.log
      {"timestamp":"2026-03-13T19:15:40.096Z","level":"INFO","service":"evidenceOrchestrator","event":"pass_complete","pass_number":2,"evidence_count":0,"source_classes":[],"average_quality":0,"thresho
ld_met":false}

      at EvidenceOrchestrator.logPassComplete (src/orchestration/evidenceOrchestrator.ts:807:13)

    console.log
      {"timestamp":"2026-03-13T19:15:40.096Z","level":"INFO","service":"evidenceOrchestrator","event":"orchestration_complete","passes_executed":2,"total_evidence":0,"source_classes":[],"average_qualit
y":0,"threshold_met":false}

      at EvidenceOrchestrator.logOrchestrationComplete (src/orchestration/evidenceOrchestrator.ts:826:13)

    console.log
      {"timestamp":"2026-03-13T19:15:40.096Z","level":"INFO","service":"contradictionSearcher","event":"search_start","query_count":0}

      at ContradictionSearcher.logSearchStart (src/orchestration/contradictionSearcher.ts:142:13)

    console.log
      {"timestamp":"2026-03-13T19:15:40.097Z","level":"INFO","service":"verdictSynthesizer","event":"synthesis_start","supporting_count":0,"contradicting_count":0}

      at VerdictSynthesizer.logSynthesisStart (src/orchestration/verdictSynthesizer.ts:118:13)

    console.log
      {"event":"bedrock_invocation","model":"amazon.nova-lite-v1:0","provider":"AWS Bedrock","request_id":"c1d3baac-bf19-4b69-894a-eaee1c93579d","timestamp":"2026-03-13T19:15:40.097Z"}

      at invokeNova (src/services/novaClient.ts:313:11)

    console.error
      {"event":"bedrock_error","reason":"Unknown error","request_id":"c1d3baac-bf19-4b69-894a-eaee1c93579d","timestamp":"2026-03-13T19:15:40.097Z"}

    [0m [90m 360 |[39m
     [90m 361 |[39m     [90m// Log Bedrock error[39m
    [31m[1m>[22m[39m[90m 362 |[39m     console[33m.[39merror([33mJSON[39m[33m.[39mstringify({
     [90m     |[39m             [31m[1m^[22m[39m
     [90m 363 |[39m       event[33m:[39m [32m'bedrock_error'[39m[33m,[39m
     [90m 364 |[39m       reason[33m:[39m error [36minstanceof[39m [33mError[39m [33m?[39m error[33m.[39mmessage [33m:[39m [32m'Unknown error'[39m[33m,[39m
     [90m 365 |[39m       request_id[33m:[39m requestId[33m,[39m[0m

      at invokeNova (src/services/novaClient.ts:362:13)
      at synthesizeVerdict (src/services/novaClient.ts:902:22)
      at VerdictSynthesizer.synthesize (src/orchestration/verdictSynthesizer.ts:42:23)
      at analyzeWithIterativeOrchestration (src/orchestration/iterativeOrchestrationPipeline.ts:236:21)
      at src/orchestration/iterativeOrchestrationPipeline.preservation.test.ts:248:28
      at AsyncProperty.run (node_modules/fast-check/lib/check/property/AsyncProperty.generic.js:49:28)

    console.log
      {"timestamp":"2026-03-13T19:15:40.098Z","level":"INFO","service":"verdictSynthesizer","event":"synthesis_success","classification":"unverified","confidence":0.3,"supported_subclaims":0,"unsupport
ed_subclaims":1}

      at VerdictSynthesizer.logSynthesisSuccess (src/orchestration/verdictSynthesizer.ts:134:13)

    console.log
      {"timestamp":"2026-03-13T19:15:40.098Z","level":"INFO","service":"claimDecomposer","event":"decomposition_start","claim_length":14}

      at ClaimDecomposer.logDecompositionStart (src/orchestration/claimDecomposer.ts:52:13)

    console.log
      {"event":"bedrock_invocation","model":"amazon.nova-lite-v1:0","provider":"AWS Bedrock","request_id":"fa684ae3-84ae-4e88-9b8c-7f9ebf2389b2","timestamp":"2026-03-13T19:15:40.098Z"}

      at invokeNova (src/services/novaClient.ts:313:11)

    console.error
      {"event":"bedrock_error","reason":"Unknown error","request_id":"fa684ae3-84ae-4e88-9b8c-7f9ebf2389b2","timestamp":"2026-03-13T19:15:40.099Z"}

    [0m [90m 360 |[39m
     [90m 361 |[39m     [90m// Log Bedrock error[39m
    [31m[1m>[22m[39m[90m 362 |[39m     console[33m.[39merror([33mJSON[39m[33m.[39mstringify({
     [90m     |[39m             [31m[1m^[22m[39m
     [90m 363 |[39m       event[33m:[39m [32m'bedrock_error'[39m[33m,[39m
     [90m 364 |[39m       reason[33m:[39m error [36minstanceof[39m [33mError[39m [33m?[39m error[33m.[39mmessage [33m:[39m [32m'Unknown error'[39m[33m,[39m
     [90m 365 |[39m       request_id[33m:[39m requestId[33m,[39m[0m

      at invokeNova (src/services/novaClient.ts:362:13)
      at decomposeClaimToSubclaims (src/services/novaClient.ts:568:22)
      at ClaimDecomposer.decompose (src/orchestration/claimDecomposer.ts:25:29)
      at analyzeWithIterativeOrchestration (src/orchestration/iterativeOrchestrationPipeline.ts:93:27)
      at src/orchestration/iterativeOrchestrationPipeline.preservation.test.ts:248:28
      at AsyncProperty.run (node_modules/fast-check/lib/check/property/AsyncProperty.generic.js:49:28)

    console.log
      
{"timestamp":"2026-03-13T19:15:40.099Z","level":"INFO","service":"claimDecomposer","event":"decomposition_success","subclaim_count":1,"subclaim_types":["action"],"subclaim_texts":["hasOwnProperty"]}

      at ClaimDecomposer.logDecompositionSuccess (src/orchestration/claimDecomposer.ts:67:13)

    console.log
      {"timestamp":"2026-03-13T19:15:40.099Z","level":"INFO","service":"queryGenerator","event":"generation_start","original_claim":"hasOwnProperty","subclaim_count":1}

      at QueryGenerator.logGenerationStart (src/orchestration/queryGenerator.ts:119:13)

    console.log
      {"timestamp":"2026-03-13T19:15:40.099Z","level":"INFO","service":"queryGenerator","event":"query_variants_generated","queries_before_dedup":["hasOwnProperty","hasownproperty"],"queries_count":2,"
entities_extracted":[],"key_phrases_extracted":["hasownproperty"]}

      at QueryGenerator.generateQueries (src/orchestration/queryGenerator.ts:28:13)

    console.log
      {"timestamp":"2026-03-13T19:15:40.099Z","level":"INFO","service":"queryGenerator","event":"orchestrator_queries_finalized","queries_after_dedup":["hasOwnProperty","hasownproperty"],"queries_count
":2,"query_types":["exact","regional"]}

      at QueryGenerator.generateQueries (src/orchestration/queryGenerator.ts:68:13)

    console.log
      {"timestamp":"2026-03-13T19:15:40.099Z","level":"INFO","service":"queryGenerator","event":"generation_success","query_count":2,"query_types":["exact","regional"],"query_texts":["hasOwnProperty","
hasownproperty"]}

      at QueryGenerator.logGenerationSuccess (src/orchestration/queryGenerator.ts:135:13)

    console.log
      {"timestamp":"2026-03-13T19:15:40.099Z","level":"INFO","service":"evidenceOrchestrator","event":"orchestration_start","query_count":2,"max_passes":3}

      at EvidenceOrchestrator.logOrchestrationStart (src/orchestration/evidenceOrchestrator.ts:775:13)

    console.log
      {"timestamp":"2026-03-13T19:15:40.099Z","level":"INFO","service":"evidenceOrchestrator","event":"pass_start","pass_number":1,"query_count":1}

      at EvidenceOrchestrator.logPassStart (src/orchestration/evidenceOrchestrator.ts:791:13)

    console.log
      {"timestamp":"2026-03-13T19:15:40.160Z","level":"INFO","service":"evidenceFilter","event":"filter_start","candidate_count":0}

      at EvidenceFilter.logFilterStart (src/orchestration/evidenceFilter.ts:193:13)

    console.log
      {"timestamp":"2026-03-13T19:15:40.161Z","level":"INFO","service":"evidenceFilter","event":"filter_complete","total_candidates":0,"passed_count":0,"rejected_count":0,"pass_rate":0}

      at EvidenceFilter.logFilterComplete (src/orchestration/evidenceFilter.ts:208:13)

    console.log
      {"timestamp":"2026-03-13T19:15:40.161Z","level":"INFO","service":"evidenceOrchestrator","event":"pass_complete","pass_number":1,"evidence_count":0,"source_classes":[],"average_quality":0,"thresho
ld_met":false}

      at EvidenceOrchestrator.logPassComplete (src/orchestration/evidenceOrchestrator.ts:807:13)

    console.log
      {"timestamp":"2026-03-13T19:15:40.161Z","level":"INFO","service":"evidenceOrchestrator","event":"pass_start","pass_number":2,"query_count":1}

      at EvidenceOrchestrator.logPassStart (src/orchestration/evidenceOrchestrator.ts:791:13)

    console.log
      {"timestamp":"2026-03-13T19:15:40.224Z","level":"INFO","service":"evidenceFilter","event":"filter_start","candidate_count":0}

      at EvidenceFilter.logFilterStart (src/orchestration/evidenceFilter.ts:193:13)

    console.log
      {"timestamp":"2026-03-13T19:15:40.224Z","level":"INFO","service":"evidenceFilter","event":"filter_complete","total_candidates":0,"passed_count":0,"rejected_count":0,"pass_rate":0}

      at EvidenceFilter.logFilterComplete (src/orchestration/evidenceFilter.ts:208:13)

    console.log
      {"timestamp":"2026-03-13T19:15:40.225Z","level":"INFO","service":"evidenceOrchestrator","event":"pass_complete","pass_number":2,"evidence_count":0,"source_classes":[],"average_quality":0,"thresho
ld_met":false}

      at EvidenceOrchestrator.logPassComplete (src/orchestration/evidenceOrchestrator.ts:807:13)

    console.log
      {"timestamp":"2026-03-13T19:15:40.225Z","level":"INFO","service":"evidenceOrchestrator","event":"orchestration_complete","passes_executed":2,"total_evidence":0,"source_classes":[],"average_qualit
y":0,"threshold_met":false}

      at EvidenceOrchestrator.logOrchestrationComplete (src/orchestration/evidenceOrchestrator.ts:826:13)

    console.log
      {"timestamp":"2026-03-13T19:15:40.225Z","level":"INFO","service":"contradictionSearcher","event":"search_start","query_count":0}

      at ContradictionSearcher.logSearchStart (src/orchestration/contradictionSearcher.ts:142:13)

    console.log
      {"timestamp":"2026-03-13T19:15:40.225Z","level":"INFO","service":"verdictSynthesizer","event":"synthesis_start","supporting_count":0,"contradicting_count":0}

      at VerdictSynthesizer.logSynthesisStart (src/orchestration/verdictSynthesizer.ts:118:13)

    console.log
      {"event":"bedrock_invocation","model":"amazon.nova-lite-v1:0","provider":"AWS Bedrock","request_id":"8ca011b0-bcf6-4d68-a07e-0a15d37ddbe5","timestamp":"2026-03-13T19:15:40.225Z"}

      at invokeNova (src/services/novaClient.ts:313:11)

    console.error
      {"event":"bedrock_error","reason":"Unknown error","request_id":"8ca011b0-bcf6-4d68-a07e-0a15d37ddbe5","timestamp":"2026-03-13T19:15:40.225Z"}

    [0m [90m 360 |[39m
     [90m 361 |[39m     [90m// Log Bedrock error[39m
    [31m[1m>[22m[39m[90m 362 |[39m     console[33m.[39merror([33mJSON[39m[33m.[39mstringify({
     [90m     |[39m             [31m[1m^[22m[39m
     [90m 363 |[39m       event[33m:[39m [32m'bedrock_error'[39m[33m,[39m
     [90m 364 |[39m       reason[33m:[39m error [36minstanceof[39m [33mError[39m [33m?[39m error[33m.[39mmessage [33m:[39m [32m'Unknown error'[39m[33m,[39m
     [90m 365 |[39m       request_id[33m:[39m requestId[33m,[39m[0m

      at invokeNova (src/services/novaClient.ts:362:13)
      at synthesizeVerdict (src/services/novaClient.ts:902:22)
      at VerdictSynthesizer.synthesize (src/orchestration/verdictSynthesizer.ts:42:23)
      at analyzeWithIterativeOrchestration (src/orchestration/iterativeOrchestrationPipeline.ts:236:21)
      at src/orchestration/iterativeOrchestrationPipeline.preservation.test.ts:248:28
      at AsyncProperty.run (node_modules/fast-check/lib/check/property/AsyncProperty.generic.js:49:28)

    console.log
      {"timestamp":"2026-03-13T19:15:40.226Z","level":"INFO","service":"verdictSynthesizer","event":"synthesis_success","classification":"unverified","confidence":0.3,"supported_subclaims":0,"unsupport
ed_subclaims":1}

      at VerdictSynthesizer.logSynthesisSuccess (src/orchestration/verdictSynthesizer.ts:134:13)

    console.log
      {"timestamp":"2026-03-13T19:15:40.226Z","level":"INFO","service":"claimDecomposer","event":"decomposition_start","claim_length":20}

      at ClaimDecomposer.logDecompositionStart (src/orchestration/claimDecomposer.ts:52:13)

    console.log
      {"event":"bedrock_invocation","model":"amazon.nova-lite-v1:0","provider":"AWS Bedrock","request_id":"28948ba5-ed25-462f-9e2f-809812426807","timestamp":"2026-03-13T19:15:40.226Z"}

      at invokeNova (src/services/novaClient.ts:313:11)

    console.error
      {"event":"bedrock_error","reason":"Unknown error","request_id":"28948ba5-ed25-462f-9e2f-809812426807","timestamp":"2026-03-13T19:15:40.227Z"}

    [0m [90m 360 |[39m
     [90m 361 |[39m     [90m// Log Bedrock error[39m
    [31m[1m>[22m[39m[90m 362 |[39m     console[33m.[39merror([33mJSON[39m[33m.[39mstringify({
     [90m     |[39m             [31m[1m^[22m[39m
     [90m 363 |[39m       event[33m:[39m [32m'bedrock_error'[39m[33m,[39m
     [90m 364 |[39m       reason[33m:[39m error [36minstanceof[39m [33mError[39m [33m?[39m error[33m.[39mmessage [33m:[39m [32m'Unknown error'[39m[33m,[39m
     [90m 365 |[39m       request_id[33m:[39m requestId[33m,[39m[0m

      at invokeNova (src/services/novaClient.ts:362:13)
      at decomposeClaimToSubclaims (src/services/novaClient.ts:568:22)
      at ClaimDecomposer.decompose (src/orchestration/claimDecomposer.ts:25:29)
      at analyzeWithIterativeOrchestration (src/orchestration/iterativeOrchestrationPipeline.ts:93:27)
      at src/orchestration/iterativeOrchestrationPipeline.preservation.test.ts:248:28
      at AsyncProperty.run (node_modules/fast-check/lib/check/property/AsyncProperty.generic.js:49:28)

    console.log
      {"timestamp":"2026-03-13T19:15:40.227Z","level":"INFO","service":"claimDecomposer","event":"decomposition_success","subclaim_count":1,"subclaim_types":["action"],"subclaim_texts":["$ 
&0r+e}}/.\"7v=%x!^2"]}

      at ClaimDecomposer.logDecompositionSuccess (src/orchestration/claimDecomposer.ts:67:13)

    console.log
      {"timestamp":"2026-03-13T19:15:40.227Z","level":"INFO","service":"queryGenerator","event":"generation_start","original_claim":"$ &0r+e}}/.\"7v=%x!^2","subclaim_count":1}

      at QueryGenerator.logGenerationStart (src/orchestration/queryGenerator.ts:119:13)

    console.log
      {"timestamp":"2026-03-13T19:15:40.227Z","level":"INFO","service":"queryGenerator","event":"query_variants_generated","queries_before_dedup":["$ 
&0r+e}}/.\"7v=%x!^2"],"queries_count":1,"entities_extracted":[],"key_phrases_extracted":[]}

      at QueryGenerator.generateQueries (src/orchestration/queryGenerator.ts:28:13)

    console.log
      {"timestamp":"2026-03-13T19:15:40.227Z","level":"INFO","service":"queryGenerator","event":"orchestrator_queries_finalized","queries_after_dedup":["$ 
&0r+e}}/.\"7v=%x!^2"],"queries_count":1,"query_types":["exact"]}

      at QueryGenerator.generateQueries (src/orchestration/queryGenerator.ts:68:13)

    console.log
      {"timestamp":"2026-03-13T19:15:40.227Z","level":"INFO","service":"queryGenerator","event":"generation_success","query_count":1,"query_types":["exact"],"query_texts":["$ &0r+e}}/.\"7v=%x!^2"]}

      at QueryGenerator.logGenerationSuccess (src/orchestration/queryGenerator.ts:135:13)

    console.log
      {"timestamp":"2026-03-13T19:15:40.227Z","level":"INFO","service":"evidenceOrchestrator","event":"orchestration_start","query_count":1,"max_passes":3}

      at EvidenceOrchestrator.logOrchestrationStart (src/orchestration/evidenceOrchestrator.ts:775:13)

    console.log
      {"timestamp":"2026-03-13T19:15:40.227Z","level":"INFO","service":"evidenceOrchestrator","event":"pass_start","pass_number":1,"query_count":1}

      at EvidenceOrchestrator.logPassStart (src/orchestration/evidenceOrchestrator.ts:791:13)

    console.log
      {"timestamp":"2026-03-13T19:15:40.328Z","level":"INFO","service":"evidenceFilter","event":"filter_start","candidate_count":0}

      at EvidenceFilter.logFilterStart (src/orchestration/evidenceFilter.ts:193:13)

    console.log
      {"timestamp":"2026-03-13T19:15:40.328Z","level":"INFO","service":"evidenceFilter","event":"filter_complete","total_candidates":0,"passed_count":0,"rejected_count":0,"pass_rate":0}

      at EvidenceFilter.logFilterComplete (src/orchestration/evidenceFilter.ts:208:13)

    console.log
      {"timestamp":"2026-03-13T19:15:40.328Z","level":"INFO","service":"evidenceOrchestrator","event":"pass_complete","pass_number":1,"evidence_count":0,"source_classes":[],"average_quality":0,"thresho
ld_met":false}

      at EvidenceOrchestrator.logPassComplete (src/orchestration/evidenceOrchestrator.ts:807:13)

    console.log
      {"timestamp":"2026-03-13T19:15:40.329Z","level":"INFO","service":"evidenceOrchestrator","event":"pass_start","pass_number":2,"query_count":0}

      at EvidenceOrchestrator.logPassStart (src/orchestration/evidenceOrchestrator.ts:791:13)

    console.log
      {"timestamp":"2026-03-13T19:15:40.411Z","level":"INFO","service":"evidenceFilter","event":"filter_start","candidate_count":0}

      at EvidenceFilter.logFilterStart (src/orchestration/evidenceFilter.ts:193:13)

    console.log
      {"timestamp":"2026-03-13T19:15:40.411Z","level":"INFO","service":"evidenceFilter","event":"filter_complete","total_candidates":0,"passed_count":0,"rejected_count":0,"pass_rate":0}

      at EvidenceFilter.logFilterComplete (src/orchestration/evidenceFilter.ts:208:13)

    console.log
      {"timestamp":"2026-03-13T19:15:40.411Z","level":"INFO","service":"evidenceOrchestrator","event":"pass_complete","pass_number":2,"evidence_count":0,"source_classes":[],"average_quality":0,"thresho
ld_met":false}

      at EvidenceOrchestrator.logPassComplete (src/orchestration/evidenceOrchestrator.ts:807:13)

    console.log
      {"timestamp":"2026-03-13T19:15:40.412Z","level":"INFO","service":"evidenceOrchestrator","event":"orchestration_complete","passes_executed":2,"total_evidence":0,"source_classes":[],"average_qualit
y":0,"threshold_met":false}

      at EvidenceOrchestrator.logOrchestrationComplete (src/orchestration/evidenceOrchestrator.ts:826:13)

    console.log
      {"timestamp":"2026-03-13T19:15:40.412Z","level":"INFO","service":"contradictionSearcher","event":"search_start","query_count":0}

      at ContradictionSearcher.logSearchStart (src/orchestration/contradictionSearcher.ts:142:13)

    console.log
      {"timestamp":"2026-03-13T19:15:40.412Z","level":"INFO","service":"verdictSynthesizer","event":"synthesis_start","supporting_count":0,"contradicting_count":0}

      at VerdictSynthesizer.logSynthesisStart (src/orchestration/verdictSynthesizer.ts:118:13)

    console.log
      {"event":"bedrock_invocation","model":"amazon.nova-lite-v1:0","provider":"AWS Bedrock","request_id":"67c2bbcc-b92f-4b6f-b8fb-f77998a503e9","timestamp":"2026-03-13T19:15:40.412Z"}

      at invokeNova (src/services/novaClient.ts:313:11)

    console.error
      {"event":"bedrock_error","reason":"Unknown error","request_id":"67c2bbcc-b92f-4b6f-b8fb-f77998a503e9","timestamp":"2026-03-13T19:15:40.413Z"}

    [0m [90m 360 |[39m
     [90m 361 |[39m     [90m// Log Bedrock error[39m
    [31m[1m>[22m[39m[90m 362 |[39m     console[33m.[39merror([33mJSON[39m[33m.[39mstringify({
     [90m     |[39m             [31m[1m^[22m[39m
     [90m 363 |[39m       event[33m:[39m [32m'bedrock_error'[39m[33m,[39m
     [90m 364 |[39m       reason[33m:[39m error [36minstanceof[39m [33mError[39m [33m?[39m error[33m.[39mmessage [33m:[39m [32m'Unknown error'[39m[33m,[39m
     [90m 365 |[39m       request_id[33m:[39m requestId[33m,[39m[0m

      at invokeNova (src/services/novaClient.ts:362:13)
      at synthesizeVerdict (src/services/novaClient.ts:902:22)
      at VerdictSynthesizer.synthesize (src/orchestration/verdictSynthesizer.ts:42:23)
      at analyzeWithIterativeOrchestration (src/orchestration/iterativeOrchestrationPipeline.ts:236:21)
      at src/orchestration/iterativeOrchestrationPipeline.preservation.test.ts:248:28
      at AsyncProperty.run (node_modules/fast-check/lib/check/property/AsyncProperty.generic.js:49:28)

    console.log
      {"timestamp":"2026-03-13T19:15:40.413Z","level":"INFO","service":"verdictSynthesizer","event":"synthesis_success","classification":"unverified","confidence":0.3,"supported_subclaims":0,"unsupport
ed_subclaims":1}

      at VerdictSynthesizer.logSynthesisSuccess (src/orchestration/verdictSynthesizer.ts:134:13)

    console.log
      {"timestamp":"2026-03-13T19:15:40.414Z","level":"INFO","service":"claimDecomposer","event":"decomposition_start","claim_length":22}

      at ClaimDecomposer.logDecompositionStart (src/orchestration/claimDecomposer.ts:52:13)

    console.log
      {"event":"bedrock_invocation","model":"amazon.nova-lite-v1:0","provider":"AWS Bedrock","request_id":"654c9d36-a3cb-4ed9-a879-f1d354f07d75","timestamp":"2026-03-13T19:15:40.414Z"}

      at invokeNova (src/services/novaClient.ts:313:11)

    console.error
      {"event":"bedrock_error","reason":"Unknown error","request_id":"654c9d36-a3cb-4ed9-a879-f1d354f07d75","timestamp":"2026-03-13T19:15:40.414Z"}

    [0m [90m 360 |[39m
     [90m 361 |[39m     [90m// Log Bedrock error[39m
    [31m[1m>[22m[39m[90m 362 |[39m     console[33m.[39merror([33mJSON[39m[33m.[39mstringify({
     [90m     |[39m             [31m[1m^[22m[39m
     [90m 363 |[39m       event[33m:[39m [32m'bedrock_error'[39m[33m,[39m
     [90m 364 |[39m       reason[33m:[39m error [36minstanceof[39m [33mError[39m [33m?[39m error[33m.[39mmessage [33m:[39m [32m'Unknown error'[39m[33m,[39m
     [90m 365 |[39m       request_id[33m:[39m requestId[33m,[39m[0m

      at invokeNova (src/services/novaClient.ts:362:13)
      at decomposeClaimToSubclaims (src/services/novaClient.ts:568:22)
      at ClaimDecomposer.decompose (src/orchestration/claimDecomposer.ts:25:29)
      at analyzeWithIterativeOrchestration (src/orchestration/iterativeOrchestrationPipeline.ts:93:27)
      at src/orchestration/iterativeOrchestrationPipeline.preservation.test.ts:248:28
      at AsyncProperty.run (node_modules/fast-check/lib/check/property/AsyncProperty.generic.js:49:28)

    console.log
      {"timestamp":"2026-03-13T19:15:40.415Z","level":"INFO","service":"claimDecomposer","event":"decomposition_success","subclaim_count":1,"subclaim_types":["action"],"subclaim_texts":[".$~to2__define
Getter__"]}

      at ClaimDecomposer.logDecompositionSuccess (src/orchestration/claimDecomposer.ts:67:13)

    console.log
      {"timestamp":"2026-03-13T19:15:40.415Z","level":"INFO","service":"queryGenerator","event":"generation_start","original_claim":".$~to2__defineGetter__","subclaim_count":1}

      at QueryGenerator.logGenerationStart (src/orchestration/queryGenerator.ts:119:13)

    console.log
      {"timestamp":"2026-03-13T19:15:40.415Z","level":"INFO","service":"queryGenerator","event":"query_variants_generated","queries_before_dedup":[".$~to2__defineGetter__"],"queries_count":1,"entities_
extracted":[],"key_phrases_extracted":[]}

      at QueryGenerator.generateQueries (src/orchestration/queryGenerator.ts:28:13)

    console.log
      {"timestamp":"2026-03-13T19:15:40.415Z","level":"INFO","service":"queryGenerator","event":"orchestrator_queries_finalized","queries_after_dedup":[".$~to2__defineGetter__"],"queries_count":1,"quer
y_types":["exact"]}

      at QueryGenerator.generateQueries (src/orchestration/queryGenerator.ts:68:13)

    console.log
      {"timestamp":"2026-03-13T19:15:40.415Z","level":"INFO","service":"queryGenerator","event":"generation_success","query_count":1,"query_types":["exact"],"query_texts":[".$~to2__defineGetter__"]}

      at QueryGenerator.logGenerationSuccess (src/orchestration/queryGenerator.ts:135:13)

    console.log
      {"timestamp":"2026-03-13T19:15:40.415Z","level":"INFO","service":"evidenceOrchestrator","event":"orchestration_start","query_count":1,"max_passes":3}

      at EvidenceOrchestrator.logOrchestrationStart (src/orchestration/evidenceOrchestrator.ts:775:13)

    console.log
      {"timestamp":"2026-03-13T19:15:40.415Z","level":"INFO","service":"evidenceOrchestrator","event":"pass_start","pass_number":1,"query_count":1}

      at EvidenceOrchestrator.logPassStart (src/orchestration/evidenceOrchestrator.ts:791:13)

    console.log
      {"timestamp":"2026-03-13T19:15:40.491Z","level":"INFO","service":"evidenceFilter","event":"filter_start","candidate_count":0}

      at EvidenceFilter.logFilterStart (src/orchestration/evidenceFilter.ts:193:13)

    console.log
      {"timestamp":"2026-03-13T19:15:40.491Z","level":"INFO","service":"evidenceFilter","event":"filter_complete","total_candidates":0,"passed_count":0,"rejected_count":0,"pass_rate":0}

      at EvidenceFilter.logFilterComplete (src/orchestration/evidenceFilter.ts:208:13)

    console.log
      {"timestamp":"2026-03-13T19:15:40.491Z","level":"INFO","service":"evidenceOrchestrator","event":"pass_complete","pass_number":1,"evidence_count":0,"source_classes":[],"average_quality":0,"thresho
ld_met":false}

      at EvidenceOrchestrator.logPassComplete (src/orchestration/evidenceOrchestrator.ts:807:13)

    console.log
      {"timestamp":"2026-03-13T19:15:40.491Z","level":"INFO","service":"evidenceOrchestrator","event":"pass_start","pass_number":2,"query_count":0}

      at EvidenceOrchestrator.logPassStart (src/orchestration/evidenceOrchestrator.ts:791:13)

    console.log
      {"timestamp":"2026-03-13T19:15:40.564Z","level":"INFO","service":"evidenceFilter","event":"filter_start","candidate_count":0}

      at EvidenceFilter.logFilterStart (src/orchestration/evidenceFilter.ts:193:13)

    console.log
      {"timestamp":"2026-03-13T19:15:40.564Z","level":"INFO","service":"evidenceFilter","event":"filter_complete","total_candidates":0,"passed_count":0,"rejected_count":0,"pass_rate":0}

      at EvidenceFilter.logFilterComplete (src/orchestration/evidenceFilter.ts:208:13)

    console.log
      {"timestamp":"2026-03-13T19:15:40.564Z","level":"INFO","service":"evidenceOrchestrator","event":"pass_complete","pass_number":2,"evidence_count":0,"source_classes":[],"average_quality":0,"thresho
ld_met":false}

      at EvidenceOrchestrator.logPassComplete (src/orchestration/evidenceOrchestrator.ts:807:13)

    console.log
      {"timestamp":"2026-03-13T19:15:40.564Z","level":"INFO","service":"evidenceOrchestrator","event":"orchestration_complete","passes_executed":2,"total_evidence":0,"source_classes":[],"average_qualit
y":0,"threshold_met":false}

      at EvidenceOrchestrator.logOrchestrationComplete (src/orchestration/evidenceOrchestrator.ts:826:13)

    console.log
      {"timestamp":"2026-03-13T19:15:40.564Z","level":"INFO","service":"contradictionSearcher","event":"search_start","query_count":0}

      at ContradictionSearcher.logSearchStart (src/orchestration/contradictionSearcher.ts:142:13)

    console.log
      {"timestamp":"2026-03-13T19:15:40.564Z","level":"INFO","service":"verdictSynthesizer","event":"synthesis_start","supporting_count":0,"contradicting_count":0}

      at VerdictSynthesizer.logSynthesisStart (src/orchestration/verdictSynthesizer.ts:118:13)

    console.log
      {"event":"bedrock_invocation","model":"amazon.nova-lite-v1:0","provider":"AWS Bedrock","request_id":"04ca03b8-a3f0-4cdd-82c9-8e9b46f0d3ee","timestamp":"2026-03-13T19:15:40.565Z"}

      at invokeNova (src/services/novaClient.ts:313:11)

    console.error
      {"event":"bedrock_error","reason":"Unknown error","request_id":"04ca03b8-a3f0-4cdd-82c9-8e9b46f0d3ee","timestamp":"2026-03-13T19:15:40.565Z"}

    [0m [90m 360 |[39m
     [90m 361 |[39m     [90m// Log Bedrock error[39m
    [31m[1m>[22m[39m[90m 362 |[39m     console[33m.[39merror([33mJSON[39m[33m.[39mstringify({
     [90m     |[39m             [31m[1m^[22m[39m
     [90m 363 |[39m       event[33m:[39m [32m'bedrock_error'[39m[33m,[39m
     [90m 364 |[39m       reason[33m:[39m error [36minstanceof[39m [33mError[39m [33m?[39m error[33m.[39mmessage [33m:[39m [32m'Unknown error'[39m[33m,[39m
     [90m 365 |[39m       request_id[33m:[39m requestId[33m,[39m[0m

      at invokeNova (src/services/novaClient.ts:362:13)
      at synthesizeVerdict (src/services/novaClient.ts:902:22)
      at VerdictSynthesizer.synthesize (src/orchestration/verdictSynthesizer.ts:42:23)
      at analyzeWithIterativeOrchestration (src/orchestration/iterativeOrchestrationPipeline.ts:236:21)
      at src/orchestration/iterativeOrchestrationPipeline.preservation.test.ts:248:28
      at AsyncProperty.run (node_modules/fast-check/lib/check/property/AsyncProperty.generic.js:49:28)

    console.log
      {"timestamp":"2026-03-13T19:15:40.565Z","level":"INFO","service":"verdictSynthesizer","event":"synthesis_success","classification":"unverified","confidence":0.3,"supported_subclaims":0,"unsupport
ed_subclaims":1}

      at VerdictSynthesizer.logSynthesisSuccess (src/orchestration/verdictSynthesizer.ts:134:13)

    console.log
      {"timestamp":"2026-03-13T19:15:40.565Z","level":"INFO","service":"claimDecomposer","event":"decomposition_start","claim_length":15}

      at ClaimDecomposer.logDecompositionStart (src/orchestration/claimDecomposer.ts:52:13)

    console.log
      {"event":"bedrock_invocation","model":"amazon.nova-lite-v1:0","provider":"AWS Bedrock","request_id":"5fb76f34-db4a-4388-8c87-d0af4e39e5ea","timestamp":"2026-03-13T19:15:40.566Z"}

      at invokeNova (src/services/novaClient.ts:313:11)

    console.error
      {"event":"bedrock_error","reason":"Unknown error","request_id":"5fb76f34-db4a-4388-8c87-d0af4e39e5ea","timestamp":"2026-03-13T19:15:40.566Z"}

    [0m [90m 360 |[39m
     [90m 361 |[39m     [90m// Log Bedrock error[39m
    [31m[1m>[22m[39m[90m 362 |[39m     console[33m.[39merror([33mJSON[39m[33m.[39mstringify({
     [90m     |[39m             [31m[1m^[22m[39m
     [90m 363 |[39m       event[33m:[39m [32m'bedrock_error'[39m[33m,[39m
     [90m 364 |[39m       reason[33m:[39m error [36minstanceof[39m [33mError[39m [33m?[39m error[33m.[39mmessage [33m:[39m [32m'Unknown error'[39m[33m,[39m
     [90m 365 |[39m       request_id[33m:[39m requestId[33m,[39m[0m

      at invokeNova (src/services/novaClient.ts:362:13)
      at decomposeClaimToSubclaims (src/services/novaClient.ts:568:22)
      at ClaimDecomposer.decompose (src/orchestration/claimDecomposer.ts:25:29)
      at analyzeWithIterativeOrchestration (src/orchestration/iterativeOrchestrationPipeline.ts:93:27)
      at src/orchestration/iterativeOrchestrationPipeline.preservation.test.ts:248:28
      at AsyncProperty.run (node_modules/fast-check/lib/check/property/AsyncProperty.generic.js:49:28)

    console.log
      {"timestamp":"2026-03-13T19:15:40.566Z","level":"INFO","service":"claimDecomposer","event":"decomposition_success","subclaim_count":1,"subclaim_types":["action"],"subclaim_texts":["sa 
0(|cSF*[=[;L"]}

      at ClaimDecomposer.logDecompositionSuccess (src/orchestration/claimDecomposer.ts:67:13)

    console.log
      {"timestamp":"2026-03-13T19:15:40.566Z","level":"INFO","service":"queryGenerator","event":"generation_start","original_claim":"sa 0(|cSF*[=[;L","subclaim_count":1}

      at QueryGenerator.logGenerationStart (src/orchestration/queryGenerator.ts:119:13)

    console.log
      {"timestamp":"2026-03-13T19:15:40.566Z","level":"INFO","service":"queryGenerator","event":"query_variants_generated","queries_before_dedup":["sa 
0(|cSF*[=[;L","csf"],"queries_count":2,"entities_extracted":[],"key_phrases_extracted":["csf"]}

      at QueryGenerator.generateQueries (src/orchestration/queryGenerator.ts:28:13)

    console.log
      {"timestamp":"2026-03-13T19:15:40.566Z","level":"INFO","service":"queryGenerator","event":"orchestrator_queries_finalized","queries_after_dedup":["sa 
0(|cSF*[=[;L","csf"],"queries_count":2,"query_types":["exact","regional"]}

      at QueryGenerator.generateQueries (src/orchestration/queryGenerator.ts:68:13)

    console.log
      {"timestamp":"2026-03-13T19:15:40.566Z","level":"INFO","service":"queryGenerator","event":"generation_success","query_count":2,"query_types":["exact","regional"],"query_texts":["sa 
0(|cSF*[=[;L","csf"]}

      at QueryGenerator.logGenerationSuccess (src/orchestration/queryGenerator.ts:135:13)

    console.log
      {"timestamp":"2026-03-13T19:15:40.566Z","level":"INFO","service":"evidenceOrchestrator","event":"orchestration_start","query_count":2,"max_passes":3}

      at EvidenceOrchestrator.logOrchestrationStart (src/orchestration/evidenceOrchestrator.ts:775:13)

    console.log
      {"timestamp":"2026-03-13T19:15:40.567Z","level":"INFO","service":"evidenceOrchestrator","event":"pass_start","pass_number":1,"query_count":1}

      at EvidenceOrchestrator.logPassStart (src/orchestration/evidenceOrchestrator.ts:791:13)

    console.log
      {"timestamp":"2026-03-13T19:15:40.630Z","level":"INFO","service":"evidenceFilter","event":"filter_start","candidate_count":0}

      at EvidenceFilter.logFilterStart (src/orchestration/evidenceFilter.ts:193:13)

    console.log
      {"timestamp":"2026-03-13T19:15:40.630Z","level":"INFO","service":"evidenceFilter","event":"filter_complete","total_candidates":0,"passed_count":0,"rejected_count":0,"pass_rate":0}

      at EvidenceFilter.logFilterComplete (src/orchestration/evidenceFilter.ts:208:13)

    console.log
      {"timestamp":"2026-03-13T19:15:40.631Z","level":"INFO","service":"evidenceOrchestrator","event":"pass_complete","pass_number":1,"evidence_count":0,"source_classes":[],"average_quality":0,"thresho
ld_met":false}

      at EvidenceOrchestrator.logPassComplete (src/orchestration/evidenceOrchestrator.ts:807:13)

    console.log
      {"timestamp":"2026-03-13T19:15:40.631Z","level":"INFO","service":"evidenceOrchestrator","event":"pass_start","pass_number":2,"query_count":1}

      at EvidenceOrchestrator.logPassStart (src/orchestration/evidenceOrchestrator.ts:791:13)

    console.log
      {"timestamp":"2026-03-13T19:15:40.737Z","level":"INFO","service":"evidenceFilter","event":"filter_start","candidate_count":0}

      at EvidenceFilter.logFilterStart (src/orchestration/evidenceFilter.ts:193:13)

    console.log
      {"timestamp":"2026-03-13T19:15:40.738Z","level":"INFO","service":"evidenceFilter","event":"filter_complete","total_candidates":0,"passed_count":0,"rejected_count":0,"pass_rate":0}

      at EvidenceFilter.logFilterComplete (src/orchestration/evidenceFilter.ts:208:13)

    console.log
      {"timestamp":"2026-03-13T19:15:40.738Z","level":"INFO","service":"evidenceOrchestrator","event":"pass_complete","pass_number":2,"evidence_count":0,"source_classes":[],"average_quality":0,"thresho
ld_met":false}

      at EvidenceOrchestrator.logPassComplete (src/orchestration/evidenceOrchestrator.ts:807:13)

    console.log
      {"timestamp":"2026-03-13T19:15:40.738Z","level":"INFO","service":"evidenceOrchestrator","event":"orchestration_complete","passes_executed":2,"total_evidence":0,"source_classes":[],"average_qualit
y":0,"threshold_met":false}

      at EvidenceOrchestrator.logOrchestrationComplete (src/orchestration/evidenceOrchestrator.ts:826:13)

    console.log
      {"timestamp":"2026-03-13T19:15:40.739Z","level":"INFO","service":"contradictionSearcher","event":"search_start","query_count":0}

      at ContradictionSearcher.logSearchStart (src/orchestration/contradictionSearcher.ts:142:13)

    console.log
      {"timestamp":"2026-03-13T19:15:40.739Z","level":"INFO","service":"verdictSynthesizer","event":"synthesis_start","supporting_count":0,"contradicting_count":0}

      at VerdictSynthesizer.logSynthesisStart (src/orchestration/verdictSynthesizer.ts:118:13)

    console.log
      {"event":"bedrock_invocation","model":"amazon.nova-lite-v1:0","provider":"AWS Bedrock","request_id":"ca4834db-b9e5-46d5-a37b-c043c6988905","timestamp":"2026-03-13T19:15:40.739Z"}

      at invokeNova (src/services/novaClient.ts:313:11)

    console.error
      {"event":"bedrock_error","reason":"Unknown error","request_id":"ca4834db-b9e5-46d5-a37b-c043c6988905","timestamp":"2026-03-13T19:15:40.739Z"}

    [0m [90m 360 |[39m
     [90m 361 |[39m     [90m// Log Bedrock error[39m
    [31m[1m>[22m[39m[90m 362 |[39m     console[33m.[39merror([33mJSON[39m[33m.[39mstringify({
     [90m     |[39m             [31m[1m^[22m[39m
     [90m 363 |[39m       event[33m:[39m [32m'bedrock_error'[39m[33m,[39m
     [90m 364 |[39m       reason[33m:[39m error [36minstanceof[39m [33mError[39m [33m?[39m error[33m.[39mmessage [33m:[39m [32m'Unknown error'[39m[33m,[39m
     [90m 365 |[39m       request_id[33m:[39m requestId[33m,[39m[0m

      at invokeNova (src/services/novaClient.ts:362:13)
      at synthesizeVerdict (src/services/novaClient.ts:902:22)
      at VerdictSynthesizer.synthesize (src/orchestration/verdictSynthesizer.ts:42:23)
      at analyzeWithIterativeOrchestration (src/orchestration/iterativeOrchestrationPipeline.ts:236:21)
      at src/orchestration/iterativeOrchestrationPipeline.preservation.test.ts:248:28
      at AsyncProperty.run (node_modules/fast-check/lib/check/property/AsyncProperty.generic.js:49:28)

    console.log
      {"timestamp":"2026-03-13T19:15:40.739Z","level":"INFO","service":"verdictSynthesizer","event":"synthesis_success","classification":"unverified","confidence":0.3,"supported_subclaims":0,"unsupport
ed_subclaims":1}

      at VerdictSynthesizer.logSynthesisSuccess (src/orchestration/verdictSynthesizer.ts:134:13)

    console.log
      {"timestamp":"2026-03-13T19:15:40.740Z","level":"INFO","service":"claimDecomposer","event":"decomposition_start","claim_length":13}

      at ClaimDecomposer.logDecompositionStart (src/orchestration/claimDecomposer.ts:52:13)

    console.log
      {"event":"bedrock_invocation","model":"amazon.nova-lite-v1:0","provider":"AWS Bedrock","request_id":"87fec51e-9d99-4f22-b9d5-79f0520a9608","timestamp":"2026-03-13T19:15:40.740Z"}

      at invokeNova (src/services/novaClient.ts:313:11)

    console.error
      {"event":"bedrock_error","reason":"Unknown error","request_id":"87fec51e-9d99-4f22-b9d5-79f0520a9608","timestamp":"2026-03-13T19:15:40.741Z"}

    [0m [90m 360 |[39m
     [90m 361 |[39m     [90m// Log Bedrock error[39m
    [31m[1m>[22m[39m[90m 362 |[39m     console[33m.[39merror([33mJSON[39m[33m.[39mstringify({
     [90m     |[39m             [31m[1m^[22m[39m
     [90m 363 |[39m       event[33m:[39m [32m'bedrock_error'[39m[33m,[39m
     [90m 364 |[39m       reason[33m:[39m error [36minstanceof[39m [33mError[39m [33m?[39m error[33m.[39mmessage [33m:[39m [32m'Unknown error'[39m[33m,[39m
     [90m 365 |[39m       request_id[33m:[39m requestId[33m,[39m[0m

      at invokeNova (src/services/novaClient.ts:362:13)
      at decomposeClaimToSubclaims (src/services/novaClient.ts:568:22)
      at ClaimDecomposer.decompose (src/orchestration/claimDecomposer.ts:25:29)
      at analyzeWithIterativeOrchestration (src/orchestration/iterativeOrchestrationPipeline.ts:93:27)
      at src/orchestration/iterativeOrchestrationPipeline.preservation.test.ts:248:28
      at AsyncProperty.run (node_modules/fast-check/lib/check/property/AsyncProperty.generic.js:49:28)

    console.log
      
{"timestamp":"2026-03-13T19:15:40.741Z","level":"INFO","service":"claimDecomposer","event":"decomposition_success","subclaim_count":1,"subclaim_types":["action"],"subclaim_texts":["R%}\\fAxyIh~<~"]}

      at ClaimDecomposer.logDecompositionSuccess (src/orchestration/claimDecomposer.ts:67:13)

    console.log
      {"timestamp":"2026-03-13T19:15:40.741Z","level":"INFO","service":"queryGenerator","event":"generation_start","original_claim":"R%}\\fAxyIh~<~","subclaim_count":1}

      at QueryGenerator.logGenerationStart (src/orchestration/queryGenerator.ts:119:13)

    console.log
      {"timestamp":"2026-03-13T19:15:40.741Z","level":"INFO","service":"queryGenerator","event":"query_variants_generated","queries_before_dedup":["R%}\\fAxyIh~<~","faxyih"],"queries_count":2,"entities
_extracted":[],"key_phrases_extracted":["faxyih"]}

      at QueryGenerator.generateQueries (src/orchestration/queryGenerator.ts:28:13)

    console.log
      {"timestamp":"2026-03-13T19:15:40.741Z","level":"INFO","service":"queryGenerator","event":"orchestrator_queries_finalized","queries_after_dedup":["R%}\\fAxyIh~<~","faxyih"],"queries_count":2,"que
ry_types":["exact","regional"]}

      at QueryGenerator.generateQueries (src/orchestration/queryGenerator.ts:68:13)

    console.log
      {"timestamp":"2026-03-13T19:15:40.741Z","level":"INFO","service":"queryGenerator","event":"generation_success","query_count":2,"query_types":["exact","regional"],"query_texts":["R%}\\fAxyIh~<~","
faxyih"]}

      at QueryGenerator.logGenerationSuccess (src/orchestration/queryGenerator.ts:135:13)

    console.log
      {"timestamp":"2026-03-13T19:15:40.741Z","level":"INFO","service":"evidenceOrchestrator","event":"orchestration_start","query_count":2,"max_passes":3}

      at EvidenceOrchestrator.logOrchestrationStart (src/orchestration/evidenceOrchestrator.ts:775:13)

    console.log
      {"timestamp":"2026-03-13T19:15:40.741Z","level":"INFO","service":"evidenceOrchestrator","event":"pass_start","pass_number":1,"query_count":1}

      at EvidenceOrchestrator.logPassStart (src/orchestration/evidenceOrchestrator.ts:791:13)

    console.log
      {"timestamp":"2026-03-13T19:15:40.812Z","level":"INFO","service":"evidenceFilter","event":"filter_start","candidate_count":0}

      at EvidenceFilter.logFilterStart (src/orchestration/evidenceFilter.ts:193:13)

    console.log
      {"timestamp":"2026-03-13T19:15:40.813Z","level":"INFO","service":"evidenceFilter","event":"filter_complete","total_candidates":0,"passed_count":0,"rejected_count":0,"pass_rate":0}

      at EvidenceFilter.logFilterComplete (src/orchestration/evidenceFilter.ts:208:13)

    console.log
      {"timestamp":"2026-03-13T19:15:40.813Z","level":"INFO","service":"evidenceOrchestrator","event":"pass_complete","pass_number":1,"evidence_count":0,"source_classes":[],"average_quality":0,"thresho
ld_met":false}

      at EvidenceOrchestrator.logPassComplete (src/orchestration/evidenceOrchestrator.ts:807:13)

    console.log
      {"timestamp":"2026-03-13T19:15:40.813Z","level":"INFO","service":"evidenceOrchestrator","event":"pass_start","pass_number":2,"query_count":1}

      at EvidenceOrchestrator.logPassStart (src/orchestration/evidenceOrchestrator.ts:791:13)

    console.log
      {"timestamp":"2026-03-13T19:15:40.912Z","level":"INFO","service":"evidenceFilter","event":"filter_start","candidate_count":0}

      at EvidenceFilter.logFilterStart (src/orchestration/evidenceFilter.ts:193:13)

    console.log
      {"timestamp":"2026-03-13T19:15:40.912Z","level":"INFO","service":"evidenceFilter","event":"filter_complete","total_candidates":0,"passed_count":0,"rejected_count":0,"pass_rate":0}

      at EvidenceFilter.logFilterComplete (src/orchestration/evidenceFilter.ts:208:13)

    console.log
      {"timestamp":"2026-03-13T19:15:40.912Z","level":"INFO","service":"evidenceOrchestrator","event":"pass_complete","pass_number":2,"evidence_count":0,"source_classes":[],"average_quality":0,"thresho
ld_met":false}

      at EvidenceOrchestrator.logPassComplete (src/orchestration/evidenceOrchestrator.ts:807:13)

    console.log
      {"timestamp":"2026-03-13T19:15:40.912Z","level":"INFO","service":"evidenceOrchestrator","event":"orchestration_complete","passes_executed":2,"total_evidence":0,"source_classes":[],"average_qualit
y":0,"threshold_met":false}

      at EvidenceOrchestrator.logOrchestrationComplete (src/orchestration/evidenceOrchestrator.ts:826:13)

    console.log
      {"timestamp":"2026-03-13T19:15:40.912Z","level":"INFO","service":"contradictionSearcher","event":"search_start","query_count":0}

      at ContradictionSearcher.logSearchStart (src/orchestration/contradictionSearcher.ts:142:13)

    console.log
      {"timestamp":"2026-03-13T19:15:40.913Z","level":"INFO","service":"verdictSynthesizer","event":"synthesis_start","supporting_count":0,"contradicting_count":0}

      at VerdictSynthesizer.logSynthesisStart (src/orchestration/verdictSynthesizer.ts:118:13)

    console.log
      {"event":"bedrock_invocation","model":"amazon.nova-lite-v1:0","provider":"AWS Bedrock","request_id":"f3451b69-0227-45fa-9691-b9236ba52adc","timestamp":"2026-03-13T19:15:40.913Z"}

      at invokeNova (src/services/novaClient.ts:313:11)

    console.error
      {"event":"bedrock_error","reason":"Unknown error","request_id":"f3451b69-0227-45fa-9691-b9236ba52adc","timestamp":"2026-03-13T19:15:40.913Z"}

    [0m [90m 360 |[39m
     [90m 361 |[39m     [90m// Log Bedrock error[39m
    [31m[1m>[22m[39m[90m 362 |[39m     console[33m.[39merror([33mJSON[39m[33m.[39mstringify({
     [90m     |[39m             [31m[1m^[22m[39m
     [90m 363 |[39m       event[33m:[39m [32m'bedrock_error'[39m[33m,[39m
     [90m 364 |[39m       reason[33m:[39m error [36minstanceof[39m [33mError[39m [33m?[39m error[33m.[39mmessage [33m:[39m [32m'Unknown error'[39m[33m,[39m
     [90m 365 |[39m       request_id[33m:[39m requestId[33m,[39m[0m

      at invokeNova (src/services/novaClient.ts:362:13)
      at synthesizeVerdict (src/services/novaClient.ts:902:22)
      at VerdictSynthesizer.synthesize (src/orchestration/verdictSynthesizer.ts:42:23)
      at analyzeWithIterativeOrchestration (src/orchestration/iterativeOrchestrationPipeline.ts:236:21)
      at src/orchestration/iterativeOrchestrationPipeline.preservation.test.ts:248:28
      at AsyncProperty.run (node_modules/fast-check/lib/check/property/AsyncProperty.generic.js:49:28)

    console.log
      {"timestamp":"2026-03-13T19:15:40.913Z","level":"INFO","service":"verdictSynthesizer","event":"synthesis_success","classification":"unverified","confidence":0.3,"supported_subclaims":0,"unsupport
ed_subclaims":1}

      at VerdictSynthesizer.logSynthesisSuccess (src/orchestration/verdictSynthesizer.ts:134:13)

    console.log
      {"timestamp":"2026-03-13T19:15:40.914Z","level":"INFO","service":"claimDecomposer","event":"decomposition_start","claim_length":14}

      at ClaimDecomposer.logDecompositionStart (src/orchestration/claimDecomposer.ts:52:13)

    console.log
      {"event":"bedrock_invocation","model":"amazon.nova-lite-v1:0","provider":"AWS Bedrock","request_id":"cd01d8a2-fbda-4720-93cf-2b54bf255ac6","timestamp":"2026-03-13T19:15:40.914Z"}

      at invokeNova (src/services/novaClient.ts:313:11)

    console.error
      {"event":"bedrock_error","reason":"Unknown error","request_id":"cd01d8a2-fbda-4720-93cf-2b54bf255ac6","timestamp":"2026-03-13T19:15:40.914Z"}

    [0m [90m 360 |[39m
     [90m 361 |[39m     [90m// Log Bedrock error[39m
    [31m[1m>[22m[39m[90m 362 |[39m     console[33m.[39merror([33mJSON[39m[33m.[39mstringify({
     [90m     |[39m             [31m[1m^[22m[39m
     [90m 363 |[39m       event[33m:[39m [32m'bedrock_error'[39m[33m,[39m
     [90m 364 |[39m       reason[33m:[39m error [36minstanceof[39m [33mError[39m [33m?[39m error[33m.[39mmessage [33m:[39m [32m'Unknown error'[39m[33m,[39m
     [90m 365 |[39m       request_id[33m:[39m requestId[33m,[39m[0m

      at invokeNova (src/services/novaClient.ts:362:13)
      at decomposeClaimToSubclaims (src/services/novaClient.ts:568:22)
      at ClaimDecomposer.decompose (src/orchestration/claimDecomposer.ts:25:29)
      at analyzeWithIterativeOrchestration (src/orchestration/iterativeOrchestrationPipeline.ts:93:27)
      at src/orchestration/iterativeOrchestrationPipeline.preservation.test.ts:248:28
      at AsyncProperty.run (node_modules/fast-check/lib/check/property/AsyncProperty.generic.js:49:28)

    console.log
      
{"timestamp":"2026-03-13T19:15:40.914Z","level":"INFO","service":"claimDecomposer","event":"decomposition_success","subclaim_count":1,"subclaim_types":["action"],"subclaim_texts":["propertyIsEnum"]}

      at ClaimDecomposer.logDecompositionSuccess (src/orchestration/claimDecomposer.ts:67:13)

    console.log
      {"timestamp":"2026-03-13T19:15:40.914Z","level":"INFO","service":"queryGenerator","event":"generation_start","original_claim":"propertyIsEnum","subclaim_count":1}

      at QueryGenerator.logGenerationStart (src/orchestration/queryGenerator.ts:119:13)

    console.log
      {"timestamp":"2026-03-13T19:15:40.915Z","level":"INFO","service":"queryGenerator","event":"query_variants_generated","queries_before_dedup":["propertyIsEnum","propertyisenum"],"queries_count":2,"
entities_extracted":[],"key_phrases_extracted":["propertyisenum"]}

      at QueryGenerator.generateQueries (src/orchestration/queryGenerator.ts:28:13)

    console.log
      {"timestamp":"2026-03-13T19:15:40.915Z","level":"INFO","service":"queryGenerator","event":"orchestrator_queries_finalized","queries_after_dedup":["propertyIsEnum","propertyisenum"],"queries_count
":2,"query_types":["exact","regional"]}

      at QueryGenerator.generateQueries (src/orchestration/queryGenerator.ts:68:13)

    console.log
      {"timestamp":"2026-03-13T19:15:40.915Z","level":"INFO","service":"queryGenerator","event":"generation_success","query_count":2,"query_types":["exact","regional"],"query_texts":["propertyIsEnum","
propertyisenum"]}

      at QueryGenerator.logGenerationSuccess (src/orchestration/queryGenerator.ts:135:13)

    console.log
      {"timestamp":"2026-03-13T19:15:40.915Z","level":"INFO","service":"evidenceOrchestrator","event":"orchestration_start","query_count":2,"max_passes":3}

      at EvidenceOrchestrator.logOrchestrationStart (src/orchestration/evidenceOrchestrator.ts:775:13)

    console.log
      {"timestamp":"2026-03-13T19:15:40.915Z","level":"INFO","service":"evidenceOrchestrator","event":"pass_start","pass_number":1,"query_count":1}

      at EvidenceOrchestrator.logPassStart (src/orchestration/evidenceOrchestrator.ts:791:13)

    console.log
      {"timestamp":"2026-03-13T19:15:40.973Z","level":"INFO","service":"evidenceFilter","event":"filter_start","candidate_count":0}

      at EvidenceFilter.logFilterStart (src/orchestration/evidenceFilter.ts:193:13)

    console.log
      {"timestamp":"2026-03-13T19:15:40.973Z","level":"INFO","service":"evidenceFilter","event":"filter_complete","total_candidates":0,"passed_count":0,"rejected_count":0,"pass_rate":0}

      at EvidenceFilter.logFilterComplete (src/orchestration/evidenceFilter.ts:208:13)

    console.log
      {"timestamp":"2026-03-13T19:15:40.974Z","level":"INFO","service":"evidenceOrchestrator","event":"pass_complete","pass_number":1,"evidence_count":0,"source_classes":[],"average_quality":0,"thresho
ld_met":false}

      at EvidenceOrchestrator.logPassComplete (src/orchestration/evidenceOrchestrator.ts:807:13)

    console.log
      {"timestamp":"2026-03-13T19:15:40.974Z","level":"INFO","service":"evidenceOrchestrator","event":"pass_start","pass_number":2,"query_count":1}

      at EvidenceOrchestrator.logPassStart (src/orchestration/evidenceOrchestrator.ts:791:13)

    console.log
      {"timestamp":"2026-03-13T19:15:41.063Z","level":"INFO","service":"evidenceFilter","event":"filter_start","candidate_count":0}

      at EvidenceFilter.logFilterStart (src/orchestration/evidenceFilter.ts:193:13)

    console.log
      {"timestamp":"2026-03-13T19:15:41.063Z","level":"INFO","service":"evidenceFilter","event":"filter_complete","total_candidates":0,"passed_count":0,"rejected_count":0,"pass_rate":0}

      at EvidenceFilter.logFilterComplete (src/orchestration/evidenceFilter.ts:208:13)

    console.log
      {"timestamp":"2026-03-13T19:15:41.063Z","level":"INFO","service":"evidenceOrchestrator","event":"pass_complete","pass_number":2,"evidence_count":0,"source_classes":[],"average_quality":0,"thresho
ld_met":false}

      at EvidenceOrchestrator.logPassComplete (src/orchestration/evidenceOrchestrator.ts:807:13)

    console.log
      {"timestamp":"2026-03-13T19:15:41.063Z","level":"INFO","service":"evidenceOrchestrator","event":"orchestration_complete","passes_executed":2,"total_evidence":0,"source_classes":[],"average_qualit
y":0,"threshold_met":false}

      at EvidenceOrchestrator.logOrchestrationComplete (src/orchestration/evidenceOrchestrator.ts:826:13)

    console.log
      {"timestamp":"2026-03-13T19:15:41.063Z","level":"INFO","service":"contradictionSearcher","event":"search_start","query_count":0}

      at ContradictionSearcher.logSearchStart (src/orchestration/contradictionSearcher.ts:142:13)

    console.log
      {"timestamp":"2026-03-13T19:15:41.064Z","level":"INFO","service":"verdictSynthesizer","event":"synthesis_start","supporting_count":0,"contradicting_count":0}

      at VerdictSynthesizer.logSynthesisStart (src/orchestration/verdictSynthesizer.ts:118:13)

    console.log
      {"event":"bedrock_invocation","model":"amazon.nova-lite-v1:0","provider":"AWS Bedrock","request_id":"84600ed0-63f7-4ba5-9280-82b5f3d1c16e","timestamp":"2026-03-13T19:15:41.064Z"}

      at invokeNova (src/services/novaClient.ts:313:11)

    console.error
      {"event":"bedrock_error","reason":"Unknown error","request_id":"84600ed0-63f7-4ba5-9280-82b5f3d1c16e","timestamp":"2026-03-13T19:15:41.064Z"}

    [0m [90m 360 |[39m
     [90m 361 |[39m     [90m// Log Bedrock error[39m
    [31m[1m>[22m[39m[90m 362 |[39m     console[33m.[39merror([33mJSON[39m[33m.[39mstringify({
     [90m     |[39m             [31m[1m^[22m[39m
     [90m 363 |[39m       event[33m:[39m [32m'bedrock_error'[39m[33m,[39m
     [90m 364 |[39m       reason[33m:[39m error [36minstanceof[39m [33mError[39m [33m?[39m error[33m.[39mmessage [33m:[39m [32m'Unknown error'[39m[33m,[39m
     [90m 365 |[39m       request_id[33m:[39m requestId[33m,[39m[0m

      at invokeNova (src/services/novaClient.ts:362:13)
      at synthesizeVerdict (src/services/novaClient.ts:902:22)
      at VerdictSynthesizer.synthesize (src/orchestration/verdictSynthesizer.ts:42:23)
      at analyzeWithIterativeOrchestration (src/orchestration/iterativeOrchestrationPipeline.ts:236:21)
      at src/orchestration/iterativeOrchestrationPipeline.preservation.test.ts:248:28
      at AsyncProperty.run (node_modules/fast-check/lib/check/property/AsyncProperty.generic.js:49:28)

    console.log
      {"timestamp":"2026-03-13T19:15:41.064Z","level":"INFO","service":"verdictSynthesizer","event":"synthesis_success","classification":"unverified","confidence":0.3,"supported_subclaims":0,"unsupport
ed_subclaims":1}

      at VerdictSynthesizer.logSynthesisSuccess (src/orchestration/verdictSynthesizer.ts:134:13)

    console.log
      {"timestamp":"2026-03-13T19:15:41.065Z","level":"INFO","service":"claimDecomposer","event":"decomposition_start","claim_length":10}

      at ClaimDecomposer.logDecompositionStart (src/orchestration/claimDecomposer.ts:52:13)

    console.log
      {"event":"bedrock_invocation","model":"amazon.nova-lite-v1:0","provider":"AWS Bedrock","request_id":"05a64011-4879-464d-953b-d4071811ffa2","timestamp":"2026-03-13T19:15:41.065Z"}

      at invokeNova (src/services/novaClient.ts:313:11)

    console.error
      {"event":"bedrock_error","reason":"Unknown error","request_id":"05a64011-4879-464d-953b-d4071811ffa2","timestamp":"2026-03-13T19:15:41.065Z"}

    [0m [90m 360 |[39m
     [90m 361 |[39m     [90m// Log Bedrock error[39m
    [31m[1m>[22m[39m[90m 362 |[39m     console[33m.[39merror([33mJSON[39m[33m.[39mstringify({
     [90m     |[39m             [31m[1m^[22m[39m
     [90m 363 |[39m       event[33m:[39m [32m'bedrock_error'[39m[33m,[39m
     [90m 364 |[39m       reason[33m:[39m error [36minstanceof[39m [33mError[39m [33m?[39m error[33m.[39mmessage [33m:[39m [32m'Unknown error'[39m[33m,[39m
     [90m 365 |[39m       request_id[33m:[39m requestId[33m,[39m[0m

      at invokeNova (src/services/novaClient.ts:362:13)
      at decomposeClaimToSubclaims (src/services/novaClient.ts:568:22)
      at ClaimDecomposer.decompose (src/orchestration/claimDecomposer.ts:25:29)
      at analyzeWithIterativeOrchestration (src/orchestration/iterativeOrchestrationPipeline.ts:93:27)
      at src/orchestration/iterativeOrchestrationPipeline.preservation.test.ts:248:28
      at AsyncProperty.run (node_modules/fast-check/lib/check/property/AsyncProperty.generic.js:49:28)

    console.log
      {"timestamp":"2026-03-13T19:15:41.066Z","level":"INFO","service":"claimDecomposer","event":"decomposition_success","subclaim_count":1,"subclaim_types":["action"],"subclaim_texts":["#eStringco"]}

      at ClaimDecomposer.logDecompositionSuccess (src/orchestration/claimDecomposer.ts:67:13)

    console.log
      {"timestamp":"2026-03-13T19:15:41.066Z","level":"INFO","service":"queryGenerator","event":"generation_start","original_claim":"#eStringco","subclaim_count":1}

      at QueryGenerator.logGenerationStart (src/orchestration/queryGenerator.ts:119:13)

    console.log
      {"timestamp":"2026-03-13T19:15:41.066Z","level":"INFO","service":"queryGenerator","event":"query_variants_generated","queries_before_dedup":["#eStringco","estringco"],"queries_count":2,"entities_
extracted":[],"key_phrases_extracted":["estringco"]}

      at QueryGenerator.generateQueries (src/orchestration/queryGenerator.ts:28:13)

    console.log
      {"timestamp":"2026-03-13T19:15:41.066Z","level":"INFO","service":"queryGenerator","event":"orchestrator_queries_finalized","queries_after_dedup":["#eStringco","estringco"],"queries_count":2,"quer
y_types":["exact","regional"]}

      at QueryGenerator.generateQueries (src/orchestration/queryGenerator.ts:68:13)

    console.log
      {"timestamp":"2026-03-13T19:15:41.066Z","level":"INFO","service":"queryGenerator","event":"generation_success","query_count":2,"query_types":["exact","regional"],"query_texts":["#eStringco","estr
ingco"]}

      at QueryGenerator.logGenerationSuccess (src/orchestration/queryGenerator.ts:135:13)

    console.log
      {"timestamp":"2026-03-13T19:15:41.066Z","level":"INFO","service":"evidenceOrchestrator","event":"orchestration_start","query_count":2,"max_passes":3}

      at EvidenceOrchestrator.logOrchestrationStart (src/orchestration/evidenceOrchestrator.ts:775:13)

    console.log
      {"timestamp":"2026-03-13T19:15:41.066Z","level":"INFO","service":"evidenceOrchestrator","event":"pass_start","pass_number":1,"query_count":1}

      at EvidenceOrchestrator.logPassStart (src/orchestration/evidenceOrchestrator.ts:791:13)

    console.log
      {"timestamp":"2026-03-13T19:15:41.177Z","level":"INFO","service":"evidenceFilter","event":"filter_start","candidate_count":0}

      at EvidenceFilter.logFilterStart (src/orchestration/evidenceFilter.ts:193:13)

    console.log
      {"timestamp":"2026-03-13T19:15:41.178Z","level":"INFO","service":"evidenceFilter","event":"filter_complete","total_candidates":0,"passed_count":0,"rejected_count":0,"pass_rate":0}

      at EvidenceFilter.logFilterComplete (src/orchestration/evidenceFilter.ts:208:13)

    console.log
      {"timestamp":"2026-03-13T19:15:41.178Z","level":"INFO","service":"evidenceOrchestrator","event":"pass_complete","pass_number":1,"evidence_count":0,"source_classes":[],"average_quality":0,"thresho
ld_met":false}

      at EvidenceOrchestrator.logPassComplete (src/orchestration/evidenceOrchestrator.ts:807:13)

    console.log
      {"timestamp":"2026-03-13T19:15:41.178Z","level":"INFO","service":"evidenceOrchestrator","event":"pass_start","pass_number":2,"query_count":1}

      at EvidenceOrchestrator.logPassStart (src/orchestration/evidenceOrchestrator.ts:791:13)

    console.log
      {"timestamp":"2026-03-13T19:15:41.256Z","level":"INFO","service":"evidenceFilter","event":"filter_start","candidate_count":0}

      at EvidenceFilter.logFilterStart (src/orchestration/evidenceFilter.ts:193:13)

    console.log
      {"timestamp":"2026-03-13T19:15:41.256Z","level":"INFO","service":"evidenceFilter","event":"filter_complete","total_candidates":0,"passed_count":0,"rejected_count":0,"pass_rate":0}

      at EvidenceFilter.logFilterComplete (src/orchestration/evidenceFilter.ts:208:13)

    console.log
      {"timestamp":"2026-03-13T19:15:41.257Z","level":"INFO","service":"evidenceOrchestrator","event":"pass_complete","pass_number":2,"evidence_count":0,"source_classes":[],"average_quality":0,"thresho
ld_met":false}

      at EvidenceOrchestrator.logPassComplete (src/orchestration/evidenceOrchestrator.ts:807:13)

    console.log
      {"timestamp":"2026-03-13T19:15:41.257Z","level":"INFO","service":"evidenceOrchestrator","event":"orchestration_complete","passes_executed":2,"total_evidence":0,"source_classes":[],"average_qualit
y":0,"threshold_met":false}

      at EvidenceOrchestrator.logOrchestrationComplete (src/orchestration/evidenceOrchestrator.ts:826:13)

    console.log
      {"timestamp":"2026-03-13T19:15:41.257Z","level":"INFO","service":"contradictionSearcher","event":"search_start","query_count":0}

      at ContradictionSearcher.logSearchStart (src/orchestration/contradictionSearcher.ts:142:13)

    console.log
      {"timestamp":"2026-03-13T19:15:41.257Z","level":"INFO","service":"verdictSynthesizer","event":"synthesis_start","supporting_count":0,"contradicting_count":0}

      at VerdictSynthesizer.logSynthesisStart (src/orchestration/verdictSynthesizer.ts:118:13)

    console.log
      {"event":"bedrock_invocation","model":"amazon.nova-lite-v1:0","provider":"AWS Bedrock","request_id":"603f90a4-aa9b-4cd5-85b4-c68381fee33e","timestamp":"2026-03-13T19:15:41.257Z"}

      at invokeNova (src/services/novaClient.ts:313:11)

    console.error
      {"event":"bedrock_error","reason":"Unknown error","request_id":"603f90a4-aa9b-4cd5-85b4-c68381fee33e","timestamp":"2026-03-13T19:15:41.257Z"}

    [0m [90m 360 |[39m
     [90m 361 |[39m     [90m// Log Bedrock error[39m
    [31m[1m>[22m[39m[90m 362 |[39m     console[33m.[39merror([33mJSON[39m[33m.[39mstringify({
     [90m     |[39m             [31m[1m^[22m[39m
     [90m 363 |[39m       event[33m:[39m [32m'bedrock_error'[39m[33m,[39m
     [90m 364 |[39m       reason[33m:[39m error [36minstanceof[39m [33mError[39m [33m?[39m error[33m.[39mmessage [33m:[39m [32m'Unknown error'[39m[33m,[39m
     [90m 365 |[39m       request_id[33m:[39m requestId[33m,[39m[0m

      at invokeNova (src/services/novaClient.ts:362:13)
      at synthesizeVerdict (src/services/novaClient.ts:902:22)
      at VerdictSynthesizer.synthesize (src/orchestration/verdictSynthesizer.ts:42:23)
      at analyzeWithIterativeOrchestration (src/orchestration/iterativeOrchestrationPipeline.ts:236:21)
      at src/orchestration/iterativeOrchestrationPipeline.preservation.test.ts:248:28
      at AsyncProperty.run (node_modules/fast-check/lib/check/property/AsyncProperty.generic.js:49:28)

    console.log
      {"timestamp":"2026-03-13T19:15:41.257Z","level":"INFO","service":"verdictSynthesizer","event":"synthesis_success","classification":"unverified","confidence":0.3,"supported_subclaims":0,"unsupport
ed_subclaims":1}

      at VerdictSynthesizer.logSynthesisSuccess (src/orchestration/verdictSynthesizer.ts:134:13)

    console.log
      {"timestamp":"2026-03-13T19:15:41.258Z","level":"INFO","service":"claimDecomposer","event":"decomposition_start","claim_length":14}

      at ClaimDecomposer.logDecompositionStart (src/orchestration/claimDecomposer.ts:52:13)

    console.log
      {"event":"bedrock_invocation","model":"amazon.nova-lite-v1:0","provider":"AWS Bedrock","request_id":"ce957cf7-8875-406b-9afa-079dc22ea323","timestamp":"2026-03-13T19:15:41.258Z"}

      at invokeNova (src/services/novaClient.ts:313:11)

    console.error
      {"event":"bedrock_error","reason":"Unknown error","request_id":"ce957cf7-8875-406b-9afa-079dc22ea323","timestamp":"2026-03-13T19:15:41.258Z"}

    [0m [90m 360 |[39m
     [90m 361 |[39m     [90m// Log Bedrock error[39m
    [31m[1m>[22m[39m[90m 362 |[39m     console[33m.[39merror([33mJSON[39m[33m.[39mstringify({
     [90m     |[39m             [31m[1m^[22m[39m
     [90m 363 |[39m       event[33m:[39m [32m'bedrock_error'[39m[33m,[39m
     [90m 364 |[39m       reason[33m:[39m error [36minstanceof[39m [33mError[39m [33m?[39m error[33m.[39mmessage [33m:[39m [32m'Unknown error'[39m[33m,[39m
     [90m 365 |[39m       request_id[33m:[39m requestId[33m,[39m[0m

      at invokeNova (src/services/novaClient.ts:362:13)
      at decomposeClaimToSubclaims (src/services/novaClient.ts:568:22)
      at ClaimDecomposer.decompose (src/orchestration/claimDecomposer.ts:25:29)
      at analyzeWithIterativeOrchestration (src/orchestration/iterativeOrchestrationPipeline.ts:93:27)
      at src/orchestration/iterativeOrchestrationPipeline.preservation.test.ts:248:28
      at AsyncProperty.run (node_modules/fast-check/lib/check/property/AsyncProperty.generic.js:49:28)

    console.log
      
{"timestamp":"2026-03-13T19:15:41.258Z","level":"INFO","service":"claimDecomposer","event":"decomposition_success","subclaim_count":1,"subclaim_types":["action"],"subclaim_texts":["lV20u>W;j7_'KL"]}

      at ClaimDecomposer.logDecompositionSuccess (src/orchestration/claimDecomposer.ts:67:13)

    console.log
      {"timestamp":"2026-03-13T19:15:41.258Z","level":"INFO","service":"queryGenerator","event":"generation_start","original_claim":"lV20u>W;j7_'KL","subclaim_count":1}

      at QueryGenerator.logGenerationStart (src/orchestration/queryGenerator.ts:119:13)

    console.log
      {"timestamp":"2026-03-13T19:15:41.259Z","level":"INFO","service":"queryGenerator","event":"query_variants_generated","queries_before_dedup":["lV20u>W;j7_'KL","lv20u j7_","what is lv20u 
j7_"],"queries_count":3,"entities_extracted":[],"key_phrases_extracted":["lv20u","j7_"]}

      at QueryGenerator.generateQueries (src/orchestration/queryGenerator.ts:28:13)

    console.log
      {"timestamp":"2026-03-13T19:15:41.259Z","level":"INFO","service":"queryGenerator","event":"orchestrator_queries_finalized","queries_after_dedup":["lV20u>W;j7_'KL","lv20u j7_","what is lv20u 
j7_"],"queries_count":3,"query_types":["exact","regional","fact_check"]}

      at QueryGenerator.generateQueries (src/orchestration/queryGenerator.ts:68:13)

    console.log
      {"timestamp":"2026-03-13T19:15:41.259Z","level":"INFO","service":"queryGenerator","event":"generation_success","query_count":3,"query_types":["exact","regional","fact_check"],"query_texts":["lV20
u>W;j7_'KL","lv20u j7_","what is lv20u j7_"]}

      at QueryGenerator.logGenerationSuccess (src/orchestration/queryGenerator.ts:135:13)

    console.log
      {"timestamp":"2026-03-13T19:15:41.259Z","level":"INFO","service":"evidenceOrchestrator","event":"orchestration_start","query_count":3,"max_passes":3}

      at EvidenceOrchestrator.logOrchestrationStart (src/orchestration/evidenceOrchestrator.ts:775:13)

    console.log
      {"timestamp":"2026-03-13T19:15:41.259Z","level":"INFO","service":"evidenceOrchestrator","event":"pass_start","pass_number":1,"query_count":1}

      at EvidenceOrchestrator.logPassStart (src/orchestration/evidenceOrchestrator.ts:791:13)

    console.log
      {"timestamp":"2026-03-13T19:15:41.329Z","level":"INFO","service":"evidenceFilter","event":"filter_start","candidate_count":0}

      at EvidenceFilter.logFilterStart (src/orchestration/evidenceFilter.ts:193:13)

    console.log
      {"timestamp":"2026-03-13T19:15:41.329Z","level":"INFO","service":"evidenceFilter","event":"filter_complete","total_candidates":0,"passed_count":0,"rejected_count":0,"pass_rate":0}

      at EvidenceFilter.logFilterComplete (src/orchestration/evidenceFilter.ts:208:13)

    console.log
      {"timestamp":"2026-03-13T19:15:41.329Z","level":"INFO","service":"evidenceOrchestrator","event":"pass_complete","pass_number":1,"evidence_count":0,"source_classes":[],"average_quality":0,"thresho
ld_met":false}

      at EvidenceOrchestrator.logPassComplete (src/orchestration/evidenceOrchestrator.ts:807:13)

    console.log
      {"timestamp":"2026-03-13T19:15:41.330Z","level":"INFO","service":"evidenceOrchestrator","event":"pass_start","pass_number":2,"query_count":2}

      at EvidenceOrchestrator.logPassStart (src/orchestration/evidenceOrchestrator.ts:791:13)

    console.log
      {"timestamp":"2026-03-13T19:15:41.420Z","level":"INFO","service":"evidenceFilter","event":"filter_start","candidate_count":0}

      at EvidenceFilter.logFilterStart (src/orchestration/evidenceFilter.ts:193:13)

    console.log
      {"timestamp":"2026-03-13T19:15:41.420Z","level":"INFO","service":"evidenceFilter","event":"filter_complete","total_candidates":0,"passed_count":0,"rejected_count":0,"pass_rate":0}

      at EvidenceFilter.logFilterComplete (src/orchestration/evidenceFilter.ts:208:13)

    console.log
      {"timestamp":"2026-03-13T19:15:41.420Z","level":"INFO","service":"evidenceOrchestrator","event":"pass_complete","pass_number":2,"evidence_count":0,"source_classes":[],"average_quality":0,"thresho
ld_met":false}

      at EvidenceOrchestrator.logPassComplete (src/orchestration/evidenceOrchestrator.ts:807:13)

    console.log
      {"timestamp":"2026-03-13T19:15:41.420Z","level":"INFO","service":"evidenceOrchestrator","event":"orchestration_complete","passes_executed":2,"total_evidence":0,"source_classes":[],"average_qualit
y":0,"threshold_met":false}

      at EvidenceOrchestrator.logOrchestrationComplete (src/orchestration/evidenceOrchestrator.ts:826:13)

    console.log
      {"timestamp":"2026-03-13T19:15:41.420Z","level":"INFO","service":"contradictionSearcher","event":"search_start","query_count":0}

      at ContradictionSearcher.logSearchStart (src/orchestration/contradictionSearcher.ts:142:13)

    console.log
      {"timestamp":"2026-03-13T19:15:41.421Z","level":"INFO","service":"verdictSynthesizer","event":"synthesis_start","supporting_count":0,"contradicting_count":0}

      at VerdictSynthesizer.logSynthesisStart (src/orchestration/verdictSynthesizer.ts:118:13)

    console.log
      {"event":"bedrock_invocation","model":"amazon.nova-lite-v1:0","provider":"AWS Bedrock","request_id":"2f5c7d05-d2c8-4cfe-8775-170f4a39444d","timestamp":"2026-03-13T19:15:41.421Z"}

      at invokeNova (src/services/novaClient.ts:313:11)

    console.error
      {"event":"bedrock_error","reason":"Unknown error","request_id":"2f5c7d05-d2c8-4cfe-8775-170f4a39444d","timestamp":"2026-03-13T19:15:41.421Z"}

    [0m [90m 360 |[39m
     [90m 361 |[39m     [90m// Log Bedrock error[39m
    [31m[1m>[22m[39m[90m 362 |[39m     console[33m.[39merror([33mJSON[39m[33m.[39mstringify({
     [90m     |[39m             [31m[1m^[22m[39m
     [90m 363 |[39m       event[33m:[39m [32m'bedrock_error'[39m[33m,[39m
     [90m 364 |[39m       reason[33m:[39m error [36minstanceof[39m [33mError[39m [33m?[39m error[33m.[39mmessage [33m:[39m [32m'Unknown error'[39m[33m,[39m
     [90m 365 |[39m       request_id[33m:[39m requestId[33m,[39m[0m

      at invokeNova (src/services/novaClient.ts:362:13)
      at synthesizeVerdict (src/services/novaClient.ts:902:22)
      at VerdictSynthesizer.synthesize (src/orchestration/verdictSynthesizer.ts:42:23)
      at analyzeWithIterativeOrchestration (src/orchestration/iterativeOrchestrationPipeline.ts:236:21)
      at src/orchestration/iterativeOrchestrationPipeline.preservation.test.ts:248:28
      at AsyncProperty.run (node_modules/fast-check/lib/check/property/AsyncProperty.generic.js:49:28)

    console.log
      {"timestamp":"2026-03-13T19:15:41.421Z","level":"INFO","service":"verdictSynthesizer","event":"synthesis_success","classification":"unverified","confidence":0.3,"supported_subclaims":0,"unsupport
ed_subclaims":1}

      at VerdictSynthesizer.logSynthesisSuccess (src/orchestration/verdictSynthesizer.ts:134:13)

    console.log
      {"timestamp":"2026-03-13T19:15:41.422Z","level":"INFO","service":"claimDecomposer","event":"decomposition_start","claim_length":20}

      at ClaimDecomposer.logDecompositionStart (src/orchestration/claimDecomposer.ts:52:13)

    console.log
      {"event":"bedrock_invocation","model":"amazon.nova-lite-v1:0","provider":"AWS Bedrock","request_id":"1f2b1834-6c49-404c-b871-cdd21462701a","timestamp":"2026-03-13T19:15:41.422Z"}

      at invokeNova (src/services/novaClient.ts:313:11)

    console.error
      {"event":"bedrock_error","reason":"Unknown error","request_id":"1f2b1834-6c49-404c-b871-cdd21462701a","timestamp":"2026-03-13T19:15:41.422Z"}

    [0m [90m 360 |[39m
     [90m 361 |[39m     [90m// Log Bedrock error[39m
    [31m[1m>[22m[39m[90m 362 |[39m     console[33m.[39merror([33mJSON[39m[33m.[39mstringify({
     [90m     |[39m             [31m[1m^[22m[39m
     [90m 363 |[39m       event[33m:[39m [32m'bedrock_error'[39m[33m,[39m
     [90m 364 |[39m       reason[33m:[39m error [36minstanceof[39m [33mError[39m [33m?[39m error[33m.[39mmessage [33m:[39m [32m'Unknown error'[39m[33m,[39m
     [90m 365 |[39m       request_id[33m:[39m requestId[33m,[39m[0m

      at invokeNova (src/services/novaClient.ts:362:13)
      at decomposeClaimToSubclaims (src/services/novaClient.ts:568:22)
      at ClaimDecomposer.decompose (src/orchestration/claimDecomposer.ts:25:29)
      at analyzeWithIterativeOrchestration (src/orchestration/iterativeOrchestrationPipeline.ts:93:27)
      at src/orchestration/iterativeOrchestrationPipeline.preservation.test.ts:248:28
      at AsyncProperty.run (node_modules/fast-check/lib/check/property/AsyncProperty.generic.js:49:28)

    console.log
      {"timestamp":"2026-03-13T19:15:41.422Z","level":"INFO","service":"claimDecomposer","event":"decomposition_success","subclaim_count":1,"subclaim_types":["action"],"subclaim_texts":["propertyIsEnum
erable"]}

      at ClaimDecomposer.logDecompositionSuccess (src/orchestration/claimDecomposer.ts:67:13)

    console.log
      {"timestamp":"2026-03-13T19:15:41.422Z","level":"INFO","service":"queryGenerator","event":"generation_start","original_claim":"propertyIsEnumerable","subclaim_count":1}

      at QueryGenerator.logGenerationStart (src/orchestration/queryGenerator.ts:119:13)

    console.log
      {"timestamp":"2026-03-13T19:15:41.422Z","level":"INFO","service":"queryGenerator","event":"query_variants_generated","queries_before_dedup":["propertyIsEnumerable","propertyisenumerable"],"querie
s_count":2,"entities_extracted":[],"key_phrases_extracted":["propertyisenumerable"]}

      at QueryGenerator.generateQueries (src/orchestration/queryGenerator.ts:28:13)

    console.log
      {"timestamp":"2026-03-13T19:15:41.422Z","level":"INFO","service":"queryGenerator","event":"orchestrator_queries_finalized","queries_after_dedup":["propertyIsEnumerable","propertyisenumerable"],"q
ueries_count":2,"query_types":["exact","regional"]}

      at QueryGenerator.generateQueries (src/orchestration/queryGenerator.ts:68:13)

    console.log
      {"timestamp":"2026-03-13T19:15:41.423Z","level":"INFO","service":"queryGenerator","event":"generation_success","query_count":2,"query_types":["exact","regional"],"query_texts":["propertyIsEnumera
ble","propertyisenumerable"]}

      at QueryGenerator.logGenerationSuccess (src/orchestration/queryGenerator.ts:135:13)

    console.log
      {"timestamp":"2026-03-13T19:15:41.423Z","level":"INFO","service":"evidenceOrchestrator","event":"orchestration_start","query_count":2,"max_passes":3}

      at EvidenceOrchestrator.logOrchestrationStart (src/orchestration/evidenceOrchestrator.ts:775:13)

    console.log
      {"timestamp":"2026-03-13T19:15:41.423Z","level":"INFO","service":"evidenceOrchestrator","event":"pass_start","pass_number":1,"query_count":1}

      at EvidenceOrchestrator.logPassStart (src/orchestration/evidenceOrchestrator.ts:791:13)

    console.log
      {"timestamp":"2026-03-13T19:15:41.496Z","level":"INFO","service":"evidenceFilter","event":"filter_start","candidate_count":0}

      at EvidenceFilter.logFilterStart (src/orchestration/evidenceFilter.ts:193:13)

    console.log
      {"timestamp":"2026-03-13T19:15:41.497Z","level":"INFO","service":"evidenceFilter","event":"filter_complete","total_candidates":0,"passed_count":0,"rejected_count":0,"pass_rate":0}

      at EvidenceFilter.logFilterComplete (src/orchestration/evidenceFilter.ts:208:13)

    console.log
      {"timestamp":"2026-03-13T19:15:41.497Z","level":"INFO","service":"evidenceOrchestrator","event":"pass_complete","pass_number":1,"evidence_count":0,"source_classes":[],"average_quality":0,"thresho
ld_met":false}

      at EvidenceOrchestrator.logPassComplete (src/orchestration/evidenceOrchestrator.ts:807:13)

    console.log
      {"timestamp":"2026-03-13T19:15:41.497Z","level":"INFO","service":"evidenceOrchestrator","event":"pass_start","pass_number":2,"query_count":1}

      at EvidenceOrchestrator.logPassStart (src/orchestration/evidenceOrchestrator.ts:791:13)

    console.log
      {"timestamp":"2026-03-13T19:15:41.597Z","level":"INFO","service":"evidenceFilter","event":"filter_start","candidate_count":0}

      at EvidenceFilter.logFilterStart (src/orchestration/evidenceFilter.ts:193:13)

    console.log
      {"timestamp":"2026-03-13T19:15:41.597Z","level":"INFO","service":"evidenceFilter","event":"filter_complete","total_candidates":0,"passed_count":0,"rejected_count":0,"pass_rate":0}

      at EvidenceFilter.logFilterComplete (src/orchestration/evidenceFilter.ts:208:13)

    console.log
      {"timestamp":"2026-03-13T19:15:41.597Z","level":"INFO","service":"evidenceOrchestrator","event":"pass_complete","pass_number":2,"evidence_count":0,"source_classes":[],"average_quality":0,"thresho
ld_met":false}

      at EvidenceOrchestrator.logPassComplete (src/orchestration/evidenceOrchestrator.ts:807:13)

    console.log
      {"timestamp":"2026-03-13T19:15:41.597Z","level":"INFO","service":"evidenceOrchestrator","event":"orchestration_complete","passes_executed":2,"total_evidence":0,"source_classes":[],"average_qualit
y":0,"threshold_met":false}

      at EvidenceOrchestrator.logOrchestrationComplete (src/orchestration/evidenceOrchestrator.ts:826:13)

    console.log
      {"timestamp":"2026-03-13T19:15:41.598Z","level":"INFO","service":"contradictionSearcher","event":"search_start","query_count":0}

      at ContradictionSearcher.logSearchStart (src/orchestration/contradictionSearcher.ts:142:13)

    console.log
      {"timestamp":"2026-03-13T19:15:41.598Z","level":"INFO","service":"verdictSynthesizer","event":"synthesis_start","supporting_count":0,"contradicting_count":0}

      at VerdictSynthesizer.logSynthesisStart (src/orchestration/verdictSynthesizer.ts:118:13)

    console.log
      {"event":"bedrock_invocation","model":"amazon.nova-lite-v1:0","provider":"AWS Bedrock","request_id":"770ae624-6c1b-403f-9d92-099b760c1df6","timestamp":"2026-03-13T19:15:41.598Z"}

      at invokeNova (src/services/novaClient.ts:313:11)

    console.error
      {"event":"bedrock_error","reason":"Unknown error","request_id":"770ae624-6c1b-403f-9d92-099b760c1df6","timestamp":"2026-03-13T19:15:41.598Z"}

    [0m [90m 360 |[39m
     [90m 361 |[39m     [90m// Log Bedrock error[39m
    [31m[1m>[22m[39m[90m 362 |[39m     console[33m.[39merror([33mJSON[39m[33m.[39mstringify({
     [90m     |[39m             [31m[1m^[22m[39m
     [90m 363 |[39m       event[33m:[39m [32m'bedrock_error'[39m[33m,[39m
     [90m 364 |[39m       reason[33m:[39m error [36minstanceof[39m [33mError[39m [33m?[39m error[33m.[39mmessage [33m:[39m [32m'Unknown error'[39m[33m,[39m
     [90m 365 |[39m       request_id[33m:[39m requestId[33m,[39m[0m

      at invokeNova (src/services/novaClient.ts:362:13)
      at synthesizeVerdict (src/services/novaClient.ts:902:22)
      at VerdictSynthesizer.synthesize (src/orchestration/verdictSynthesizer.ts:42:23)
      at analyzeWithIterativeOrchestration (src/orchestration/iterativeOrchestrationPipeline.ts:236:21)
      at src/orchestration/iterativeOrchestrationPipeline.preservation.test.ts:248:28
      at AsyncProperty.run (node_modules/fast-check/lib/check/property/AsyncProperty.generic.js:49:28)

    console.log
      {"timestamp":"2026-03-13T19:15:41.598Z","level":"INFO","service":"verdictSynthesizer","event":"synthesis_success","classification":"unverified","confidence":0.3,"supported_subclaims":0,"unsupport
ed_subclaims":1}

      at VerdictSynthesizer.logSynthesisSuccess (src/orchestration/verdictSynthesizer.ts:134:13)


Summary of all failing tests
FAIL src/services/groundingService.preservation.test.ts (11.262 s)
  ΓùÅ Preservation Property Tests: Recent News and Demo Mode Behavior ΓÇ║ Recent breaking news claims (UNFIXED CODE) ΓÇ║ should use 7-day freshness and return results for recent news (Preservation)

    expect(received).toBeLessThan(expected)

    Expected: < 5000
    Received:   6057

    [0m [90m 52 |[39m       [90m// This test documents baseline behavior - it may pass or fail depending on actual news[39m
     [90m 53 |[39m       [90m// The key is that after the fix, behavior should be identical[39m
    [31m[1m>[22m[39m[90m 54 |[39m       expect(result[33m.[39mlatencyMs)[33m.[39mtoBeLessThan([35m5000[39m)[33m;[39m [90m// Performance budget preserved[39m
     [90m    |[39m                                [31m[1m^[22m[39m
     [90m 55 |[39m     })[33m;[39m
     [90m 56 |[39m
     [90m 57 |[39m     it([32m'should complete within 5-second performance budget (Preservation)'[39m[33m,[39m [36masync[39m () [33m=>[39m {[0m

      at Object.<anonymous> (src/services/groundingService.preservation.test.ts:54:32)


Test Suites: 1 failed, 36 passed, 37 total
Tests:       1 failed, 447 passed, 448 total
Snapshots:   0 total
Time:        13.898 s, estimated 14 s
Ran all test suites.
